nohup: ignoring input
None of WRF_EM_CORE, WRF_NMM_CORE, 
        specified in shell environment.... 
copying Registry/Registry.EM to Registry/Registry
 
============================================================================================== 
 
V3.8      
 
Compiling: WRF_EM_CORE  
 
Linux newsrv0 2.6.32-5-amd64 #1 SMP Mon Feb 29 00:33:51 UTC 2016 x86_64 GNU/Linux
 
GNU Fortran (Debian 4.4.5-8) 4.4.5
Copyright (C) 2010 Free Software Foundation, Inc.

GNU Fortran comes with NO WARRANTY, to the extent permitted by law.
You may redistribute copies of GNU Fortran
under the terms of the GNU General Public License.
For more information about these matters, see the file named COPYING

 
============================================================================================== 
 
setting parallel make -j 2
 
============================================================================================== 
 
The following indicate the compilers selected to build the WRF system
 
Serial Fortran compiler (mostly for tool generation):
which SFC
/usr/bin/gfortran
 
Serial C compiler (mostly for tool generation):
which SCC
/usr/bin/gcc
 
Fortran compiler for the model source code:
which FC
/usr/bin/mpif90
Will use 'time' to report timing information
 
C compiler for the model source code:
which CC
/usr/bin/mpicc
 
============================================================================================== 
 
make -i -r MODULE_DIRS="-I../dyn_em -I../dyn_nmm   -I/home/saji/WRF/compile/WRF3.8/oml_sst/external/esmf_time_f90  -I/home/saji/WRF/compile/WRF3.8/oml_sst/main -I/home/saji/WRF/compile/WRF3.8/oml_sst/external/io_netcdf -I/home/saji/WRF/compile/WRF3.8/oml_sst/external/io_int -I/home/saji/WRF/compile/WRF3.8/oml_sst/frame -I/home/saji/WRF/compile/WRF3.8/oml_sst/share -I/home/saji/WRF/compile/WRF3.8/oml_sst/phys -I/home/saji/WRF/compile/WRF3.8/oml_sst/chem -I/home/saji/WRF/compile/WRF3.8/oml_sst/inc -I/usr/include " ext
make[1]: Entering directory `/home/saji/WRF/compile/WRF3.8/oml_sst'
--------------------------------------
( cd frame ; make -i -r externals )
make[2]: Entering directory `/home/saji/WRF/compile/WRF3.8/oml_sst/frame'
( cd /home/saji/WRF/compile/WRF3.8/oml_sst/external/esmf_time_f90 ; \
          make -j 2 FC="gfortran   -w -ffree-form -ffree-line-length-none -fconvert=big-endian -frecord-marker=4 " RANLIB="ranlib" \
          CPP="/lib/cpp -P -I/home/saji/WRF/compile/WRF3.8/oml_sst/inc -I. -DEM_CORE=1 -DNMM_CORE=0 -DNMM_MAX_DIM=2600 -DCOAMPS_CORE=0 -DDA_CORE=0 -DEXP_CORE=0 -DIWORDSIZE=4 -DDWORDSIZE=8 -DRWORDSIZE=4 -DLWORDSIZE=4 -DNONSTANDARD_SYSTEM_SUBR  -DWRF_USE_CLM -DNO_IEEE_MODULE  -DDM_PARALLEL -DNETCDF -DUSE_ALLOCATABLES -DGRIB1 -DINTIO -DKEEP_INT_AROUND -DLIMIT_ARGS -DCONFIG_BUF_LEN=65536 -DMAX_DOMAINS_F=21 -DMAX_HISTORY=25 -DNMM_NEST=0 -traditional" AR="ar" ARFLAGS="ru" )
make[3]: Entering directory `/home/saji/WRF/compile/WRF3.8/oml_sst/external/esmf_time_f90'
/bin/rm -f ESMF_Base.o
/bin/rm -f ESMF_Fraction.o
sed -e "/\!.*'/s/'//g" ESMF_Base.F90 > ESMF_Base.b
sed -e "/\!.*'/s/'//g" ESMF_Fraction.F90 > ESMF_Fraction.b
/lib/cpp -P -I/home/saji/WRF/compile/WRF3.8/oml_sst/inc -I. -DEM_CORE=1 -DNMM_CORE=0 -DNMM_MAX_DIM=2600 -DCOAMPS_CORE=0 -DDA_CORE=0 -DEXP_CORE=0 -DIWORDSIZE=4 -DDWORDSIZE=8 -DRWORDSIZE=4 -DLWORDSIZE=4 -DNONSTANDARD_SYSTEM_SUBR  -DWRF_USE_CLM -DNO_IEEE_MODULE  -DDM_PARALLEL -DNETCDF -DUSE_ALLOCATABLES -DGRIB1 -DINTIO -DKEEP_INT_AROUND -DLIMIT_ARGS -DCONFIG_BUF_LEN=65536 -DMAX_DOMAINS_F=21 -DMAX_HISTORY=25 -DNMM_NEST=0 -traditional -I. ESMF_Fraction.b > ESMF_Fraction.f
/lib/cpp -P -I/home/saji/WRF/compile/WRF3.8/oml_sst/inc -I. -DEM_CORE=1 -DNMM_CORE=0 -DNMM_MAX_DIM=2600 -DCOAMPS_CORE=0 -DDA_CORE=0 -DEXP_CORE=0 -DIWORDSIZE=4 -DDWORDSIZE=8 -DRWORDSIZE=4 -DLWORDSIZE=4 -DNONSTANDARD_SYSTEM_SUBR  -DWRF_USE_CLM -DNO_IEEE_MODULE  -DDM_PARALLEL -DNETCDF -DUSE_ALLOCATABLES -DGRIB1 -DINTIO -DKEEP_INT_AROUND -DLIMIT_ARGS -DCONFIG_BUF_LEN=65536 -DMAX_DOMAINS_F=21 -DMAX_HISTORY=25 -DNMM_NEST=0 -traditional -I. ESMF_Base.b > ESMF_Base.f
/bin/rm -f ESMF_Fraction.b
/bin/rm -f ESMF_Base.b
gfortran   -w -ffree-form -ffree-line-length-none -fconvert=big-endian -frecord-marker=4  -o ESMF_Fraction.o -c ESMF_Fraction.f
gfortran   -w -ffree-form -ffree-line-length-none -fconvert=big-endian -frecord-marker=4  -o ESMF_Base.o -c ESMF_Base.f
/bin/rm -f ESMF_BaseTime.o
sed -e "/\!.*'/s/'//g" ESMF_BaseTime.F90 > ESMF_BaseTime.b
/lib/cpp -P -I/home/saji/WRF/compile/WRF3.8/oml_sst/inc -I. -DEM_CORE=1 -DNMM_CORE=0 -DNMM_MAX_DIM=2600 -DCOAMPS_CORE=0 -DDA_CORE=0 -DEXP_CORE=0 -DIWORDSIZE=4 -DDWORDSIZE=8 -DRWORDSIZE=4 -DLWORDSIZE=4 -DNONSTANDARD_SYSTEM_SUBR  -DWRF_USE_CLM -DNO_IEEE_MODULE  -DDM_PARALLEL -DNETCDF -DUSE_ALLOCATABLES -DGRIB1 -DINTIO -DKEEP_INT_AROUND -DLIMIT_ARGS -DCONFIG_BUF_LEN=65536 -DMAX_DOMAINS_F=21 -DMAX_HISTORY=25 -DNMM_NEST=0 -traditional -I. ESMF_BaseTime.b > ESMF_BaseTime.f
/bin/rm -f ESMF_BaseTime.b
gfortran   -w -ffree-form -ffree-line-length-none -fconvert=big-endian -frecord-marker=4  -o ESMF_BaseTime.o -c ESMF_BaseTime.f
/bin/rm -f ESMF_Calendar.o
sed -e "/\!.*'/s/'//g" ESMF_Calendar.F90 > ESMF_Calendar.b
/lib/cpp -P -I/home/saji/WRF/compile/WRF3.8/oml_sst/inc -I. -DEM_CORE=1 -DNMM_CORE=0 -DNMM_MAX_DIM=2600 -DCOAMPS_CORE=0 -DDA_CORE=0 -DEXP_CORE=0 -DIWORDSIZE=4 -DDWORDSIZE=8 -DRWORDSIZE=4 -DLWORDSIZE=4 -DNONSTANDARD_SYSTEM_SUBR  -DWRF_USE_CLM -DNO_IEEE_MODULE  -DDM_PARALLEL -DNETCDF -DUSE_ALLOCATABLES -DGRIB1 -DINTIO -DKEEP_INT_AROUND -DLIMIT_ARGS -DCONFIG_BUF_LEN=65536 -DMAX_DOMAINS_F=21 -DMAX_HISTORY=25 -DNMM_NEST=0 -traditional -I. ESMF_Calendar.b > ESMF_Calendar.f
/bin/rm -f ESMF_Calendar.b
gfortran   -w -ffree-form -ffree-line-length-none -fconvert=big-endian -frecord-marker=4  -o ESMF_Calendar.o -c ESMF_Calendar.f
/bin/rm -f ESMF_TimeInterval.o
/bin/rm -f ESMF_Stubs.o
sed -e "/\!.*'/s/'//g" ESMF_TimeInterval.F90 > ESMF_TimeInterval.b
sed -e "/\!.*'/s/'//g" ESMF_Stubs.F90 > ESMF_Stubs.b
/lib/cpp -P -I/home/saji/WRF/compile/WRF3.8/oml_sst/inc -I. -DEM_CORE=1 -DNMM_CORE=0 -DNMM_MAX_DIM=2600 -DCOAMPS_CORE=0 -DDA_CORE=0 -DEXP_CORE=0 -DIWORDSIZE=4 -DDWORDSIZE=8 -DRWORDSIZE=4 -DLWORDSIZE=4 -DNONSTANDARD_SYSTEM_SUBR  -DWRF_USE_CLM -DNO_IEEE_MODULE  -DDM_PARALLEL -DNETCDF -DUSE_ALLOCATABLES -DGRIB1 -DINTIO -DKEEP_INT_AROUND -DLIMIT_ARGS -DCONFIG_BUF_LEN=65536 -DMAX_DOMAINS_F=21 -DMAX_HISTORY=25 -DNMM_NEST=0 -traditional -I. ESMF_Stubs.b > ESMF_Stubs.f
/lib/cpp -P -I/home/saji/WRF/compile/WRF3.8/oml_sst/inc -I. -DEM_CORE=1 -DNMM_CORE=0 -DNMM_MAX_DIM=2600 -DCOAMPS_CORE=0 -DDA_CORE=0 -DEXP_CORE=0 -DIWORDSIZE=4 -DDWORDSIZE=8 -DRWORDSIZE=4 -DLWORDSIZE=4 -DNONSTANDARD_SYSTEM_SUBR  -DWRF_USE_CLM -DNO_IEEE_MODULE  -DDM_PARALLEL -DNETCDF -DUSE_ALLOCATABLES -DGRIB1 -DINTIO -DKEEP_INT_AROUND -DLIMIT_ARGS -DCONFIG_BUF_LEN=65536 -DMAX_DOMAINS_F=21 -DMAX_HISTORY=25 -DNMM_NEST=0 -traditional -I. ESMF_TimeInterval.b > ESMF_TimeInterval.f
/bin/rm -f ESMF_Stubs.b
/bin/rm -f ESMF_TimeInterval.b
gfortran   -w -ffree-form -ffree-line-length-none -fconvert=big-endian -frecord-marker=4  -o ESMF_Stubs.o -c ESMF_Stubs.f
gfortran   -w -ffree-form -ffree-line-length-none -fconvert=big-endian -frecord-marker=4  -o ESMF_TimeInterval.o -c ESMF_TimeInterval.f
/bin/rm -f ESMF_Time.o
sed -e "/\!.*'/s/'//g" ESMF_Time.F90 > ESMF_Time.b
/lib/cpp -P -I/home/saji/WRF/compile/WRF3.8/oml_sst/inc -I. -DEM_CORE=1 -DNMM_CORE=0 -DNMM_MAX_DIM=2600 -DCOAMPS_CORE=0 -DDA_CORE=0 -DEXP_CORE=0 -DIWORDSIZE=4 -DDWORDSIZE=8 -DRWORDSIZE=4 -DLWORDSIZE=4 -DNONSTANDARD_SYSTEM_SUBR  -DWRF_USE_CLM -DNO_IEEE_MODULE  -DDM_PARALLEL -DNETCDF -DUSE_ALLOCATABLES -DGRIB1 -DINTIO -DKEEP_INT_AROUND -DLIMIT_ARGS -DCONFIG_BUF_LEN=65536 -DMAX_DOMAINS_F=21 -DMAX_HISTORY=25 -DNMM_NEST=0 -traditional -I. ESMF_Time.b > ESMF_Time.f
/bin/rm -f ESMF_Time.b
gfortran   -w -ffree-form -ffree-line-length-none -fconvert=big-endian -frecord-marker=4  -o ESMF_Time.o -c ESMF_Time.f
/bin/rm -f ESMF_Alarm.o
sed -e "/\!.*'/s/'//g" ESMF_Alarm.F90 > ESMF_Alarm.b
/lib/cpp -P -I/home/saji/WRF/compile/WRF3.8/oml_sst/inc -I. -DEM_CORE=1 -DNMM_CORE=0 -DNMM_MAX_DIM=2600 -DCOAMPS_CORE=0 -DDA_CORE=0 -DEXP_CORE=0 -DIWORDSIZE=4 -DDWORDSIZE=8 -DRWORDSIZE=4 -DLWORDSIZE=4 -DNONSTANDARD_SYSTEM_SUBR  -DWRF_USE_CLM -DNO_IEEE_MODULE  -DDM_PARALLEL -DNETCDF -DUSE_ALLOCATABLES -DGRIB1 -DINTIO -DKEEP_INT_AROUND -DLIMIT_ARGS -DCONFIG_BUF_LEN=65536 -DMAX_DOMAINS_F=21 -DMAX_HISTORY=25 -DNMM_NEST=0 -traditional -I. ESMF_Alarm.b > ESMF_Alarm.f
/bin/rm -f ESMF_Alarm.b
gfortran   -w -ffree-form -ffree-line-length-none -fconvert=big-endian -frecord-marker=4  -o ESMF_Alarm.o -c ESMF_Alarm.f
/bin/rm -f ESMF_Clock.o
sed -e "/\!.*'/s/'//g" ESMF_Clock.F90 > ESMF_Clock.b
/lib/cpp -P -I/home/saji/WRF/compile/WRF3.8/oml_sst/inc -I. -DEM_CORE=1 -DNMM_CORE=0 -DNMM_MAX_DIM=2600 -DCOAMPS_CORE=0 -DDA_CORE=0 -DEXP_CORE=0 -DIWORDSIZE=4 -DDWORDSIZE=8 -DRWORDSIZE=4 -DLWORDSIZE=4 -DNONSTANDARD_SYSTEM_SUBR  -DWRF_USE_CLM -DNO_IEEE_MODULE  -DDM_PARALLEL -DNETCDF -DUSE_ALLOCATABLES -DGRIB1 -DINTIO -DKEEP_INT_AROUND -DLIMIT_ARGS -DCONFIG_BUF_LEN=65536 -DMAX_DOMAINS_F=21 -DMAX_HISTORY=25 -DNMM_NEST=0 -traditional -I. ESMF_Clock.b > ESMF_Clock.f
/bin/rm -f ESMF_Clock.b
gfortran   -w -ffree-form -ffree-line-length-none -fconvert=big-endian -frecord-marker=4  -o ESMF_Clock.o -c ESMF_Clock.f
/bin/rm -f Meat.o
/bin/rm -f ESMF_AlarmClock.o
sed -e "/\!.*'/s/'//g" Meat.F90 > Meat.b
sed -e "/\!.*'/s/'//g" ESMF_AlarmClock.F90 > ESMF_AlarmClock.b
/lib/cpp -P -I/home/saji/WRF/compile/WRF3.8/oml_sst/inc -I. -DEM_CORE=1 -DNMM_CORE=0 -DNMM_MAX_DIM=2600 -DCOAMPS_CORE=0 -DDA_CORE=0 -DEXP_CORE=0 -DIWORDSIZE=4 -DDWORDSIZE=8 -DRWORDSIZE=4 -DLWORDSIZE=4 -DNONSTANDARD_SYSTEM_SUBR  -DWRF_USE_CLM -DNO_IEEE_MODULE  -DDM_PARALLEL -DNETCDF -DUSE_ALLOCATABLES -DGRIB1 -DINTIO -DKEEP_INT_AROUND -DLIMIT_ARGS -DCONFIG_BUF_LEN=65536 -DMAX_DOMAINS_F=21 -DMAX_HISTORY=25 -DNMM_NEST=0 -traditional -I. ESMF_AlarmClock.b > ESMF_AlarmClock.f
/lib/cpp -P -I/home/saji/WRF/compile/WRF3.8/oml_sst/inc -I. -DEM_CORE=1 -DNMM_CORE=0 -DNMM_MAX_DIM=2600 -DCOAMPS_CORE=0 -DDA_CORE=0 -DEXP_CORE=0 -DIWORDSIZE=4 -DDWORDSIZE=8 -DRWORDSIZE=4 -DLWORDSIZE=4 -DNONSTANDARD_SYSTEM_SUBR  -DWRF_USE_CLM -DNO_IEEE_MODULE  -DDM_PARALLEL -DNETCDF -DUSE_ALLOCATABLES -DGRIB1 -DINTIO -DKEEP_INT_AROUND -DLIMIT_ARGS -DCONFIG_BUF_LEN=65536 -DMAX_DOMAINS_F=21 -DMAX_HISTORY=25 -DNMM_NEST=0 -traditional -I. Meat.b > Meat.f
/bin/rm -f ESMF_AlarmClock.b
/bin/rm -f Meat.b
gfortran   -w -ffree-form -ffree-line-length-none -fconvert=big-endian -frecord-marker=4  -o ESMF_AlarmClock.o -c ESMF_AlarmClock.f
gfortran   -w -ffree-form -ffree-line-length-none -fconvert=big-endian -frecord-marker=4  -o Meat.o -c Meat.f
/bin/rm -f ESMF_Mod.o
sed -e "/\!.*'/s/'//g" ESMF_Mod.F90 > ESMF_Mod.b
/lib/cpp -P -I/home/saji/WRF/compile/WRF3.8/oml_sst/inc -I. -DEM_CORE=1 -DNMM_CORE=0 -DNMM_MAX_DIM=2600 -DCOAMPS_CORE=0 -DDA_CORE=0 -DEXP_CORE=0 -DIWORDSIZE=4 -DDWORDSIZE=8 -DRWORDSIZE=4 -DLWORDSIZE=4 -DNONSTANDARD_SYSTEM_SUBR  -DWRF_USE_CLM -DNO_IEEE_MODULE  -DDM_PARALLEL -DNETCDF -DUSE_ALLOCATABLES -DGRIB1 -DINTIO -DKEEP_INT_AROUND -DLIMIT_ARGS -DCONFIG_BUF_LEN=65536 -DMAX_DOMAINS_F=21 -DMAX_HISTORY=25 -DNMM_NEST=0 -traditional -I. ESMF_Mod.b > ESMF_Mod.f
/bin/rm -f ESMF_Mod.b
gfortran   -w -ffree-form -ffree-line-length-none -fconvert=big-endian -frecord-marker=4  -o ESMF_Mod.o -c ESMF_Mod.f
/bin/rm -f module_symbols_util.o
sed -e "/\!.*'/s/'//g" module_symbols_util.F90 > module_symbols_util.b
/lib/cpp -P -I/home/saji/WRF/compile/WRF3.8/oml_sst/inc -I. -DEM_CORE=1 -DNMM_CORE=0 -DNMM_MAX_DIM=2600 -DCOAMPS_CORE=0 -DDA_CORE=0 -DEXP_CORE=0 -DIWORDSIZE=4 -DDWORDSIZE=8 -DRWORDSIZE=4 -DLWORDSIZE=4 -DNONSTANDARD_SYSTEM_SUBR  -DWRF_USE_CLM -DNO_IEEE_MODULE  -DDM_PARALLEL -DNETCDF -DUSE_ALLOCATABLES -DGRIB1 -DINTIO -DKEEP_INT_AROUND -DLIMIT_ARGS -DCONFIG_BUF_LEN=65536 -DMAX_DOMAINS_F=21 -DMAX_HISTORY=25 -DNMM_NEST=0 -traditional -I. module_symbols_util.b > module_symbols_util.f
/bin/rm -f module_symbols_util.b
gfortran   -w -ffree-form -ffree-line-length-none -fconvert=big-endian -frecord-marker=4  -o module_symbols_util.o -c module_symbols_util.f
/bin/rm -f module_utility.o
sed -e "/\!.*'/s/'//g" module_utility.F90 > module_utility.b
/lib/cpp -P -I/home/saji/WRF/compile/WRF3.8/oml_sst/inc -I. -DEM_CORE=1 -DNMM_CORE=0 -DNMM_MAX_DIM=2600 -DCOAMPS_CORE=0 -DDA_CORE=0 -DEXP_CORE=0 -DIWORDSIZE=4 -DDWORDSIZE=8 -DRWORDSIZE=4 -DLWORDSIZE=4 -DNONSTANDARD_SYSTEM_SUBR  -DWRF_USE_CLM -DNO_IEEE_MODULE  -DDM_PARALLEL -DNETCDF -DUSE_ALLOCATABLES -DGRIB1 -DINTIO -DKEEP_INT_AROUND -DLIMIT_ARGS -DCONFIG_BUF_LEN=65536 -DMAX_DOMAINS_F=21 -DMAX_HISTORY=25 -DNMM_NEST=0 -traditional -I. module_utility.b > module_utility.f
/bin/rm -f module_utility.b
gfortran   -w -ffree-form -ffree-line-length-none -fconvert=big-endian -frecord-marker=4  -o module_utility.o -c module_utility.f
/bin/rm -f libesmf_time.a
if [ "ar" != "lib.exe" ] ; then \
          ar ru libesmf_time.a ESMF_Alarm.o ESMF_BaseTime.o ESMF_Clock.o ESMF_Time.o Meat.o ESMF_Base.o ESMF_Calendar.o ESMF_Fraction.o ESMF_TimeInterval.o ESMF_Stubs.o ESMF_Mod.o module_symbols_util.o module_utility.o ESMF_AlarmClock.o ; \
        else \
          ar /out:libesmf_time.a ESMF_Alarm.o ESMF_BaseTime.o ESMF_Clock.o ESMF_Time.o Meat.o ESMF_Base.o ESMF_Calendar.o ESMF_Fraction.o ESMF_TimeInterval.o ESMF_Stubs.o ESMF_Mod.o module_symbols_util.o module_utility.o ESMF_AlarmClock.o ; \
        fi
ar: creating libesmf_time.a
ranlib libesmf_time.a
make[3]: Leaving directory `/home/saji/WRF/compile/WRF3.8/oml_sst/external/esmf_time_f90'
( cd /home/saji/WRF/compile/WRF3.8/oml_sst/external/io_netcdf ; \
          make -j 2 NETCDFPATH="/usr" RANLIB="ranlib" CPP="/lib/cpp -P" \
          CC="gcc" CFLAGS="-w -O3 -c  -DDM_PARALLEL -DMAX_HISTORY=25 -DNMM_CORE=0" \
          FC="gfortran   -O2 -ftree-vectorize -funroll-loops -w -ffree-form -ffree-line-length-none -fconvert=big-endian -frecord-marker=4 " TRADFLAG="-traditional" AR="ar" ARFLAGS="ru" )
make[3]: Entering directory `/home/saji/WRF/compile/WRF3.8/oml_sst/external/io_netcdf'
grep nf_format_64bit /usr/include/netcdf.inc ;\
                        a=$? ; export a ; \
			if [ $a -a "$WRFIO_NCD_LARGE_FILE_SUPPORT" = "1" ] ; then \
                          /lib/cpp -P -P -traditional -DWRFIO_NCD_LARGE_FILE_SUPPORT -I../ioapi_share wrf_io.F90 | m4 -Uinclude -Uindex -Ulen - > wrf_io.f ; \
                        else \
                          /lib/cpp -P -P -traditional -I../ioapi_share wrf_io.F90 | m4 -Uinclude -Uindex -Ulen - > wrf_io.f ; \
                        fi
/lib/cpp -P -P -traditional -I../ioapi_share module_wrfsi_static.F90 > module_wrfsi_static.f
      integer nf_format_64bit
      parameter (nf_format_64bit = 2)
gfortran   -O2 -ftree-vectorize -funroll-loops -w -ffree-form -ffree-line-length-none -fconvert=big-endian -frecord-marker=4  -o module_wrfsi_static.o  -I/usr/include -I../ioapi_share -c module_wrfsi_static.f
gfortran   -O2 -ftree-vectorize -funroll-loops -w -ffree-form -ffree-line-length-none -fconvert=big-endian -frecord-marker=4  -o wrf_io.o  -I/usr/include -I../ioapi_share -c wrf_io.f
/lib/cpp -P -P -traditional -I../ioapi_share field_routines.F90 > field_routines.f
gfortran   -O2 -ftree-vectorize -funroll-loops -w -ffree-form -ffree-line-length-none -fconvert=big-endian -frecord-marker=4  -o field_routines.o  -I/usr/include -I../ioapi_share -c field_routines.f
/bin/rm -f libwrfio_nf.a
if [ "ar" != "lib.exe" ] ; then \
                          ar cr libwrfio_nf.a wrf_io.o field_routines.o module_wrfsi_static.o ; \
                        else \
                          ar /out:libwrfio_nf.a wrf_io.o field_routines.o module_wrfsi_static.o ; \
                        fi
ranlib libwrfio_nf.a
make[3]: Leaving directory `/home/saji/WRF/compile/WRF3.8/oml_sst/external/io_netcdf'
( cd /home/saji/WRF/compile/WRF3.8/oml_sst/external/ioapi_share ; \
          make -i -r NATIVE_RWORDSIZE="4" RWORDSIZE="4" AR="ar" ARFLAGS="ru" )
make[3]: Entering directory `/home/saji/WRF/compile/WRF3.8/oml_sst/external/ioapi_share'
( /bin/rm -f ../../inc/wrf_io_flags.h foo_io_flags.h; \
	/bin/cp wrf_io_flags.h foo_io_flags.h; \
	if [ 4 -ne 4 ] ; then \
	  /bin/rm -f foo_io_flags.h; \
	  sed -e 's/104/105/' wrf_io_flags.h > foo_io_flags.h ;\
	fi ; \
	/bin/mv foo_io_flags.h ../../inc/wrf_io_flags.h )
/bin/rm -f ../../inc/wrf_status_codes.h
/bin/cp wrf_status_codes.h ../../inc
make[3]: Leaving directory `/home/saji/WRF/compile/WRF3.8/oml_sst/external/ioapi_share'
( cd /home/saji/WRF/compile/WRF3.8/oml_sst/external/io_grib_share ; \
          make -j 2 CC="gcc" CFLAGS="-w -O3 -c  -DDM_PARALLEL -DMAX_HISTORY=25 -DNMM_CORE=0" RM="rm -f" RANLIB="ranlib" CPP="/lib/cpp -P" \
          FC="gfortran  -I.  -w -ffree-form -ffree-line-length-none -fconvert=big-endian -frecord-marker=4  " TRADFLAG="-traditional" AR="ar" ARFLAGS="ru" archive) 
make[3]: Entering directory `/home/saji/WRF/compile/WRF3.8/oml_sst/external/io_grib_share'
make[4]: Entering directory `/home/saji/WRF/compile/WRF3.8/oml_sst/external/io_grib_share'
rm -f io_grib_share.o
gcc  -I. -w -O3 -c  -DDM_PARALLEL -DMAX_HISTORY=25 -DNMM_CORE=0   -c get_region_center.c
/lib/cpp -P  -traditional  -I. io_grib_share.F > io_grib_share.f90
gfortran  -I.  -w -ffree-form -ffree-line-length-none -fconvert=big-endian -frecord-marker=4     -I.     -c io_grib_share.f90
gcc  -I. -w -O3 -c  -DDM_PARALLEL -DMAX_HISTORY=25 -DNMM_CORE=0   -c gridnav.c
gcc  -I. -w -O3 -c  -DDM_PARALLEL -DMAX_HISTORY=25 -DNMM_CORE=0   -c open_file.c
ar ru ./libio_grib_share.a io_grib_share.o get_region_center.o gridnav.o open_file.o
ar: creating ./libio_grib_share.a
ranlib ./libio_grib_share.a
make[4]: Leaving directory `/home/saji/WRF/compile/WRF3.8/oml_sst/external/io_grib_share'
make[3]: Leaving directory `/home/saji/WRF/compile/WRF3.8/oml_sst/external/io_grib_share'
( cd /home/saji/WRF/compile/WRF3.8/oml_sst/external/io_grib1 ; \
          make -j 2 CC="gcc" CFLAGS="-w -O3 -c  -DDM_PARALLEL -DMAX_HISTORY=25 -DNMM_CORE=0" RM="rm -f" RANLIB="ranlib" CPP="/lib/cpp -P" \
          FC="gfortran  -I.  -w -ffree-form -ffree-line-length-none -fconvert=big-endian -frecord-marker=4  " TRADFLAG="-traditional" AR="ar" ARFLAGS="ru" archive)
make[3]: Entering directory `/home/saji/WRF/compile/WRF3.8/oml_sst/external/io_grib1'
        Doing make archive on library subdirectory MEL_grib1
make[4]: Entering directory `/home/saji/WRF/compile/WRF3.8/oml_sst/external/io_grib1/MEL_grib1'
make[5]: Entering directory `/home/saji/WRF/compile/WRF3.8/oml_sst/external/io_grib1/MEL_grib1'
gcc  -I. -w -O3 -c  -DDM_PARALLEL -DMAX_HISTORY=25 -DNMM_CORE=0   -c FTP_getfile.c
gcc  -I. -w -O3 -c  -DDM_PARALLEL -DMAX_HISTORY=25 -DNMM_CORE=0   -c apply_bitmap.c
gcc  -I. -w -O3 -c  -DDM_PARALLEL -DMAX_HISTORY=25 -DNMM_CORE=0   -c display_gribhdr.c
gcc  -I. -w -O3 -c  -DDM_PARALLEL -DMAX_HISTORY=25 -DNMM_CORE=0   -c gbyte.c
gcc  -I. -w -O3 -c  -DDM_PARALLEL -DMAX_HISTORY=25 -DNMM_CORE=0   -c grib_dec.c
gcc  -I. -w -O3 -c  -DDM_PARALLEL -DMAX_HISTORY=25 -DNMM_CORE=0   -c grib_enc.c
gcc  -I. -w -O3 -c  -DDM_PARALLEL -DMAX_HISTORY=25 -DNMM_CORE=0   -c grib_seek.c
gcc  -I. -w -O3 -c  -DDM_PARALLEL -DMAX_HISTORY=25 -DNMM_CORE=0   -c gribgetbds.c
gcc  -I. -w -O3 -c  -DDM_PARALLEL -DMAX_HISTORY=25 -DNMM_CORE=0   -c gribgetbms.c
gcc  -I. -w -O3 -c  -DDM_PARALLEL -DMAX_HISTORY=25 -DNMM_CORE=0   -c gribgetgds.c
gcc  -I. -w -O3 -c  -DDM_PARALLEL -DMAX_HISTORY=25 -DNMM_CORE=0   -c gribgetpds.c
gcc  -I. -w -O3 -c  -DDM_PARALLEL -DMAX_HISTORY=25 -DNMM_CORE=0   -c gribhdr2file.c
gcc  -I. -w -O3 -c  -DDM_PARALLEL -DMAX_HISTORY=25 -DNMM_CORE=0   -c gribputbds.c
gcc  -I. -w -O3 -c  -DDM_PARALLEL -DMAX_HISTORY=25 -DNMM_CORE=0   -c gribputgds.c
gcc  -I. -w -O3 -c  -DDM_PARALLEL -DMAX_HISTORY=25 -DNMM_CORE=0   -c gribputpds.c
gcc  -I. -w -O3 -c  -DDM_PARALLEL -DMAX_HISTORY=25 -DNMM_CORE=0   -c hdr_print.c
gcc  -I. -w -O3 -c  -DDM_PARALLEL -DMAX_HISTORY=25 -DNMM_CORE=0   -c init_dec_struct.c
gcc  -I. -w -O3 -c  -DDM_PARALLEL -DMAX_HISTORY=25 -DNMM_CORE=0   -c init_enc_struct.c
gcc  -I. -w -O3 -c  -DDM_PARALLEL -DMAX_HISTORY=25 -DNMM_CORE=0   -c init_gribhdr.c
gcc  -I. -w -O3 -c  -DDM_PARALLEL -DMAX_HISTORY=25 -DNMM_CORE=0   -c init_struct.c
gcc  -I. -w -O3 -c  -DDM_PARALLEL -DMAX_HISTORY=25 -DNMM_CORE=0   -c ld_dec_lookup.c
gcc  -I. -w -O3 -c  -DDM_PARALLEL -DMAX_HISTORY=25 -DNMM_CORE=0   -c ld_enc_input.c
gcc  -I. -w -O3 -c  -DDM_PARALLEL -DMAX_HISTORY=25 -DNMM_CORE=0   -c ld_enc_lookup.c
gcc  -I. -w -O3 -c  -DDM_PARALLEL -DMAX_HISTORY=25 -DNMM_CORE=0   -c ld_grib_origctrs.c
gcc  -I. -w -O3 -c  -DDM_PARALLEL -DMAX_HISTORY=25 -DNMM_CORE=0   -c make_default_grbfn.c
gcc  -I. -w -O3 -c  -DDM_PARALLEL -DMAX_HISTORY=25 -DNMM_CORE=0   -c make_grib_log.c
gcc  -I. -w -O3 -c  -DDM_PARALLEL -DMAX_HISTORY=25 -DNMM_CORE=0   -c map_lvl.c
gcc  -I. -w -O3 -c  -DDM_PARALLEL -DMAX_HISTORY=25 -DNMM_CORE=0   -c map_parm.c
gcc  -I. -w -O3 -c  -DDM_PARALLEL -DMAX_HISTORY=25 -DNMM_CORE=0   -c pack_spatial.c
gcc  -I. -w -O3 -c  -DDM_PARALLEL -DMAX_HISTORY=25 -DNMM_CORE=0   -c prt_inp_struct.c
gcc  -I. -w -O3 -c  -DDM_PARALLEL -DMAX_HISTORY=25 -DNMM_CORE=0   -c upd_child_errmsg.c
gcc  -I. -w -O3 -c  -DDM_PARALLEL -DMAX_HISTORY=25 -DNMM_CORE=0   -c prt_badmsg.c
gcc  -I. -w -O3 -c  -DDM_PARALLEL -DMAX_HISTORY=25 -DNMM_CORE=0   -c swap.c
gcc  -I. -w -O3 -c  -DDM_PARALLEL -DMAX_HISTORY=25 -DNMM_CORE=0   -c grib_uthin.c
gcc  -I. -w -O3 -c  -DDM_PARALLEL -DMAX_HISTORY=25 -DNMM_CORE=0   -c set_bytes.c
ar ru ../libio_grib1.a FTP_getfile.o apply_bitmap.o display_gribhdr.o gbyte.o grib_dec.o grib_enc.o grib_seek.o gribgetbds.o gribgetbms.o gribgetgds.o gribgetpds.o gribhdr2file.o gribputbds.o gribputgds.o gribputpds.o hdr_print.o init_dec_struct.o init_enc_struct.o init_gribhdr.o init_struct.o ld_dec_lookup.o ld_enc_input.o ld_enc_lookup.o ld_grib_origctrs.o make_default_grbfn.o make_grib_log.o map_lvl.o map_parm.o pack_spatial.o prt_inp_struct.o upd_child_errmsg.o prt_badmsg.o swap.o grib_uthin.o set_bytes.o
ar: creating ../libio_grib1.a
ranlib ../libio_grib1.a
make[5]: Leaving directory `/home/saji/WRF/compile/WRF3.8/oml_sst/external/io_grib1/MEL_grib1'
make[4]: Leaving directory `/home/saji/WRF/compile/WRF3.8/oml_sst/external/io_grib1/MEL_grib1'
        Doing make archive on library subdirectory grib1_util
make[4]: Entering directory `/home/saji/WRF/compile/WRF3.8/oml_sst/external/io_grib1/grib1_util'
make[5]: Entering directory `/home/saji/WRF/compile/WRF3.8/oml_sst/external/io_grib1/grib1_util'
gcc  -I. -I../MEL_grib1 -w -O3 -c  -DDM_PARALLEL -DMAX_HISTORY=25 -DNMM_CORE=0   -c alloc_2d.c
gcc  -I. -I../MEL_grib1 -w -O3 -c  -DDM_PARALLEL -DMAX_HISTORY=25 -DNMM_CORE=0   -c read_grib.c
gcc  -I. -I../MEL_grib1 -w -O3 -c  -DDM_PARALLEL -DMAX_HISTORY=25 -DNMM_CORE=0   -c write_grib.c
ar ru ../libio_grib1.a alloc_2d.o read_grib.o write_grib.o
ranlib ../libio_grib1.a
make[5]: Leaving directory `/home/saji/WRF/compile/WRF3.8/oml_sst/external/io_grib1/grib1_util'
make[4]: Leaving directory `/home/saji/WRF/compile/WRF3.8/oml_sst/external/io_grib1/grib1_util'
        Doing make archive on library subdirectory WGRIB
make[4]: Entering directory `/home/saji/WRF/compile/WRF3.8/oml_sst/external/io_grib1/WGRIB'
gcc -c -O wgrib_main.c
gcc -c -O seekgrib.c
gcc -c -O ibm2flt.c
gcc -c -O readgrib.c
gcc -c -O intpower.c
gcc -c -O cnames.c
gcc -c -O BDSunpk.c
gcc -c -O flt2ieee.c
gcc -c -O wrtieee.c
gcc -c -O levels.c
gcc -c -O PDStimes.c
gcc -c -O missing.c
gcc -c -O nceptable_reanal.c
gcc -c -O nceptable_opn.c
gcc -c -O ensemble.c
gcc -c -O ombtable.c
gcc -c -O ec_ext.c
gcc -c -O gribtable.c
gcc -c -O gds_grid.c
gcc -c -O PDS_date.c
gcc -c -O ectable_128.c
gcc -c -O ectable_129.c
gcc -c -O ectable_130.c
gcc -c -O ectable_131.c
gcc -c -O ectable_140.c
gcc -c -O ectable_150.c
gcc -c -O ectable_151.c
gcc -c -O ectable_160.c
gcc -c -O ectable_170.c
gcc -c -O ectable_180.c
gcc -c -O nceptab_129.c
gcc -c -O dwdtable_002.c
gcc -c -O dwdtable_201.c
gcc -c -O dwdtable_202.c
gcc -c -O dwdtable_203.c
gcc -c -O cptectable_254.c
gcc -c -O nceptab_130.c
gcc -c -O nceptab_131.c
gcc -o wgrib.exe wgrib_main.o seekgrib.o ibm2flt.o readgrib.o intpower.o cnames.o BDSunpk.o flt2ieee.o wrtieee.o levels.o PDStimes.o missing.o nceptable_reanal.o nceptable_opn.o ensemble.o ombtable.o ec_ext.o gribtable.o gds_grid.o PDS_date.o ectable_128.o ectable_129.o ectable_130.o ectable_131.o ectable_140.o ectable_150.o ectable_151.o ectable_160.o ectable_170.o ectable_180.o nceptab_129.o dwdtable_002.o dwdtable_201.o dwdtable_202.o dwdtable_203.o cptectable_254.o nceptab_130.o nceptab_131.o #-lm
( cd .. ; \rm -f wgrib.exe ; \ln -sf WGRIB/wgrib.exe wgrib.exe ; cd WGRIB )
make[4]: Leaving directory `/home/saji/WRF/compile/WRF3.8/oml_sst/external/io_grib1/WGRIB'
make[4]: Entering directory `/home/saji/WRF/compile/WRF3.8/oml_sst/external/io_grib1'
gcc  -I. -I./MEL_grib1 -Igrib1_util -I../io_grib_share -I../ -w -O3 -c  -DDM_PARALLEL -DMAX_HISTORY=25 -DNMM_CORE=0   -c grib1_routines.c
gcc  -I. -I./MEL_grib1 -Igrib1_util -I../io_grib_share -I../ -w -O3 -c  -DDM_PARALLEL -DMAX_HISTORY=25 -DNMM_CORE=0   -c gribmap.c
rm -f io_grib1.o
/lib/cpp -P  -traditional  -I. -I./MEL_grib1 -Igrib1_util -I../io_grib_share -I../ io_grib1.F > io_grib1.f90
gfortran  -I.  -w -ffree-form -ffree-line-length-none -fconvert=big-endian -frecord-marker=4     -I. -I./MEL_grib1 -Igrib1_util -I../io_grib_share -I../     -c io_grib1.f90
gcc  -I. -I./MEL_grib1 -Igrib1_util -I../io_grib_share -I../ -w -O3 -c  -DDM_PARALLEL -DMAX_HISTORY=25 -DNMM_CORE=0   -c trim.c
ar ru ./libio_grib1.a grib1_routines.o gribmap.o io_grib1.o trim.o
ranlib ./libio_grib1.a
make[4]: Leaving directory `/home/saji/WRF/compile/WRF3.8/oml_sst/external/io_grib1'
make[3]: Leaving directory `/home/saji/WRF/compile/WRF3.8/oml_sst/external/io_grib1'
( cd /home/saji/WRF/compile/WRF3.8/oml_sst/external/io_int ; \
          make -j 2 CC="mpicc -cc=gcc -DMPI2_SUPPORT -DFSEEKO64_OK " CFLAGS_LOCAL="-w -O3 -c " RM="rm -f" RANLIB="ranlib" CPP="/lib/cpp -P" \
          FC="time mpif90    -w -ffree-form -ffree-line-length-none -fconvert=big-endian -frecord-marker=4  " FGREP="fgrep -iq" \
          TRADFLAG="-traditional" AR="ar" ARFLAGS="ru" ARCHFLAGS="-DEM_CORE=1 -DNMM_CORE=0 -DNMM_MAX_DIM=2600 -DCOAMPS_CORE=0 -DDA_CORE=0 -DEXP_CORE=0 -DIWORDSIZE=4 -DDWORDSIZE=8 -DRWORDSIZE=4 -DLWORDSIZE=4 -DNONSTANDARD_SYSTEM_SUBR  -DWRF_USE_CLM -DNO_IEEE_MODULE  -DDM_PARALLEL -DNETCDF -DUSE_ALLOCATABLES -DGRIB1 -DINTIO -DKEEP_INT_AROUND -DLIMIT_ARGS -DCONFIG_BUF_LEN=65536 -DMAX_DOMAINS_F=21 -DMAX_HISTORY=25 -DNMM_NEST=0" all )
make[3]: Entering directory `/home/saji/WRF/compile/WRF3.8/oml_sst/external/io_int'
rm -f module_internal_header_util.f
awk '{print "#define", toupper($4), $6}' < ../../inc/intio_tags.h > io_int_idx_tags.h
cp ../../frame/module_internal_header_util.F mod_int_hdr_util.b
/lib/cpp -P -traditional -DEM_CORE=1 -DNMM_CORE=0 -DNMM_MAX_DIM=2600 -DCOAMPS_CORE=0 -DDA_CORE=0 -DEXP_CORE=0 -DIWORDSIZE=4 -DDWORDSIZE=8 -DRWORDSIZE=4 -DLWORDSIZE=4 -DNONSTANDARD_SYSTEM_SUBR  -DWRF_USE_CLM -DNO_IEEE_MODULE  -DDM_PARALLEL -DNETCDF -DUSE_ALLOCATABLES -DGRIB1 -DINTIO -DKEEP_INT_AROUND -DLIMIT_ARGS -DCONFIG_BUF_LEN=65536 -DMAX_DOMAINS_F=21 -DMAX_HISTORY=25 -DNMM_NEST=0 -I../../inc -I../ioapi_share mod_int_hdr_util.b > module_internal_header_util.f
/lib/cpp -P -traditional -DEM_CORE=1 -DNMM_CORE=0 -DNMM_MAX_DIM=2600 -DCOAMPS_CORE=0 -DDA_CORE=0 -DEXP_CORE=0 -DIWORDSIZE=4 -DDWORDSIZE=8 -DRWORDSIZE=4 -DLWORDSIZE=4 -DNONSTANDARD_SYSTEM_SUBR  -DWRF_USE_CLM -DNO_IEEE_MODULE  -DDM_PARALLEL -DNETCDF -DUSE_ALLOCATABLES -DGRIB1 -DINTIO -DKEEP_INT_AROUND -DLIMIT_ARGS -DCONFIG_BUF_LEN=65536 -DMAX_DOMAINS_F=21 -DMAX_HISTORY=25 -DNMM_NEST=0 module_io_int_idx.F90 > module_io_int_idx.f
/lib/cpp -P -traditional -DEM_CORE=1 -DNMM_CORE=0 -DNMM_MAX_DIM=2600 -DCOAMPS_CORE=0 -DDA_CORE=0 -DEXP_CORE=0 -DIWORDSIZE=4 -DDWORDSIZE=8 -DRWORDSIZE=4 -DLWORDSIZE=4 -DNONSTANDARD_SYSTEM_SUBR  -DWRF_USE_CLM -DNO_IEEE_MODULE  -DDM_PARALLEL -DNETCDF -DUSE_ALLOCATABLES -DGRIB1 -DINTIO -DKEEP_INT_AROUND -DLIMIT_ARGS -DCONFIG_BUF_LEN=65536 -DMAX_DOMAINS_F=21 -DMAX_HISTORY=25 -DNMM_NEST=0 -DEM_CORE=1 -DNMM_CORE=0 -DNMM_MAX_DIM=2600 -DCOAMPS_CORE=0 -DDA_CORE=0 -DEXP_CORE=0 -DIWORDSIZE=4 -DDWORDSIZE=8 -DRWORDSIZE=4 -DLWORDSIZE=4 -DNONSTANDARD_SYSTEM_SUBR  -DWRF_USE_CLM -DNO_IEEE_MODULE  -DDM_PARALLEL -DNETCDF -DUSE_ALLOCATABLES -DGRIB1 -DINTIO -DKEEP_INT_AROUND -DLIMIT_ARGS -DCONFIG_BUF_LEN=65536 -DMAX_DOMAINS_F=21 -DMAX_HISTORY=25 -DNMM_NEST=0 module_io_int_read.F90 > module_io_int_read.f
rm -f mod_int_hdr_util.b
Diffwrf io_int will be built later on in this compile. No need to rerun compile. 
Diffwrf io_int will be built later on in this compile. No need to rerun compile. 
Diffwrf io_int will be built later on in this compile. No need to rerun compile. 
Diffwrf io_int will be built later on in this compile. No need to rerun compile. 
Diffwrf io_int will be built later on in this compile. No need to rerun compile. 
Diffwrf io_int will be built later on in this compile. No need to rerun compile. 
/lib/cpp -P -traditional -DEM_CORE=1 -DNMM_CORE=0 -DNMM_MAX_DIM=2600 -DCOAMPS_CORE=0 -DDA_CORE=0 -DEXP_CORE=0 -DIWORDSIZE=4 -DDWORDSIZE=8 -DRWORDSIZE=4 -DLWORDSIZE=4 -DNONSTANDARD_SYSTEM_SUBR  -DWRF_USE_CLM -DNO_IEEE_MODULE  -DDM_PARALLEL -DNETCDF -DUSE_ALLOCATABLES -DGRIB1 -DINTIO -DKEEP_INT_AROUND -DLIMIT_ARGS -DCONFIG_BUF_LEN=65536 -DMAX_DOMAINS_F=21 -DMAX_HISTORY=25 -DNMM_NEST=0 test_io_idx.F90 > test_io_idx.f
time mpif90    -w -ffree-form -ffree-line-length-none -fconvert=big-endian -frecord-marker=4    -o module_internal_header_util.o -c module_internal_header_util.f
mpicc -cc=gcc -DMPI2_SUPPORT -DFSEEKO64_OK  -o io_int_idx.o -c -w -O3 -c  io_int_idx.c
gcc: unrecognized option '-cc=gcc'
0.13user 0.02system 0:00.14elapsed 102%CPU (0avgtext+0avgdata 49696maxresident)k
0inputs+224outputs (0major+5253minor)pagefaults 0swaps
time mpif90    -w -ffree-form -ffree-line-length-none -fconvert=big-endian -frecord-marker=4    -o module_io_int_idx.o -c module_io_int_idx.f
0.02user 0.01system 0:00.04elapsed 110%CPU (0avgtext+0avgdata 33328maxresident)k
0inputs+48outputs (0major+4189minor)pagefaults 0swaps
/lib/cpp -P -traditional -DEM_CORE=1 -DNMM_CORE=0 -DNMM_MAX_DIM=2600 -DCOAMPS_CORE=0 -DDA_CORE=0 -DEXP_CORE=0 -DIWORDSIZE=4 -DDWORDSIZE=8 -DRWORDSIZE=4 -DLWORDSIZE=4 -DNONSTANDARD_SYSTEM_SUBR  -DWRF_USE_CLM -DNO_IEEE_MODULE  -DDM_PARALLEL -DNETCDF -DUSE_ALLOCATABLES -DGRIB1 -DINTIO -DKEEP_INT_AROUND -DLIMIT_ARGS -DCONFIG_BUF_LEN=65536 -DMAX_DOMAINS_F=21 -DMAX_HISTORY=25 -DNMM_NEST=0  -I../../inc -I../ioapi_share io_int.F90 | m4 -Uinclude -Uindex -Ulen - > io_int.f
time mpif90    -w -ffree-form -ffree-line-length-none -fconvert=big-endian -frecord-marker=4    -I../../frame -o module_io_int_read.o -c module_io_int_read.f
time mpif90    -w -ffree-form -ffree-line-length-none -fconvert=big-endian -frecord-marker=4    -I../../inc -I../ioapi_share -o io_int.o -c io_int.f
0.01user 0.01system 0:00.02elapsed 127%CPU (0avgtext+0avgdata 24960maxresident)k
0inputs+24outputs (0major+3655minor)pagefaults 0swaps
0.43user 0.10system 0:00.53elapsed 100%CPU (0avgtext+0avgdata 103600maxresident)k
0inputs+472outputs (0major+8777minor)pagefaults 0swaps
rm -f libwrfio_int.a
if [ `echo "time mpif90    -w -ffree-form -ffree-line-length-none -fconvert=big-endian -frecord-marker=4  " | awk '{print $1}'` = "gfortran" ] ; then \
		echo removing external declaration of iargc for gfortran ; \
		/lib/cpp -P -traditional -DEM_CORE=1 -DNMM_CORE=0 -DNMM_MAX_DIM=2600 -DCOAMPS_CORE=0 -DDA_CORE=0 -DEXP_CORE=0 -DIWORDSIZE=4 -DDWORDSIZE=8 -DRWORDSIZE=4 -DLWORDSIZE=4 -DNONSTANDARD_SYSTEM_SUBR  -DWRF_USE_CLM -DNO_IEEE_MODULE  -DDM_PARALLEL -DNETCDF -DUSE_ALLOCATABLES -DGRIB1 -DINTIO -DKEEP_INT_AROUND -DLIMIT_ARGS -DCONFIG_BUF_LEN=65536 -DMAX_DOMAINS_F=21 -DMAX_HISTORY=25 -DNMM_NEST=0  -I../ioapi_share diffwrf.F90 | \
		sed '/integer *, *external.*iargc/d' > diffwrf.f  ; \
	else \
		/lib/cpp -P -traditional -DEM_CORE=1 -DNMM_CORE=0 -DNMM_MAX_DIM=2600 -DCOAMPS_CORE=0 -DDA_CORE=0 -DEXP_CORE=0 -DIWORDSIZE=4 -DDWORDSIZE=8 -DRWORDSIZE=4 -DLWORDSIZE=4 -DNONSTANDARD_SYSTEM_SUBR  -DWRF_USE_CLM -DNO_IEEE_MODULE  -DDM_PARALLEL -DNETCDF -DUSE_ALLOCATABLES -DGRIB1 -DINTIO -DKEEP_INT_AROUND -DLIMIT_ARGS -DCONFIG_BUF_LEN=65536 -DMAX_DOMAINS_F=21 -DMAX_HISTORY=25 -DNMM_NEST=0  -I../ioapi_share diffwrf.F90 > diffwrf.f  ; \
	fi ; \
	time mpif90    -w -ffree-form -ffree-line-length-none -fconvert=big-endian -frecord-marker=4   -c  -I../ioapi_share diffwrf.f ; \

ar ru libwrfio_int.a io_int.o io_int_idx.o module_io_int_idx.o module_io_int_read.o
ar: creating libwrfio_int.a
ranlib libwrfio_int.a
time mpif90    -w -ffree-form -ffree-line-length-none -fconvert=big-endian -frecord-marker=4     -o test_io_idx test_io_idx.f -L. -lwrfio_int
0.06user 0.02system 0:00.08elapsed 113%CPU (0avgtext+0avgdata 37792maxresident)k
0inputs+40outputs (0major+6623minor)pagefaults 0swaps
0.15user 0.01system 0:00.16elapsed 102%CPU (0avgtext+0avgdata 58160maxresident)k
0inputs+224outputs (0major+5814minor)pagefaults 0swaps
if [ -f ../../frame/pack_utils.o -a -f ../../frame/clog.o ] ; then \
	  time mpif90    -w -ffree-form -ffree-line-length-none -fconvert=big-endian -frecord-marker=4     -I../ioapi_share -o diffwrf diffwrf.f \
		../../frame/pack_utils.o ../../frame/module_internal_header_util.o ../../frame/module_driver_constants.o ../../frame/module_machine.o ../../frame/module_wrf_error.o ../../frame/wrf_debug.o  libwrfio_int.a ; \
	fi
make[3]: Leaving directory `/home/saji/WRF/compile/WRF3.8/oml_sst/external/io_int'
( cd /home/saji/WRF/compile/WRF3.8/oml_sst/external/fftpack/fftpack5 ; \
          make -j 2 FC="gfortran" FFLAGS="  -w -ffree-form -ffree-line-length-none -fconvert=big-endian -frecord-marker=4 " RANLIB="ranlib" AR="ar" \
          ARFLAGS="ru" CPP="/lib/cpp -P" CPPFLAGS="-DEM_CORE=1 -DNMM_CORE=0 -DNMM_MAX_DIM=2600 -DCOAMPS_CORE=0 -DDA_CORE=0 -DEXP_CORE=0 -DIWORDSIZE=4 -DDWORDSIZE=8 -DRWORDSIZE=4 -DLWORDSIZE=4 -DNONSTANDARD_SYSTEM_SUBR  -DWRF_USE_CLM -DNO_IEEE_MODULE  -DDM_PARALLEL -DNETCDF -DUSE_ALLOCATABLES -DGRIB1 -DINTIO -DKEEP_INT_AROUND -DLIMIT_ARGS -DCONFIG_BUF_LEN=65536 -DMAX_DOMAINS_F=21 -DMAX_HISTORY=25 -DNMM_NEST=0  -I. -traditional " RM="rm -f" )
make[3]: Entering directory `/home/saji/WRF/compile/WRF3.8/oml_sst/external/fftpack/fftpack5'
/lib/cpp -P -DEM_CORE=1 -DNMM_CORE=0 -DNMM_MAX_DIM=2600 -DCOAMPS_CORE=0 -DDA_CORE=0 -DEXP_CORE=0 -DIWORDSIZE=4 -DDWORDSIZE=8 -DRWORDSIZE=4 -DLWORDSIZE=4 -DNONSTANDARD_SYSTEM_SUBR  -DWRF_USE_CLM -DNO_IEEE_MODULE  -DDM_PARALLEL -DNETCDF -DUSE_ALLOCATABLES -DGRIB1 -DINTIO -DKEEP_INT_AROUND -DLIMIT_ARGS -DCONFIG_BUF_LEN=65536 -DMAX_DOMAINS_F=21 -DMAX_HISTORY=25 -DNMM_NEST=0  -I. -traditional  c1f2kb.F  > c1f2kb.f90
/lib/cpp -P -DEM_CORE=1 -DNMM_CORE=0 -DNMM_MAX_DIM=2600 -DCOAMPS_CORE=0 -DDA_CORE=0 -DEXP_CORE=0 -DIWORDSIZE=4 -DDWORDSIZE=8 -DRWORDSIZE=4 -DLWORDSIZE=4 -DNONSTANDARD_SYSTEM_SUBR  -DWRF_USE_CLM -DNO_IEEE_MODULE  -DDM_PARALLEL -DNETCDF -DUSE_ALLOCATABLES -DGRIB1 -DINTIO -DKEEP_INT_AROUND -DLIMIT_ARGS -DCONFIG_BUF_LEN=65536 -DMAX_DOMAINS_F=21 -DMAX_HISTORY=25 -DNMM_NEST=0  -I. -traditional  cfft1b.F  > cfft1b.f90
gfortran -c -w -ffree-form -ffree-line-length-none -fconvert=big-endian -frecord-marker=4  c1f2kb.f90
gfortran -c -w -ffree-form -ffree-line-length-none -fconvert=big-endian -frecord-marker=4  cfft1b.f90
rm -f -f cfft1b.f90
/lib/cpp -P -DEM_CORE=1 -DNMM_CORE=0 -DNMM_MAX_DIM=2600 -DCOAMPS_CORE=0 -DDA_CORE=0 -DEXP_CORE=0 -DIWORDSIZE=4 -DDWORDSIZE=8 -DRWORDSIZE=4 -DLWORDSIZE=4 -DNONSTANDARD_SYSTEM_SUBR  -DWRF_USE_CLM -DNO_IEEE_MODULE  -DDM_PARALLEL -DNETCDF -DUSE_ALLOCATABLES -DGRIB1 -DINTIO -DKEEP_INT_AROUND -DLIMIT_ARGS -DCONFIG_BUF_LEN=65536 -DMAX_DOMAINS_F=21 -DMAX_HISTORY=25 -DNMM_NEST=0  -I. -traditional  cmf3kf.F  > cmf3kf.f90
gfortran -c -w -ffree-form -ffree-line-length-none -fconvert=big-endian -frecord-marker=4  cmf3kf.f90
rm -f -f c1f2kb.f90
/lib/cpp -P -DEM_CORE=1 -DNMM_CORE=0 -DNMM_MAX_DIM=2600 -DCOAMPS_CORE=0 -DDA_CORE=0 -DEXP_CORE=0 -DIWORDSIZE=4 -DDWORDSIZE=8 -DRWORDSIZE=4 -DLWORDSIZE=4 -DNONSTANDARD_SYSTEM_SUBR  -DWRF_USE_CLM -DNO_IEEE_MODULE  -DDM_PARALLEL -DNETCDF -DUSE_ALLOCATABLES -DGRIB1 -DINTIO -DKEEP_INT_AROUND -DLIMIT_ARGS -DCONFIG_BUF_LEN=65536 -DMAX_DOMAINS_F=21 -DMAX_HISTORY=25 -DNMM_NEST=0  -I. -traditional  cosqb1.F  > cosqb1.f90
gfortran -c -w -ffree-form -ffree-line-length-none -fconvert=big-endian -frecord-marker=4  cosqb1.f90
rm -f -f cosqb1.f90
/lib/cpp -P -DEM_CORE=1 -DNMM_CORE=0 -DNMM_MAX_DIM=2600 -DCOAMPS_CORE=0 -DDA_CORE=0 -DEXP_CORE=0 -DIWORDSIZE=4 -DDWORDSIZE=8 -DRWORDSIZE=4 -DLWORDSIZE=4 -DNONSTANDARD_SYSTEM_SUBR  -DWRF_USE_CLM -DNO_IEEE_MODULE  -DDM_PARALLEL -DNETCDF -DUSE_ALLOCATABLES -DGRIB1 -DINTIO -DKEEP_INT_AROUND -DLIMIT_ARGS -DCONFIG_BUF_LEN=65536 -DMAX_DOMAINS_F=21 -DMAX_HISTORY=25 -DNMM_NEST=0  -I. -traditional  costmi.F  > costmi.f90
gfortran -c -w -ffree-form -ffree-line-length-none -fconvert=big-endian -frecord-marker=4  costmi.f90
rm -f -f costmi.f90
rm -f -f cmf3kf.f90
/lib/cpp -P -DEM_CORE=1 -DNMM_CORE=0 -DNMM_MAX_DIM=2600 -DCOAMPS_CORE=0 -DDA_CORE=0 -DEXP_CORE=0 -DIWORDSIZE=4 -DDWORDSIZE=8 -DRWORDSIZE=4 -DLWORDSIZE=4 -DNONSTANDARD_SYSTEM_SUBR  -DWRF_USE_CLM -DNO_IEEE_MODULE  -DDM_PARALLEL -DNETCDF -DUSE_ALLOCATABLES -DGRIB1 -DINTIO -DKEEP_INT_AROUND -DLIMIT_ARGS -DCONFIG_BUF_LEN=65536 -DMAX_DOMAINS_F=21 -DMAX_HISTORY=25 -DNMM_NEST=0  -I. -traditional  dcosq1f.F  > dcosq1f.f90
/lib/cpp -P -DEM_CORE=1 -DNMM_CORE=0 -DNMM_MAX_DIM=2600 -DCOAMPS_CORE=0 -DDA_CORE=0 -DEXP_CORE=0 -DIWORDSIZE=4 -DDWORDSIZE=8 -DRWORDSIZE=4 -DLWORDSIZE=4 -DNONSTANDARD_SYSTEM_SUBR  -DWRF_USE_CLM -DNO_IEEE_MODULE  -DDM_PARALLEL -DNETCDF -DUSE_ALLOCATABLES -DGRIB1 -DINTIO -DKEEP_INT_AROUND -DLIMIT_ARGS -DCONFIG_BUF_LEN=65536 -DMAX_DOMAINS_F=21 -DMAX_HISTORY=25 -DNMM_NEST=0  -I. -traditional  dfftb1.F  > dfftb1.f90
gfortran -c -w -ffree-form -ffree-line-length-none -fconvert=big-endian -frecord-marker=4  dfftb1.f90
gfortran -c -w -ffree-form -ffree-line-length-none -fconvert=big-endian -frecord-marker=4  dcosq1f.f90
rm -f -f dcosq1f.f90
/lib/cpp -P -DEM_CORE=1 -DNMM_CORE=0 -DNMM_MAX_DIM=2600 -DCOAMPS_CORE=0 -DDA_CORE=0 -DEXP_CORE=0 -DIWORDSIZE=4 -DDWORDSIZE=8 -DRWORDSIZE=4 -DLWORDSIZE=4 -DNONSTANDARD_SYSTEM_SUBR  -DWRF_USE_CLM -DNO_IEEE_MODULE  -DDM_PARALLEL -DNETCDF -DUSE_ALLOCATABLES -DGRIB1 -DINTIO -DKEEP_INT_AROUND -DLIMIT_ARGS -DCONFIG_BUF_LEN=65536 -DMAX_DOMAINS_F=21 -DMAX_HISTORY=25 -DNMM_NEST=0  -I. -traditional  mradb2.F  > mradb2.f90
gfortran -c -w -ffree-form -ffree-line-length-none -fconvert=big-endian -frecord-marker=4  mradb2.f90
rm -f -f dfftb1.f90
/lib/cpp -P -DEM_CORE=1 -DNMM_CORE=0 -DNMM_MAX_DIM=2600 -DCOAMPS_CORE=0 -DDA_CORE=0 -DEXP_CORE=0 -DIWORDSIZE=4 -DDWORDSIZE=8 -DRWORDSIZE=4 -DLWORDSIZE=4 -DNONSTANDARD_SYSTEM_SUBR  -DWRF_USE_CLM -DNO_IEEE_MODULE  -DDM_PARALLEL -DNETCDF -DUSE_ALLOCATABLES -DGRIB1 -DINTIO -DKEEP_INT_AROUND -DLIMIT_ARGS -DCONFIG_BUF_LEN=65536 -DMAX_DOMAINS_F=21 -DMAX_HISTORY=25 -DNMM_NEST=0  -I. -traditional  mrfti1.F  > mrfti1.f90
gfortran -c -w -ffree-form -ffree-line-length-none -fconvert=big-endian -frecord-marker=4  mrfti1.f90
rm -f -f mrfti1.f90
/lib/cpp -P -DEM_CORE=1 -DNMM_CORE=0 -DNMM_MAX_DIM=2600 -DCOAMPS_CORE=0 -DDA_CORE=0 -DEXP_CORE=0 -DIWORDSIZE=4 -DDWORDSIZE=8 -DRWORDSIZE=4 -DLWORDSIZE=4 -DNONSTANDARD_SYSTEM_SUBR  -DWRF_USE_CLM -DNO_IEEE_MODULE  -DDM_PARALLEL -DNETCDF -DUSE_ALLOCATABLES -DGRIB1 -DINTIO -DKEEP_INT_AROUND -DLIMIT_ARGS -DCONFIG_BUF_LEN=65536 -DMAX_DOMAINS_F=21 -DMAX_HISTORY=25 -DNMM_NEST=0  -I. -traditional  r1fgkf.F  > r1fgkf.f90
rm -f -f mradb2.f90
/lib/cpp -P -DEM_CORE=1 -DNMM_CORE=0 -DNMM_MAX_DIM=2600 -DCOAMPS_CORE=0 -DDA_CORE=0 -DEXP_CORE=0 -DIWORDSIZE=4 -DDWORDSIZE=8 -DRWORDSIZE=4 -DLWORDSIZE=4 -DNONSTANDARD_SYSTEM_SUBR  -DWRF_USE_CLM -DNO_IEEE_MODULE  -DDM_PARALLEL -DNETCDF -DUSE_ALLOCATABLES -DGRIB1 -DINTIO -DKEEP_INT_AROUND -DLIMIT_ARGS -DCONFIG_BUF_LEN=65536 -DMAX_DOMAINS_F=21 -DMAX_HISTORY=25 -DNMM_NEST=0  -I. -traditional  rfft2i.F  > rfft2i.f90
gfortran -c -w -ffree-form -ffree-line-length-none -fconvert=big-endian -frecord-marker=4  r1fgkf.f90
gfortran -c -w -ffree-form -ffree-line-length-none -fconvert=big-endian -frecord-marker=4  rfft2i.f90
rm -f -f rfft2i.f90
/lib/cpp -P -DEM_CORE=1 -DNMM_CORE=0 -DNMM_MAX_DIM=2600 -DCOAMPS_CORE=0 -DDA_CORE=0 -DEXP_CORE=0 -DIWORDSIZE=4 -DDWORDSIZE=8 -DRWORDSIZE=4 -DLWORDSIZE=4 -DNONSTANDARD_SYSTEM_SUBR  -DWRF_USE_CLM -DNO_IEEE_MODULE  -DDM_PARALLEL -DNETCDF -DUSE_ALLOCATABLES -DGRIB1 -DINTIO -DKEEP_INT_AROUND -DLIMIT_ARGS -DCONFIG_BUF_LEN=65536 -DMAX_DOMAINS_F=21 -DMAX_HISTORY=25 -DNMM_NEST=0  -I. -traditional  sinqmi.F  > sinqmi.f90
gfortran -c -w -ffree-form -ffree-line-length-none -fconvert=big-endian -frecord-marker=4  sinqmi.f90
rm -f -f sinqmi.f90
/lib/cpp -P -DEM_CORE=1 -DNMM_CORE=0 -DNMM_MAX_DIM=2600 -DCOAMPS_CORE=0 -DDA_CORE=0 -DEXP_CORE=0 -DIWORDSIZE=4 -DDWORDSIZE=8 -DRWORDSIZE=4 -DLWORDSIZE=4 -DNONSTANDARD_SYSTEM_SUBR  -DWRF_USE_CLM -DNO_IEEE_MODULE  -DDM_PARALLEL -DNETCDF -DUSE_ALLOCATABLES -DGRIB1 -DINTIO -DKEEP_INT_AROUND -DLIMIT_ARGS -DCONFIG_BUF_LEN=65536 -DMAX_DOMAINS_F=21 -DMAX_HISTORY=25 -DNMM_NEST=0  -I. -traditional  z1f2kf.F  > z1f2kf.f90
gfortran -c -w -ffree-form -ffree-line-length-none -fconvert=big-endian -frecord-marker=4  z1f2kf.f90
rm -f -f r1fgkf.f90
/lib/cpp -P -DEM_CORE=1 -DNMM_CORE=0 -DNMM_MAX_DIM=2600 -DCOAMPS_CORE=0 -DDA_CORE=0 -DEXP_CORE=0 -DIWORDSIZE=4 -DDWORDSIZE=8 -DRWORDSIZE=4 -DLWORDSIZE=4 -DNONSTANDARD_SYSTEM_SUBR  -DWRF_USE_CLM -DNO_IEEE_MODULE  -DDM_PARALLEL -DNETCDF -DUSE_ALLOCATABLES -DGRIB1 -DINTIO -DKEEP_INT_AROUND -DLIMIT_ARGS -DCONFIG_BUF_LEN=65536 -DMAX_DOMAINS_F=21 -DMAX_HISTORY=25 -DNMM_NEST=0  -I. -traditional  zfft1f.F  > zfft1f.f90
rm -f -f z1f2kf.f90
/lib/cpp -P -DEM_CORE=1 -DNMM_CORE=0 -DNMM_MAX_DIM=2600 -DCOAMPS_CORE=0 -DDA_CORE=0 -DEXP_CORE=0 -DIWORDSIZE=4 -DDWORDSIZE=8 -DRWORDSIZE=4 -DLWORDSIZE=4 -DNONSTANDARD_SYSTEM_SUBR  -DWRF_USE_CLM -DNO_IEEE_MODULE  -DDM_PARALLEL -DNETCDF -DUSE_ALLOCATABLES -DGRIB1 -DINTIO -DKEEP_INT_AROUND -DLIMIT_ARGS -DCONFIG_BUF_LEN=65536 -DMAX_DOMAINS_F=21 -DMAX_HISTORY=25 -DNMM_NEST=0  -I. -traditional  zmf4kb.F  > zmf4kb.f90
gfortran -c -w -ffree-form -ffree-line-length-none -fconvert=big-endian -frecord-marker=4  zfft1f.f90
gfortran -c -w -ffree-form -ffree-line-length-none -fconvert=big-endian -frecord-marker=4  zmf4kb.f90
rm -f -f zfft1f.f90
/lib/cpp -P -DEM_CORE=1 -DNMM_CORE=0 -DNMM_MAX_DIM=2600 -DCOAMPS_CORE=0 -DDA_CORE=0 -DEXP_CORE=0 -DIWORDSIZE=4 -DDWORDSIZE=8 -DRWORDSIZE=4 -DLWORDSIZE=4 -DNONSTANDARD_SYSTEM_SUBR  -DWRF_USE_CLM -DNO_IEEE_MODULE  -DDM_PARALLEL -DNETCDF -DUSE_ALLOCATABLES -DGRIB1 -DINTIO -DKEEP_INT_AROUND -DLIMIT_ARGS -DCONFIG_BUF_LEN=65536 -DMAX_DOMAINS_F=21 -DMAX_HISTORY=25 -DNMM_NEST=0  -I. -traditional  c1f2kf.F  > c1f2kf.f90
gfortran -c -w -ffree-form -ffree-line-length-none -fconvert=big-endian -frecord-marker=4  c1f2kf.f90
rm -f -f c1f2kf.f90
/lib/cpp -P -DEM_CORE=1 -DNMM_CORE=0 -DNMM_MAX_DIM=2600 -DCOAMPS_CORE=0 -DDA_CORE=0 -DEXP_CORE=0 -DIWORDSIZE=4 -DDWORDSIZE=8 -DRWORDSIZE=4 -DLWORDSIZE=4 -DNONSTANDARD_SYSTEM_SUBR  -DWRF_USE_CLM -DNO_IEEE_MODULE  -DDM_PARALLEL -DNETCDF -DUSE_ALLOCATABLES -DGRIB1 -DINTIO -DKEEP_INT_AROUND -DLIMIT_ARGS -DCONFIG_BUF_LEN=65536 -DMAX_DOMAINS_F=21 -DMAX_HISTORY=25 -DNMM_NEST=0  -I. -traditional  cfft1f.F  > cfft1f.f90
rm -f -f zmf4kb.f90
/lib/cpp -P -DEM_CORE=1 -DNMM_CORE=0 -DNMM_MAX_DIM=2600 -DCOAMPS_CORE=0 -DDA_CORE=0 -DEXP_CORE=0 -DIWORDSIZE=4 -DDWORDSIZE=8 -DRWORDSIZE=4 -DLWORDSIZE=4 -DNONSTANDARD_SYSTEM_SUBR  -DWRF_USE_CLM -DNO_IEEE_MODULE  -DDM_PARALLEL -DNETCDF -DUSE_ALLOCATABLES -DGRIB1 -DINTIO -DKEEP_INT_AROUND -DLIMIT_ARGS -DCONFIG_BUF_LEN=65536 -DMAX_DOMAINS_F=21 -DMAX_HISTORY=25 -DNMM_NEST=0  -I. -traditional  cmf4kb.F  > cmf4kb.f90
gfortran -c -w -ffree-form -ffree-line-length-none -fconvert=big-endian -frecord-marker=4  cfft1f.f90
gfortran -c -w -ffree-form -ffree-line-length-none -fconvert=big-endian -frecord-marker=4  cmf4kb.f90
rm -f -f cfft1f.f90
/lib/cpp -P -DEM_CORE=1 -DNMM_CORE=0 -DNMM_MAX_DIM=2600 -DCOAMPS_CORE=0 -DDA_CORE=0 -DEXP_CORE=0 -DIWORDSIZE=4 -DDWORDSIZE=8 -DRWORDSIZE=4 -DLWORDSIZE=4 -DNONSTANDARD_SYSTEM_SUBR  -DWRF_USE_CLM -DNO_IEEE_MODULE  -DDM_PARALLEL -DNETCDF -DUSE_ALLOCATABLES -DGRIB1 -DINTIO -DKEEP_INT_AROUND -DLIMIT_ARGS -DCONFIG_BUF_LEN=65536 -DMAX_DOMAINS_F=21 -DMAX_HISTORY=25 -DNMM_NEST=0  -I. -traditional  cosqf1.F  > cosqf1.f90
gfortran -c -w -ffree-form -ffree-line-length-none -fconvert=big-endian -frecord-marker=4  cosqf1.f90
rm -f -f cosqf1.f90
/lib/cpp -P -DEM_CORE=1 -DNMM_CORE=0 -DNMM_MAX_DIM=2600 -DCOAMPS_CORE=0 -DDA_CORE=0 -DEXP_CORE=0 -DIWORDSIZE=4 -DDWORDSIZE=8 -DRWORDSIZE=4 -DLWORDSIZE=4 -DNONSTANDARD_SYSTEM_SUBR  -DWRF_USE_CLM -DNO_IEEE_MODULE  -DDM_PARALLEL -DNETCDF -DUSE_ALLOCATABLES -DGRIB1 -DINTIO -DKEEP_INT_AROUND -DLIMIT_ARGS -DCONFIG_BUF_LEN=65536 -DMAX_DOMAINS_F=21 -DMAX_HISTORY=25 -DNMM_NEST=0  -I. -traditional  d1f2kb.F  > d1f2kb.f90
gfortran -c -w -ffree-form -ffree-line-length-none -fconvert=big-endian -frecord-marker=4  d1f2kb.f90
rm -f -f cmf4kb.f90
/lib/cpp -P -DEM_CORE=1 -DNMM_CORE=0 -DNMM_MAX_DIM=2600 -DCOAMPS_CORE=0 -DDA_CORE=0 -DEXP_CORE=0 -DIWORDSIZE=4 -DDWORDSIZE=8 -DRWORDSIZE=4 -DLWORDSIZE=4 -DNONSTANDARD_SYSTEM_SUBR  -DWRF_USE_CLM -DNO_IEEE_MODULE  -DDM_PARALLEL -DNETCDF -DUSE_ALLOCATABLES -DGRIB1 -DINTIO -DKEEP_INT_AROUND -DLIMIT_ARGS -DCONFIG_BUF_LEN=65536 -DMAX_DOMAINS_F=21 -DMAX_HISTORY=25 -DNMM_NEST=0  -I. -traditional  dcosq1i.F  > dcosq1i.f90
gfortran -c -w -ffree-form -ffree-line-length-none -fconvert=big-endian -frecord-marker=4  dcosq1i.f90
rm -f -f d1f2kb.f90
/lib/cpp -P -DEM_CORE=1 -DNMM_CORE=0 -DNMM_MAX_DIM=2600 -DCOAMPS_CORE=0 -DDA_CORE=0 -DEXP_CORE=0 -DIWORDSIZE=4 -DDWORDSIZE=8 -DRWORDSIZE=4 -DLWORDSIZE=4 -DNONSTANDARD_SYSTEM_SUBR  -DWRF_USE_CLM -DNO_IEEE_MODULE  -DDM_PARALLEL -DNETCDF -DUSE_ALLOCATABLES -DGRIB1 -DINTIO -DKEEP_INT_AROUND -DLIMIT_ARGS -DCONFIG_BUF_LEN=65536 -DMAX_DOMAINS_F=21 -DMAX_HISTORY=25 -DNMM_NEST=0  -I. -traditional  dfftf1.F  > dfftf1.f90
gfortran -c -w -ffree-form -ffree-line-length-none -fconvert=big-endian -frecord-marker=4  dfftf1.f90
rm -f -f dcosq1i.f90
/lib/cpp -P -DEM_CORE=1 -DNMM_CORE=0 -DNMM_MAX_DIM=2600 -DCOAMPS_CORE=0 -DDA_CORE=0 -DEXP_CORE=0 -DIWORDSIZE=4 -DDWORDSIZE=8 -DRWORDSIZE=4 -DLWORDSIZE=4 -DNONSTANDARD_SYSTEM_SUBR  -DWRF_USE_CLM -DNO_IEEE_MODULE  -DDM_PARALLEL -DNETCDF -DUSE_ALLOCATABLES -DGRIB1 -DINTIO -DKEEP_INT_AROUND -DLIMIT_ARGS -DCONFIG_BUF_LEN=65536 -DMAX_DOMAINS_F=21 -DMAX_HISTORY=25 -DNMM_NEST=0  -I. -traditional  mradb3.F  > mradb3.f90
gfortran -c -w -ffree-form -ffree-line-length-none -fconvert=big-endian -frecord-marker=4  mradb3.f90
rm -f -f dfftf1.f90
/lib/cpp -P -DEM_CORE=1 -DNMM_CORE=0 -DNMM_MAX_DIM=2600 -DCOAMPS_CORE=0 -DDA_CORE=0 -DEXP_CORE=0 -DIWORDSIZE=4 -DDWORDSIZE=8 -DRWORDSIZE=4 -DLWORDSIZE=4 -DNONSTANDARD_SYSTEM_SUBR  -DWRF_USE_CLM -DNO_IEEE_MODULE  -DDM_PARALLEL -DNETCDF -DUSE_ALLOCATABLES -DGRIB1 -DINTIO -DKEEP_INT_AROUND -DLIMIT_ARGS -DCONFIG_BUF_LEN=65536 -DMAX_DOMAINS_F=21 -DMAX_HISTORY=25 -DNMM_NEST=0  -I. -traditional  msntb1.F  > msntb1.f90
gfortran -c -w -ffree-form -ffree-line-length-none -fconvert=big-endian -frecord-marker=4  msntb1.f90
rm -f -f mradb3.f90
/lib/cpp -P -DEM_CORE=1 -DNMM_CORE=0 -DNMM_MAX_DIM=2600 -DCOAMPS_CORE=0 -DDA_CORE=0 -DEXP_CORE=0 -DIWORDSIZE=4 -DDWORDSIZE=8 -DRWORDSIZE=4 -DLWORDSIZE=4 -DNONSTANDARD_SYSTEM_SUBR  -DWRF_USE_CLM -DNO_IEEE_MODULE  -DDM_PARALLEL -DNETCDF -DUSE_ALLOCATABLES -DGRIB1 -DINTIO -DKEEP_INT_AROUND -DLIMIT_ARGS -DCONFIG_BUF_LEN=65536 -DMAX_DOMAINS_F=21 -DMAX_HISTORY=25 -DNMM_NEST=0  -I. -traditional  r4_factor.F  > r4_factor.f90
gfortran -c -w -ffree-form -ffree-line-length-none -fconvert=big-endian -frecord-marker=4  r4_factor.f90
rm -f -f msntb1.f90
/lib/cpp -P -DEM_CORE=1 -DNMM_CORE=0 -DNMM_MAX_DIM=2600 -DCOAMPS_CORE=0 -DDA_CORE=0 -DEXP_CORE=0 -DIWORDSIZE=4 -DDWORDSIZE=8 -DRWORDSIZE=4 -DLWORDSIZE=4 -DNONSTANDARD_SYSTEM_SUBR  -DWRF_USE_CLM -DNO_IEEE_MODULE  -DDM_PARALLEL -DNETCDF -DUSE_ALLOCATABLES -DGRIB1 -DINTIO -DKEEP_INT_AROUND -DLIMIT_ARGS -DCONFIG_BUF_LEN=65536 -DMAX_DOMAINS_F=21 -DMAX_HISTORY=25 -DNMM_NEST=0  -I. -traditional  rfftb1.F  > rfftb1.f90
gfortran -c -w -ffree-form -ffree-line-length-none -fconvert=big-endian -frecord-marker=4  rfftb1.f90
rm -f -f r4_factor.f90
/lib/cpp -P -DEM_CORE=1 -DNMM_CORE=0 -DNMM_MAX_DIM=2600 -DCOAMPS_CORE=0 -DDA_CORE=0 -DEXP_CORE=0 -DIWORDSIZE=4 -DDWORDSIZE=8 -DRWORDSIZE=4 -DLWORDSIZE=4 -DNONSTANDARD_SYSTEM_SUBR  -DWRF_USE_CLM -DNO_IEEE_MODULE  -DDM_PARALLEL -DNETCDF -DUSE_ALLOCATABLES -DGRIB1 -DINTIO -DKEEP_INT_AROUND -DLIMIT_ARGS -DCONFIG_BUF_LEN=65536 -DMAX_DOMAINS_F=21 -DMAX_HISTORY=25 -DNMM_NEST=0  -I. -traditional  sint1b.F  > sint1b.f90
gfortran -c -w -ffree-form -ffree-line-length-none -fconvert=big-endian -frecord-marker=4  sint1b.f90
rm -f -f sint1b.f90
/lib/cpp -P -DEM_CORE=1 -DNMM_CORE=0 -DNMM_MAX_DIM=2600 -DCOAMPS_CORE=0 -DDA_CORE=0 -DEXP_CORE=0 -DIWORDSIZE=4 -DDWORDSIZE=8 -DRWORDSIZE=4 -DLWORDSIZE=4 -DNONSTANDARD_SYSTEM_SUBR  -DWRF_USE_CLM -DNO_IEEE_MODULE  -DDM_PARALLEL -DNETCDF -DUSE_ALLOCATABLES -DGRIB1 -DINTIO -DKEEP_INT_AROUND -DLIMIT_ARGS -DCONFIG_BUF_LEN=65536 -DMAX_DOMAINS_F=21 -DMAX_HISTORY=25 -DNMM_NEST=0  -I. -traditional  z1f3kb.F  > z1f3kb.f90
gfortran -c -w -ffree-form -ffree-line-length-none -fconvert=big-endian -frecord-marker=4  z1f3kb.f90
rm -f -f rfftb1.f90
/lib/cpp -P -DEM_CORE=1 -DNMM_CORE=0 -DNMM_MAX_DIM=2600 -DCOAMPS_CORE=0 -DDA_CORE=0 -DEXP_CORE=0 -DIWORDSIZE=4 -DDWORDSIZE=8 -DRWORDSIZE=4 -DLWORDSIZE=4 -DNONSTANDARD_SYSTEM_SUBR  -DWRF_USE_CLM -DNO_IEEE_MODULE  -DDM_PARALLEL -DNETCDF -DUSE_ALLOCATABLES -DGRIB1 -DINTIO -DKEEP_INT_AROUND -DLIMIT_ARGS -DCONFIG_BUF_LEN=65536 -DMAX_DOMAINS_F=21 -DMAX_HISTORY=25 -DNMM_NEST=0  -I. -traditional  zfft1i.F  > zfft1i.f90
gfortran -c -w -ffree-form -ffree-line-length-none -fconvert=big-endian -frecord-marker=4  zfft1i.f90
rm -f -f zfft1i.f90
/lib/cpp -P -DEM_CORE=1 -DNMM_CORE=0 -DNMM_MAX_DIM=2600 -DCOAMPS_CORE=0 -DDA_CORE=0 -DEXP_CORE=0 -DIWORDSIZE=4 -DDWORDSIZE=8 -DRWORDSIZE=4 -DLWORDSIZE=4 -DNONSTANDARD_SYSTEM_SUBR  -DWRF_USE_CLM -DNO_IEEE_MODULE  -DDM_PARALLEL -DNETCDF -DUSE_ALLOCATABLES -DGRIB1 -DINTIO -DKEEP_INT_AROUND -DLIMIT_ARGS -DCONFIG_BUF_LEN=65536 -DMAX_DOMAINS_F=21 -DMAX_HISTORY=25 -DNMM_NEST=0  -I. -traditional  zmf4kf.F  > zmf4kf.f90
gfortran -c -w -ffree-form -ffree-line-length-none -fconvert=big-endian -frecord-marker=4  zmf4kf.f90
rm -f -f z1f3kb.f90
/lib/cpp -P -DEM_CORE=1 -DNMM_CORE=0 -DNMM_MAX_DIM=2600 -DCOAMPS_CORE=0 -DDA_CORE=0 -DEXP_CORE=0 -DIWORDSIZE=4 -DDWORDSIZE=8 -DRWORDSIZE=4 -DLWORDSIZE=4 -DNONSTANDARD_SYSTEM_SUBR  -DWRF_USE_CLM -DNO_IEEE_MODULE  -DDM_PARALLEL -DNETCDF -DUSE_ALLOCATABLES -DGRIB1 -DINTIO -DKEEP_INT_AROUND -DLIMIT_ARGS -DCONFIG_BUF_LEN=65536 -DMAX_DOMAINS_F=21 -DMAX_HISTORY=25 -DNMM_NEST=0  -I. -traditional  c1f3kb.F  > c1f3kb.f90
gfortran -c -w -ffree-form -ffree-line-length-none -fconvert=big-endian -frecord-marker=4  c1f3kb.f90
rm -f -f c1f3kb.f90
/lib/cpp -P -DEM_CORE=1 -DNMM_CORE=0 -DNMM_MAX_DIM=2600 -DCOAMPS_CORE=0 -DDA_CORE=0 -DEXP_CORE=0 -DIWORDSIZE=4 -DDWORDSIZE=8 -DRWORDSIZE=4 -DLWORDSIZE=4 -DNONSTANDARD_SYSTEM_SUBR  -DWRF_USE_CLM -DNO_IEEE_MODULE  -DDM_PARALLEL -DNETCDF -DUSE_ALLOCATABLES -DGRIB1 -DINTIO -DKEEP_INT_AROUND -DLIMIT_ARGS -DCONFIG_BUF_LEN=65536 -DMAX_DOMAINS_F=21 -DMAX_HISTORY=25 -DNMM_NEST=0  -I. -traditional  cfft1i.F  > cfft1i.f90
gfortran -c -w -ffree-form -ffree-line-length-none -fconvert=big-endian -frecord-marker=4  cfft1i.f90
rm -f -f zmf4kf.f90
/lib/cpp -P -DEM_CORE=1 -DNMM_CORE=0 -DNMM_MAX_DIM=2600 -DCOAMPS_CORE=0 -DDA_CORE=0 -DEXP_CORE=0 -DIWORDSIZE=4 -DDWORDSIZE=8 -DRWORDSIZE=4 -DLWORDSIZE=4 -DNONSTANDARD_SYSTEM_SUBR  -DWRF_USE_CLM -DNO_IEEE_MODULE  -DDM_PARALLEL -DNETCDF -DUSE_ALLOCATABLES -DGRIB1 -DINTIO -DKEEP_INT_AROUND -DLIMIT_ARGS -DCONFIG_BUF_LEN=65536 -DMAX_DOMAINS_F=21 -DMAX_HISTORY=25 -DNMM_NEST=0  -I. -traditional  cmf4kf.F  > cmf4kf.f90
gfortran -c -w -ffree-form -ffree-line-length-none -fconvert=big-endian -frecord-marker=4  cmf4kf.f90
rm -f -f cfft1i.f90
/lib/cpp -P -DEM_CORE=1 -DNMM_CORE=0 -DNMM_MAX_DIM=2600 -DCOAMPS_CORE=0 -DDA_CORE=0 -DEXP_CORE=0 -DIWORDSIZE=4 -DDWORDSIZE=8 -DRWORDSIZE=4 -DLWORDSIZE=4 -DNONSTANDARD_SYSTEM_SUBR  -DWRF_USE_CLM -DNO_IEEE_MODULE  -DDM_PARALLEL -DNETCDF -DUSE_ALLOCATABLES -DGRIB1 -DINTIO -DKEEP_INT_AROUND -DLIMIT_ARGS -DCONFIG_BUF_LEN=65536 -DMAX_DOMAINS_F=21 -DMAX_HISTORY=25 -DNMM_NEST=0  -I. -traditional  cosqmb.F  > cosqmb.f90
gfortran -c -w -ffree-form -ffree-line-length-none -fconvert=big-endian -frecord-marker=4  cosqmb.f90
rm -f -f cosqmb.f90
/lib/cpp -P -DEM_CORE=1 -DNMM_CORE=0 -DNMM_MAX_DIM=2600 -DCOAMPS_CORE=0 -DDA_CORE=0 -DEXP_CORE=0 -DIWORDSIZE=4 -DDWORDSIZE=8 -DRWORDSIZE=4 -DLWORDSIZE=4 -DNONSTANDARD_SYSTEM_SUBR  -DWRF_USE_CLM -DNO_IEEE_MODULE  -DDM_PARALLEL -DNETCDF -DUSE_ALLOCATABLES -DGRIB1 -DINTIO -DKEEP_INT_AROUND -DLIMIT_ARGS -DCONFIG_BUF_LEN=65536 -DMAX_DOMAINS_F=21 -DMAX_HISTORY=25 -DNMM_NEST=0  -I. -traditional  d1f2kf.F  > d1f2kf.f90
gfortran -c -w -ffree-form -ffree-line-length-none -fconvert=big-endian -frecord-marker=4  d1f2kf.f90
rm -f -f d1f2kf.f90
/lib/cpp -P -DEM_CORE=1 -DNMM_CORE=0 -DNMM_MAX_DIM=2600 -DCOAMPS_CORE=0 -DDA_CORE=0 -DEXP_CORE=0 -DIWORDSIZE=4 -DDWORDSIZE=8 -DRWORDSIZE=4 -DLWORDSIZE=4 -DNONSTANDARD_SYSTEM_SUBR  -DWRF_USE_CLM -DNO_IEEE_MODULE  -DDM_PARALLEL -DNETCDF -DUSE_ALLOCATABLES -DGRIB1 -DINTIO -DKEEP_INT_AROUND -DLIMIT_ARGS -DCONFIG_BUF_LEN=65536 -DMAX_DOMAINS_F=21 -DMAX_HISTORY=25 -DNMM_NEST=0  -I. -traditional  dcosqb1.F  > dcosqb1.f90
rm -f -f cmf4kf.f90
gfortran -c -w -ffree-form -ffree-line-length-none -fconvert=big-endian -frecord-marker=4  dcosqb1.f90
/lib/cpp -P -DEM_CORE=1 -DNMM_CORE=0 -DNMM_MAX_DIM=2600 -DCOAMPS_CORE=0 -DDA_CORE=0 -DEXP_CORE=0 -DIWORDSIZE=4 -DDWORDSIZE=8 -DRWORDSIZE=4 -DLWORDSIZE=4 -DNONSTANDARD_SYSTEM_SUBR  -DWRF_USE_CLM -DNO_IEEE_MODULE  -DDM_PARALLEL -DNETCDF -DUSE_ALLOCATABLES -DGRIB1 -DINTIO -DKEEP_INT_AROUND -DLIMIT_ARGS -DCONFIG_BUF_LEN=65536 -DMAX_DOMAINS_F=21 -DMAX_HISTORY=25 -DNMM_NEST=0  -I. -traditional  dffti1.F  > dffti1.f90
gfortran -c -w -ffree-form -ffree-line-length-none -fconvert=big-endian -frecord-marker=4  dffti1.f90
rm -f -f dcosqb1.f90
/lib/cpp -P -DEM_CORE=1 -DNMM_CORE=0 -DNMM_MAX_DIM=2600 -DCOAMPS_CORE=0 -DDA_CORE=0 -DEXP_CORE=0 -DIWORDSIZE=4 -DDWORDSIZE=8 -DRWORDSIZE=4 -DLWORDSIZE=4 -DNONSTANDARD_SYSTEM_SUBR  -DWRF_USE_CLM -DNO_IEEE_MODULE  -DDM_PARALLEL -DNETCDF -DUSE_ALLOCATABLES -DGRIB1 -DINTIO -DKEEP_INT_AROUND -DLIMIT_ARGS -DCONFIG_BUF_LEN=65536 -DMAX_DOMAINS_F=21 -DMAX_HISTORY=25 -DNMM_NEST=0  -I. -traditional  mradb4.F  > mradb4.f90
rm -f -f dffti1.f90
/lib/cpp -P -DEM_CORE=1 -DNMM_CORE=0 -DNMM_MAX_DIM=2600 -DCOAMPS_CORE=0 -DDA_CORE=0 -DEXP_CORE=0 -DIWORDSIZE=4 -DDWORDSIZE=8 -DRWORDSIZE=4 -DLWORDSIZE=4 -DNONSTANDARD_SYSTEM_SUBR  -DWRF_USE_CLM -DNO_IEEE_MODULE  -DDM_PARALLEL -DNETCDF -DUSE_ALLOCATABLES -DGRIB1 -DINTIO -DKEEP_INT_AROUND -DLIMIT_ARGS -DCONFIG_BUF_LEN=65536 -DMAX_DOMAINS_F=21 -DMAX_HISTORY=25 -DNMM_NEST=0  -I. -traditional  msntf1.F  > msntf1.f90
gfortran -c -w -ffree-form -ffree-line-length-none -fconvert=big-endian -frecord-marker=4  mradb4.f90
gfortran -c -w -ffree-form -ffree-line-length-none -fconvert=big-endian -frecord-marker=4  msntf1.f90
rm -f -f msntf1.f90
/lib/cpp -P -DEM_CORE=1 -DNMM_CORE=0 -DNMM_MAX_DIM=2600 -DCOAMPS_CORE=0 -DDA_CORE=0 -DEXP_CORE=0 -DIWORDSIZE=4 -DDWORDSIZE=8 -DRWORDSIZE=4 -DLWORDSIZE=4 -DNONSTANDARD_SYSTEM_SUBR  -DWRF_USE_CLM -DNO_IEEE_MODULE  -DDM_PARALLEL -DNETCDF -DUSE_ALLOCATABLES -DGRIB1 -DINTIO -DKEEP_INT_AROUND -DLIMIT_ARGS -DCONFIG_BUF_LEN=65536 -DMAX_DOMAINS_F=21 -DMAX_HISTORY=25 -DNMM_NEST=0  -I. -traditional  r4_mcfti1.F  > r4_mcfti1.f90
gfortran -c -w -ffree-form -ffree-line-length-none -fconvert=big-endian -frecord-marker=4  r4_mcfti1.f90
rm -f -f r4_mcfti1.f90
/lib/cpp -P -DEM_CORE=1 -DNMM_CORE=0 -DNMM_MAX_DIM=2600 -DCOAMPS_CORE=0 -DDA_CORE=0 -DEXP_CORE=0 -DIWORDSIZE=4 -DDWORDSIZE=8 -DRWORDSIZE=4 -DLWORDSIZE=4 -DNONSTANDARD_SYSTEM_SUBR  -DWRF_USE_CLM -DNO_IEEE_MODULE  -DDM_PARALLEL -DNETCDF -DUSE_ALLOCATABLES -DGRIB1 -DINTIO -DKEEP_INT_AROUND -DLIMIT_ARGS -DCONFIG_BUF_LEN=65536 -DMAX_DOMAINS_F=21 -DMAX_HISTORY=25 -DNMM_NEST=0  -I. -traditional  rfftf1.F  > rfftf1.f90
gfortran -c -w -ffree-form -ffree-line-length-none -fconvert=big-endian -frecord-marker=4  rfftf1.f90
rm -f -f mradb4.f90
/lib/cpp -P -DEM_CORE=1 -DNMM_CORE=0 -DNMM_MAX_DIM=2600 -DCOAMPS_CORE=0 -DDA_CORE=0 -DEXP_CORE=0 -DIWORDSIZE=4 -DDWORDSIZE=8 -DRWORDSIZE=4 -DLWORDSIZE=4 -DNONSTANDARD_SYSTEM_SUBR  -DWRF_USE_CLM -DNO_IEEE_MODULE  -DDM_PARALLEL -DNETCDF -DUSE_ALLOCATABLES -DGRIB1 -DINTIO -DKEEP_INT_AROUND -DLIMIT_ARGS -DCONFIG_BUF_LEN=65536 -DMAX_DOMAINS_F=21 -DMAX_HISTORY=25 -DNMM_NEST=0  -I. -traditional  sint1f.F  > sint1f.f90
gfortran -c -w -ffree-form -ffree-line-length-none -fconvert=big-endian -frecord-marker=4  sint1f.f90
rm -f -f sint1f.f90
/lib/cpp -P -DEM_CORE=1 -DNMM_CORE=0 -DNMM_MAX_DIM=2600 -DCOAMPS_CORE=0 -DDA_CORE=0 -DEXP_CORE=0 -DIWORDSIZE=4 -DDWORDSIZE=8 -DRWORDSIZE=4 -DLWORDSIZE=4 -DNONSTANDARD_SYSTEM_SUBR  -DWRF_USE_CLM -DNO_IEEE_MODULE  -DDM_PARALLEL -DNETCDF -DUSE_ALLOCATABLES -DGRIB1 -DINTIO -DKEEP_INT_AROUND -DLIMIT_ARGS -DCONFIG_BUF_LEN=65536 -DMAX_DOMAINS_F=21 -DMAX_HISTORY=25 -DNMM_NEST=0  -I. -traditional  z1f3kf.F  > z1f3kf.f90
rm -f -f rfftf1.f90
/lib/cpp -P -DEM_CORE=1 -DNMM_CORE=0 -DNMM_MAX_DIM=2600 -DCOAMPS_CORE=0 -DDA_CORE=0 -DEXP_CORE=0 -DIWORDSIZE=4 -DDWORDSIZE=8 -DRWORDSIZE=4 -DLWORDSIZE=4 -DNONSTANDARD_SYSTEM_SUBR  -DWRF_USE_CLM -DNO_IEEE_MODULE  -DDM_PARALLEL -DNETCDF -DUSE_ALLOCATABLES -DGRIB1 -DINTIO -DKEEP_INT_AROUND -DLIMIT_ARGS -DCONFIG_BUF_LEN=65536 -DMAX_DOMAINS_F=21 -DMAX_HISTORY=25 -DNMM_NEST=0  -I. -traditional  zfft2b.F  > zfft2b.f90
gfortran -c -w -ffree-form -ffree-line-length-none -fconvert=big-endian -frecord-marker=4  z1f3kf.f90
gfortran -c -w -ffree-form -ffree-line-length-none -fconvert=big-endian -frecord-marker=4  zfft2b.f90
rm -f -f zfft2b.f90
/lib/cpp -P -DEM_CORE=1 -DNMM_CORE=0 -DNMM_MAX_DIM=2600 -DCOAMPS_CORE=0 -DDA_CORE=0 -DEXP_CORE=0 -DIWORDSIZE=4 -DDWORDSIZE=8 -DRWORDSIZE=4 -DLWORDSIZE=4 -DNONSTANDARD_SYSTEM_SUBR  -DWRF_USE_CLM -DNO_IEEE_MODULE  -DDM_PARALLEL -DNETCDF -DUSE_ALLOCATABLES -DGRIB1 -DINTIO -DKEEP_INT_AROUND -DLIMIT_ARGS -DCONFIG_BUF_LEN=65536 -DMAX_DOMAINS_F=21 -DMAX_HISTORY=25 -DNMM_NEST=0  -I. -traditional  zmf5kb.F  > zmf5kb.f90
gfortran -c -w -ffree-form -ffree-line-length-none -fconvert=big-endian -frecord-marker=4  zmf5kb.f90
rm -f -f z1f3kf.f90
/lib/cpp -P -DEM_CORE=1 -DNMM_CORE=0 -DNMM_MAX_DIM=2600 -DCOAMPS_CORE=0 -DDA_CORE=0 -DEXP_CORE=0 -DIWORDSIZE=4 -DDWORDSIZE=8 -DRWORDSIZE=4 -DLWORDSIZE=4 -DNONSTANDARD_SYSTEM_SUBR  -DWRF_USE_CLM -DNO_IEEE_MODULE  -DDM_PARALLEL -DNETCDF -DUSE_ALLOCATABLES -DGRIB1 -DINTIO -DKEEP_INT_AROUND -DLIMIT_ARGS -DCONFIG_BUF_LEN=65536 -DMAX_DOMAINS_F=21 -DMAX_HISTORY=25 -DNMM_NEST=0  -I. -traditional  c1f3kf.F  > c1f3kf.f90
gfortran -c -w -ffree-form -ffree-line-length-none -fconvert=big-endian -frecord-marker=4  c1f3kf.f90
rm -f -f c1f3kf.f90
/lib/cpp -P -DEM_CORE=1 -DNMM_CORE=0 -DNMM_MAX_DIM=2600 -DCOAMPS_CORE=0 -DDA_CORE=0 -DEXP_CORE=0 -DIWORDSIZE=4 -DDWORDSIZE=8 -DRWORDSIZE=4 -DLWORDSIZE=4 -DNONSTANDARD_SYSTEM_SUBR  -DWRF_USE_CLM -DNO_IEEE_MODULE  -DDM_PARALLEL -DNETCDF -DUSE_ALLOCATABLES -DGRIB1 -DINTIO -DKEEP_INT_AROUND -DLIMIT_ARGS -DCONFIG_BUF_LEN=65536 -DMAX_DOMAINS_F=21 -DMAX_HISTORY=25 -DNMM_NEST=0  -I. -traditional  cfft2b.F  > cfft2b.f90
rm -f -f zmf5kb.f90
/lib/cpp -P -DEM_CORE=1 -DNMM_CORE=0 -DNMM_MAX_DIM=2600 -DCOAMPS_CORE=0 -DDA_CORE=0 -DEXP_CORE=0 -DIWORDSIZE=4 -DDWORDSIZE=8 -DRWORDSIZE=4 -DLWORDSIZE=4 -DNONSTANDARD_SYSTEM_SUBR  -DWRF_USE_CLM -DNO_IEEE_MODULE  -DDM_PARALLEL -DNETCDF -DUSE_ALLOCATABLES -DGRIB1 -DINTIO -DKEEP_INT_AROUND -DLIMIT_ARGS -DCONFIG_BUF_LEN=65536 -DMAX_DOMAINS_F=21 -DMAX_HISTORY=25 -DNMM_NEST=0  -I. -traditional  cmf5kb.F  > cmf5kb.f90
gfortran -c -w -ffree-form -ffree-line-length-none -fconvert=big-endian -frecord-marker=4  cfft2b.f90
gfortran -c -w -ffree-form -ffree-line-length-none -fconvert=big-endian -frecord-marker=4  cmf5kb.f90
rm -f -f cfft2b.f90
/lib/cpp -P -DEM_CORE=1 -DNMM_CORE=0 -DNMM_MAX_DIM=2600 -DCOAMPS_CORE=0 -DDA_CORE=0 -DEXP_CORE=0 -DIWORDSIZE=4 -DDWORDSIZE=8 -DRWORDSIZE=4 -DLWORDSIZE=4 -DNONSTANDARD_SYSTEM_SUBR  -DWRF_USE_CLM -DNO_IEEE_MODULE  -DDM_PARALLEL -DNETCDF -DUSE_ALLOCATABLES -DGRIB1 -DINTIO -DKEEP_INT_AROUND -DLIMIT_ARGS -DCONFIG_BUF_LEN=65536 -DMAX_DOMAINS_F=21 -DMAX_HISTORY=25 -DNMM_NEST=0  -I. -traditional  cosqmf.F  > cosqmf.f90
gfortran -c -w -ffree-form -ffree-line-length-none -fconvert=big-endian -frecord-marker=4  cosqmf.f90
rm -f -f cosqmf.f90
/lib/cpp -P -DEM_CORE=1 -DNMM_CORE=0 -DNMM_MAX_DIM=2600 -DCOAMPS_CORE=0 -DDA_CORE=0 -DEXP_CORE=0 -DIWORDSIZE=4 -DDWORDSIZE=8 -DRWORDSIZE=4 -DLWORDSIZE=4 -DNONSTANDARD_SYSTEM_SUBR  -DWRF_USE_CLM -DNO_IEEE_MODULE  -DDM_PARALLEL -DNETCDF -DUSE_ALLOCATABLES -DGRIB1 -DINTIO -DKEEP_INT_AROUND -DLIMIT_ARGS -DCONFIG_BUF_LEN=65536 -DMAX_DOMAINS_F=21 -DMAX_HISTORY=25 -DNMM_NEST=0  -I. -traditional  d1f3kb.F  > d1f3kb.f90
gfortran -c -w -ffree-form -ffree-line-length-none -fconvert=big-endian -frecord-marker=4  d1f3kb.f90
rm -f -f cmf5kb.f90
/lib/cpp -P -DEM_CORE=1 -DNMM_CORE=0 -DNMM_MAX_DIM=2600 -DCOAMPS_CORE=0 -DDA_CORE=0 -DEXP_CORE=0 -DIWORDSIZE=4 -DDWORDSIZE=8 -DRWORDSIZE=4 -DLWORDSIZE=4 -DNONSTANDARD_SYSTEM_SUBR  -DWRF_USE_CLM -DNO_IEEE_MODULE  -DDM_PARALLEL -DNETCDF -DUSE_ALLOCATABLES -DGRIB1 -DINTIO -DKEEP_INT_AROUND -DLIMIT_ARGS -DCONFIG_BUF_LEN=65536 -DMAX_DOMAINS_F=21 -DMAX_HISTORY=25 -DNMM_NEST=0  -I. -traditional  dcosqf1.F  > dcosqf1.f90
gfortran -c -w -ffree-form -ffree-line-length-none -fconvert=big-endian -frecord-marker=4  dcosqf1.f90
rm -f -f d1f3kb.f90
/lib/cpp -P -DEM_CORE=1 -DNMM_CORE=0 -DNMM_MAX_DIM=2600 -DCOAMPS_CORE=0 -DDA_CORE=0 -DEXP_CORE=0 -DIWORDSIZE=4 -DDWORDSIZE=8 -DRWORDSIZE=4 -DLWORDSIZE=4 -DNONSTANDARD_SYSTEM_SUBR  -DWRF_USE_CLM -DNO_IEEE_MODULE  -DDM_PARALLEL -DNETCDF -DUSE_ALLOCATABLES -DGRIB1 -DINTIO -DKEEP_INT_AROUND -DLIMIT_ARGS -DCONFIG_BUF_LEN=65536 -DMAX_DOMAINS_F=21 -DMAX_HISTORY=25 -DNMM_NEST=0  -I. -traditional  dsint1b.F  > dsint1b.f90
gfortran -c -w -ffree-form -ffree-line-length-none -fconvert=big-endian -frecord-marker=4  dsint1b.f90
rm -f -f dcosqf1.f90
/lib/cpp -P -DEM_CORE=1 -DNMM_CORE=0 -DNMM_MAX_DIM=2600 -DCOAMPS_CORE=0 -DDA_CORE=0 -DEXP_CORE=0 -DIWORDSIZE=4 -DDWORDSIZE=8 -DRWORDSIZE=4 -DLWORDSIZE=4 -DNONSTANDARD_SYSTEM_SUBR  -DWRF_USE_CLM -DNO_IEEE_MODULE  -DDM_PARALLEL -DNETCDF -DUSE_ALLOCATABLES -DGRIB1 -DINTIO -DKEEP_INT_AROUND -DLIMIT_ARGS -DCONFIG_BUF_LEN=65536 -DMAX_DOMAINS_F=21 -DMAX_HISTORY=25 -DNMM_NEST=0  -I. -traditional  mradb5.F  > mradb5.f90
gfortran -c -w -ffree-form -ffree-line-length-none -fconvert=big-endian -frecord-marker=4  mradb5.f90
rm -f -f dsint1b.f90
/lib/cpp -P -DEM_CORE=1 -DNMM_CORE=0 -DNMM_MAX_DIM=2600 -DCOAMPS_CORE=0 -DDA_CORE=0 -DEXP_CORE=0 -DIWORDSIZE=4 -DDWORDSIZE=8 -DRWORDSIZE=4 -DLWORDSIZE=4 -DNONSTANDARD_SYSTEM_SUBR  -DWRF_USE_CLM -DNO_IEEE_MODULE  -DDM_PARALLEL -DNETCDF -DUSE_ALLOCATABLES -DGRIB1 -DINTIO -DKEEP_INT_AROUND -DLIMIT_ARGS -DCONFIG_BUF_LEN=65536 -DMAX_DOMAINS_F=21 -DMAX_HISTORY=25 -DNMM_NEST=0  -I. -traditional  r1f2kb.F  > r1f2kb.f90
gfortran -c -w -ffree-form -ffree-line-length-none -fconvert=big-endian -frecord-marker=4  r1f2kb.f90
rm -f -f r1f2kb.f90
/lib/cpp -P -DEM_CORE=1 -DNMM_CORE=0 -DNMM_MAX_DIM=2600 -DCOAMPS_CORE=0 -DDA_CORE=0 -DEXP_CORE=0 -DIWORDSIZE=4 -DDWORDSIZE=8 -DRWORDSIZE=4 -DLWORDSIZE=4 -DNONSTANDARD_SYSTEM_SUBR  -DWRF_USE_CLM -DNO_IEEE_MODULE  -DDM_PARALLEL -DNETCDF -DUSE_ALLOCATABLES -DGRIB1 -DINTIO -DKEEP_INT_AROUND -DLIMIT_ARGS -DCONFIG_BUF_LEN=65536 -DMAX_DOMAINS_F=21 -DMAX_HISTORY=25 -DNMM_NEST=0  -I. -traditional  r4_tables.F  > r4_tables.f90
gfortran -c -w -ffree-form -ffree-line-length-none -fconvert=big-endian -frecord-marker=4  r4_tables.f90
rm -f -f r4_tables.f90
/lib/cpp -P -DEM_CORE=1 -DNMM_CORE=0 -DNMM_MAX_DIM=2600 -DCOAMPS_CORE=0 -DDA_CORE=0 -DEXP_CORE=0 -DIWORDSIZE=4 -DDWORDSIZE=8 -DRWORDSIZE=4 -DLWORDSIZE=4 -DNONSTANDARD_SYSTEM_SUBR  -DWRF_USE_CLM -DNO_IEEE_MODULE  -DDM_PARALLEL -DNETCDF -DUSE_ALLOCATABLES -DGRIB1 -DINTIO -DKEEP_INT_AROUND -DLIMIT_ARGS -DCONFIG_BUF_LEN=65536 -DMAX_DOMAINS_F=21 -DMAX_HISTORY=25 -DNMM_NEST=0  -I. -traditional  rffti1.F  > rffti1.f90
gfortran -c -w -ffree-form -ffree-line-length-none -fconvert=big-endian -frecord-marker=4  rffti1.f90
rm -f -f rffti1.f90
/lib/cpp -P -DEM_CORE=1 -DNMM_CORE=0 -DNMM_MAX_DIM=2600 -DCOAMPS_CORE=0 -DDA_CORE=0 -DEXP_CORE=0 -DIWORDSIZE=4 -DDWORDSIZE=8 -DRWORDSIZE=4 -DLWORDSIZE=4 -DNONSTANDARD_SYSTEM_SUBR  -DWRF_USE_CLM -DNO_IEEE_MODULE  -DDM_PARALLEL -DNETCDF -DUSE_ALLOCATABLES -DGRIB1 -DINTIO -DKEEP_INT_AROUND -DLIMIT_ARGS -DCONFIG_BUF_LEN=65536 -DMAX_DOMAINS_F=21 -DMAX_HISTORY=25 -DNMM_NEST=0  -I. -traditional  sint1i.F  > sint1i.f90
gfortran -c -w -ffree-form -ffree-line-length-none -fconvert=big-endian -frecord-marker=4  sint1i.f90
rm -f -f sint1i.f90
/lib/cpp -P -DEM_CORE=1 -DNMM_CORE=0 -DNMM_MAX_DIM=2600 -DCOAMPS_CORE=0 -DDA_CORE=0 -DEXP_CORE=0 -DIWORDSIZE=4 -DDWORDSIZE=8 -DRWORDSIZE=4 -DLWORDSIZE=4 -DNONSTANDARD_SYSTEM_SUBR  -DWRF_USE_CLM -DNO_IEEE_MODULE  -DDM_PARALLEL -DNETCDF -DUSE_ALLOCATABLES -DGRIB1 -DINTIO -DKEEP_INT_AROUND -DLIMIT_ARGS -DCONFIG_BUF_LEN=65536 -DMAX_DOMAINS_F=21 -DMAX_HISTORY=25 -DNMM_NEST=0  -I. -traditional  z1f4kb.F  > z1f4kb.f90
gfortran -c -w -ffree-form -ffree-line-length-none -fconvert=big-endian -frecord-marker=4  z1f4kb.f90
rm -f -f mradb5.f90
/lib/cpp -P -DEM_CORE=1 -DNMM_CORE=0 -DNMM_MAX_DIM=2600 -DCOAMPS_CORE=0 -DDA_CORE=0 -DEXP_CORE=0 -DIWORDSIZE=4 -DDWORDSIZE=8 -DRWORDSIZE=4 -DLWORDSIZE=4 -DNONSTANDARD_SYSTEM_SUBR  -DWRF_USE_CLM -DNO_IEEE_MODULE  -DDM_PARALLEL -DNETCDF -DUSE_ALLOCATABLES -DGRIB1 -DINTIO -DKEEP_INT_AROUND -DLIMIT_ARGS -DCONFIG_BUF_LEN=65536 -DMAX_DOMAINS_F=21 -DMAX_HISTORY=25 -DNMM_NEST=0  -I. -traditional  zfft2f.F  > zfft2f.f90
gfortran -c -w -ffree-form -ffree-line-length-none -fconvert=big-endian -frecord-marker=4  zfft2f.f90
rm -f -f zfft2f.f90
/lib/cpp -P -DEM_CORE=1 -DNMM_CORE=0 -DNMM_MAX_DIM=2600 -DCOAMPS_CORE=0 -DDA_CORE=0 -DEXP_CORE=0 -DIWORDSIZE=4 -DDWORDSIZE=8 -DRWORDSIZE=4 -DLWORDSIZE=4 -DNONSTANDARD_SYSTEM_SUBR  -DWRF_USE_CLM -DNO_IEEE_MODULE  -DDM_PARALLEL -DNETCDF -DUSE_ALLOCATABLES -DGRIB1 -DINTIO -DKEEP_INT_AROUND -DLIMIT_ARGS -DCONFIG_BUF_LEN=65536 -DMAX_DOMAINS_F=21 -DMAX_HISTORY=25 -DNMM_NEST=0  -I. -traditional  zmf5kf.F  > zmf5kf.f90
gfortran -c -w -ffree-form -ffree-line-length-none -fconvert=big-endian -frecord-marker=4  zmf5kf.f90
rm -f -f z1f4kb.f90
/lib/cpp -P -DEM_CORE=1 -DNMM_CORE=0 -DNMM_MAX_DIM=2600 -DCOAMPS_CORE=0 -DDA_CORE=0 -DEXP_CORE=0 -DIWORDSIZE=4 -DDWORDSIZE=8 -DRWORDSIZE=4 -DLWORDSIZE=4 -DNONSTANDARD_SYSTEM_SUBR  -DWRF_USE_CLM -DNO_IEEE_MODULE  -DDM_PARALLEL -DNETCDF -DUSE_ALLOCATABLES -DGRIB1 -DINTIO -DKEEP_INT_AROUND -DLIMIT_ARGS -DCONFIG_BUF_LEN=65536 -DMAX_DOMAINS_F=21 -DMAX_HISTORY=25 -DNMM_NEST=0  -I. -traditional  c1f4kb.F  > c1f4kb.f90
gfortran -c -w -ffree-form -ffree-line-length-none -fconvert=big-endian -frecord-marker=4  c1f4kb.f90
rm -f -f c1f4kb.f90
/lib/cpp -P -DEM_CORE=1 -DNMM_CORE=0 -DNMM_MAX_DIM=2600 -DCOAMPS_CORE=0 -DDA_CORE=0 -DEXP_CORE=0 -DIWORDSIZE=4 -DDWORDSIZE=8 -DRWORDSIZE=4 -DLWORDSIZE=4 -DNONSTANDARD_SYSTEM_SUBR  -DWRF_USE_CLM -DNO_IEEE_MODULE  -DDM_PARALLEL -DNETCDF -DUSE_ALLOCATABLES -DGRIB1 -DINTIO -DKEEP_INT_AROUND -DLIMIT_ARGS -DCONFIG_BUF_LEN=65536 -DMAX_DOMAINS_F=21 -DMAX_HISTORY=25 -DNMM_NEST=0  -I. -traditional  cfft2f.F  > cfft2f.f90
gfortran -c -w -ffree-form -ffree-line-length-none -fconvert=big-endian -frecord-marker=4  cfft2f.f90
rm -f -f cfft2f.f90
/lib/cpp -P -DEM_CORE=1 -DNMM_CORE=0 -DNMM_MAX_DIM=2600 -DCOAMPS_CORE=0 -DDA_CORE=0 -DEXP_CORE=0 -DIWORDSIZE=4 -DDWORDSIZE=8 -DRWORDSIZE=4 -DLWORDSIZE=4 -DNONSTANDARD_SYSTEM_SUBR  -DWRF_USE_CLM -DNO_IEEE_MODULE  -DDM_PARALLEL -DNETCDF -DUSE_ALLOCATABLES -DGRIB1 -DINTIO -DKEEP_INT_AROUND -DLIMIT_ARGS -DCONFIG_BUF_LEN=65536 -DMAX_DOMAINS_F=21 -DMAX_HISTORY=25 -DNMM_NEST=0  -I. -traditional  cmf5kf.F  > cmf5kf.f90
gfortran -c -w -ffree-form -ffree-line-length-none -fconvert=big-endian -frecord-marker=4  cmf5kf.f90
rm -f -f zmf5kf.f90
/lib/cpp -P -DEM_CORE=1 -DNMM_CORE=0 -DNMM_MAX_DIM=2600 -DCOAMPS_CORE=0 -DDA_CORE=0 -DEXP_CORE=0 -DIWORDSIZE=4 -DDWORDSIZE=8 -DRWORDSIZE=4 -DLWORDSIZE=4 -DNONSTANDARD_SYSTEM_SUBR  -DWRF_USE_CLM -DNO_IEEE_MODULE  -DDM_PARALLEL -DNETCDF -DUSE_ALLOCATABLES -DGRIB1 -DINTIO -DKEEP_INT_AROUND -DLIMIT_ARGS -DCONFIG_BUF_LEN=65536 -DMAX_DOMAINS_F=21 -DMAX_HISTORY=25 -DNMM_NEST=0  -I. -traditional  cosqmi.F  > cosqmi.f90
gfortran -c -w -ffree-form -ffree-line-length-none -fconvert=big-endian -frecord-marker=4  cosqmi.f90
rm -f -f cosqmi.f90
/lib/cpp -P -DEM_CORE=1 -DNMM_CORE=0 -DNMM_MAX_DIM=2600 -DCOAMPS_CORE=0 -DDA_CORE=0 -DEXP_CORE=0 -DIWORDSIZE=4 -DDWORDSIZE=8 -DRWORDSIZE=4 -DLWORDSIZE=4 -DNONSTANDARD_SYSTEM_SUBR  -DWRF_USE_CLM -DNO_IEEE_MODULE  -DDM_PARALLEL -DNETCDF -DUSE_ALLOCATABLES -DGRIB1 -DINTIO -DKEEP_INT_AROUND -DLIMIT_ARGS -DCONFIG_BUF_LEN=65536 -DMAX_DOMAINS_F=21 -DMAX_HISTORY=25 -DNMM_NEST=0  -I. -traditional  d1f3kf.F  > d1f3kf.f90
gfortran -c -w -ffree-form -ffree-line-length-none -fconvert=big-endian -frecord-marker=4  d1f3kf.f90
rm -f -f d1f3kf.f90
/lib/cpp -P -DEM_CORE=1 -DNMM_CORE=0 -DNMM_MAX_DIM=2600 -DCOAMPS_CORE=0 -DDA_CORE=0 -DEXP_CORE=0 -DIWORDSIZE=4 -DDWORDSIZE=8 -DRWORDSIZE=4 -DLWORDSIZE=4 -DNONSTANDARD_SYSTEM_SUBR  -DWRF_USE_CLM -DNO_IEEE_MODULE  -DDM_PARALLEL -DNETCDF -DUSE_ALLOCATABLES -DGRIB1 -DINTIO -DKEEP_INT_AROUND -DLIMIT_ARGS -DCONFIG_BUF_LEN=65536 -DMAX_DOMAINS_F=21 -DMAX_HISTORY=25 -DNMM_NEST=0  -I. -traditional  dcost1b.F  > dcost1b.f90
gfortran -c -w -ffree-form -ffree-line-length-none -fconvert=big-endian -frecord-marker=4  dcost1b.f90
rm -f -f cmf5kf.f90
/lib/cpp -P -DEM_CORE=1 -DNMM_CORE=0 -DNMM_MAX_DIM=2600 -DCOAMPS_CORE=0 -DDA_CORE=0 -DEXP_CORE=0 -DIWORDSIZE=4 -DDWORDSIZE=8 -DRWORDSIZE=4 -DLWORDSIZE=4 -DNONSTANDARD_SYSTEM_SUBR  -DWRF_USE_CLM -DNO_IEEE_MODULE  -DDM_PARALLEL -DNETCDF -DUSE_ALLOCATABLES -DGRIB1 -DINTIO -DKEEP_INT_AROUND -DLIMIT_ARGS -DCONFIG_BUF_LEN=65536 -DMAX_DOMAINS_F=21 -DMAX_HISTORY=25 -DNMM_NEST=0  -I. -traditional  dsint1f.F  > dsint1f.f90
gfortran -c -w -ffree-form -ffree-line-length-none -fconvert=big-endian -frecord-marker=4  dsint1f.f90
rm -f -f dcost1b.f90
/lib/cpp -P -DEM_CORE=1 -DNMM_CORE=0 -DNMM_MAX_DIM=2600 -DCOAMPS_CORE=0 -DDA_CORE=0 -DEXP_CORE=0 -DIWORDSIZE=4 -DDWORDSIZE=8 -DRWORDSIZE=4 -DLWORDSIZE=4 -DNONSTANDARD_SYSTEM_SUBR  -DWRF_USE_CLM -DNO_IEEE_MODULE  -DDM_PARALLEL -DNETCDF -DUSE_ALLOCATABLES -DGRIB1 -DINTIO -DKEEP_INT_AROUND -DLIMIT_ARGS -DCONFIG_BUF_LEN=65536 -DMAX_DOMAINS_F=21 -DMAX_HISTORY=25 -DNMM_NEST=0  -I. -traditional  mradbg.F  > mradbg.f90
gfortran -c -w -ffree-form -ffree-line-length-none -fconvert=big-endian -frecord-marker=4  mradbg.f90
rm -f -f dsint1f.f90
/lib/cpp -P -DEM_CORE=1 -DNMM_CORE=0 -DNMM_MAX_DIM=2600 -DCOAMPS_CORE=0 -DDA_CORE=0 -DEXP_CORE=0 -DIWORDSIZE=4 -DDWORDSIZE=8 -DRWORDSIZE=4 -DLWORDSIZE=4 -DNONSTANDARD_SYSTEM_SUBR  -DWRF_USE_CLM -DNO_IEEE_MODULE  -DDM_PARALLEL -DNETCDF -DUSE_ALLOCATABLES -DGRIB1 -DINTIO -DKEEP_INT_AROUND -DLIMIT_ARGS -DCONFIG_BUF_LEN=65536 -DMAX_DOMAINS_F=21 -DMAX_HISTORY=25 -DNMM_NEST=0  -I. -traditional  r1f2kf.F  > r1f2kf.f90
gfortran -c -w -ffree-form -ffree-line-length-none -fconvert=big-endian -frecord-marker=4  r1f2kf.f90
rm -f -f r1f2kf.f90
/lib/cpp -P -DEM_CORE=1 -DNMM_CORE=0 -DNMM_MAX_DIM=2600 -DCOAMPS_CORE=0 -DDA_CORE=0 -DEXP_CORE=0 -DIWORDSIZE=4 -DDWORDSIZE=8 -DRWORDSIZE=4 -DLWORDSIZE=4 -DNONSTANDARD_SYSTEM_SUBR  -DWRF_USE_CLM -DNO_IEEE_MODULE  -DDM_PARALLEL -DNETCDF -DUSE_ALLOCATABLES -DGRIB1 -DINTIO -DKEEP_INT_AROUND -DLIMIT_ARGS -DCONFIG_BUF_LEN=65536 -DMAX_DOMAINS_F=21 -DMAX_HISTORY=25 -DNMM_NEST=0  -I. -traditional  r8_factor.F  > r8_factor.f90
gfortran -c -w -ffree-form -ffree-line-length-none -fconvert=big-endian -frecord-marker=4  r8_factor.f90
rm -f -f r8_factor.f90
/lib/cpp -P -DEM_CORE=1 -DNMM_CORE=0 -DNMM_MAX_DIM=2600 -DCOAMPS_CORE=0 -DDA_CORE=0 -DEXP_CORE=0 -DIWORDSIZE=4 -DDWORDSIZE=8 -DRWORDSIZE=4 -DLWORDSIZE=4 -DNONSTANDARD_SYSTEM_SUBR  -DWRF_USE_CLM -DNO_IEEE_MODULE  -DDM_PARALLEL -DNETCDF -DUSE_ALLOCATABLES -DGRIB1 -DINTIO -DKEEP_INT_AROUND -DLIMIT_ARGS -DCONFIG_BUF_LEN=65536 -DMAX_DOMAINS_F=21 -DMAX_HISTORY=25 -DNMM_NEST=0  -I. -traditional  rfftmb.F  > rfftmb.f90
gfortran -c -w -ffree-form -ffree-line-length-none -fconvert=big-endian -frecord-marker=4  rfftmb.f90
rm -f -f rfftmb.f90
/lib/cpp -P -DEM_CORE=1 -DNMM_CORE=0 -DNMM_MAX_DIM=2600 -DCOAMPS_CORE=0 -DDA_CORE=0 -DEXP_CORE=0 -DIWORDSIZE=4 -DDWORDSIZE=8 -DRWORDSIZE=4 -DLWORDSIZE=4 -DNONSTANDARD_SYSTEM_SUBR  -DWRF_USE_CLM -DNO_IEEE_MODULE  -DDM_PARALLEL -DNETCDF -DUSE_ALLOCATABLES -DGRIB1 -DINTIO -DKEEP_INT_AROUND -DLIMIT_ARGS -DCONFIG_BUF_LEN=65536 -DMAX_DOMAINS_F=21 -DMAX_HISTORY=25 -DNMM_NEST=0  -I. -traditional  sintb1.F  > sintb1.f90
gfortran -c -w -ffree-form -ffree-line-length-none -fconvert=big-endian -frecord-marker=4  sintb1.f90
rm -f -f mradbg.f90
/lib/cpp -P -DEM_CORE=1 -DNMM_CORE=0 -DNMM_MAX_DIM=2600 -DCOAMPS_CORE=0 -DDA_CORE=0 -DEXP_CORE=0 -DIWORDSIZE=4 -DDWORDSIZE=8 -DRWORDSIZE=4 -DLWORDSIZE=4 -DNONSTANDARD_SYSTEM_SUBR  -DWRF_USE_CLM -DNO_IEEE_MODULE  -DDM_PARALLEL -DNETCDF -DUSE_ALLOCATABLES -DGRIB1 -DINTIO -DKEEP_INT_AROUND -DLIMIT_ARGS -DCONFIG_BUF_LEN=65536 -DMAX_DOMAINS_F=21 -DMAX_HISTORY=25 -DNMM_NEST=0  -I. -traditional  z1f4kf.F  > z1f4kf.f90
gfortran -c -w -ffree-form -ffree-line-length-none -fconvert=big-endian -frecord-marker=4  z1f4kf.f90
rm -f -f sintb1.f90
/lib/cpp -P -DEM_CORE=1 -DNMM_CORE=0 -DNMM_MAX_DIM=2600 -DCOAMPS_CORE=0 -DDA_CORE=0 -DEXP_CORE=0 -DIWORDSIZE=4 -DDWORDSIZE=8 -DRWORDSIZE=4 -DLWORDSIZE=4 -DNONSTANDARD_SYSTEM_SUBR  -DWRF_USE_CLM -DNO_IEEE_MODULE  -DDM_PARALLEL -DNETCDF -DUSE_ALLOCATABLES -DGRIB1 -DINTIO -DKEEP_INT_AROUND -DLIMIT_ARGS -DCONFIG_BUF_LEN=65536 -DMAX_DOMAINS_F=21 -DMAX_HISTORY=25 -DNMM_NEST=0  -I. -traditional  zfft2i.F  > zfft2i.f90
gfortran -c -w -ffree-form -ffree-line-length-none -fconvert=big-endian -frecord-marker=4  zfft2i.f90
rm -f -f zfft2i.f90
/lib/cpp -P -DEM_CORE=1 -DNMM_CORE=0 -DNMM_MAX_DIM=2600 -DCOAMPS_CORE=0 -DDA_CORE=0 -DEXP_CORE=0 -DIWORDSIZE=4 -DDWORDSIZE=8 -DRWORDSIZE=4 -DLWORDSIZE=4 -DNONSTANDARD_SYSTEM_SUBR  -DWRF_USE_CLM -DNO_IEEE_MODULE  -DDM_PARALLEL -DNETCDF -DUSE_ALLOCATABLES -DGRIB1 -DINTIO -DKEEP_INT_AROUND -DLIMIT_ARGS -DCONFIG_BUF_LEN=65536 -DMAX_DOMAINS_F=21 -DMAX_HISTORY=25 -DNMM_NEST=0  -I. -traditional  zmfgkb.F  > zmfgkb.f90
gfortran -c -w -ffree-form -ffree-line-length-none -fconvert=big-endian -frecord-marker=4  zmfgkb.f90
rm -f -f z1f4kf.f90
/lib/cpp -P -DEM_CORE=1 -DNMM_CORE=0 -DNMM_MAX_DIM=2600 -DCOAMPS_CORE=0 -DDA_CORE=0 -DEXP_CORE=0 -DIWORDSIZE=4 -DDWORDSIZE=8 -DRWORDSIZE=4 -DLWORDSIZE=4 -DNONSTANDARD_SYSTEM_SUBR  -DWRF_USE_CLM -DNO_IEEE_MODULE  -DDM_PARALLEL -DNETCDF -DUSE_ALLOCATABLES -DGRIB1 -DINTIO -DKEEP_INT_AROUND -DLIMIT_ARGS -DCONFIG_BUF_LEN=65536 -DMAX_DOMAINS_F=21 -DMAX_HISTORY=25 -DNMM_NEST=0  -I. -traditional  c1f4kf.F  > c1f4kf.f90
gfortran -c -w -ffree-form -ffree-line-length-none -fconvert=big-endian -frecord-marker=4  c1f4kf.f90
rm -f -f zmfgkb.f90
/lib/cpp -P -DEM_CORE=1 -DNMM_CORE=0 -DNMM_MAX_DIM=2600 -DCOAMPS_CORE=0 -DDA_CORE=0 -DEXP_CORE=0 -DIWORDSIZE=4 -DDWORDSIZE=8 -DRWORDSIZE=4 -DLWORDSIZE=4 -DNONSTANDARD_SYSTEM_SUBR  -DWRF_USE_CLM -DNO_IEEE_MODULE  -DDM_PARALLEL -DNETCDF -DUSE_ALLOCATABLES -DGRIB1 -DINTIO -DKEEP_INT_AROUND -DLIMIT_ARGS -DCONFIG_BUF_LEN=65536 -DMAX_DOMAINS_F=21 -DMAX_HISTORY=25 -DNMM_NEST=0  -I. -traditional  cfft2i.F  > cfft2i.f90
rm -f -f c1f4kf.f90
gfortran -c -w -ffree-form -ffree-line-length-none -fconvert=big-endian -frecord-marker=4  cfft2i.f90
/lib/cpp -P -DEM_CORE=1 -DNMM_CORE=0 -DNMM_MAX_DIM=2600 -DCOAMPS_CORE=0 -DDA_CORE=0 -DEXP_CORE=0 -DIWORDSIZE=4 -DDWORDSIZE=8 -DRWORDSIZE=4 -DLWORDSIZE=4 -DNONSTANDARD_SYSTEM_SUBR  -DWRF_USE_CLM -DNO_IEEE_MODULE  -DDM_PARALLEL -DNETCDF -DUSE_ALLOCATABLES -DGRIB1 -DINTIO -DKEEP_INT_AROUND -DLIMIT_ARGS -DCONFIG_BUF_LEN=65536 -DMAX_DOMAINS_F=21 -DMAX_HISTORY=25 -DNMM_NEST=0  -I. -traditional  cmfgkb.F  > cmfgkb.f90
gfortran -c -w -ffree-form -ffree-line-length-none -fconvert=big-endian -frecord-marker=4  cmfgkb.f90
rm -f -f cfft2i.f90
/lib/cpp -P -DEM_CORE=1 -DNMM_CORE=0 -DNMM_MAX_DIM=2600 -DCOAMPS_CORE=0 -DDA_CORE=0 -DEXP_CORE=0 -DIWORDSIZE=4 -DDWORDSIZE=8 -DRWORDSIZE=4 -DLWORDSIZE=4 -DNONSTANDARD_SYSTEM_SUBR  -DWRF_USE_CLM -DNO_IEEE_MODULE  -DDM_PARALLEL -DNETCDF -DUSE_ALLOCATABLES -DGRIB1 -DINTIO -DKEEP_INT_AROUND -DLIMIT_ARGS -DCONFIG_BUF_LEN=65536 -DMAX_DOMAINS_F=21 -DMAX_HISTORY=25 -DNMM_NEST=0  -I. -traditional  cost1b.F  > cost1b.f90
gfortran -c -w -ffree-form -ffree-line-length-none -fconvert=big-endian -frecord-marker=4  cost1b.f90
rm -f -f cost1b.f90
/lib/cpp -P -DEM_CORE=1 -DNMM_CORE=0 -DNMM_MAX_DIM=2600 -DCOAMPS_CORE=0 -DDA_CORE=0 -DEXP_CORE=0 -DIWORDSIZE=4 -DDWORDSIZE=8 -DRWORDSIZE=4 -DLWORDSIZE=4 -DNONSTANDARD_SYSTEM_SUBR  -DWRF_USE_CLM -DNO_IEEE_MODULE  -DDM_PARALLEL -DNETCDF -DUSE_ALLOCATABLES -DGRIB1 -DINTIO -DKEEP_INT_AROUND -DLIMIT_ARGS -DCONFIG_BUF_LEN=65536 -DMAX_DOMAINS_F=21 -DMAX_HISTORY=25 -DNMM_NEST=0  -I. -traditional  d1f4kb.F  > d1f4kb.f90
gfortran -c -w -ffree-form -ffree-line-length-none -fconvert=big-endian -frecord-marker=4  d1f4kb.f90
rm -f -f cmfgkb.f90
/lib/cpp -P -DEM_CORE=1 -DNMM_CORE=0 -DNMM_MAX_DIM=2600 -DCOAMPS_CORE=0 -DDA_CORE=0 -DEXP_CORE=0 -DIWORDSIZE=4 -DDWORDSIZE=8 -DRWORDSIZE=4 -DLWORDSIZE=4 -DNONSTANDARD_SYSTEM_SUBR  -DWRF_USE_CLM -DNO_IEEE_MODULE  -DDM_PARALLEL -DNETCDF -DUSE_ALLOCATABLES -DGRIB1 -DINTIO -DKEEP_INT_AROUND -DLIMIT_ARGS -DCONFIG_BUF_LEN=65536 -DMAX_DOMAINS_F=21 -DMAX_HISTORY=25 -DNMM_NEST=0  -I. -traditional  dcost1f.F  > dcost1f.f90
gfortran -c -w -ffree-form -ffree-line-length-none -fconvert=big-endian -frecord-marker=4  dcost1f.f90
rm -f -f d1f4kb.f90
/lib/cpp -P -DEM_CORE=1 -DNMM_CORE=0 -DNMM_MAX_DIM=2600 -DCOAMPS_CORE=0 -DDA_CORE=0 -DEXP_CORE=0 -DIWORDSIZE=4 -DDWORDSIZE=8 -DRWORDSIZE=4 -DLWORDSIZE=4 -DNONSTANDARD_SYSTEM_SUBR  -DWRF_USE_CLM -DNO_IEEE_MODULE  -DDM_PARALLEL -DNETCDF -DUSE_ALLOCATABLES -DGRIB1 -DINTIO -DKEEP_INT_AROUND -DLIMIT_ARGS -DCONFIG_BUF_LEN=65536 -DMAX_DOMAINS_F=21 -DMAX_HISTORY=25 -DNMM_NEST=0  -I. -traditional  dsint1i.F  > dsint1i.f90
rm -f -f dcost1f.f90
/lib/cpp -P -DEM_CORE=1 -DNMM_CORE=0 -DNMM_MAX_DIM=2600 -DCOAMPS_CORE=0 -DDA_CORE=0 -DEXP_CORE=0 -DIWORDSIZE=4 -DDWORDSIZE=8 -DRWORDSIZE=4 -DLWORDSIZE=4 -DNONSTANDARD_SYSTEM_SUBR  -DWRF_USE_CLM -DNO_IEEE_MODULE  -DDM_PARALLEL -DNETCDF -DUSE_ALLOCATABLES -DGRIB1 -DINTIO -DKEEP_INT_AROUND -DLIMIT_ARGS -DCONFIG_BUF_LEN=65536 -DMAX_DOMAINS_F=21 -DMAX_HISTORY=25 -DNMM_NEST=0  -I. -traditional  mradf2.F  > mradf2.f90
gfortran -c -w -ffree-form -ffree-line-length-none -fconvert=big-endian -frecord-marker=4  dsint1i.f90
gfortran -c -w -ffree-form -ffree-line-length-none -fconvert=big-endian -frecord-marker=4  mradf2.f90
rm -f -f dsint1i.f90
/lib/cpp -P -DEM_CORE=1 -DNMM_CORE=0 -DNMM_MAX_DIM=2600 -DCOAMPS_CORE=0 -DDA_CORE=0 -DEXP_CORE=0 -DIWORDSIZE=4 -DDWORDSIZE=8 -DRWORDSIZE=4 -DLWORDSIZE=4 -DNONSTANDARD_SYSTEM_SUBR  -DWRF_USE_CLM -DNO_IEEE_MODULE  -DDM_PARALLEL -DNETCDF -DUSE_ALLOCATABLES -DGRIB1 -DINTIO -DKEEP_INT_AROUND -DLIMIT_ARGS -DCONFIG_BUF_LEN=65536 -DMAX_DOMAINS_F=21 -DMAX_HISTORY=25 -DNMM_NEST=0  -I. -traditional  r1f3kb.F  > r1f3kb.f90
gfortran -c -w -ffree-form -ffree-line-length-none -fconvert=big-endian -frecord-marker=4  r1f3kb.f90
rm -f -f mradf2.f90
/lib/cpp -P -DEM_CORE=1 -DNMM_CORE=0 -DNMM_MAX_DIM=2600 -DCOAMPS_CORE=0 -DDA_CORE=0 -DEXP_CORE=0 -DIWORDSIZE=4 -DDWORDSIZE=8 -DRWORDSIZE=4 -DLWORDSIZE=4 -DNONSTANDARD_SYSTEM_SUBR  -DWRF_USE_CLM -DNO_IEEE_MODULE  -DDM_PARALLEL -DNETCDF -DUSE_ALLOCATABLES -DGRIB1 -DINTIO -DKEEP_INT_AROUND -DLIMIT_ARGS -DCONFIG_BUF_LEN=65536 -DMAX_DOMAINS_F=21 -DMAX_HISTORY=25 -DNMM_NEST=0  -I. -traditional  r8_mcfti1.F  > r8_mcfti1.f90
gfortran -c -w -ffree-form -ffree-line-length-none -fconvert=big-endian -frecord-marker=4  r8_mcfti1.f90
rm -f -f r8_mcfti1.f90
/lib/cpp -P -DEM_CORE=1 -DNMM_CORE=0 -DNMM_MAX_DIM=2600 -DCOAMPS_CORE=0 -DDA_CORE=0 -DEXP_CORE=0 -DIWORDSIZE=4 -DDWORDSIZE=8 -DRWORDSIZE=4 -DLWORDSIZE=4 -DNONSTANDARD_SYSTEM_SUBR  -DWRF_USE_CLM -DNO_IEEE_MODULE  -DDM_PARALLEL -DNETCDF -DUSE_ALLOCATABLES -DGRIB1 -DINTIO -DKEEP_INT_AROUND -DLIMIT_ARGS -DCONFIG_BUF_LEN=65536 -DMAX_DOMAINS_F=21 -DMAX_HISTORY=25 -DNMM_NEST=0  -I. -traditional  rfftmf.F  > rfftmf.f90
gfortran -c -w -ffree-form -ffree-line-length-none -fconvert=big-endian -frecord-marker=4  rfftmf.f90
rm -f -f r1f3kb.f90
/lib/cpp -P -DEM_CORE=1 -DNMM_CORE=0 -DNMM_MAX_DIM=2600 -DCOAMPS_CORE=0 -DDA_CORE=0 -DEXP_CORE=0 -DIWORDSIZE=4 -DDWORDSIZE=8 -DRWORDSIZE=4 -DLWORDSIZE=4 -DNONSTANDARD_SYSTEM_SUBR  -DWRF_USE_CLM -DNO_IEEE_MODULE  -DDM_PARALLEL -DNETCDF -DUSE_ALLOCATABLES -DGRIB1 -DINTIO -DKEEP_INT_AROUND -DLIMIT_ARGS -DCONFIG_BUF_LEN=65536 -DMAX_DOMAINS_F=21 -DMAX_HISTORY=25 -DNMM_NEST=0  -I. -traditional  sintf1.F  > sintf1.f90
gfortran -c -w -ffree-form -ffree-line-length-none -fconvert=big-endian -frecord-marker=4  sintf1.f90
rm -f -f rfftmf.f90
/lib/cpp -P -DEM_CORE=1 -DNMM_CORE=0 -DNMM_MAX_DIM=2600 -DCOAMPS_CORE=0 -DDA_CORE=0 -DEXP_CORE=0 -DIWORDSIZE=4 -DDWORDSIZE=8 -DRWORDSIZE=4 -DLWORDSIZE=4 -DNONSTANDARD_SYSTEM_SUBR  -DWRF_USE_CLM -DNO_IEEE_MODULE  -DDM_PARALLEL -DNETCDF -DUSE_ALLOCATABLES -DGRIB1 -DINTIO -DKEEP_INT_AROUND -DLIMIT_ARGS -DCONFIG_BUF_LEN=65536 -DMAX_DOMAINS_F=21 -DMAX_HISTORY=25 -DNMM_NEST=0  -I. -traditional  z1f5kb.F  > z1f5kb.f90
gfortran -c -w -ffree-form -ffree-line-length-none -fconvert=big-endian -frecord-marker=4  z1f5kb.f90
rm -f -f sintf1.f90
/lib/cpp -P -DEM_CORE=1 -DNMM_CORE=0 -DNMM_MAX_DIM=2600 -DCOAMPS_CORE=0 -DDA_CORE=0 -DEXP_CORE=0 -DIWORDSIZE=4 -DDWORDSIZE=8 -DRWORDSIZE=4 -DLWORDSIZE=4 -DNONSTANDARD_SYSTEM_SUBR  -DWRF_USE_CLM -DNO_IEEE_MODULE  -DDM_PARALLEL -DNETCDF -DUSE_ALLOCATABLES -DGRIB1 -DINTIO -DKEEP_INT_AROUND -DLIMIT_ARGS -DCONFIG_BUF_LEN=65536 -DMAX_DOMAINS_F=21 -DMAX_HISTORY=25 -DNMM_NEST=0  -I. -traditional  zfftmb.F  > zfftmb.f90
gfortran -c -w -ffree-form -ffree-line-length-none -fconvert=big-endian -frecord-marker=4  zfftmb.f90
rm -f -f zfftmb.f90
/lib/cpp -P -DEM_CORE=1 -DNMM_CORE=0 -DNMM_MAX_DIM=2600 -DCOAMPS_CORE=0 -DDA_CORE=0 -DEXP_CORE=0 -DIWORDSIZE=4 -DDWORDSIZE=8 -DRWORDSIZE=4 -DLWORDSIZE=4 -DNONSTANDARD_SYSTEM_SUBR  -DWRF_USE_CLM -DNO_IEEE_MODULE  -DDM_PARALLEL -DNETCDF -DUSE_ALLOCATABLES -DGRIB1 -DINTIO -DKEEP_INT_AROUND -DLIMIT_ARGS -DCONFIG_BUF_LEN=65536 -DMAX_DOMAINS_F=21 -DMAX_HISTORY=25 -DNMM_NEST=0  -I. -traditional  zmfgkf.F  > zmfgkf.f90
gfortran -c -w -ffree-form -ffree-line-length-none -fconvert=big-endian -frecord-marker=4  zmfgkf.f90
rm -f -f z1f5kb.f90
/lib/cpp -P -DEM_CORE=1 -DNMM_CORE=0 -DNMM_MAX_DIM=2600 -DCOAMPS_CORE=0 -DDA_CORE=0 -DEXP_CORE=0 -DIWORDSIZE=4 -DDWORDSIZE=8 -DRWORDSIZE=4 -DLWORDSIZE=4 -DNONSTANDARD_SYSTEM_SUBR  -DWRF_USE_CLM -DNO_IEEE_MODULE  -DDM_PARALLEL -DNETCDF -DUSE_ALLOCATABLES -DGRIB1 -DINTIO -DKEEP_INT_AROUND -DLIMIT_ARGS -DCONFIG_BUF_LEN=65536 -DMAX_DOMAINS_F=21 -DMAX_HISTORY=25 -DNMM_NEST=0  -I. -traditional  c1f5kb.F  > c1f5kb.f90
gfortran -c -w -ffree-form -ffree-line-length-none -fconvert=big-endian -frecord-marker=4  c1f5kb.f90
rm -f -f c1f5kb.f90
/lib/cpp -P -DEM_CORE=1 -DNMM_CORE=0 -DNMM_MAX_DIM=2600 -DCOAMPS_CORE=0 -DDA_CORE=0 -DEXP_CORE=0 -DIWORDSIZE=4 -DDWORDSIZE=8 -DRWORDSIZE=4 -DLWORDSIZE=4 -DNONSTANDARD_SYSTEM_SUBR  -DWRF_USE_CLM -DNO_IEEE_MODULE  -DDM_PARALLEL -DNETCDF -DUSE_ALLOCATABLES -DGRIB1 -DINTIO -DKEEP_INT_AROUND -DLIMIT_ARGS -DCONFIG_BUF_LEN=65536 -DMAX_DOMAINS_F=21 -DMAX_HISTORY=25 -DNMM_NEST=0  -I. -traditional  cfftmb.F  > cfftmb.f90
gfortran -c -w -ffree-form -ffree-line-length-none -fconvert=big-endian -frecord-marker=4  cfftmb.f90
rm -f -f zmfgkf.f90
/lib/cpp -P -DEM_CORE=1 -DNMM_CORE=0 -DNMM_MAX_DIM=2600 -DCOAMPS_CORE=0 -DDA_CORE=0 -DEXP_CORE=0 -DIWORDSIZE=4 -DDWORDSIZE=8 -DRWORDSIZE=4 -DLWORDSIZE=4 -DNONSTANDARD_SYSTEM_SUBR  -DWRF_USE_CLM -DNO_IEEE_MODULE  -DDM_PARALLEL -DNETCDF -DUSE_ALLOCATABLES -DGRIB1 -DINTIO -DKEEP_INT_AROUND -DLIMIT_ARGS -DCONFIG_BUF_LEN=65536 -DMAX_DOMAINS_F=21 -DMAX_HISTORY=25 -DNMM_NEST=0  -I. -traditional  cmfgkf.F  > cmfgkf.f90
gfortran -c -w -ffree-form -ffree-line-length-none -fconvert=big-endian -frecord-marker=4  cmfgkf.f90
rm -f -f cfftmb.f90
/lib/cpp -P -DEM_CORE=1 -DNMM_CORE=0 -DNMM_MAX_DIM=2600 -DCOAMPS_CORE=0 -DDA_CORE=0 -DEXP_CORE=0 -DIWORDSIZE=4 -DDWORDSIZE=8 -DRWORDSIZE=4 -DLWORDSIZE=4 -DNONSTANDARD_SYSTEM_SUBR  -DWRF_USE_CLM -DNO_IEEE_MODULE  -DDM_PARALLEL -DNETCDF -DUSE_ALLOCATABLES -DGRIB1 -DINTIO -DKEEP_INT_AROUND -DLIMIT_ARGS -DCONFIG_BUF_LEN=65536 -DMAX_DOMAINS_F=21 -DMAX_HISTORY=25 -DNMM_NEST=0  -I. -traditional  cost1f.F  > cost1f.f90
gfortran -c -w -ffree-form -ffree-line-length-none -fconvert=big-endian -frecord-marker=4  cost1f.f90
rm -f -f cost1f.f90
/lib/cpp -P -DEM_CORE=1 -DNMM_CORE=0 -DNMM_MAX_DIM=2600 -DCOAMPS_CORE=0 -DDA_CORE=0 -DEXP_CORE=0 -DIWORDSIZE=4 -DDWORDSIZE=8 -DRWORDSIZE=4 -DLWORDSIZE=4 -DNONSTANDARD_SYSTEM_SUBR  -DWRF_USE_CLM -DNO_IEEE_MODULE  -DDM_PARALLEL -DNETCDF -DUSE_ALLOCATABLES -DGRIB1 -DINTIO -DKEEP_INT_AROUND -DLIMIT_ARGS -DCONFIG_BUF_LEN=65536 -DMAX_DOMAINS_F=21 -DMAX_HISTORY=25 -DNMM_NEST=0  -I. -traditional  d1f4kf.F  > d1f4kf.f90
gfortran -c -w -ffree-form -ffree-line-length-none -fconvert=big-endian -frecord-marker=4  d1f4kf.f90
rm -f -f cmfgkf.f90
/lib/cpp -P -DEM_CORE=1 -DNMM_CORE=0 -DNMM_MAX_DIM=2600 -DCOAMPS_CORE=0 -DDA_CORE=0 -DEXP_CORE=0 -DIWORDSIZE=4 -DDWORDSIZE=8 -DRWORDSIZE=4 -DLWORDSIZE=4 -DNONSTANDARD_SYSTEM_SUBR  -DWRF_USE_CLM -DNO_IEEE_MODULE  -DDM_PARALLEL -DNETCDF -DUSE_ALLOCATABLES -DGRIB1 -DINTIO -DKEEP_INT_AROUND -DLIMIT_ARGS -DCONFIG_BUF_LEN=65536 -DMAX_DOMAINS_F=21 -DMAX_HISTORY=25 -DNMM_NEST=0  -I. -traditional  dcost1i.F  > dcost1i.f90
gfortran -c -w -ffree-form -ffree-line-length-none -fconvert=big-endian -frecord-marker=4  dcost1i.f90
rm -f -f d1f4kf.f90
/lib/cpp -P -DEM_CORE=1 -DNMM_CORE=0 -DNMM_MAX_DIM=2600 -DCOAMPS_CORE=0 -DDA_CORE=0 -DEXP_CORE=0 -DIWORDSIZE=4 -DDWORDSIZE=8 -DRWORDSIZE=4 -DLWORDSIZE=4 -DNONSTANDARD_SYSTEM_SUBR  -DWRF_USE_CLM -DNO_IEEE_MODULE  -DDM_PARALLEL -DNETCDF -DUSE_ALLOCATABLES -DGRIB1 -DINTIO -DKEEP_INT_AROUND -DLIMIT_ARGS -DCONFIG_BUF_LEN=65536 -DMAX_DOMAINS_F=21 -DMAX_HISTORY=25 -DNMM_NEST=0  -I. -traditional  dsintb1.F  > dsintb1.f90
gfortran -c -w -ffree-form -ffree-line-length-none -fconvert=big-endian -frecord-marker=4  dsintb1.f90
rm -f -f dcost1i.f90
/lib/cpp -P -DEM_CORE=1 -DNMM_CORE=0 -DNMM_MAX_DIM=2600 -DCOAMPS_CORE=0 -DDA_CORE=0 -DEXP_CORE=0 -DIWORDSIZE=4 -DDWORDSIZE=8 -DRWORDSIZE=4 -DLWORDSIZE=4 -DNONSTANDARD_SYSTEM_SUBR  -DWRF_USE_CLM -DNO_IEEE_MODULE  -DDM_PARALLEL -DNETCDF -DUSE_ALLOCATABLES -DGRIB1 -DINTIO -DKEEP_INT_AROUND -DLIMIT_ARGS -DCONFIG_BUF_LEN=65536 -DMAX_DOMAINS_F=21 -DMAX_HISTORY=25 -DNMM_NEST=0  -I. -traditional  mradf3.F  > mradf3.f90
gfortran -c -w -ffree-form -ffree-line-length-none -fconvert=big-endian -frecord-marker=4  mradf3.f90
rm -f -f dsintb1.f90
/lib/cpp -P -DEM_CORE=1 -DNMM_CORE=0 -DNMM_MAX_DIM=2600 -DCOAMPS_CORE=0 -DDA_CORE=0 -DEXP_CORE=0 -DIWORDSIZE=4 -DDWORDSIZE=8 -DRWORDSIZE=4 -DLWORDSIZE=4 -DNONSTANDARD_SYSTEM_SUBR  -DWRF_USE_CLM -DNO_IEEE_MODULE  -DDM_PARALLEL -DNETCDF -DUSE_ALLOCATABLES -DGRIB1 -DINTIO -DKEEP_INT_AROUND -DLIMIT_ARGS -DCONFIG_BUF_LEN=65536 -DMAX_DOMAINS_F=21 -DMAX_HISTORY=25 -DNMM_NEST=0  -I. -traditional  r1f3kf.F  > r1f3kf.f90
gfortran -c -w -ffree-form -ffree-line-length-none -fconvert=big-endian -frecord-marker=4  r1f3kf.f90
rm -f -f mradf3.f90
/lib/cpp -P -DEM_CORE=1 -DNMM_CORE=0 -DNMM_MAX_DIM=2600 -DCOAMPS_CORE=0 -DDA_CORE=0 -DEXP_CORE=0 -DIWORDSIZE=4 -DDWORDSIZE=8 -DRWORDSIZE=4 -DLWORDSIZE=4 -DNONSTANDARD_SYSTEM_SUBR  -DWRF_USE_CLM -DNO_IEEE_MODULE  -DDM_PARALLEL -DNETCDF -DUSE_ALLOCATABLES -DGRIB1 -DINTIO -DKEEP_INT_AROUND -DLIMIT_ARGS -DCONFIG_BUF_LEN=65536 -DMAX_DOMAINS_F=21 -DMAX_HISTORY=25 -DNMM_NEST=0  -I. -traditional  r8_tables.F  > r8_tables.f90
gfortran -c -w -ffree-form -ffree-line-length-none -fconvert=big-endian -frecord-marker=4  r8_tables.f90
rm -f -f r1f3kf.f90
/lib/cpp -P -DEM_CORE=1 -DNMM_CORE=0 -DNMM_MAX_DIM=2600 -DCOAMPS_CORE=0 -DDA_CORE=0 -DEXP_CORE=0 -DIWORDSIZE=4 -DDWORDSIZE=8 -DRWORDSIZE=4 -DLWORDSIZE=4 -DNONSTANDARD_SYSTEM_SUBR  -DWRF_USE_CLM -DNO_IEEE_MODULE  -DDM_PARALLEL -DNETCDF -DUSE_ALLOCATABLES -DGRIB1 -DINTIO -DKEEP_INT_AROUND -DLIMIT_ARGS -DCONFIG_BUF_LEN=65536 -DMAX_DOMAINS_F=21 -DMAX_HISTORY=25 -DNMM_NEST=0  -I. -traditional  rfftmi.F  > rfftmi.f90
gfortran -c -w -ffree-form -ffree-line-length-none -fconvert=big-endian -frecord-marker=4  rfftmi.f90
rm -f -f r8_tables.f90
/lib/cpp -P -DEM_CORE=1 -DNMM_CORE=0 -DNMM_MAX_DIM=2600 -DCOAMPS_CORE=0 -DDA_CORE=0 -DEXP_CORE=0 -DIWORDSIZE=4 -DDWORDSIZE=8 -DRWORDSIZE=4 -DLWORDSIZE=4 -DNONSTANDARD_SYSTEM_SUBR  -DWRF_USE_CLM -DNO_IEEE_MODULE  -DDM_PARALLEL -DNETCDF -DUSE_ALLOCATABLES -DGRIB1 -DINTIO -DKEEP_INT_AROUND -DLIMIT_ARGS -DCONFIG_BUF_LEN=65536 -DMAX_DOMAINS_F=21 -DMAX_HISTORY=25 -DNMM_NEST=0  -I. -traditional  sintmb.F  > sintmb.f90
gfortran -c -w -ffree-form -ffree-line-length-none -fconvert=big-endian -frecord-marker=4  sintmb.f90
rm -f -f rfftmi.f90
/lib/cpp -P -DEM_CORE=1 -DNMM_CORE=0 -DNMM_MAX_DIM=2600 -DCOAMPS_CORE=0 -DDA_CORE=0 -DEXP_CORE=0 -DIWORDSIZE=4 -DDWORDSIZE=8 -DRWORDSIZE=4 -DLWORDSIZE=4 -DNONSTANDARD_SYSTEM_SUBR  -DWRF_USE_CLM -DNO_IEEE_MODULE  -DDM_PARALLEL -DNETCDF -DUSE_ALLOCATABLES -DGRIB1 -DINTIO -DKEEP_INT_AROUND -DLIMIT_ARGS -DCONFIG_BUF_LEN=65536 -DMAX_DOMAINS_F=21 -DMAX_HISTORY=25 -DNMM_NEST=0  -I. -traditional  z1f5kf.F  > z1f5kf.f90
gfortran -c -w -ffree-form -ffree-line-length-none -fconvert=big-endian -frecord-marker=4  z1f5kf.f90
rm -f -f sintmb.f90
/lib/cpp -P -DEM_CORE=1 -DNMM_CORE=0 -DNMM_MAX_DIM=2600 -DCOAMPS_CORE=0 -DDA_CORE=0 -DEXP_CORE=0 -DIWORDSIZE=4 -DDWORDSIZE=8 -DRWORDSIZE=4 -DLWORDSIZE=4 -DNONSTANDARD_SYSTEM_SUBR  -DWRF_USE_CLM -DNO_IEEE_MODULE  -DDM_PARALLEL -DNETCDF -DUSE_ALLOCATABLES -DGRIB1 -DINTIO -DKEEP_INT_AROUND -DLIMIT_ARGS -DCONFIG_BUF_LEN=65536 -DMAX_DOMAINS_F=21 -DMAX_HISTORY=25 -DNMM_NEST=0  -I. -traditional  zfftmf.F  > zfftmf.f90
gfortran -c -w -ffree-form -ffree-line-length-none -fconvert=big-endian -frecord-marker=4  zfftmf.f90
rm -f -f zfftmf.f90
/lib/cpp -P -DEM_CORE=1 -DNMM_CORE=0 -DNMM_MAX_DIM=2600 -DCOAMPS_CORE=0 -DDA_CORE=0 -DEXP_CORE=0 -DIWORDSIZE=4 -DDWORDSIZE=8 -DRWORDSIZE=4 -DLWORDSIZE=4 -DNONSTANDARD_SYSTEM_SUBR  -DWRF_USE_CLM -DNO_IEEE_MODULE  -DDM_PARALLEL -DNETCDF -DUSE_ALLOCATABLES -DGRIB1 -DINTIO -DKEEP_INT_AROUND -DLIMIT_ARGS -DCONFIG_BUF_LEN=65536 -DMAX_DOMAINS_F=21 -DMAX_HISTORY=25 -DNMM_NEST=0  -I. -traditional  zmfm1b.F  > zmfm1b.f90
gfortran -c -w -ffree-form -ffree-line-length-none -fconvert=big-endian -frecord-marker=4  zmfm1b.f90
rm -f -f zmfm1b.f90
/lib/cpp -P -DEM_CORE=1 -DNMM_CORE=0 -DNMM_MAX_DIM=2600 -DCOAMPS_CORE=0 -DDA_CORE=0 -DEXP_CORE=0 -DIWORDSIZE=4 -DDWORDSIZE=8 -DRWORDSIZE=4 -DLWORDSIZE=4 -DNONSTANDARD_SYSTEM_SUBR  -DWRF_USE_CLM -DNO_IEEE_MODULE  -DDM_PARALLEL -DNETCDF -DUSE_ALLOCATABLES -DGRIB1 -DINTIO -DKEEP_INT_AROUND -DLIMIT_ARGS -DCONFIG_BUF_LEN=65536 -DMAX_DOMAINS_F=21 -DMAX_HISTORY=25 -DNMM_NEST=0  -I. -traditional  c1f5kf.F  > c1f5kf.f90
gfortran -c -w -ffree-form -ffree-line-length-none -fconvert=big-endian -frecord-marker=4  c1f5kf.f90
rm -f -f z1f5kf.f90
/lib/cpp -P -DEM_CORE=1 -DNMM_CORE=0 -DNMM_MAX_DIM=2600 -DCOAMPS_CORE=0 -DDA_CORE=0 -DEXP_CORE=0 -DIWORDSIZE=4 -DDWORDSIZE=8 -DRWORDSIZE=4 -DLWORDSIZE=4 -DNONSTANDARD_SYSTEM_SUBR  -DWRF_USE_CLM -DNO_IEEE_MODULE  -DDM_PARALLEL -DNETCDF -DUSE_ALLOCATABLES -DGRIB1 -DINTIO -DKEEP_INT_AROUND -DLIMIT_ARGS -DCONFIG_BUF_LEN=65536 -DMAX_DOMAINS_F=21 -DMAX_HISTORY=25 -DNMM_NEST=0  -I. -traditional  cfftmf.F  > cfftmf.f90
gfortran -c -w -ffree-form -ffree-line-length-none -fconvert=big-endian -frecord-marker=4  cfftmf.f90
rm -f -f cfftmf.f90
/lib/cpp -P -DEM_CORE=1 -DNMM_CORE=0 -DNMM_MAX_DIM=2600 -DCOAMPS_CORE=0 -DDA_CORE=0 -DEXP_CORE=0 -DIWORDSIZE=4 -DDWORDSIZE=8 -DRWORDSIZE=4 -DLWORDSIZE=4 -DNONSTANDARD_SYSTEM_SUBR  -DWRF_USE_CLM -DNO_IEEE_MODULE  -DDM_PARALLEL -DNETCDF -DUSE_ALLOCATABLES -DGRIB1 -DINTIO -DKEEP_INT_AROUND -DLIMIT_ARGS -DCONFIG_BUF_LEN=65536 -DMAX_DOMAINS_F=21 -DMAX_HISTORY=25 -DNMM_NEST=0  -I. -traditional  cmfm1b.F  > cmfm1b.f90
gfortran -c -w -ffree-form -ffree-line-length-none -fconvert=big-endian -frecord-marker=4  cmfm1b.f90
rm -f -f cmfm1b.f90
/lib/cpp -P -DEM_CORE=1 -DNMM_CORE=0 -DNMM_MAX_DIM=2600 -DCOAMPS_CORE=0 -DDA_CORE=0 -DEXP_CORE=0 -DIWORDSIZE=4 -DDWORDSIZE=8 -DRWORDSIZE=4 -DLWORDSIZE=4 -DNONSTANDARD_SYSTEM_SUBR  -DWRF_USE_CLM -DNO_IEEE_MODULE  -DDM_PARALLEL -DNETCDF -DUSE_ALLOCATABLES -DGRIB1 -DINTIO -DKEEP_INT_AROUND -DLIMIT_ARGS -DCONFIG_BUF_LEN=65536 -DMAX_DOMAINS_F=21 -DMAX_HISTORY=25 -DNMM_NEST=0  -I. -traditional  cost1i.F  > cost1i.f90
gfortran -c -w -ffree-form -ffree-line-length-none -fconvert=big-endian -frecord-marker=4  cost1i.f90
rm -f -f c1f5kf.f90
/lib/cpp -P -DEM_CORE=1 -DNMM_CORE=0 -DNMM_MAX_DIM=2600 -DCOAMPS_CORE=0 -DDA_CORE=0 -DEXP_CORE=0 -DIWORDSIZE=4 -DDWORDSIZE=8 -DRWORDSIZE=4 -DLWORDSIZE=4 -DNONSTANDARD_SYSTEM_SUBR  -DWRF_USE_CLM -DNO_IEEE_MODULE  -DDM_PARALLEL -DNETCDF -DUSE_ALLOCATABLES -DGRIB1 -DINTIO -DKEEP_INT_AROUND -DLIMIT_ARGS -DCONFIG_BUF_LEN=65536 -DMAX_DOMAINS_F=21 -DMAX_HISTORY=25 -DNMM_NEST=0  -I. -traditional  d1f5kb.F  > d1f5kb.f90
gfortran -c -w -ffree-form -ffree-line-length-none -fconvert=big-endian -frecord-marker=4  d1f5kb.f90
rm -f -f cost1i.f90
/lib/cpp -P -DEM_CORE=1 -DNMM_CORE=0 -DNMM_MAX_DIM=2600 -DCOAMPS_CORE=0 -DDA_CORE=0 -DEXP_CORE=0 -DIWORDSIZE=4 -DDWORDSIZE=8 -DRWORDSIZE=4 -DLWORDSIZE=4 -DNONSTANDARD_SYSTEM_SUBR  -DWRF_USE_CLM -DNO_IEEE_MODULE  -DDM_PARALLEL -DNETCDF -DUSE_ALLOCATABLES -DGRIB1 -DINTIO -DKEEP_INT_AROUND -DLIMIT_ARGS -DCONFIG_BUF_LEN=65536 -DMAX_DOMAINS_F=21 -DMAX_HISTORY=25 -DNMM_NEST=0  -I. -traditional  dcostb1.F  > dcostb1.f90
gfortran -c -w -ffree-form -ffree-line-length-none -fconvert=big-endian -frecord-marker=4  dcostb1.f90
rm -f -f dcostb1.f90
/lib/cpp -P -DEM_CORE=1 -DNMM_CORE=0 -DNMM_MAX_DIM=2600 -DCOAMPS_CORE=0 -DDA_CORE=0 -DEXP_CORE=0 -DIWORDSIZE=4 -DDWORDSIZE=8 -DRWORDSIZE=4 -DLWORDSIZE=4 -DNONSTANDARD_SYSTEM_SUBR  -DWRF_USE_CLM -DNO_IEEE_MODULE  -DDM_PARALLEL -DNETCDF -DUSE_ALLOCATABLES -DGRIB1 -DINTIO -DKEEP_INT_AROUND -DLIMIT_ARGS -DCONFIG_BUF_LEN=65536 -DMAX_DOMAINS_F=21 -DMAX_HISTORY=25 -DNMM_NEST=0  -I. -traditional  dsintf1.F  > dsintf1.f90
gfortran -c -w -ffree-form -ffree-line-length-none -fconvert=big-endian -frecord-marker=4  dsintf1.f90
rm -f -f dsintf1.f90
/lib/cpp -P -DEM_CORE=1 -DNMM_CORE=0 -DNMM_MAX_DIM=2600 -DCOAMPS_CORE=0 -DDA_CORE=0 -DEXP_CORE=0 -DIWORDSIZE=4 -DDWORDSIZE=8 -DRWORDSIZE=4 -DLWORDSIZE=4 -DNONSTANDARD_SYSTEM_SUBR  -DWRF_USE_CLM -DNO_IEEE_MODULE  -DDM_PARALLEL -DNETCDF -DUSE_ALLOCATABLES -DGRIB1 -DINTIO -DKEEP_INT_AROUND -DLIMIT_ARGS -DCONFIG_BUF_LEN=65536 -DMAX_DOMAINS_F=21 -DMAX_HISTORY=25 -DNMM_NEST=0  -I. -traditional  mradf4.F  > mradf4.f90
gfortran -c -w -ffree-form -ffree-line-length-none -fconvert=big-endian -frecord-marker=4  mradf4.f90
rm -f -f d1f5kb.f90
/lib/cpp -P -DEM_CORE=1 -DNMM_CORE=0 -DNMM_MAX_DIM=2600 -DCOAMPS_CORE=0 -DDA_CORE=0 -DEXP_CORE=0 -DIWORDSIZE=4 -DDWORDSIZE=8 -DRWORDSIZE=4 -DLWORDSIZE=4 -DNONSTANDARD_SYSTEM_SUBR  -DWRF_USE_CLM -DNO_IEEE_MODULE  -DDM_PARALLEL -DNETCDF -DUSE_ALLOCATABLES -DGRIB1 -DINTIO -DKEEP_INT_AROUND -DLIMIT_ARGS -DCONFIG_BUF_LEN=65536 -DMAX_DOMAINS_F=21 -DMAX_HISTORY=25 -DNMM_NEST=0  -I. -traditional  r1f4kb.F  > r1f4kb.f90
gfortran -c -w -ffree-form -ffree-line-length-none -fconvert=big-endian -frecord-marker=4  r1f4kb.f90
rm -f -f mradf4.f90
/lib/cpp -P -DEM_CORE=1 -DNMM_CORE=0 -DNMM_MAX_DIM=2600 -DCOAMPS_CORE=0 -DDA_CORE=0 -DEXP_CORE=0 -DIWORDSIZE=4 -DDWORDSIZE=8 -DRWORDSIZE=4 -DLWORDSIZE=4 -DNONSTANDARD_SYSTEM_SUBR  -DWRF_USE_CLM -DNO_IEEE_MODULE  -DDM_PARALLEL -DNETCDF -DUSE_ALLOCATABLES -DGRIB1 -DINTIO -DKEEP_INT_AROUND -DLIMIT_ARGS -DCONFIG_BUF_LEN=65536 -DMAX_DOMAINS_F=21 -DMAX_HISTORY=25 -DNMM_NEST=0  -I. -traditional  rfft1b.F  > rfft1b.f90
gfortran -c -w -ffree-form -ffree-line-length-none -fconvert=big-endian -frecord-marker=4  rfft1b.f90
rm -f -f rfft1b.f90
/lib/cpp -P -DEM_CORE=1 -DNMM_CORE=0 -DNMM_MAX_DIM=2600 -DCOAMPS_CORE=0 -DDA_CORE=0 -DEXP_CORE=0 -DIWORDSIZE=4 -DDWORDSIZE=8 -DRWORDSIZE=4 -DLWORDSIZE=4 -DNONSTANDARD_SYSTEM_SUBR  -DWRF_USE_CLM -DNO_IEEE_MODULE  -DDM_PARALLEL -DNETCDF -DUSE_ALLOCATABLES -DGRIB1 -DINTIO -DKEEP_INT_AROUND -DLIMIT_ARGS -DCONFIG_BUF_LEN=65536 -DMAX_DOMAINS_F=21 -DMAX_HISTORY=25 -DNMM_NEST=0  -I. -traditional  sinq1b.F  > sinq1b.f90
gfortran -c -w -ffree-form -ffree-line-length-none -fconvert=big-endian -frecord-marker=4  sinq1b.f90
rm -f -f r1f4kb.f90
/lib/cpp -P -DEM_CORE=1 -DNMM_CORE=0 -DNMM_MAX_DIM=2600 -DCOAMPS_CORE=0 -DDA_CORE=0 -DEXP_CORE=0 -DIWORDSIZE=4 -DDWORDSIZE=8 -DRWORDSIZE=4 -DLWORDSIZE=4 -DNONSTANDARD_SYSTEM_SUBR  -DWRF_USE_CLM -DNO_IEEE_MODULE  -DDM_PARALLEL -DNETCDF -DUSE_ALLOCATABLES -DGRIB1 -DINTIO -DKEEP_INT_AROUND -DLIMIT_ARGS -DCONFIG_BUF_LEN=65536 -DMAX_DOMAINS_F=21 -DMAX_HISTORY=25 -DNMM_NEST=0  -I. -traditional  sintmf.F  > sintmf.f90
gfortran -c -w -ffree-form -ffree-line-length-none -fconvert=big-endian -frecord-marker=4  sintmf.f90
rm -f -f sinq1b.f90
/lib/cpp -P -DEM_CORE=1 -DNMM_CORE=0 -DNMM_MAX_DIM=2600 -DCOAMPS_CORE=0 -DDA_CORE=0 -DEXP_CORE=0 -DIWORDSIZE=4 -DDWORDSIZE=8 -DRWORDSIZE=4 -DLWORDSIZE=4 -DNONSTANDARD_SYSTEM_SUBR  -DWRF_USE_CLM -DNO_IEEE_MODULE  -DDM_PARALLEL -DNETCDF -DUSE_ALLOCATABLES -DGRIB1 -DINTIO -DKEEP_INT_AROUND -DLIMIT_ARGS -DCONFIG_BUF_LEN=65536 -DMAX_DOMAINS_F=21 -DMAX_HISTORY=25 -DNMM_NEST=0  -I. -traditional  z1fgkb.F  > z1fgkb.f90
rm -f -f sintmf.f90
/lib/cpp -P -DEM_CORE=1 -DNMM_CORE=0 -DNMM_MAX_DIM=2600 -DCOAMPS_CORE=0 -DDA_CORE=0 -DEXP_CORE=0 -DIWORDSIZE=4 -DDWORDSIZE=8 -DRWORDSIZE=4 -DLWORDSIZE=4 -DNONSTANDARD_SYSTEM_SUBR  -DWRF_USE_CLM -DNO_IEEE_MODULE  -DDM_PARALLEL -DNETCDF -DUSE_ALLOCATABLES -DGRIB1 -DINTIO -DKEEP_INT_AROUND -DLIMIT_ARGS -DCONFIG_BUF_LEN=65536 -DMAX_DOMAINS_F=21 -DMAX_HISTORY=25 -DNMM_NEST=0  -I. -traditional  zfftmi.F  > zfftmi.f90
gfortran -c -w -ffree-form -ffree-line-length-none -fconvert=big-endian -frecord-marker=4  z1fgkb.f90
gfortran -c -w -ffree-form -ffree-line-length-none -fconvert=big-endian -frecord-marker=4  zfftmi.f90
rm -f -f zfftmi.f90
/lib/cpp -P -DEM_CORE=1 -DNMM_CORE=0 -DNMM_MAX_DIM=2600 -DCOAMPS_CORE=0 -DDA_CORE=0 -DEXP_CORE=0 -DIWORDSIZE=4 -DDWORDSIZE=8 -DRWORDSIZE=4 -DLWORDSIZE=4 -DNONSTANDARD_SYSTEM_SUBR  -DWRF_USE_CLM -DNO_IEEE_MODULE  -DDM_PARALLEL -DNETCDF -DUSE_ALLOCATABLES -DGRIB1 -DINTIO -DKEEP_INT_AROUND -DLIMIT_ARGS -DCONFIG_BUF_LEN=65536 -DMAX_DOMAINS_F=21 -DMAX_HISTORY=25 -DNMM_NEST=0  -I. -traditional  zmfm1f.F  > zmfm1f.f90
gfortran -c -w -ffree-form -ffree-line-length-none -fconvert=big-endian -frecord-marker=4  zmfm1f.f90
rm -f -f zmfm1f.f90
/lib/cpp -P -DEM_CORE=1 -DNMM_CORE=0 -DNMM_MAX_DIM=2600 -DCOAMPS_CORE=0 -DDA_CORE=0 -DEXP_CORE=0 -DIWORDSIZE=4 -DDWORDSIZE=8 -DRWORDSIZE=4 -DLWORDSIZE=4 -DNONSTANDARD_SYSTEM_SUBR  -DWRF_USE_CLM -DNO_IEEE_MODULE  -DDM_PARALLEL -DNETCDF -DUSE_ALLOCATABLES -DGRIB1 -DINTIO -DKEEP_INT_AROUND -DLIMIT_ARGS -DCONFIG_BUF_LEN=65536 -DMAX_DOMAINS_F=21 -DMAX_HISTORY=25 -DNMM_NEST=0  -I. -traditional  c1fgkb.F  > c1fgkb.f90
rm -f -f z1fgkb.f90
gfortran -c -w -ffree-form -ffree-line-length-none -fconvert=big-endian -frecord-marker=4  c1fgkb.f90
/lib/cpp -P -DEM_CORE=1 -DNMM_CORE=0 -DNMM_MAX_DIM=2600 -DCOAMPS_CORE=0 -DDA_CORE=0 -DEXP_CORE=0 -DIWORDSIZE=4 -DDWORDSIZE=8 -DRWORDSIZE=4 -DLWORDSIZE=4 -DNONSTANDARD_SYSTEM_SUBR  -DWRF_USE_CLM -DNO_IEEE_MODULE  -DDM_PARALLEL -DNETCDF -DUSE_ALLOCATABLES -DGRIB1 -DINTIO -DKEEP_INT_AROUND -DLIMIT_ARGS -DCONFIG_BUF_LEN=65536 -DMAX_DOMAINS_F=21 -DMAX_HISTORY=25 -DNMM_NEST=0  -I. -traditional  cfftmi.F  > cfftmi.f90
gfortran -c -w -ffree-form -ffree-line-length-none -fconvert=big-endian -frecord-marker=4  cfftmi.f90
rm -f -f cfftmi.f90
/lib/cpp -P -DEM_CORE=1 -DNMM_CORE=0 -DNMM_MAX_DIM=2600 -DCOAMPS_CORE=0 -DDA_CORE=0 -DEXP_CORE=0 -DIWORDSIZE=4 -DDWORDSIZE=8 -DRWORDSIZE=4 -DLWORDSIZE=4 -DNONSTANDARD_SYSTEM_SUBR  -DWRF_USE_CLM -DNO_IEEE_MODULE  -DDM_PARALLEL -DNETCDF -DUSE_ALLOCATABLES -DGRIB1 -DINTIO -DKEEP_INT_AROUND -DLIMIT_ARGS -DCONFIG_BUF_LEN=65536 -DMAX_DOMAINS_F=21 -DMAX_HISTORY=25 -DNMM_NEST=0  -I. -traditional  cmfm1f.F  > cmfm1f.f90
gfortran -c -w -ffree-form -ffree-line-length-none -fconvert=big-endian -frecord-marker=4  cmfm1f.f90
rm -f -f cmfm1f.f90
/lib/cpp -P -DEM_CORE=1 -DNMM_CORE=0 -DNMM_MAX_DIM=2600 -DCOAMPS_CORE=0 -DDA_CORE=0 -DEXP_CORE=0 -DIWORDSIZE=4 -DDWORDSIZE=8 -DRWORDSIZE=4 -DLWORDSIZE=4 -DNONSTANDARD_SYSTEM_SUBR  -DWRF_USE_CLM -DNO_IEEE_MODULE  -DDM_PARALLEL -DNETCDF -DUSE_ALLOCATABLES -DGRIB1 -DINTIO -DKEEP_INT_AROUND -DLIMIT_ARGS -DCONFIG_BUF_LEN=65536 -DMAX_DOMAINS_F=21 -DMAX_HISTORY=25 -DNMM_NEST=0  -I. -traditional  costb1.F  > costb1.f90
rm -f -f c1fgkb.f90
/lib/cpp -P -DEM_CORE=1 -DNMM_CORE=0 -DNMM_MAX_DIM=2600 -DCOAMPS_CORE=0 -DDA_CORE=0 -DEXP_CORE=0 -DIWORDSIZE=4 -DDWORDSIZE=8 -DRWORDSIZE=4 -DLWORDSIZE=4 -DNONSTANDARD_SYSTEM_SUBR  -DWRF_USE_CLM -DNO_IEEE_MODULE  -DDM_PARALLEL -DNETCDF -DUSE_ALLOCATABLES -DGRIB1 -DINTIO -DKEEP_INT_AROUND -DLIMIT_ARGS -DCONFIG_BUF_LEN=65536 -DMAX_DOMAINS_F=21 -DMAX_HISTORY=25 -DNMM_NEST=0  -I. -traditional  d1f5kf.F  > d1f5kf.f90
gfortran -c -w -ffree-form -ffree-line-length-none -fconvert=big-endian -frecord-marker=4  costb1.f90
gfortran -c -w -ffree-form -ffree-line-length-none -fconvert=big-endian -frecord-marker=4  d1f5kf.f90
rm -f -f costb1.f90
/lib/cpp -P -DEM_CORE=1 -DNMM_CORE=0 -DNMM_MAX_DIM=2600 -DCOAMPS_CORE=0 -DDA_CORE=0 -DEXP_CORE=0 -DIWORDSIZE=4 -DDWORDSIZE=8 -DRWORDSIZE=4 -DLWORDSIZE=4 -DNONSTANDARD_SYSTEM_SUBR  -DWRF_USE_CLM -DNO_IEEE_MODULE  -DDM_PARALLEL -DNETCDF -DUSE_ALLOCATABLES -DGRIB1 -DINTIO -DKEEP_INT_AROUND -DLIMIT_ARGS -DCONFIG_BUF_LEN=65536 -DMAX_DOMAINS_F=21 -DMAX_HISTORY=25 -DNMM_NEST=0  -I. -traditional  dcostf1.F  > dcostf1.f90
gfortran -c -w -ffree-form -ffree-line-length-none -fconvert=big-endian -frecord-marker=4  dcostf1.f90
rm -f -f dcostf1.f90
/lib/cpp -P -DEM_CORE=1 -DNMM_CORE=0 -DNMM_MAX_DIM=2600 -DCOAMPS_CORE=0 -DDA_CORE=0 -DEXP_CORE=0 -DIWORDSIZE=4 -DDWORDSIZE=8 -DRWORDSIZE=4 -DLWORDSIZE=4 -DNONSTANDARD_SYSTEM_SUBR  -DWRF_USE_CLM -DNO_IEEE_MODULE  -DDM_PARALLEL -DNETCDF -DUSE_ALLOCATABLES -DGRIB1 -DINTIO -DKEEP_INT_AROUND -DLIMIT_ARGS -DCONFIG_BUF_LEN=65536 -DMAX_DOMAINS_F=21 -DMAX_HISTORY=25 -DNMM_NEST=0  -I. -traditional  mcsqb1.F  > mcsqb1.f90
gfortran -c -w -ffree-form -ffree-line-length-none -fconvert=big-endian -frecord-marker=4  mcsqb1.f90
rm -f -f mcsqb1.f90
/lib/cpp -P -DEM_CORE=1 -DNMM_CORE=0 -DNMM_MAX_DIM=2600 -DCOAMPS_CORE=0 -DDA_CORE=0 -DEXP_CORE=0 -DIWORDSIZE=4 -DDWORDSIZE=8 -DRWORDSIZE=4 -DLWORDSIZE=4 -DNONSTANDARD_SYSTEM_SUBR  -DWRF_USE_CLM -DNO_IEEE_MODULE  -DDM_PARALLEL -DNETCDF -DUSE_ALLOCATABLES -DGRIB1 -DINTIO -DKEEP_INT_AROUND -DLIMIT_ARGS -DCONFIG_BUF_LEN=65536 -DMAX_DOMAINS_F=21 -DMAX_HISTORY=25 -DNMM_NEST=0  -I. -traditional  mradf5.F  > mradf5.f90
gfortran -c -w -ffree-form -ffree-line-length-none -fconvert=big-endian -frecord-marker=4  mradf5.f90
rm -f -f d1f5kf.f90
/lib/cpp -P -DEM_CORE=1 -DNMM_CORE=0 -DNMM_MAX_DIM=2600 -DCOAMPS_CORE=0 -DDA_CORE=0 -DEXP_CORE=0 -DIWORDSIZE=4 -DDWORDSIZE=8 -DRWORDSIZE=4 -DLWORDSIZE=4 -DNONSTANDARD_SYSTEM_SUBR  -DWRF_USE_CLM -DNO_IEEE_MODULE  -DDM_PARALLEL -DNETCDF -DUSE_ALLOCATABLES -DGRIB1 -DINTIO -DKEEP_INT_AROUND -DLIMIT_ARGS -DCONFIG_BUF_LEN=65536 -DMAX_DOMAINS_F=21 -DMAX_HISTORY=25 -DNMM_NEST=0  -I. -traditional  r1f4kf.F  > r1f4kf.f90
gfortran -c -w -ffree-form -ffree-line-length-none -fconvert=big-endian -frecord-marker=4  r1f4kf.f90
rm -f -f r1f4kf.f90
/lib/cpp -P -DEM_CORE=1 -DNMM_CORE=0 -DNMM_MAX_DIM=2600 -DCOAMPS_CORE=0 -DDA_CORE=0 -DEXP_CORE=0 -DIWORDSIZE=4 -DDWORDSIZE=8 -DRWORDSIZE=4 -DLWORDSIZE=4 -DNONSTANDARD_SYSTEM_SUBR  -DWRF_USE_CLM -DNO_IEEE_MODULE  -DDM_PARALLEL -DNETCDF -DUSE_ALLOCATABLES -DGRIB1 -DINTIO -DKEEP_INT_AROUND -DLIMIT_ARGS -DCONFIG_BUF_LEN=65536 -DMAX_DOMAINS_F=21 -DMAX_HISTORY=25 -DNMM_NEST=0  -I. -traditional  rfft1f.F  > rfft1f.f90
gfortran -c -w -ffree-form -ffree-line-length-none -fconvert=big-endian -frecord-marker=4  rfft1f.f90
rm -f -f rfft1f.f90
/lib/cpp -P -DEM_CORE=1 -DNMM_CORE=0 -DNMM_MAX_DIM=2600 -DCOAMPS_CORE=0 -DDA_CORE=0 -DEXP_CORE=0 -DIWORDSIZE=4 -DDWORDSIZE=8 -DRWORDSIZE=4 -DLWORDSIZE=4 -DNONSTANDARD_SYSTEM_SUBR  -DWRF_USE_CLM -DNO_IEEE_MODULE  -DDM_PARALLEL -DNETCDF -DUSE_ALLOCATABLES -DGRIB1 -DINTIO -DKEEP_INT_AROUND -DLIMIT_ARGS -DCONFIG_BUF_LEN=65536 -DMAX_DOMAINS_F=21 -DMAX_HISTORY=25 -DNMM_NEST=0  -I. -traditional  sinq1f.F  > sinq1f.f90
gfortran -c -w -ffree-form -ffree-line-length-none -fconvert=big-endian -frecord-marker=4  sinq1f.f90
rm -f -f mradf5.f90
/lib/cpp -P -DEM_CORE=1 -DNMM_CORE=0 -DNMM_MAX_DIM=2600 -DCOAMPS_CORE=0 -DDA_CORE=0 -DEXP_CORE=0 -DIWORDSIZE=4 -DDWORDSIZE=8 -DRWORDSIZE=4 -DLWORDSIZE=4 -DNONSTANDARD_SYSTEM_SUBR  -DWRF_USE_CLM -DNO_IEEE_MODULE  -DDM_PARALLEL -DNETCDF -DUSE_ALLOCATABLES -DGRIB1 -DINTIO -DKEEP_INT_AROUND -DLIMIT_ARGS -DCONFIG_BUF_LEN=65536 -DMAX_DOMAINS_F=21 -DMAX_HISTORY=25 -DNMM_NEST=0  -I. -traditional  sintmi.F  > sintmi.f90
gfortran -c -w -ffree-form -ffree-line-length-none -fconvert=big-endian -frecord-marker=4  sintmi.f90
rm -f -f sinq1f.f90
/lib/cpp -P -DEM_CORE=1 -DNMM_CORE=0 -DNMM_MAX_DIM=2600 -DCOAMPS_CORE=0 -DDA_CORE=0 -DEXP_CORE=0 -DIWORDSIZE=4 -DDWORDSIZE=8 -DRWORDSIZE=4 -DLWORDSIZE=4 -DNONSTANDARD_SYSTEM_SUBR  -DWRF_USE_CLM -DNO_IEEE_MODULE  -DDM_PARALLEL -DNETCDF -DUSE_ALLOCATABLES -DGRIB1 -DINTIO -DKEEP_INT_AROUND -DLIMIT_ARGS -DCONFIG_BUF_LEN=65536 -DMAX_DOMAINS_F=21 -DMAX_HISTORY=25 -DNMM_NEST=0  -I. -traditional  z1fgkf.F  > z1fgkf.f90
gfortran -c -w -ffree-form -ffree-line-length-none -fconvert=big-endian -frecord-marker=4  z1fgkf.f90
rm -f -f sintmi.f90
/lib/cpp -P -DEM_CORE=1 -DNMM_CORE=0 -DNMM_MAX_DIM=2600 -DCOAMPS_CORE=0 -DDA_CORE=0 -DEXP_CORE=0 -DIWORDSIZE=4 -DDWORDSIZE=8 -DRWORDSIZE=4 -DLWORDSIZE=4 -DNONSTANDARD_SYSTEM_SUBR  -DWRF_USE_CLM -DNO_IEEE_MODULE  -DDM_PARALLEL -DNETCDF -DUSE_ALLOCATABLES -DGRIB1 -DINTIO -DKEEP_INT_AROUND -DLIMIT_ARGS -DCONFIG_BUF_LEN=65536 -DMAX_DOMAINS_F=21 -DMAX_HISTORY=25 -DNMM_NEST=0  -I. -traditional  zmf2kb.F  > zmf2kb.f90
gfortran -c -w -ffree-form -ffree-line-length-none -fconvert=big-endian -frecord-marker=4  zmf2kb.f90
rm -f -f zmf2kb.f90
/lib/cpp -P -DEM_CORE=1 -DNMM_CORE=0 -DNMM_MAX_DIM=2600 -DCOAMPS_CORE=0 -DDA_CORE=0 -DEXP_CORE=0 -DIWORDSIZE=4 -DDWORDSIZE=8 -DRWORDSIZE=4 -DLWORDSIZE=4 -DNONSTANDARD_SYSTEM_SUBR  -DWRF_USE_CLM -DNO_IEEE_MODULE  -DDM_PARALLEL -DNETCDF -DUSE_ALLOCATABLES -DGRIB1 -DINTIO -DKEEP_INT_AROUND -DLIMIT_ARGS -DCONFIG_BUF_LEN=65536 -DMAX_DOMAINS_F=21 -DMAX_HISTORY=25 -DNMM_NEST=0  -I. -traditional  c1fgkf.F  > c1fgkf.f90
gfortran -c -w -ffree-form -ffree-line-length-none -fconvert=big-endian -frecord-marker=4  c1fgkf.f90
rm -f -f z1fgkf.f90
/lib/cpp -P -DEM_CORE=1 -DNMM_CORE=0 -DNMM_MAX_DIM=2600 -DCOAMPS_CORE=0 -DDA_CORE=0 -DEXP_CORE=0 -DIWORDSIZE=4 -DDWORDSIZE=8 -DRWORDSIZE=4 -DLWORDSIZE=4 -DNONSTANDARD_SYSTEM_SUBR  -DWRF_USE_CLM -DNO_IEEE_MODULE  -DDM_PARALLEL -DNETCDF -DUSE_ALLOCATABLES -DGRIB1 -DINTIO -DKEEP_INT_AROUND -DLIMIT_ARGS -DCONFIG_BUF_LEN=65536 -DMAX_DOMAINS_F=21 -DMAX_HISTORY=25 -DNMM_NEST=0  -I. -traditional  cmf2kb.F  > cmf2kb.f90
gfortran -c -w -ffree-form -ffree-line-length-none -fconvert=big-endian -frecord-marker=4  cmf2kb.f90
rm -f -f cmf2kb.f90
/lib/cpp -P -DEM_CORE=1 -DNMM_CORE=0 -DNMM_MAX_DIM=2600 -DCOAMPS_CORE=0 -DDA_CORE=0 -DEXP_CORE=0 -DIWORDSIZE=4 -DDWORDSIZE=8 -DRWORDSIZE=4 -DLWORDSIZE=4 -DNONSTANDARD_SYSTEM_SUBR  -DWRF_USE_CLM -DNO_IEEE_MODULE  -DDM_PARALLEL -DNETCDF -DUSE_ALLOCATABLES -DGRIB1 -DINTIO -DKEEP_INT_AROUND -DLIMIT_ARGS -DCONFIG_BUF_LEN=65536 -DMAX_DOMAINS_F=21 -DMAX_HISTORY=25 -DNMM_NEST=0  -I. -traditional  cosq1b.F  > cosq1b.f90
gfortran -c -w -ffree-form -ffree-line-length-none -fconvert=big-endian -frecord-marker=4  cosq1b.f90
rm -f -f c1fgkf.f90
/lib/cpp -P -DEM_CORE=1 -DNMM_CORE=0 -DNMM_MAX_DIM=2600 -DCOAMPS_CORE=0 -DDA_CORE=0 -DEXP_CORE=0 -DIWORDSIZE=4 -DDWORDSIZE=8 -DRWORDSIZE=4 -DLWORDSIZE=4 -DNONSTANDARD_SYSTEM_SUBR  -DWRF_USE_CLM -DNO_IEEE_MODULE  -DDM_PARALLEL -DNETCDF -DUSE_ALLOCATABLES -DGRIB1 -DINTIO -DKEEP_INT_AROUND -DLIMIT_ARGS -DCONFIG_BUF_LEN=65536 -DMAX_DOMAINS_F=21 -DMAX_HISTORY=25 -DNMM_NEST=0  -I. -traditional  costf1.F  > costf1.f90
gfortran -c -w -ffree-form -ffree-line-length-none -fconvert=big-endian -frecord-marker=4  costf1.f90
rm -f -f cosq1b.f90
/lib/cpp -P -DEM_CORE=1 -DNMM_CORE=0 -DNMM_MAX_DIM=2600 -DCOAMPS_CORE=0 -DDA_CORE=0 -DEXP_CORE=0 -DIWORDSIZE=4 -DDWORDSIZE=8 -DRWORDSIZE=4 -DLWORDSIZE=4 -DNONSTANDARD_SYSTEM_SUBR  -DWRF_USE_CLM -DNO_IEEE_MODULE  -DDM_PARALLEL -DNETCDF -DUSE_ALLOCATABLES -DGRIB1 -DINTIO -DKEEP_INT_AROUND -DLIMIT_ARGS -DCONFIG_BUF_LEN=65536 -DMAX_DOMAINS_F=21 -DMAX_HISTORY=25 -DNMM_NEST=0  -I. -traditional  d1fgkb.F  > d1fgkb.f90
gfortran -c -w -ffree-form -ffree-line-length-none -fconvert=big-endian -frecord-marker=4  d1fgkb.f90
rm -f -f costf1.f90
/lib/cpp -P -DEM_CORE=1 -DNMM_CORE=0 -DNMM_MAX_DIM=2600 -DCOAMPS_CORE=0 -DDA_CORE=0 -DEXP_CORE=0 -DIWORDSIZE=4 -DDWORDSIZE=8 -DRWORDSIZE=4 -DLWORDSIZE=4 -DNONSTANDARD_SYSTEM_SUBR  -DWRF_USE_CLM -DNO_IEEE_MODULE  -DDM_PARALLEL -DNETCDF -DUSE_ALLOCATABLES -DGRIB1 -DINTIO -DKEEP_INT_AROUND -DLIMIT_ARGS -DCONFIG_BUF_LEN=65536 -DMAX_DOMAINS_F=21 -DMAX_HISTORY=25 -DNMM_NEST=0  -I. -traditional  dfft1b.F  > dfft1b.f90
gfortran -c -w -ffree-form -ffree-line-length-none -fconvert=big-endian -frecord-marker=4  dfft1b.f90
rm -f -f dfft1b.f90
/lib/cpp -P -DEM_CORE=1 -DNMM_CORE=0 -DNMM_MAX_DIM=2600 -DCOAMPS_CORE=0 -DDA_CORE=0 -DEXP_CORE=0 -DIWORDSIZE=4 -DDWORDSIZE=8 -DRWORDSIZE=4 -DLWORDSIZE=4 -DNONSTANDARD_SYSTEM_SUBR  -DWRF_USE_CLM -DNO_IEEE_MODULE  -DDM_PARALLEL -DNETCDF -DUSE_ALLOCATABLES -DGRIB1 -DINTIO -DKEEP_INT_AROUND -DLIMIT_ARGS -DCONFIG_BUF_LEN=65536 -DMAX_DOMAINS_F=21 -DMAX_HISTORY=25 -DNMM_NEST=0  -I. -traditional  mcsqf1.F  > mcsqf1.f90
gfortran -c -w -ffree-form -ffree-line-length-none -fconvert=big-endian -frecord-marker=4  mcsqf1.f90
rm -f -f d1fgkb.f90
/lib/cpp -P -DEM_CORE=1 -DNMM_CORE=0 -DNMM_MAX_DIM=2600 -DCOAMPS_CORE=0 -DDA_CORE=0 -DEXP_CORE=0 -DIWORDSIZE=4 -DDWORDSIZE=8 -DRWORDSIZE=4 -DLWORDSIZE=4 -DNONSTANDARD_SYSTEM_SUBR  -DWRF_USE_CLM -DNO_IEEE_MODULE  -DDM_PARALLEL -DNETCDF -DUSE_ALLOCATABLES -DGRIB1 -DINTIO -DKEEP_INT_AROUND -DLIMIT_ARGS -DCONFIG_BUF_LEN=65536 -DMAX_DOMAINS_F=21 -DMAX_HISTORY=25 -DNMM_NEST=0  -I. -traditional  mradfg.F  > mradfg.f90
rm -f -f mcsqf1.f90
/lib/cpp -P -DEM_CORE=1 -DNMM_CORE=0 -DNMM_MAX_DIM=2600 -DCOAMPS_CORE=0 -DDA_CORE=0 -DEXP_CORE=0 -DIWORDSIZE=4 -DDWORDSIZE=8 -DRWORDSIZE=4 -DLWORDSIZE=4 -DNONSTANDARD_SYSTEM_SUBR  -DWRF_USE_CLM -DNO_IEEE_MODULE  -DDM_PARALLEL -DNETCDF -DUSE_ALLOCATABLES -DGRIB1 -DINTIO -DKEEP_INT_AROUND -DLIMIT_ARGS -DCONFIG_BUF_LEN=65536 -DMAX_DOMAINS_F=21 -DMAX_HISTORY=25 -DNMM_NEST=0  -I. -traditional  r1f5kb.F  > r1f5kb.f90
gfortran -c -w -ffree-form -ffree-line-length-none -fconvert=big-endian -frecord-marker=4  mradfg.f90
gfortran -c -w -ffree-form -ffree-line-length-none -fconvert=big-endian -frecord-marker=4  r1f5kb.f90
rm -f -f mradfg.f90
/lib/cpp -P -DEM_CORE=1 -DNMM_CORE=0 -DNMM_MAX_DIM=2600 -DCOAMPS_CORE=0 -DDA_CORE=0 -DEXP_CORE=0 -DIWORDSIZE=4 -DDWORDSIZE=8 -DRWORDSIZE=4 -DLWORDSIZE=4 -DNONSTANDARD_SYSTEM_SUBR  -DWRF_USE_CLM -DNO_IEEE_MODULE  -DDM_PARALLEL -DNETCDF -DUSE_ALLOCATABLES -DGRIB1 -DINTIO -DKEEP_INT_AROUND -DLIMIT_ARGS -DCONFIG_BUF_LEN=65536 -DMAX_DOMAINS_F=21 -DMAX_HISTORY=25 -DNMM_NEST=0  -I. -traditional  rfft1i.F  > rfft1i.f90
gfortran -c -w -ffree-form -ffree-line-length-none -fconvert=big-endian -frecord-marker=4  rfft1i.f90
rm -f -f r1f5kb.f90
/lib/cpp -P -DEM_CORE=1 -DNMM_CORE=0 -DNMM_MAX_DIM=2600 -DCOAMPS_CORE=0 -DDA_CORE=0 -DEXP_CORE=0 -DIWORDSIZE=4 -DDWORDSIZE=8 -DRWORDSIZE=4 -DLWORDSIZE=4 -DNONSTANDARD_SYSTEM_SUBR  -DWRF_USE_CLM -DNO_IEEE_MODULE  -DDM_PARALLEL -DNETCDF -DUSE_ALLOCATABLES -DGRIB1 -DINTIO -DKEEP_INT_AROUND -DLIMIT_ARGS -DCONFIG_BUF_LEN=65536 -DMAX_DOMAINS_F=21 -DMAX_HISTORY=25 -DNMM_NEST=0  -I. -traditional  sinq1i.F  > sinq1i.f90
rm -f -f rfft1i.f90
/lib/cpp -P -DEM_CORE=1 -DNMM_CORE=0 -DNMM_MAX_DIM=2600 -DCOAMPS_CORE=0 -DDA_CORE=0 -DEXP_CORE=0 -DIWORDSIZE=4 -DDWORDSIZE=8 -DRWORDSIZE=4 -DLWORDSIZE=4 -DNONSTANDARD_SYSTEM_SUBR  -DWRF_USE_CLM -DNO_IEEE_MODULE  -DDM_PARALLEL -DNETCDF -DUSE_ALLOCATABLES -DGRIB1 -DINTIO -DKEEP_INT_AROUND -DLIMIT_ARGS -DCONFIG_BUF_LEN=65536 -DMAX_DOMAINS_F=21 -DMAX_HISTORY=25 -DNMM_NEST=0  -I. -traditional  xercon.F  > xercon.f90
gfortran -c -w -ffree-form -ffree-line-length-none -fconvert=big-endian -frecord-marker=4  sinq1i.f90
gfortran -c -w -ffree-form -ffree-line-length-none -fconvert=big-endian -frecord-marker=4  xercon.f90
rm -f -f sinq1i.f90
/lib/cpp -P -DEM_CORE=1 -DNMM_CORE=0 -DNMM_MAX_DIM=2600 -DCOAMPS_CORE=0 -DDA_CORE=0 -DEXP_CORE=0 -DIWORDSIZE=4 -DDWORDSIZE=8 -DRWORDSIZE=4 -DLWORDSIZE=4 -DNONSTANDARD_SYSTEM_SUBR  -DWRF_USE_CLM -DNO_IEEE_MODULE  -DDM_PARALLEL -DNETCDF -DUSE_ALLOCATABLES -DGRIB1 -DINTIO -DKEEP_INT_AROUND -DLIMIT_ARGS -DCONFIG_BUF_LEN=65536 -DMAX_DOMAINS_F=21 -DMAX_HISTORY=25 -DNMM_NEST=0  -I. -traditional  z1fm1b.F  > z1fm1b.f90
rm -f -f xercon.f90
/lib/cpp -P -DEM_CORE=1 -DNMM_CORE=0 -DNMM_MAX_DIM=2600 -DCOAMPS_CORE=0 -DDA_CORE=0 -DEXP_CORE=0 -DIWORDSIZE=4 -DDWORDSIZE=8 -DRWORDSIZE=4 -DLWORDSIZE=4 -DNONSTANDARD_SYSTEM_SUBR  -DWRF_USE_CLM -DNO_IEEE_MODULE  -DDM_PARALLEL -DNETCDF -DUSE_ALLOCATABLES -DGRIB1 -DINTIO -DKEEP_INT_AROUND -DLIMIT_ARGS -DCONFIG_BUF_LEN=65536 -DMAX_DOMAINS_F=21 -DMAX_HISTORY=25 -DNMM_NEST=0  -I. -traditional  zmf2kf.F  > zmf2kf.f90
gfortran -c -w -ffree-form -ffree-line-length-none -fconvert=big-endian -frecord-marker=4  z1fm1b.f90
gfortran -c -w -ffree-form -ffree-line-length-none -fconvert=big-endian -frecord-marker=4  zmf2kf.f90
rm -f -f z1fm1b.f90
/lib/cpp -P -DEM_CORE=1 -DNMM_CORE=0 -DNMM_MAX_DIM=2600 -DCOAMPS_CORE=0 -DDA_CORE=0 -DEXP_CORE=0 -DIWORDSIZE=4 -DDWORDSIZE=8 -DRWORDSIZE=4 -DLWORDSIZE=4 -DNONSTANDARD_SYSTEM_SUBR  -DWRF_USE_CLM -DNO_IEEE_MODULE  -DDM_PARALLEL -DNETCDF -DUSE_ALLOCATABLES -DGRIB1 -DINTIO -DKEEP_INT_AROUND -DLIMIT_ARGS -DCONFIG_BUF_LEN=65536 -DMAX_DOMAINS_F=21 -DMAX_HISTORY=25 -DNMM_NEST=0  -I. -traditional  c1fm1b.F  > c1fm1b.f90
gfortran -c -w -ffree-form -ffree-line-length-none -fconvert=big-endian -frecord-marker=4  c1fm1b.f90
rm -f -f zmf2kf.f90
/lib/cpp -P -DEM_CORE=1 -DNMM_CORE=0 -DNMM_MAX_DIM=2600 -DCOAMPS_CORE=0 -DDA_CORE=0 -DEXP_CORE=0 -DIWORDSIZE=4 -DDWORDSIZE=8 -DRWORDSIZE=4 -DLWORDSIZE=4 -DNONSTANDARD_SYSTEM_SUBR  -DWRF_USE_CLM -DNO_IEEE_MODULE  -DDM_PARALLEL -DNETCDF -DUSE_ALLOCATABLES -DGRIB1 -DINTIO -DKEEP_INT_AROUND -DLIMIT_ARGS -DCONFIG_BUF_LEN=65536 -DMAX_DOMAINS_F=21 -DMAX_HISTORY=25 -DNMM_NEST=0  -I. -traditional  cmf2kf.F  > cmf2kf.f90
rm -f -f c1fm1b.f90
/lib/cpp -P -DEM_CORE=1 -DNMM_CORE=0 -DNMM_MAX_DIM=2600 -DCOAMPS_CORE=0 -DDA_CORE=0 -DEXP_CORE=0 -DIWORDSIZE=4 -DDWORDSIZE=8 -DRWORDSIZE=4 -DLWORDSIZE=4 -DNONSTANDARD_SYSTEM_SUBR  -DWRF_USE_CLM -DNO_IEEE_MODULE  -DDM_PARALLEL -DNETCDF -DUSE_ALLOCATABLES -DGRIB1 -DINTIO -DKEEP_INT_AROUND -DLIMIT_ARGS -DCONFIG_BUF_LEN=65536 -DMAX_DOMAINS_F=21 -DMAX_HISTORY=25 -DNMM_NEST=0  -I. -traditional  cosq1f.F  > cosq1f.f90
gfortran -c -w -ffree-form -ffree-line-length-none -fconvert=big-endian -frecord-marker=4  cmf2kf.f90
gfortran -c -w -ffree-form -ffree-line-length-none -fconvert=big-endian -frecord-marker=4  cosq1f.f90
rm -f -f cosq1f.f90
/lib/cpp -P -DEM_CORE=1 -DNMM_CORE=0 -DNMM_MAX_DIM=2600 -DCOAMPS_CORE=0 -DDA_CORE=0 -DEXP_CORE=0 -DIWORDSIZE=4 -DDWORDSIZE=8 -DRWORDSIZE=4 -DLWORDSIZE=4 -DNONSTANDARD_SYSTEM_SUBR  -DWRF_USE_CLM -DNO_IEEE_MODULE  -DDM_PARALLEL -DNETCDF -DUSE_ALLOCATABLES -DGRIB1 -DINTIO -DKEEP_INT_AROUND -DLIMIT_ARGS -DCONFIG_BUF_LEN=65536 -DMAX_DOMAINS_F=21 -DMAX_HISTORY=25 -DNMM_NEST=0  -I. -traditional  costmb.F  > costmb.f90
gfortran -c -w -ffree-form -ffree-line-length-none -fconvert=big-endian -frecord-marker=4  costmb.f90
rm -f -f cmf2kf.f90
/lib/cpp -P -DEM_CORE=1 -DNMM_CORE=0 -DNMM_MAX_DIM=2600 -DCOAMPS_CORE=0 -DDA_CORE=0 -DEXP_CORE=0 -DIWORDSIZE=4 -DDWORDSIZE=8 -DRWORDSIZE=4 -DLWORDSIZE=4 -DNONSTANDARD_SYSTEM_SUBR  -DWRF_USE_CLM -DNO_IEEE_MODULE  -DDM_PARALLEL -DNETCDF -DUSE_ALLOCATABLES -DGRIB1 -DINTIO -DKEEP_INT_AROUND -DLIMIT_ARGS -DCONFIG_BUF_LEN=65536 -DMAX_DOMAINS_F=21 -DMAX_HISTORY=25 -DNMM_NEST=0  -I. -traditional  d1fgkf.F  > d1fgkf.f90
rm -f -f costmb.f90
/lib/cpp -P -DEM_CORE=1 -DNMM_CORE=0 -DNMM_MAX_DIM=2600 -DCOAMPS_CORE=0 -DDA_CORE=0 -DEXP_CORE=0 -DIWORDSIZE=4 -DDWORDSIZE=8 -DRWORDSIZE=4 -DLWORDSIZE=4 -DNONSTANDARD_SYSTEM_SUBR  -DWRF_USE_CLM -DNO_IEEE_MODULE  -DDM_PARALLEL -DNETCDF -DUSE_ALLOCATABLES -DGRIB1 -DINTIO -DKEEP_INT_AROUND -DLIMIT_ARGS -DCONFIG_BUF_LEN=65536 -DMAX_DOMAINS_F=21 -DMAX_HISTORY=25 -DNMM_NEST=0  -I. -traditional  dfft1f.F  > dfft1f.f90
gfortran -c -w -ffree-form -ffree-line-length-none -fconvert=big-endian -frecord-marker=4  d1fgkf.f90
gfortran -c -w -ffree-form -ffree-line-length-none -fconvert=big-endian -frecord-marker=4  dfft1f.f90
rm -f -f dfft1f.f90
/lib/cpp -P -DEM_CORE=1 -DNMM_CORE=0 -DNMM_MAX_DIM=2600 -DCOAMPS_CORE=0 -DDA_CORE=0 -DEXP_CORE=0 -DIWORDSIZE=4 -DDWORDSIZE=8 -DRWORDSIZE=4 -DLWORDSIZE=4 -DNONSTANDARD_SYSTEM_SUBR  -DWRF_USE_CLM -DNO_IEEE_MODULE  -DDM_PARALLEL -DNETCDF -DUSE_ALLOCATABLES -DGRIB1 -DINTIO -DKEEP_INT_AROUND -DLIMIT_ARGS -DCONFIG_BUF_LEN=65536 -DMAX_DOMAINS_F=21 -DMAX_HISTORY=25 -DNMM_NEST=0  -I. -traditional  mcstb1.F  > mcstb1.f90
gfortran -c -w -ffree-form -ffree-line-length-none -fconvert=big-endian -frecord-marker=4  mcstb1.f90
rm -f -f mcstb1.f90
/lib/cpp -P -DEM_CORE=1 -DNMM_CORE=0 -DNMM_MAX_DIM=2600 -DCOAMPS_CORE=0 -DDA_CORE=0 -DEXP_CORE=0 -DIWORDSIZE=4 -DDWORDSIZE=8 -DRWORDSIZE=4 -DLWORDSIZE=4 -DNONSTANDARD_SYSTEM_SUBR  -DWRF_USE_CLM -DNO_IEEE_MODULE  -DDM_PARALLEL -DNETCDF -DUSE_ALLOCATABLES -DGRIB1 -DINTIO -DKEEP_INT_AROUND -DLIMIT_ARGS -DCONFIG_BUF_LEN=65536 -DMAX_DOMAINS_F=21 -DMAX_HISTORY=25 -DNMM_NEST=0  -I. -traditional  mrftb1.F  > mrftb1.f90
gfortran -c -w -ffree-form -ffree-line-length-none -fconvert=big-endian -frecord-marker=4  mrftb1.f90
rm -f -f d1fgkf.f90
/lib/cpp -P -DEM_CORE=1 -DNMM_CORE=0 -DNMM_MAX_DIM=2600 -DCOAMPS_CORE=0 -DDA_CORE=0 -DEXP_CORE=0 -DIWORDSIZE=4 -DDWORDSIZE=8 -DRWORDSIZE=4 -DLWORDSIZE=4 -DNONSTANDARD_SYSTEM_SUBR  -DWRF_USE_CLM -DNO_IEEE_MODULE  -DDM_PARALLEL -DNETCDF -DUSE_ALLOCATABLES -DGRIB1 -DINTIO -DKEEP_INT_AROUND -DLIMIT_ARGS -DCONFIG_BUF_LEN=65536 -DMAX_DOMAINS_F=21 -DMAX_HISTORY=25 -DNMM_NEST=0  -I. -traditional  r1f5kf.F  > r1f5kf.f90
gfortran -c -w -ffree-form -ffree-line-length-none -fconvert=big-endian -frecord-marker=4  r1f5kf.f90
rm -f -f mrftb1.f90
/lib/cpp -P -DEM_CORE=1 -DNMM_CORE=0 -DNMM_MAX_DIM=2600 -DCOAMPS_CORE=0 -DDA_CORE=0 -DEXP_CORE=0 -DIWORDSIZE=4 -DDWORDSIZE=8 -DRWORDSIZE=4 -DLWORDSIZE=4 -DNONSTANDARD_SYSTEM_SUBR  -DWRF_USE_CLM -DNO_IEEE_MODULE  -DDM_PARALLEL -DNETCDF -DUSE_ALLOCATABLES -DGRIB1 -DINTIO -DKEEP_INT_AROUND -DLIMIT_ARGS -DCONFIG_BUF_LEN=65536 -DMAX_DOMAINS_F=21 -DMAX_HISTORY=25 -DNMM_NEST=0  -I. -traditional  rfft2b.F  > rfft2b.f90
gfortran -c -w -ffree-form -ffree-line-length-none -fconvert=big-endian -frecord-marker=4  rfft2b.f90
rm -f -f rfft2b.f90
/lib/cpp -P -DEM_CORE=1 -DNMM_CORE=0 -DNMM_MAX_DIM=2600 -DCOAMPS_CORE=0 -DDA_CORE=0 -DEXP_CORE=0 -DIWORDSIZE=4 -DDWORDSIZE=8 -DRWORDSIZE=4 -DLWORDSIZE=4 -DNONSTANDARD_SYSTEM_SUBR  -DWRF_USE_CLM -DNO_IEEE_MODULE  -DDM_PARALLEL -DNETCDF -DUSE_ALLOCATABLES -DGRIB1 -DINTIO -DKEEP_INT_AROUND -DLIMIT_ARGS -DCONFIG_BUF_LEN=65536 -DMAX_DOMAINS_F=21 -DMAX_HISTORY=25 -DNMM_NEST=0  -I. -traditional  sinqmb.F  > sinqmb.f90
gfortran -c -w -ffree-form -ffree-line-length-none -fconvert=big-endian -frecord-marker=4  sinqmb.f90
rm -f -f sinqmb.f90
/lib/cpp -P -DEM_CORE=1 -DNMM_CORE=0 -DNMM_MAX_DIM=2600 -DCOAMPS_CORE=0 -DDA_CORE=0 -DEXP_CORE=0 -DIWORDSIZE=4 -DDWORDSIZE=8 -DRWORDSIZE=4 -DLWORDSIZE=4 -DNONSTANDARD_SYSTEM_SUBR  -DWRF_USE_CLM -DNO_IEEE_MODULE  -DDM_PARALLEL -DNETCDF -DUSE_ALLOCATABLES -DGRIB1 -DINTIO -DKEEP_INT_AROUND -DLIMIT_ARGS -DCONFIG_BUF_LEN=65536 -DMAX_DOMAINS_F=21 -DMAX_HISTORY=25 -DNMM_NEST=0  -I. -traditional  xerfft.F  > xerfft.f90
gfortran -c -w -ffree-form -ffree-line-length-none -fconvert=big-endian -frecord-marker=4  xerfft.f90
rm -f -f xerfft.f90
/lib/cpp -P -DEM_CORE=1 -DNMM_CORE=0 -DNMM_MAX_DIM=2600 -DCOAMPS_CORE=0 -DDA_CORE=0 -DEXP_CORE=0 -DIWORDSIZE=4 -DDWORDSIZE=8 -DRWORDSIZE=4 -DLWORDSIZE=4 -DNONSTANDARD_SYSTEM_SUBR  -DWRF_USE_CLM -DNO_IEEE_MODULE  -DDM_PARALLEL -DNETCDF -DUSE_ALLOCATABLES -DGRIB1 -DINTIO -DKEEP_INT_AROUND -DLIMIT_ARGS -DCONFIG_BUF_LEN=65536 -DMAX_DOMAINS_F=21 -DMAX_HISTORY=25 -DNMM_NEST=0  -I. -traditional  z1fm1f.F  > z1fm1f.f90
gfortran -c -w -ffree-form -ffree-line-length-none -fconvert=big-endian -frecord-marker=4  z1fm1f.f90
rm -f -f z1fm1f.f90
/lib/cpp -P -DEM_CORE=1 -DNMM_CORE=0 -DNMM_MAX_DIM=2600 -DCOAMPS_CORE=0 -DDA_CORE=0 -DEXP_CORE=0 -DIWORDSIZE=4 -DDWORDSIZE=8 -DRWORDSIZE=4 -DLWORDSIZE=4 -DNONSTANDARD_SYSTEM_SUBR  -DWRF_USE_CLM -DNO_IEEE_MODULE  -DDM_PARALLEL -DNETCDF -DUSE_ALLOCATABLES -DGRIB1 -DINTIO -DKEEP_INT_AROUND -DLIMIT_ARGS -DCONFIG_BUF_LEN=65536 -DMAX_DOMAINS_F=21 -DMAX_HISTORY=25 -DNMM_NEST=0  -I. -traditional  zmf3kb.F  > zmf3kb.f90
rm -f -f r1f5kf.f90
/lib/cpp -P -DEM_CORE=1 -DNMM_CORE=0 -DNMM_MAX_DIM=2600 -DCOAMPS_CORE=0 -DDA_CORE=0 -DEXP_CORE=0 -DIWORDSIZE=4 -DDWORDSIZE=8 -DRWORDSIZE=4 -DLWORDSIZE=4 -DNONSTANDARD_SYSTEM_SUBR  -DWRF_USE_CLM -DNO_IEEE_MODULE  -DDM_PARALLEL -DNETCDF -DUSE_ALLOCATABLES -DGRIB1 -DINTIO -DKEEP_INT_AROUND -DLIMIT_ARGS -DCONFIG_BUF_LEN=65536 -DMAX_DOMAINS_F=21 -DMAX_HISTORY=25 -DNMM_NEST=0  -I. -traditional  c1fm1f.F  > c1fm1f.f90
gfortran -c -w -ffree-form -ffree-line-length-none -fconvert=big-endian -frecord-marker=4  zmf3kb.f90
gfortran -c -w -ffree-form -ffree-line-length-none -fconvert=big-endian -frecord-marker=4  c1fm1f.f90
rm -f -f c1fm1f.f90
/lib/cpp -P -DEM_CORE=1 -DNMM_CORE=0 -DNMM_MAX_DIM=2600 -DCOAMPS_CORE=0 -DDA_CORE=0 -DEXP_CORE=0 -DIWORDSIZE=4 -DDWORDSIZE=8 -DRWORDSIZE=4 -DLWORDSIZE=4 -DNONSTANDARD_SYSTEM_SUBR  -DWRF_USE_CLM -DNO_IEEE_MODULE  -DDM_PARALLEL -DNETCDF -DUSE_ALLOCATABLES -DGRIB1 -DINTIO -DKEEP_INT_AROUND -DLIMIT_ARGS -DCONFIG_BUF_LEN=65536 -DMAX_DOMAINS_F=21 -DMAX_HISTORY=25 -DNMM_NEST=0  -I. -traditional  cmf3kb.F  > cmf3kb.f90
gfortran -c -w -ffree-form -ffree-line-length-none -fconvert=big-endian -frecord-marker=4  cmf3kb.f90
rm -f -f zmf3kb.f90
/lib/cpp -P -DEM_CORE=1 -DNMM_CORE=0 -DNMM_MAX_DIM=2600 -DCOAMPS_CORE=0 -DDA_CORE=0 -DEXP_CORE=0 -DIWORDSIZE=4 -DDWORDSIZE=8 -DRWORDSIZE=4 -DLWORDSIZE=4 -DNONSTANDARD_SYSTEM_SUBR  -DWRF_USE_CLM -DNO_IEEE_MODULE  -DDM_PARALLEL -DNETCDF -DUSE_ALLOCATABLES -DGRIB1 -DINTIO -DKEEP_INT_AROUND -DLIMIT_ARGS -DCONFIG_BUF_LEN=65536 -DMAX_DOMAINS_F=21 -DMAX_HISTORY=25 -DNMM_NEST=0  -I. -traditional  cosq1i.F  > cosq1i.f90
gfortran -c -w -ffree-form -ffree-line-length-none -fconvert=big-endian -frecord-marker=4  cosq1i.f90
rm -f -f cosq1i.f90
/lib/cpp -P -DEM_CORE=1 -DNMM_CORE=0 -DNMM_MAX_DIM=2600 -DCOAMPS_CORE=0 -DDA_CORE=0 -DEXP_CORE=0 -DIWORDSIZE=4 -DDWORDSIZE=8 -DRWORDSIZE=4 -DLWORDSIZE=4 -DNONSTANDARD_SYSTEM_SUBR  -DWRF_USE_CLM -DNO_IEEE_MODULE  -DDM_PARALLEL -DNETCDF -DUSE_ALLOCATABLES -DGRIB1 -DINTIO -DKEEP_INT_AROUND -DLIMIT_ARGS -DCONFIG_BUF_LEN=65536 -DMAX_DOMAINS_F=21 -DMAX_HISTORY=25 -DNMM_NEST=0  -I. -traditional  costmf.F  > costmf.f90
gfortran -c -w -ffree-form -ffree-line-length-none -fconvert=big-endian -frecord-marker=4  costmf.f90
rm -f -f cmf3kb.f90
/lib/cpp -P -DEM_CORE=1 -DNMM_CORE=0 -DNMM_MAX_DIM=2600 -DCOAMPS_CORE=0 -DDA_CORE=0 -DEXP_CORE=0 -DIWORDSIZE=4 -DDWORDSIZE=8 -DRWORDSIZE=4 -DLWORDSIZE=4 -DNONSTANDARD_SYSTEM_SUBR  -DWRF_USE_CLM -DNO_IEEE_MODULE  -DDM_PARALLEL -DNETCDF -DUSE_ALLOCATABLES -DGRIB1 -DINTIO -DKEEP_INT_AROUND -DLIMIT_ARGS -DCONFIG_BUF_LEN=65536 -DMAX_DOMAINS_F=21 -DMAX_HISTORY=25 -DNMM_NEST=0  -I. -traditional  dcosq1b.F  > dcosq1b.f90
gfortran -c -w -ffree-form -ffree-line-length-none -fconvert=big-endian -frecord-marker=4  dcosq1b.f90
rm -f -f costmf.f90
/lib/cpp -P -DEM_CORE=1 -DNMM_CORE=0 -DNMM_MAX_DIM=2600 -DCOAMPS_CORE=0 -DDA_CORE=0 -DEXP_CORE=0 -DIWORDSIZE=4 -DDWORDSIZE=8 -DRWORDSIZE=4 -DLWORDSIZE=4 -DNONSTANDARD_SYSTEM_SUBR  -DWRF_USE_CLM -DNO_IEEE_MODULE  -DDM_PARALLEL -DNETCDF -DUSE_ALLOCATABLES -DGRIB1 -DINTIO -DKEEP_INT_AROUND -DLIMIT_ARGS -DCONFIG_BUF_LEN=65536 -DMAX_DOMAINS_F=21 -DMAX_HISTORY=25 -DNMM_NEST=0  -I. -traditional  dfft1i.F  > dfft1i.f90
gfortran -c -w -ffree-form -ffree-line-length-none -fconvert=big-endian -frecord-marker=4  dfft1i.f90
rm -f -f dcosq1b.f90
/lib/cpp -P -DEM_CORE=1 -DNMM_CORE=0 -DNMM_MAX_DIM=2600 -DCOAMPS_CORE=0 -DDA_CORE=0 -DEXP_CORE=0 -DIWORDSIZE=4 -DDWORDSIZE=8 -DRWORDSIZE=4 -DLWORDSIZE=4 -DNONSTANDARD_SYSTEM_SUBR  -DWRF_USE_CLM -DNO_IEEE_MODULE  -DDM_PARALLEL -DNETCDF -DUSE_ALLOCATABLES -DGRIB1 -DINTIO -DKEEP_INT_AROUND -DLIMIT_ARGS -DCONFIG_BUF_LEN=65536 -DMAX_DOMAINS_F=21 -DMAX_HISTORY=25 -DNMM_NEST=0  -I. -traditional  mcstf1.F  > mcstf1.f90
gfortran -c -w -ffree-form -ffree-line-length-none -fconvert=big-endian -frecord-marker=4  mcstf1.f90
rm -f -f dfft1i.f90
/lib/cpp -P -DEM_CORE=1 -DNMM_CORE=0 -DNMM_MAX_DIM=2600 -DCOAMPS_CORE=0 -DDA_CORE=0 -DEXP_CORE=0 -DIWORDSIZE=4 -DDWORDSIZE=8 -DRWORDSIZE=4 -DLWORDSIZE=4 -DNONSTANDARD_SYSTEM_SUBR  -DWRF_USE_CLM -DNO_IEEE_MODULE  -DDM_PARALLEL -DNETCDF -DUSE_ALLOCATABLES -DGRIB1 -DINTIO -DKEEP_INT_AROUND -DLIMIT_ARGS -DCONFIG_BUF_LEN=65536 -DMAX_DOMAINS_F=21 -DMAX_HISTORY=25 -DNMM_NEST=0  -I. -traditional  mrftf1.F  > mrftf1.f90
gfortran -c -w -ffree-form -ffree-line-length-none -fconvert=big-endian -frecord-marker=4  mrftf1.f90
rm -f -f mcstf1.f90
/lib/cpp -P -DEM_CORE=1 -DNMM_CORE=0 -DNMM_MAX_DIM=2600 -DCOAMPS_CORE=0 -DDA_CORE=0 -DEXP_CORE=0 -DIWORDSIZE=4 -DDWORDSIZE=8 -DRWORDSIZE=4 -DLWORDSIZE=4 -DNONSTANDARD_SYSTEM_SUBR  -DWRF_USE_CLM -DNO_IEEE_MODULE  -DDM_PARALLEL -DNETCDF -DUSE_ALLOCATABLES -DGRIB1 -DINTIO -DKEEP_INT_AROUND -DLIMIT_ARGS -DCONFIG_BUF_LEN=65536 -DMAX_DOMAINS_F=21 -DMAX_HISTORY=25 -DNMM_NEST=0  -I. -traditional  r1fgkb.F  > r1fgkb.f90
gfortran -c -w -ffree-form -ffree-line-length-none -fconvert=big-endian -frecord-marker=4  r1fgkb.f90
rm -f -f mrftf1.f90
/lib/cpp -P -DEM_CORE=1 -DNMM_CORE=0 -DNMM_MAX_DIM=2600 -DCOAMPS_CORE=0 -DDA_CORE=0 -DEXP_CORE=0 -DIWORDSIZE=4 -DDWORDSIZE=8 -DRWORDSIZE=4 -DLWORDSIZE=4 -DNONSTANDARD_SYSTEM_SUBR  -DWRF_USE_CLM -DNO_IEEE_MODULE  -DDM_PARALLEL -DNETCDF -DUSE_ALLOCATABLES -DGRIB1 -DINTIO -DKEEP_INT_AROUND -DLIMIT_ARGS -DCONFIG_BUF_LEN=65536 -DMAX_DOMAINS_F=21 -DMAX_HISTORY=25 -DNMM_NEST=0  -I. -traditional  rfft2f.F  > rfft2f.f90
gfortran -c -w -ffree-form -ffree-line-length-none -fconvert=big-endian -frecord-marker=4  rfft2f.f90
rm -f -f rfft2f.f90
/lib/cpp -P -DEM_CORE=1 -DNMM_CORE=0 -DNMM_MAX_DIM=2600 -DCOAMPS_CORE=0 -DDA_CORE=0 -DEXP_CORE=0 -DIWORDSIZE=4 -DDWORDSIZE=8 -DRWORDSIZE=4 -DLWORDSIZE=4 -DNONSTANDARD_SYSTEM_SUBR  -DWRF_USE_CLM -DNO_IEEE_MODULE  -DDM_PARALLEL -DNETCDF -DUSE_ALLOCATABLES -DGRIB1 -DINTIO -DKEEP_INT_AROUND -DLIMIT_ARGS -DCONFIG_BUF_LEN=65536 -DMAX_DOMAINS_F=21 -DMAX_HISTORY=25 -DNMM_NEST=0  -I. -traditional  sinqmf.F  > sinqmf.f90
gfortran -c -w -ffree-form -ffree-line-length-none -fconvert=big-endian -frecord-marker=4  sinqmf.f90
rm -f -f sinqmf.f90
/lib/cpp -P -DEM_CORE=1 -DNMM_CORE=0 -DNMM_MAX_DIM=2600 -DCOAMPS_CORE=0 -DDA_CORE=0 -DEXP_CORE=0 -DIWORDSIZE=4 -DDWORDSIZE=8 -DRWORDSIZE=4 -DLWORDSIZE=4 -DNONSTANDARD_SYSTEM_SUBR  -DWRF_USE_CLM -DNO_IEEE_MODULE  -DDM_PARALLEL -DNETCDF -DUSE_ALLOCATABLES -DGRIB1 -DINTIO -DKEEP_INT_AROUND -DLIMIT_ARGS -DCONFIG_BUF_LEN=65536 -DMAX_DOMAINS_F=21 -DMAX_HISTORY=25 -DNMM_NEST=0  -I. -traditional  z1f2kb.F  > z1f2kb.f90
gfortran -c -w -ffree-form -ffree-line-length-none -fconvert=big-endian -frecord-marker=4  z1f2kb.f90
rm -f -f r1fgkb.f90
/lib/cpp -P -DEM_CORE=1 -DNMM_CORE=0 -DNMM_MAX_DIM=2600 -DCOAMPS_CORE=0 -DDA_CORE=0 -DEXP_CORE=0 -DIWORDSIZE=4 -DDWORDSIZE=8 -DRWORDSIZE=4 -DLWORDSIZE=4 -DNONSTANDARD_SYSTEM_SUBR  -DWRF_USE_CLM -DNO_IEEE_MODULE  -DDM_PARALLEL -DNETCDF -DUSE_ALLOCATABLES -DGRIB1 -DINTIO -DKEEP_INT_AROUND -DLIMIT_ARGS -DCONFIG_BUF_LEN=65536 -DMAX_DOMAINS_F=21 -DMAX_HISTORY=25 -DNMM_NEST=0  -I. -traditional  zfft1b.F  > zfft1b.f90
gfortran -c -w -ffree-form -ffree-line-length-none -fconvert=big-endian -frecord-marker=4  zfft1b.f90
rm -f -f z1f2kb.f90
/lib/cpp -P -DEM_CORE=1 -DNMM_CORE=0 -DNMM_MAX_DIM=2600 -DCOAMPS_CORE=0 -DDA_CORE=0 -DEXP_CORE=0 -DIWORDSIZE=4 -DDWORDSIZE=8 -DRWORDSIZE=4 -DLWORDSIZE=4 -DNONSTANDARD_SYSTEM_SUBR  -DWRF_USE_CLM -DNO_IEEE_MODULE  -DDM_PARALLEL -DNETCDF -DUSE_ALLOCATABLES -DGRIB1 -DINTIO -DKEEP_INT_AROUND -DLIMIT_ARGS -DCONFIG_BUF_LEN=65536 -DMAX_DOMAINS_F=21 -DMAX_HISTORY=25 -DNMM_NEST=0  -I. -traditional  zmf3kf.F  > zmf3kf.f90
rm -f -f zfft1b.f90
gfortran -c -w -ffree-form -ffree-line-length-none -fconvert=big-endian -frecord-marker=4  zmf3kf.f90
rm -f -f zmf3kf.f90
ar ru libfftpack.a c1f2kb.o  cfft1b.o  cmf3kf.o  cosqb1.o  costmi.o   dcosq1f.o  dfftb1.o   mradb2.o  mrfti1.o  r1fgkf.o     rfft2i.o  sinqmi.o  z1f2kf.o  zfft1f.o  zmf4kb.o c1f2kf.o  cfft1f.o  cmf4kb.o  cosqf1.o  d1f2kb.o   dcosq1i.o  dfftf1.o   mradb3.o  msntb1.o  r4_factor.o  rfftb1.o  sint1b.o  z1f3kb.o  zfft1i.o  zmf4kf.o c1f3kb.o  cfft1i.o  cmf4kf.o  cosqmb.o  d1f2kf.o   dcosqb1.o  dffti1.o   mradb4.o  msntf1.o  r4_mcfti1.o  rfftf1.o  sint1f.o  z1f3kf.o  zfft2b.o  zmf5kb.o c1f3kf.o  cfft2b.o  cmf5kb.o  cosqmf.o  d1f3kb.o   dcosqf1.o  dsint1b.o  mradb5.o  r1f2kb.o  r4_tables.o  rffti1.o  sint1i.o  z1f4kb.o  zfft2f.o  zmf5kf.o c1f4kb.o  cfft2f.o  cmf5kf.o  cosqmi.o  d1f3kf.o   dcost1b.o  dsint1f.o  mradbg.o  r1f2kf.o  r8_factor.o  rfftmb.o  sintb1.o  z1f4kf.o  zfft2i.o  zmfgkb.o c1f4kf.o  cfft2i.o  cmfgkb.o  cost1b.o  d1f4kb.o   dcost1f.o  dsint1i.o  mradf2.o  r1f3kb.o  r8_mcfti1.o  rfftmf.o  sintf1.o  z1f5kb.o  zfftmb.o  zmfgkf.o c1f5kb.o  cfftmb.o  cmfgkf.o  cost1f.o  d1f4kf.o   dcost1i.o  dsintb1.o  mradf3.o  r1f3kf.o  r8_tables.o  rfftmi.o  sintmb.o  z1f5kf.o  zfftmf.o  zmfm1b.o c1f5kf.o  cfftmf.o  cmfm1b.o  cost1i.o  d1f5kb.o   dcostb1.o  dsintf1.o  mradf4.o  r1f4kb.o  rfft1b.o     sinq1b.o  sintmf.o  z1fgkb.o  zfftmi.o  zmfm1f.o c1fgkb.o  cfftmi.o  cmfm1f.o  costb1.o  d1f5kf.o   dcostf1.o  mcsqb1.o   mradf5.o  r1f4kf.o  rfft1f.o     sinq1f.o  sintmi.o  z1fgkf.o  zmf2kb.o c1fgkf.o  cmf2kb.o  cosq1b.o  costf1.o  d1fgkb.o   dfft1b.o   mcsqf1.o   mradfg.o  r1f5kb.o  rfft1i.o     sinq1i.o  xercon.o  z1fm1b.o  zmf2kf.o c1fm1b.o  cmf2kf.o  cosq1f.o  costmb.o  d1fgkf.o   dfft1f.o   mcstb1.o   mrftb1.o  r1f5kf.o  rfft2b.o     sinqmb.o  xerfft.o  z1fm1f.o  zmf3kb.o c1fm1f.o  cmf3kb.o  cosq1i.o  costmf.o  dcosq1b.o  dfft1i.o   mcstf1.o   mrftf1.o  r1fgkb.o  rfft2f.o     sinqmf.o  z1f2kb.o  zfft1b.o  zmf3kf.o 
ar: creating libfftpack.a
ranlib libfftpack.a
make[3]: Leaving directory `/home/saji/WRF/compile/WRF3.8/oml_sst/external/fftpack/fftpack5'
( cd /home/saji/WRF/compile/WRF3.8/oml_sst/external/RSL_LITE ; make -j 2 CC="mpicc -cc=gcc -DMPI2_SUPPORT -DFSEEKO64_OK  -w -O3 -c  -DDM_PARALLEL -DMAX_HISTORY=25 -DNMM_CORE=0" \
          FC="time mpif90  -O2 -ftree-vectorize -funroll-loops -w -ffree-form -ffree-line-length-none -fconvert=big-endian -frecord-marker=4    -fconvert=big-endian -frecord-marker=4" \
          CPP="/lib/cpp -P -I. -DEM_CORE=1 -DNMM_CORE=0 -DNMM_MAX_DIM=2600 -DCOAMPS_CORE=0 -DDA_CORE=0 -DEXP_CORE=0 -DIWORDSIZE=4 -DDWORDSIZE=8 -DRWORDSIZE=4 -DLWORDSIZE=4 -DNONSTANDARD_SYSTEM_SUBR  -DWRF_USE_CLM -DNO_IEEE_MODULE  -DDM_PARALLEL -DNETCDF -DUSE_ALLOCATABLES -DGRIB1 -DINTIO -DKEEP_INT_AROUND -DLIMIT_ARGS -DCONFIG_BUF_LEN=65536 -DMAX_DOMAINS_F=21 -DMAX_HISTORY=25 -DNMM_NEST=0  -traditional" AR="ar" ARFLAGS="ru" ;\
          ranlib /home/saji/WRF/compile/WRF3.8/oml_sst/external/RSL_LITE/librsl_lite.a )
make[3]: Entering directory `/home/saji/WRF/compile/WRF3.8/oml_sst/external/RSL_LITE'
mpicc -cc=gcc -DMPI2_SUPPORT -DFSEEKO64_OK  -w -O3 -c  -DDM_PARALLEL -DMAX_HISTORY=25 -DNMM_CORE=0  -c c_code.c
mpicc -cc=gcc -DMPI2_SUPPORT -DFSEEKO64_OK  -w -O3 -c  -DDM_PARALLEL -DMAX_HISTORY=25 -DNMM_CORE=0  -c buf_for_proc.c
gcc: unrecognized option '-cc=gcc'
gcc: unrecognized option '-cc=gcc'
mpicc -cc=gcc -DMPI2_SUPPORT -DFSEEKO64_OK  -w -O3 -c  -DDM_PARALLEL -DMAX_HISTORY=25 -DNMM_CORE=0  -c rsl_malloc.c
gcc: unrecognized option '-cc=gcc'
mpicc -cc=gcc -DMPI2_SUPPORT -DFSEEKO64_OK  -w -O3 -c  -DDM_PARALLEL -DMAX_HISTORY=25 -DNMM_CORE=0  -c rsl_bcast.c
gcc: unrecognized option '-cc=gcc'
mpicc -cc=gcc -DMPI2_SUPPORT -DFSEEKO64_OK  -w -O3 -c  -DDM_PARALLEL -DMAX_HISTORY=25 -DNMM_CORE=0  -c task_for_point.c
gcc: unrecognized option '-cc=gcc'
mpicc -cc=gcc -DMPI2_SUPPORT -DFSEEKO64_OK  -w -O3 -c  -DDM_PARALLEL -DMAX_HISTORY=25 -DNMM_CORE=0  -c period.c
gcc: unrecognized option '-cc=gcc'
mpicc -cc=gcc -DMPI2_SUPPORT -DFSEEKO64_OK  -w -O3 -c  -DDM_PARALLEL -DMAX_HISTORY=25 -DNMM_CORE=0  -c swap.c
gcc: unrecognized option '-cc=gcc'
mpicc -cc=gcc -DMPI2_SUPPORT -DFSEEKO64_OK  -w -O3 -c  -DDM_PARALLEL -DMAX_HISTORY=25 -DNMM_CORE=0  -c cycle.c
gcc: unrecognized option '-cc=gcc'
/lib/cpp -P -I. -DEM_CORE=1 -DNMM_CORE=0 -DNMM_MAX_DIM=2600 -DCOAMPS_CORE=0 -DDA_CORE=0 -DEXP_CORE=0 -DIWORDSIZE=4 -DDWORDSIZE=8 -DRWORDSIZE=4 -DLWORDSIZE=4 -DNONSTANDARD_SYSTEM_SUBR  -DWRF_USE_CLM -DNO_IEEE_MODULE  -DDM_PARALLEL -DNETCDF -DUSE_ALLOCATABLES -DGRIB1 -DINTIO -DKEEP_INT_AROUND -DLIMIT_ARGS -DCONFIG_BUF_LEN=65536 -DMAX_DOMAINS_F=21 -DMAX_HISTORY=25 -DNMM_NEST=0  -traditional  f_pack.F90 > f_pack.f
time mpif90  -O2 -ftree-vectorize -funroll-loops -w -ffree-form -ffree-line-length-none -fconvert=big-endian -frecord-marker=4    -fconvert=big-endian -frecord-marker=4 -o f_pack.o  -c f_pack.f
1.62user 0.04system 0:01.65elapsed 100%CPU (0avgtext+0avgdata 138368maxresident)k
0inputs+520outputs (0major+11085minor)pagefaults 0swaps
/lib/cpp -P -I. -DEM_CORE=1 -DNMM_CORE=0 -DNMM_MAX_DIM=2600 -DCOAMPS_CORE=0 -DDA_CORE=0 -DEXP_CORE=0 -DIWORDSIZE=4 -DDWORDSIZE=8 -DRWORDSIZE=4 -DLWORDSIZE=4 -DNONSTANDARD_SYSTEM_SUBR  -DWRF_USE_CLM -DNO_IEEE_MODULE  -DDM_PARALLEL -DNETCDF -DUSE_ALLOCATABLES -DGRIB1 -DINTIO -DKEEP_INT_AROUND -DLIMIT_ARGS -DCONFIG_BUF_LEN=65536 -DMAX_DOMAINS_F=21 -DMAX_HISTORY=25 -DNMM_NEST=0  -traditional f_xpose.F90 > f_xpose.f
time mpif90  -O2 -ftree-vectorize -funroll-loops -w -ffree-form -ffree-line-length-none -fconvert=big-endian -frecord-marker=4    -fconvert=big-endian -frecord-marker=4 -o f_xpose.o  -c f_xpose.f
1.29user 0.02system 0:01.31elapsed 100%CPU (0avgtext+0avgdata 136784maxresident)k
0inputs+376outputs (0major+11466minor)pagefaults 0swaps
/bin/rm -f librsl_lite.a
ar cr librsl_lite.a c_code.o buf_for_proc.o rsl_malloc.o rsl_bcast.o task_for_point.o period.o swap.o cycle.o f_pack.o f_xpose.o
make[3]: Leaving directory `/home/saji/WRF/compile/WRF3.8/oml_sst/external/RSL_LITE'
( if [ ! -e /home/saji/WRF/compile/WRF3.8/oml_sst/tools/gen_comms.c ] ; then \
          /bin/cp /home/saji/WRF/compile/WRF3.8/oml_sst/tools/gen_comms_warning /home/saji/WRF/compile/WRF3.8/oml_sst/tools/gen_comms.c ; \
          cat /home/saji/WRF/compile/WRF3.8/oml_sst/external/RSL_LITE/gen_comms.c >> /home/saji/WRF/compile/WRF3.8/oml_sst/tools/gen_comms.c ; fi )
( if [ ! -e module_dm.F ] ; then /bin/cp module_dm_warning module_dm.F ; \
          cat /home/saji/WRF/compile/WRF3.8/oml_sst/external/RSL_LITE/module_dm.F >> module_dm.F ; fi )
make[2]: Leaving directory `/home/saji/WRF/compile/WRF3.8/oml_sst/frame'
make[1]: Leaving directory `/home/saji/WRF/compile/WRF3.8/oml_sst'
make -i -r MODULE_DIRS="-I../dyn_em -I../dyn_nmm   -I/home/saji/WRF/compile/WRF3.8/oml_sst/external/esmf_time_f90  -I/home/saji/WRF/compile/WRF3.8/oml_sst/main -I/home/saji/WRF/compile/WRF3.8/oml_sst/external/io_netcdf -I/home/saji/WRF/compile/WRF3.8/oml_sst/external/io_int -I/home/saji/WRF/compile/WRF3.8/oml_sst/frame -I/home/saji/WRF/compile/WRF3.8/oml_sst/share -I/home/saji/WRF/compile/WRF3.8/oml_sst/phys -I/home/saji/WRF/compile/WRF3.8/oml_sst/chem -I/home/saji/WRF/compile/WRF3.8/oml_sst/inc -I/usr/include " toolsdir
make[1]: Entering directory `/home/saji/WRF/compile/WRF3.8/oml_sst'
--------------------------------------
( cd tools ; make -i -r CC_TOOLS_CFLAGS="-DNMM_CORE=0" CC_TOOLS="gcc  -DIWORDSIZE=4 -DMAX_HISTORY=25" )
make[2]: Entering directory `/home/saji/WRF/compile/WRF3.8/oml_sst/tools'
gcc  -DIWORDSIZE=4 -DMAX_HISTORY=25 -DNMM_CORE=0  -c -g  registry.c
gcc  -DIWORDSIZE=4 -DMAX_HISTORY=25 -DNMM_CORE=0  -c -g  my_strtok.c
gcc  -DIWORDSIZE=4 -DMAX_HISTORY=25 -DNMM_CORE=0  -c -g  reg_parse.c
gcc  -DIWORDSIZE=4 -DMAX_HISTORY=25 -DNMM_CORE=0  -c -g  data.c
gcc  -DIWORDSIZE=4 -DMAX_HISTORY=25 -DNMM_CORE=0  -c -g  type.c
gcc  -DIWORDSIZE=4 -DMAX_HISTORY=25 -DNMM_CORE=0  -c -g  misc.c
gcc  -DIWORDSIZE=4 -DMAX_HISTORY=25 -DNMM_CORE=0  -c -g  gen_defs.c
gcc  -DIWORDSIZE=4 -DMAX_HISTORY=25 -DNMM_CORE=0  -c -g  gen_allocs.c
gcc  -DIWORDSIZE=4 -DMAX_HISTORY=25 -DNMM_CORE=0  -c -g  gen_mod_state_descr.c
gcc  -DIWORDSIZE=4 -DMAX_HISTORY=25 -DNMM_CORE=0  -c -g  gen_scalar_indices.c
gcc  -DIWORDSIZE=4 -DMAX_HISTORY=25 -DNMM_CORE=0  -c -g  gen_args.c
gcc  -DIWORDSIZE=4 -DMAX_HISTORY=25 -DNMM_CORE=0  -c -g  gen_config.c
gcc  -DIWORDSIZE=4 -DMAX_HISTORY=25 -DNMM_CORE=0  -c -g  sym.c
sym.c: In function 'sym_init':
sym.c:77: warning: incompatible implicit declaration of built-in function 'exit'
sym.c: In function 'sym_forget':
sym.c:157: warning: incompatible implicit declaration of built-in function 'exit'
gcc  -DIWORDSIZE=4 -DMAX_HISTORY=25 -DNMM_CORE=0  -c -g  symtab_gen.c
gcc  -DIWORDSIZE=4 -DMAX_HISTORY=25 -DNMM_CORE=0  -c -g  gen_model_data_ord.c
gcc  -DIWORDSIZE=4 -DMAX_HISTORY=25 -DNMM_CORE=0  -c -g  gen_interp.c
gcc  -DIWORDSIZE=4 -DMAX_HISTORY=25 -DNMM_CORE=0  -c -g  gen_comms.c
gcc  -DIWORDSIZE=4 -DMAX_HISTORY=25 -DNMM_CORE=0  -c -g  gen_scalar_derefs.c
gcc  -DIWORDSIZE=4 -DMAX_HISTORY=25 -DNMM_CORE=0  -c -g  set_dim_strs.c
gcc  -DIWORDSIZE=4 -DMAX_HISTORY=25 -DNMM_CORE=0  -c -g  gen_wrf_io.c
gcc  -DIWORDSIZE=4 -DMAX_HISTORY=25 -DNMM_CORE=0  -c -g  gen_streams.c
gcc  -DIWORDSIZE=4 -DMAX_HISTORY=25 -DNMM_CORE=0  -c -g  standard.c
gcc  -DIWORDSIZE=4 -DMAX_HISTORY=25 -o standard.exe -g   standard.o
gcc  -DIWORDSIZE=4 -DMAX_HISTORY=25 -o registry -g   registry.o my_strtok.o reg_parse.o data.o type.o misc.o gen_defs.o gen_allocs.o gen_mod_state_descr.o gen_scalar_indices.o gen_args.o gen_config.o sym.o symtab_gen.o gen_model_data_ord.o gen_interp.o gen_comms.o gen_scalar_derefs.o set_dim_strs.o gen_wrf_io.o gen_streams.o
make[2]: Leaving directory `/home/saji/WRF/compile/WRF3.8/oml_sst/tools'
make[1]: Leaving directory `/home/saji/WRF/compile/WRF3.8/oml_sst'
/bin/rm -f main/libwrflib.a main/libwrflib.lib
make -i -r MODULE_DIRS="-I../dyn_em -I../dyn_nmm   -I/home/saji/WRF/compile/WRF3.8/oml_sst/external/esmf_time_f90  -I/home/saji/WRF/compile/WRF3.8/oml_sst/main -I/home/saji/WRF/compile/WRF3.8/oml_sst/external/io_netcdf -I/home/saji/WRF/compile/WRF3.8/oml_sst/external/io_int -I/home/saji/WRF/compile/WRF3.8/oml_sst/frame -I/home/saji/WRF/compile/WRF3.8/oml_sst/share -I/home/saji/WRF/compile/WRF3.8/oml_sst/phys -I/home/saji/WRF/compile/WRF3.8/oml_sst/chem -I/home/saji/WRF/compile/WRF3.8/oml_sst/inc -I/usr/include " framework
make[1]: Entering directory `/home/saji/WRF/compile/WRF3.8/oml_sst'
--------------------------------------
( cd frame ; make -i -r -j 2 framework; \
          cd ../external/io_netcdf ; \
          make -i -r NETCDFPATH="/usr" FC="time mpif90  -w -ffree-form -ffree-line-length-none -fconvert=big-endian -frecord-marker=4 " RANLIB="ranlib" \
               CPP="/lib/cpp -P" LDFLAGS=" -O2 -ftree-vectorize -funroll-loops -w -ffree-form -ffree-line-length-none -fconvert=big-endian -frecord-marker=4   " TRADFLAG="-traditional" ESMF_IO_LIB_EXT="-L/home/saji/WRF/compile/WRF3.8/oml_sst/external/esmf_time_f90 -lesmf_time" \
	       LIB_LOCAL="" \
               ESMF_MOD_DEPENDENCE="/home/saji/WRF/compile/WRF3.8/oml_sst/external/esmf_time_f90/module_utility.o" AR="INTERNAL_BUILD_ERROR_SHOULD_NOT_NEED_AR" diffwrf; \
          cd ../io_netcdf ; \
          make -i -r NETCDFPATH="/usr" FC="gfortran -w -ffree-form -ffree-line-length-none -fconvert=big-endian -frecord-marker=4 " RANLIB="ranlib" \
               CPP="/lib/cpp -P" LDFLAGS=" -O2 -ftree-vectorize -funroll-loops -w -ffree-form -ffree-line-length-none -fconvert=big-endian -frecord-marker=4   " TRADFLAG="-traditional" ESMF_IO_LIB_EXT="-L/home/saji/WRF/compile/WRF3.8/oml_sst/external/esmf_time_f90 -lesmf_time" \
	       LIB_LOCAL="" \
               ESMF_MOD_DEPENDENCE="/home/saji/WRF/compile/WRF3.8/oml_sst/external/esmf_time_f90/module_utility.o" AR="INTERNAL_BUILD_ERROR_SHOULD_NOT_NEED_AR"; \
          cd ../io_pio ; \
          echo SKIPPING PIO BUILD make -i -r NETCDFPATH="" FC="gfortran -w -ffree-form -ffree-line-length-none -fconvert=big-endian -frecord-marker=4 " RANLIB="ranlib" \
               CPP="/lib/cpp -P" LDFLAGS=" -O2 -ftree-vectorize -funroll-loops -w -ffree-form -ffree-line-length-none -fconvert=big-endian -frecord-marker=4   " TRADFLAG="-traditional" ESMF_IO_LIB_EXT="-L/home/saji/WRF/compile/WRF3.8/oml_sst/external/esmf_time_f90 -lesmf_time" \
	       LIB_LOCAL="" \
               ESMF_MOD_DEPENDENCE="/home/saji/WRF/compile/WRF3.8/oml_sst/external/esmf_time_f90/module_utility.o" AR="INTERNAL_BUILD_ERROR_SHOULD_NOT_NEED_AR"; \
          cd ../io_int ; \
          make -i -r SFC="gfortran -w -ffree-form -ffree-line-length-none -fconvert=big-endian -frecord-marker=4 " FC="gfortran -w -ffree-form -ffree-line-length-none -fconvert=big-endian -frecord-marker=4 " RANLIB="ranlib" CPP="/lib/cpp -P -DNONSTANDARD_SYSTEM_SUBR  -DWRF_USE_CLM -DNO_IEEE_MODULE" DM_FC="mpif90  -w -ffree-form -ffree-line-length-none -fconvert=big-endian -frecord-marker=4 "\
               TRADFLAG="-traditional" ESMF_IO_LIB_EXT="-L/home/saji/WRF/compile/WRF3.8/oml_sst/external/esmf_time_f90 -lesmf_time" \
               ESMF_MOD_DEPENDENCE="/home/saji/WRF/compile/WRF3.8/oml_sst/external/esmf_time_f90/module_utility.o" AR="INTERNAL_BUILD_ERROR_SHOULD_NOT_NEED_AR" diffwrf ; \
          cd ../../frame )
make[2]: Entering directory `/home/saji/WRF/compile/WRF3.8/oml_sst/frame'
( cd .. ; tools/registry -DEM_CORE=1 -DNMM_CORE=0 -DNMM_MAX_DIM=2600 -DCOAMPS_CORE=0 -DDA_CORE=0 -DEXP_CORE=0 -DIWORDSIZE=4 -DDWORDSIZE=8 -DRWORDSIZE=4 -DLWORDSIZE=4 -DNONSTANDARD_SYSTEM_SUBR  -DWRF_USE_CLM -DNO_IEEE_MODULE  -DDM_PARALLEL -DNETCDF -DUSE_ALLOCATABLES -DGRIB1 -DINTIO -DKEEP_INT_AROUND -DLIMIT_ARGS -DCONFIG_BUF_LEN=65536 -DMAX_DOMAINS_F=21 -DMAX_HISTORY=25 -DNMM_NEST=0  -DNEW_BDYS Registry/Registry ) ; 
rm -f wrf_shutdown.o
/lib/cpp -P -I/home/saji/WRF/compile/WRF3.8/oml_sst/inc -DEM_CORE=1 -DNMM_CORE=0 -DNMM_MAX_DIM=2600 -DCOAMPS_CORE=0 -DDA_CORE=0 -DEXP_CORE=0 -DIWORDSIZE=4 -DDWORDSIZE=8 -DRWORDSIZE=4 -DLWORDSIZE=4 -DNONSTANDARD_SYSTEM_SUBR  -DWRF_USE_CLM -DNO_IEEE_MODULE  -DDM_PARALLEL -DNETCDF -DUSE_ALLOCATABLES -DGRIB1 -DINTIO -DKEEP_INT_AROUND -DLIMIT_ARGS -DCONFIG_BUF_LEN=65536 -DMAX_DOMAINS_F=21 -DMAX_HISTORY=25 -DNMM_NEST=0  -I. -traditional   wrf_shutdown.F  > wrf_shutdown.bb
opening Registry/registry.dimspec
including Registry/registry.dimspec
/home/saji/WRF/compile/WRF3.8/oml_sst/tools/standard.exe wrf_shutdown.bb | /lib/cpp -P -traditional > wrf_shutdown.f90
rm -f wrf_shutdown.b wrf_shutdown.bb
opening Registry/Registry.EM_COMMON
including Registry/Registry.EM_COMMON
time mpif90  -o wrf_shutdown.o -c -O2 -ftree-vectorize -funroll-loops -w -ffree-form -ffree-line-length-none -fconvert=big-endian -frecord-marker=4   -I../dyn_em -I../dyn_nmm   -I/home/saji/WRF/compile/WRF3.8/oml_sst/external/esmf_time_f90  -I/home/saji/WRF/compile/WRF3.8/oml_sst/main -I/home/saji/WRF/compile/WRF3.8/oml_sst/external/io_netcdf -I/home/saji/WRF/compile/WRF3.8/oml_sst/external/io_int -I/home/saji/WRF/compile/WRF3.8/oml_sst/frame -I/home/saji/WRF/compile/WRF3.8/oml_sst/share -I/home/saji/WRF/compile/WRF3.8/oml_sst/phys -I/home/saji/WRF/compile/WRF3.8/oml_sst/chem -I/home/saji/WRF/compile/WRF3.8/oml_sst/inc -I/usr/include    wrf_shutdown.f90
0.01user 0.01system 0:00.02elapsed 133%CPU (0avgtext+0avgdata 29280maxresident)k
0inputs+16outputs (0major+3924minor)pagefaults 0swaps
rm -f clog.o
mpicc -cc=gcc -DMPI2_SUPPORT -DFSEEKO64_OK  -o clog.o -c -w -O3 -c  -DDM_PARALLEL -DMAX_HISTORY=25 -DNMM_CORE=0 clog.c
gcc: unrecognized option '-cc=gcc'
rm -f hires_timer.o
mpicc -cc=gcc -DMPI2_SUPPORT -DFSEEKO64_OK  -o hires_timer.o -c -w -O3 -c  -DDM_PARALLEL -DMAX_HISTORY=25 -DNMM_CORE=0 hires_timer.c
gcc: unrecognized option '-cc=gcc'
rm -f ../share/module_model_constants.o
/lib/cpp -P -I/home/saji/WRF/compile/WRF3.8/oml_sst/inc -DEM_CORE=1 -DNMM_CORE=0 -DNMM_MAX_DIM=2600 -DCOAMPS_CORE=0 -DDA_CORE=0 -DEXP_CORE=0 -DIWORDSIZE=4 -DDWORDSIZE=8 -DRWORDSIZE=4 -DLWORDSIZE=4 -DNONSTANDARD_SYSTEM_SUBR  -DWRF_USE_CLM -DNO_IEEE_MODULE  -DDM_PARALLEL -DNETCDF -DUSE_ALLOCATABLES -DGRIB1 -DINTIO -DKEEP_INT_AROUND -DLIMIT_ARGS -DCONFIG_BUF_LEN=65536 -DMAX_DOMAINS_F=21 -DMAX_HISTORY=25 -DNMM_NEST=0  -I. -traditional   ../share/module_model_constants.F  > ../share/module_model_constants.bb
/home/saji/WRF/compile/WRF3.8/oml_sst/tools/standard.exe ../share/module_model_constants.bb | /lib/cpp -P -traditional > ../share/module_model_constants.f90
rm -f ../share/module_model_constants.b ../share/module_model_constants.bb
time mpif90  -o ../share/module_model_constants.o -c -O2 -ftree-vectorize -funroll-loops -w -ffree-form -ffree-line-length-none -fconvert=big-endian -frecord-marker=4   -I../dyn_em -I../dyn_nmm   -I/home/saji/WRF/compile/WRF3.8/oml_sst/external/esmf_time_f90  -I/home/saji/WRF/compile/WRF3.8/oml_sst/main -I/home/saji/WRF/compile/WRF3.8/oml_sst/external/io_netcdf -I/home/saji/WRF/compile/WRF3.8/oml_sst/external/io_int -I/home/saji/WRF/compile/WRF3.8/oml_sst/frame -I/home/saji/WRF/compile/WRF3.8/oml_sst/share -I/home/saji/WRF/compile/WRF3.8/oml_sst/phys -I/home/saji/WRF/compile/WRF3.8/oml_sst/chem -I/home/saji/WRF/compile/WRF3.8/oml_sst/inc -I/usr/include    ../share/module_model_constants.f90
0.02user 0.00system 0:00.02elapsed 114%CPU (0avgtext+0avgdata 28240maxresident)k
0inputs+64outputs (0major+3856minor)pagefaults 0swaps
if [ "m4 -G" = NA ] ; then \
	  /bin/cp ../arch/md_calls.inc . ; \
	else \
	  m4 -G md_calls.m4 > md_calls.inc ; \
	fi
/lib/cpp -P -DEM_CORE=1 -DNMM_CORE=0 -DNMM_MAX_DIM=2600 -DCOAMPS_CORE=0 -DDA_CORE=0 -DEXP_CORE=0 -DIWORDSIZE=4 -DDWORDSIZE=8 -DRWORDSIZE=4 -DLWORDSIZE=4 -DNONSTANDARD_SYSTEM_SUBR  -DWRF_USE_CLM -DNO_IEEE_MODULE  -DDM_PARALLEL -DNETCDF -DUSE_ALLOCATABLES -DGRIB1 -DINTIO -DKEEP_INT_AROUND -DLIMIT_ARGS -DCONFIG_BUF_LEN=65536 -DMAX_DOMAINS_F=21 -DMAX_HISTORY=25 -DNMM_NEST=0  -I. -traditional  -I../inc module_internal_header_util.F > module_internal_header_util.f90
gfortran -c    -w -ffree-form -ffree-line-length-none -fconvert=big-endian -frecord-marker=4  module_internal_header_util.f90
mpicc -cc=gcc -DMPI2_SUPPORT -DFSEEKO64_OK  -c -w -O3 -c  -DDM_PARALLEL -DMAX_HISTORY=25 -DNMM_CORE=0 wrf_num_bytes_between.c
gcc: unrecognized option '-cc=gcc'
rm -f libmassv.o
/lib/cpp -P -I/home/saji/WRF/compile/WRF3.8/oml_sst/inc -DEM_CORE=1 -DNMM_CORE=0 -DNMM_MAX_DIM=2600 -DCOAMPS_CORE=0 -DDA_CORE=0 -DEXP_CORE=0 -DIWORDSIZE=4 -DDWORDSIZE=8 -DRWORDSIZE=4 -DLWORDSIZE=4 -DNONSTANDARD_SYSTEM_SUBR  -DWRF_USE_CLM -DNO_IEEE_MODULE  -DDM_PARALLEL -DNETCDF -DUSE_ALLOCATABLES -DGRIB1 -DINTIO -DKEEP_INT_AROUND -DLIMIT_ARGS -DCONFIG_BUF_LEN=65536 -DMAX_DOMAINS_F=21 -DMAX_HISTORY=25 -DNMM_NEST=0  -I. -traditional   libmassv.F  > libmassv.bb
/home/saji/WRF/compile/WRF3.8/oml_sst/tools/standard.exe libmassv.bb | /lib/cpp -P -traditional > libmassv.f90
rm -f libmassv.b libmassv.bb
time mpif90  -o libmassv.o -c -O2 -ftree-vectorize -funroll-loops -w -ffree-form -ffree-line-length-none -fconvert=big-endian -frecord-marker=4   -I../dyn_em -I../dyn_nmm   -I/home/saji/WRF/compile/WRF3.8/oml_sst/external/esmf_time_f90  -I/home/saji/WRF/compile/WRF3.8/oml_sst/main -I/home/saji/WRF/compile/WRF3.8/oml_sst/external/io_netcdf -I/home/saji/WRF/compile/WRF3.8/oml_sst/external/io_int -I/home/saji/WRF/compile/WRF3.8/oml_sst/frame -I/home/saji/WRF/compile/WRF3.8/oml_sst/share -I/home/saji/WRF/compile/WRF3.8/oml_sst/phys -I/home/saji/WRF/compile/WRF3.8/oml_sst/chem -I/home/saji/WRF/compile/WRF3.8/oml_sst/inc -I/usr/include    libmassv.f90
opening Registry/registry.io_boilerplate
including Registry/registry.io_boilerplate
opening Registry/io_boilerplate_temporary.inc
including Registry/io_boilerplate_temporary.inc
opening Registry/registry.fire
including Registry/registry.fire
opening Registry/registry.avgflx
including Registry/registry.avgflx
opening Registry/registry.stoch
including Registry/registry.stoch
opening Registry/registry.les
including Registry/registry.les
opening Registry/registry.cam
including Registry/registry.cam
opening Registry/registry.clm
including Registry/registry.clm
opening Registry/registry.ssib
including Registry/registry.ssib
opening Registry/registry.lake
including Registry/registry.lake
opening Registry/registry.diags
including Registry/registry.diags
opening Registry/registry.afwa
including Registry/registry.afwa
opening Registry/registry.sbm
including Registry/registry.sbm
opening Registry/registry.elec
including Registry/registry.elec
opening Registry/registry.bdy_perturb
including Registry/registry.bdy_perturb
0.86user 0.01system 0:00.88elapsed 100%CPU (0avgtext+0avgdata 87648maxresident)k
0inputs+360outputs (0major+7759minor)pagefaults 0swaps
rm -f collect_on_comm.o
mpicc -cc=gcc -DMPI2_SUPPORT -DFSEEKO64_OK  -o collect_on_comm.o -c -w -O3 -c  -DDM_PARALLEL -DMAX_HISTORY=25 -DNMM_CORE=0 collect_on_comm.c
gcc: unrecognized option '-cc=gcc'
mpicc -cc=gcc -DMPI2_SUPPORT -DFSEEKO64_OK  -c -w -O3 -c  -DDM_PARALLEL -DMAX_HISTORY=25 -DNMM_CORE=0 -DIWORDSIZE=4 pack_utils.c
gcc: unrecognized option '-cc=gcc'
rm -f module_wrf_error.o
/lib/cpp -P -I/home/saji/WRF/compile/WRF3.8/oml_sst/inc -DEM_CORE=1 -DNMM_CORE=0 -DNMM_MAX_DIM=2600 -DCOAMPS_CORE=0 -DDA_CORE=0 -DEXP_CORE=0 -DIWORDSIZE=4 -DDWORDSIZE=8 -DRWORDSIZE=4 -DLWORDSIZE=4 -DNONSTANDARD_SYSTEM_SUBR  -DWRF_USE_CLM -DNO_IEEE_MODULE  -DDM_PARALLEL -DNETCDF -DUSE_ALLOCATABLES -DGRIB1 -DINTIO -DKEEP_INT_AROUND -DLIMIT_ARGS -DCONFIG_BUF_LEN=65536 -DMAX_DOMAINS_F=21 -DMAX_HISTORY=25 -DNMM_NEST=0  -I. -traditional   module_wrf_error.F  > module_wrf_error.bb
/home/saji/WRF/compile/WRF3.8/oml_sst/tools/standard.exe module_wrf_error.bb | /lib/cpp -P -traditional > module_wrf_error.f90
rm -f module_wrf_error.b module_wrf_error.bb
time mpif90  -o module_wrf_error.o -c -O2 -ftree-vectorize -funroll-loops -w -ffree-form -ffree-line-length-none -fconvert=big-endian -frecord-marker=4   -I../dyn_em -I../dyn_nmm   -I/home/saji/WRF/compile/WRF3.8/oml_sst/external/esmf_time_f90  -I/home/saji/WRF/compile/WRF3.8/oml_sst/main -I/home/saji/WRF/compile/WRF3.8/oml_sst/external/io_netcdf -I/home/saji/WRF/compile/WRF3.8/oml_sst/external/io_int -I/home/saji/WRF/compile/WRF3.8/oml_sst/frame -I/home/saji/WRF/compile/WRF3.8/oml_sst/share -I/home/saji/WRF/compile/WRF3.8/oml_sst/phys -I/home/saji/WRF/compile/WRF3.8/oml_sst/chem -I/home/saji/WRF/compile/WRF3.8/oml_sst/inc -I/usr/include    module_wrf_error.f90
0.12user 0.02system 0:00.13elapsed 104%CPU (0avgtext+0avgdata 43504maxresident)k
0inputs+72outputs (0major+4856minor)pagefaults 0swaps
rm -f module_sm.o
/lib/cpp -P -I/home/saji/WRF/compile/WRF3.8/oml_sst/inc -DEM_CORE=1 -DNMM_CORE=0 -DNMM_MAX_DIM=2600 -DCOAMPS_CORE=0 -DDA_CORE=0 -DEXP_CORE=0 -DIWORDSIZE=4 -DDWORDSIZE=8 -DRWORDSIZE=4 -DLWORDSIZE=4 -DNONSTANDARD_SYSTEM_SUBR  -DWRF_USE_CLM -DNO_IEEE_MODULE  -DDM_PARALLEL -DNETCDF -DUSE_ALLOCATABLES -DGRIB1 -DINTIO -DKEEP_INT_AROUND -DLIMIT_ARGS -DCONFIG_BUF_LEN=65536 -DMAX_DOMAINS_F=21 -DMAX_HISTORY=25 -DNMM_NEST=0  -I. -traditional   module_sm.F  > module_sm.bb
/home/saji/WRF/compile/WRF3.8/oml_sst/tools/standard.exe module_sm.bb | /lib/cpp -P -traditional > module_sm.f90
rm -f module_sm.b module_sm.bb
time mpif90  -o module_sm.o -c -O2 -ftree-vectorize -funroll-loops -w -ffree-form -ffree-line-length-none -fconvert=big-endian -frecord-marker=4   -I../dyn_em -I../dyn_nmm   -I/home/saji/WRF/compile/WRF3.8/oml_sst/external/esmf_time_f90  -I/home/saji/WRF/compile/WRF3.8/oml_sst/main -I/home/saji/WRF/compile/WRF3.8/oml_sst/external/io_netcdf -I/home/saji/WRF/compile/WRF3.8/oml_sst/external/io_int -I/home/saji/WRF/compile/WRF3.8/oml_sst/frame -I/home/saji/WRF/compile/WRF3.8/oml_sst/share -I/home/saji/WRF/compile/WRF3.8/oml_sst/phys -I/home/saji/WRF/compile/WRF3.8/oml_sst/chem -I/home/saji/WRF/compile/WRF3.8/oml_sst/inc -I/usr/include    module_sm.f90
0.00user 0.02system 0:00.02elapsed 133%CPU (0avgtext+0avgdata 28128maxresident)k
0inputs+24outputs (0major+3860minor)pagefaults 0swaps
rm -f wrf_debug.o
/lib/cpp -P -I/home/saji/WRF/compile/WRF3.8/oml_sst/inc -DEM_CORE=1 -DNMM_CORE=0 -DNMM_MAX_DIM=2600 -DCOAMPS_CORE=0 -DDA_CORE=0 -DEXP_CORE=0 -DIWORDSIZE=4 -DDWORDSIZE=8 -DRWORDSIZE=4 -DLWORDSIZE=4 -DNONSTANDARD_SYSTEM_SUBR  -DWRF_USE_CLM -DNO_IEEE_MODULE  -DDM_PARALLEL -DNETCDF -DUSE_ALLOCATABLES -DGRIB1 -DINTIO -DKEEP_INT_AROUND -DLIMIT_ARGS -DCONFIG_BUF_LEN=65536 -DMAX_DOMAINS_F=21 -DMAX_HISTORY=25 -DNMM_NEST=0  -I. -traditional   wrf_debug.F  > wrf_debug.bb
/home/saji/WRF/compile/WRF3.8/oml_sst/tools/standard.exe wrf_debug.bb | /lib/cpp -P -traditional > wrf_debug.f90
rm -f wrf_debug.b wrf_debug.bb
time mpif90  -o wrf_debug.o -c -O2 -ftree-vectorize -funroll-loops -w -ffree-form -ffree-line-length-none -fconvert=big-endian -frecord-marker=4   -I../dyn_em -I../dyn_nmm   -I/home/saji/WRF/compile/WRF3.8/oml_sst/external/esmf_time_f90  -I/home/saji/WRF/compile/WRF3.8/oml_sst/main -I/home/saji/WRF/compile/WRF3.8/oml_sst/external/io_netcdf -I/home/saji/WRF/compile/WRF3.8/oml_sst/external/io_int -I/home/saji/WRF/compile/WRF3.8/oml_sst/frame -I/home/saji/WRF/compile/WRF3.8/oml_sst/share -I/home/saji/WRF/compile/WRF3.8/oml_sst/phys -I/home/saji/WRF/compile/WRF3.8/oml_sst/chem -I/home/saji/WRF/compile/WRF3.8/oml_sst/inc -I/usr/include    wrf_debug.f90
0.05user 0.01system 0:00.06elapsed 107%CPU (0avgtext+0avgdata 38832maxresident)k
0inputs+32outputs (0major+4539minor)pagefaults 0swaps
Registry INFO variable counts: 0d 2223 1d 111 2d 1008 3d 776
REGISTRY WARNING: o3rad: o3rad_b is not a variable or number; ignoring it
REGISTRY WARNING: o3rad: o3rad_bt is not a variable or number; ignoring it
REGISTRY WARNING: aerod(grid%sm31,grid%sm32,grid%sm33,itrace): aerod_b is not a variable or number; ignoring it
REGISTRY WARNING: aerod(grid%sm31,grid%sm32,grid%sm33,itrace): aerod_bt is not a variable or number; ignoring it
REGISTRY WARNING: om_tmp: om_tmp_b is not a variable or number; ignoring it
REGISTRY WARNING: om_tmp: om_tmp_bt is not a variable or number; ignoring it
REGISTRY WARNING: om_s: om_s_b is not a variable or number; ignoring it
REGISTRY WARNING: om_s: om_s_bt is not a variable or number; ignoring it
REGISTRY WARNING: om_u: om_u_b is not a variable or number; ignoring it
REGISTRY WARNING: om_u: om_u_bt is not a variable or number; ignoring it
REGISTRY WARNING: om_v: om_v_b is not a variable or number; ignoring it
REGISTRY WARNING: om_v: om_v_bt is not a variable or number; ignoring it
REGISTRY WARNING: om_ml: om_ml_b is not a variable or number; ignoring it
REGISTRY WARNING: om_ml: om_ml_bt is not a variable or number; ignoring it
REGISTRY WARNING: ru_tendf_stoch: ru_tendf_stoch_b is not a variable or number; ignoring it
REGISTRY WARNING: ru_tendf_stoch: ru_tendf_stoch_bt is not a variable or number; ignoring it
REGISTRY WARNING: rv_tendf_stoch: rv_tendf_stoch_b is not a variable or number; ignoring it
REGISTRY WARNING: rv_tendf_stoch: rv_tendf_stoch_bt is not a variable or number; ignoring it
REGISTRY WARNING: rt_tendf_stoch: rt_tendf_stoch_b is not a variable or number; ignoring it
REGISTRY WARNING: rt_tendf_stoch: rt_tendf_stoch_bt is not a variable or number; ignoring it
REGISTRY WARNING: rand_pert: rand_pert_b is not a variable or number; ignoring it
REGISTRY WARNING: rand_pert: rand_pert_bt is not a variable or number; ignoring it
REGISTRY WARNING: rstoch: rstoch_b is not a variable or number; ignoring it
REGISTRY WARNING: rstoch: rstoch_bt is not a variable or number; ignoring it
REGISTRY WARNING: field_u_tend_perturb: field_u_tend_perturb_b is not a variable or number; ignoring it
REGISTRY WARNING: field_u_tend_perturb: field_u_tend_perturb_bt is not a variable or number; ignoring it
REGISTRY WARNING: field_v_tend_perturb: field_v_tend_perturb_b is not a variable or number; ignoring it
REGISTRY WARNING: field_v_tend_perturb: field_v_tend_perturb_bt is not a variable or number; ignoring it
REGISTRY WARNING: field_t_tend_perturb: field_t_tend_perturb_b is not a variable or number; ignoring it
REGISTRY WARNING: field_t_tend_perturb: field_t_tend_perturb_bt is not a variable or number; ignoring it
ADVISORY: RSL_LITE version of gen_comms is linked in with registry program.
rm -f module_state_description.o
/lib/cpp -P -I/home/saji/WRF/compile/WRF3.8/oml_sst/inc -DEM_CORE=1 -DNMM_CORE=0 -DNMM_MAX_DIM=2600 -DCOAMPS_CORE=0 -DDA_CORE=0 -DEXP_CORE=0 -DIWORDSIZE=4 -DDWORDSIZE=8 -DRWORDSIZE=4 -DLWORDSIZE=4 -DNONSTANDARD_SYSTEM_SUBR  -DWRF_USE_CLM -DNO_IEEE_MODULE  -DDM_PARALLEL -DNETCDF -DUSE_ALLOCATABLES -DGRIB1 -DINTIO -DKEEP_INT_AROUND -DLIMIT_ARGS -DCONFIG_BUF_LEN=65536 -DMAX_DOMAINS_F=21 -DMAX_HISTORY=25 -DNMM_NEST=0  -I. -traditional   module_state_description.F  > module_state_description.bb
/home/saji/WRF/compile/WRF3.8/oml_sst/tools/standard.exe module_state_description.bb | /lib/cpp -P -traditional > module_state_description.f90
rm -f module_state_description.b module_state_description.bb
time mpif90  -c   -O0 -w -ffree-form -ffree-line-length-none -fconvert=big-endian -frecord-marker=4  -I../dyn_em -I../dyn_nmm   -I/home/saji/WRF/compile/WRF3.8/oml_sst/external/esmf_time_f90  -I/home/saji/WRF/compile/WRF3.8/oml_sst/main -I/home/saji/WRF/compile/WRF3.8/oml_sst/external/io_netcdf -I/home/saji/WRF/compile/WRF3.8/oml_sst/external/io_int -I/home/saji/WRF/compile/WRF3.8/oml_sst/frame -I/home/saji/WRF/compile/WRF3.8/oml_sst/share -I/home/saji/WRF/compile/WRF3.8/oml_sst/phys -I/home/saji/WRF/compile/WRF3.8/oml_sst/chem -I/home/saji/WRF/compile/WRF3.8/oml_sst/inc -I/usr/include  module_state_description.f90
0.08user 0.00system 0:00.08elapsed 107%CPU (0avgtext+0avgdata 33088maxresident)k
0inputs+1056outputs (0major+4352minor)pagefaults 0swaps
rm -f module_driver_constants.o
rm -f module_streams.o
/lib/cpp -P -I/home/saji/WRF/compile/WRF3.8/oml_sst/inc -DEM_CORE=1 -DNMM_CORE=0 -DNMM_MAX_DIM=2600 -DCOAMPS_CORE=0 -DDA_CORE=0 -DEXP_CORE=0 -DIWORDSIZE=4 -DDWORDSIZE=8 -DRWORDSIZE=4 -DLWORDSIZE=4 -DNONSTANDARD_SYSTEM_SUBR  -DWRF_USE_CLM -DNO_IEEE_MODULE  -DDM_PARALLEL -DNETCDF -DUSE_ALLOCATABLES -DGRIB1 -DINTIO -DKEEP_INT_AROUND -DLIMIT_ARGS -DCONFIG_BUF_LEN=65536 -DMAX_DOMAINS_F=21 -DMAX_HISTORY=25 -DNMM_NEST=0  -I. -traditional   module_driver_constants.F  > module_driver_constants.bb
/lib/cpp -P -I/home/saji/WRF/compile/WRF3.8/oml_sst/inc -DEM_CORE=1 -DNMM_CORE=0 -DNMM_MAX_DIM=2600 -DCOAMPS_CORE=0 -DDA_CORE=0 -DEXP_CORE=0 -DIWORDSIZE=4 -DDWORDSIZE=8 -DRWORDSIZE=4 -DLWORDSIZE=4 -DNONSTANDARD_SYSTEM_SUBR  -DWRF_USE_CLM -DNO_IEEE_MODULE  -DDM_PARALLEL -DNETCDF -DUSE_ALLOCATABLES -DGRIB1 -DINTIO -DKEEP_INT_AROUND -DLIMIT_ARGS -DCONFIG_BUF_LEN=65536 -DMAX_DOMAINS_F=21 -DMAX_HISTORY=25 -DNMM_NEST=0  -I. -traditional   module_streams.F  > module_streams.bb
/home/saji/WRF/compile/WRF3.8/oml_sst/tools/standard.exe module_driver_constants.bb | /lib/cpp -P -traditional > module_driver_constants.f90
/home/saji/WRF/compile/WRF3.8/oml_sst/tools/standard.exe module_streams.bb | /lib/cpp -P -traditional > module_streams.f90
rm -f module_driver_constants.b module_driver_constants.bb
rm -f module_streams.b module_streams.bb
time mpif90  -o module_driver_constants.o -c -O2 -ftree-vectorize -funroll-loops -w -ffree-form -ffree-line-length-none -fconvert=big-endian -frecord-marker=4   -I../dyn_em -I../dyn_nmm   -I/home/saji/WRF/compile/WRF3.8/oml_sst/external/esmf_time_f90  -I/home/saji/WRF/compile/WRF3.8/oml_sst/main -I/home/saji/WRF/compile/WRF3.8/oml_sst/external/io_netcdf -I/home/saji/WRF/compile/WRF3.8/oml_sst/external/io_int -I/home/saji/WRF/compile/WRF3.8/oml_sst/frame -I/home/saji/WRF/compile/WRF3.8/oml_sst/share -I/home/saji/WRF/compile/WRF3.8/oml_sst/phys -I/home/saji/WRF/compile/WRF3.8/oml_sst/chem -I/home/saji/WRF/compile/WRF3.8/oml_sst/inc -I/usr/include    module_driver_constants.f90
time mpif90  -o module_streams.o -c -O2 -ftree-vectorize -funroll-loops -w -ffree-form -ffree-line-length-none -fconvert=big-endian -frecord-marker=4   -I../dyn_em -I../dyn_nmm   -I/home/saji/WRF/compile/WRF3.8/oml_sst/external/esmf_time_f90  -I/home/saji/WRF/compile/WRF3.8/oml_sst/main -I/home/saji/WRF/compile/WRF3.8/oml_sst/external/io_netcdf -I/home/saji/WRF/compile/WRF3.8/oml_sst/external/io_int -I/home/saji/WRF/compile/WRF3.8/oml_sst/frame -I/home/saji/WRF/compile/WRF3.8/oml_sst/share -I/home/saji/WRF/compile/WRF3.8/oml_sst/phys -I/home/saji/WRF/compile/WRF3.8/oml_sst/chem -I/home/saji/WRF/compile/WRF3.8/oml_sst/inc -I/usr/include    module_streams.f90
0.02user 0.01system 0:00.02elapsed 124%CPU (0avgtext+0avgdata 28272maxresident)k
0inputs+80outputs (0major+3863minor)pagefaults 0swaps
rm -f module_timing.o
/lib/cpp -P -I/home/saji/WRF/compile/WRF3.8/oml_sst/inc -DEM_CORE=1 -DNMM_CORE=0 -DNMM_MAX_DIM=2600 -DCOAMPS_CORE=0 -DDA_CORE=0 -DEXP_CORE=0 -DIWORDSIZE=4 -DDWORDSIZE=8 -DRWORDSIZE=4 -DLWORDSIZE=4 -DNONSTANDARD_SYSTEM_SUBR  -DWRF_USE_CLM -DNO_IEEE_MODULE  -DDM_PARALLEL -DNETCDF -DUSE_ALLOCATABLES -DGRIB1 -DINTIO -DKEEP_INT_AROUND -DLIMIT_ARGS -DCONFIG_BUF_LEN=65536 -DMAX_DOMAINS_F=21 -DMAX_HISTORY=25 -DNMM_NEST=0  -I. -traditional   module_timing.F  > module_timing.bb
0.01user 0.02system 0:00.03elapsed 121%CPU (0avgtext+0avgdata 30928maxresident)k
0inputs+32outputs (0major+4039minor)pagefaults 0swaps
rm -f module_domain_type.o
/lib/cpp -P -I/home/saji/WRF/compile/WRF3.8/oml_sst/inc -DEM_CORE=1 -DNMM_CORE=0 -DNMM_MAX_DIM=2600 -DCOAMPS_CORE=0 -DDA_CORE=0 -DEXP_CORE=0 -DIWORDSIZE=4 -DDWORDSIZE=8 -DRWORDSIZE=4 -DLWORDSIZE=4 -DNONSTANDARD_SYSTEM_SUBR  -DWRF_USE_CLM -DNO_IEEE_MODULE  -DDM_PARALLEL -DNETCDF -DUSE_ALLOCATABLES -DGRIB1 -DINTIO -DKEEP_INT_AROUND -DLIMIT_ARGS -DCONFIG_BUF_LEN=65536 -DMAX_DOMAINS_F=21 -DMAX_HISTORY=25 -DNMM_NEST=0  -I. -traditional   module_domain_type.F  > module_domain_type.bb
/home/saji/WRF/compile/WRF3.8/oml_sst/tools/standard.exe module_timing.bb | /lib/cpp -P -traditional > module_timing.f90
rm -f module_timing.b module_timing.bb
/home/saji/WRF/compile/WRF3.8/oml_sst/tools/standard.exe module_domain_type.bb | /lib/cpp -P -traditional > module_domain_type.f90
time mpif90  -o module_timing.o -c -O2 -ftree-vectorize -funroll-loops -w -ffree-form -ffree-line-length-none -fconvert=big-endian -frecord-marker=4   -I../dyn_em -I../dyn_nmm   -I/home/saji/WRF/compile/WRF3.8/oml_sst/external/esmf_time_f90  -I/home/saji/WRF/compile/WRF3.8/oml_sst/main -I/home/saji/WRF/compile/WRF3.8/oml_sst/external/io_netcdf -I/home/saji/WRF/compile/WRF3.8/oml_sst/external/io_int -I/home/saji/WRF/compile/WRF3.8/oml_sst/frame -I/home/saji/WRF/compile/WRF3.8/oml_sst/share -I/home/saji/WRF/compile/WRF3.8/oml_sst/phys -I/home/saji/WRF/compile/WRF3.8/oml_sst/chem -I/home/saji/WRF/compile/WRF3.8/oml_sst/inc -I/usr/include    module_timing.f90
rm -f module_domain_type.b module_domain_type.bb
time mpif90  -c   -O0 -w -ffree-form -ffree-line-length-none -fconvert=big-endian -frecord-marker=4  -I../dyn_em -I../dyn_nmm   -I/home/saji/WRF/compile/WRF3.8/oml_sst/external/esmf_time_f90  -I/home/saji/WRF/compile/WRF3.8/oml_sst/main -I/home/saji/WRF/compile/WRF3.8/oml_sst/external/io_netcdf -I/home/saji/WRF/compile/WRF3.8/oml_sst/external/io_int -I/home/saji/WRF/compile/WRF3.8/oml_sst/frame -I/home/saji/WRF/compile/WRF3.8/oml_sst/share -I/home/saji/WRF/compile/WRF3.8/oml_sst/phys -I/home/saji/WRF/compile/WRF3.8/oml_sst/chem -I/home/saji/WRF/compile/WRF3.8/oml_sst/inc -I/usr/include  module_domain_type.f90
0.03user 0.02system 0:00.05elapsed 109%CPU (0avgtext+0avgdata 38272maxresident)k
0inputs+40outputs (0major+4514minor)pagefaults 0swaps
rm -f module_machine.o
/lib/cpp -P -I/home/saji/WRF/compile/WRF3.8/oml_sst/inc -DEM_CORE=1 -DNMM_CORE=0 -DNMM_MAX_DIM=2600 -DCOAMPS_CORE=0 -DDA_CORE=0 -DEXP_CORE=0 -DIWORDSIZE=4 -DDWORDSIZE=8 -DRWORDSIZE=4 -DLWORDSIZE=4 -DNONSTANDARD_SYSTEM_SUBR  -DWRF_USE_CLM -DNO_IEEE_MODULE  -DDM_PARALLEL -DNETCDF -DUSE_ALLOCATABLES -DGRIB1 -DINTIO -DKEEP_INT_AROUND -DLIMIT_ARGS -DCONFIG_BUF_LEN=65536 -DMAX_DOMAINS_F=21 -DMAX_HISTORY=25 -DNMM_NEST=0  -I. -traditional   module_machine.F  > module_machine.bb
/home/saji/WRF/compile/WRF3.8/oml_sst/tools/standard.exe module_machine.bb | /lib/cpp -P -traditional > module_machine.f90
rm -f module_machine.b module_machine.bb
time mpif90  -o module_machine.o -c -O2 -ftree-vectorize -funroll-loops -w -ffree-form -ffree-line-length-none -fconvert=big-endian -frecord-marker=4   -I../dyn_em -I../dyn_nmm   -I/home/saji/WRF/compile/WRF3.8/oml_sst/external/esmf_time_f90  -I/home/saji/WRF/compile/WRF3.8/oml_sst/main -I/home/saji/WRF/compile/WRF3.8/oml_sst/external/io_netcdf -I/home/saji/WRF/compile/WRF3.8/oml_sst/external/io_int -I/home/saji/WRF/compile/WRF3.8/oml_sst/frame -I/home/saji/WRF/compile/WRF3.8/oml_sst/share -I/home/saji/WRF/compile/WRF3.8/oml_sst/phys -I/home/saji/WRF/compile/WRF3.8/oml_sst/chem -I/home/saji/WRF/compile/WRF3.8/oml_sst/inc -I/usr/include    module_machine.f90
0.09user 0.01system 0:00.09elapsed 105%CPU (0avgtext+0avgdata 41168maxresident)k
0inputs+64outputs (0major+4696minor)pagefaults 0swaps
rm -f module_quilt_outbuf_ops.o
/lib/cpp -P -I/home/saji/WRF/compile/WRF3.8/oml_sst/inc -DEM_CORE=1 -DNMM_CORE=0 -DNMM_MAX_DIM=2600 -DCOAMPS_CORE=0 -DDA_CORE=0 -DEXP_CORE=0 -DIWORDSIZE=4 -DDWORDSIZE=8 -DRWORDSIZE=4 -DLWORDSIZE=4 -DNONSTANDARD_SYSTEM_SUBR  -DWRF_USE_CLM -DNO_IEEE_MODULE  -DDM_PARALLEL -DNETCDF -DUSE_ALLOCATABLES -DGRIB1 -DINTIO -DKEEP_INT_AROUND -DLIMIT_ARGS -DCONFIG_BUF_LEN=65536 -DMAX_DOMAINS_F=21 -DMAX_HISTORY=25 -DNMM_NEST=0  -I. -traditional   module_quilt_outbuf_ops.F  > module_quilt_outbuf_ops.bb
/home/saji/WRF/compile/WRF3.8/oml_sst/tools/standard.exe module_quilt_outbuf_ops.bb | /lib/cpp -P -traditional > module_quilt_outbuf_ops.f90
rm -f module_quilt_outbuf_ops.b module_quilt_outbuf_ops.bb
time mpif90  -o module_quilt_outbuf_ops.o -c -O2 -ftree-vectorize -funroll-loops -w -ffree-form -ffree-line-length-none -fconvert=big-endian -frecord-marker=4   -I../dyn_em -I../dyn_nmm   -I/home/saji/WRF/compile/WRF3.8/oml_sst/external/esmf_time_f90  -I/home/saji/WRF/compile/WRF3.8/oml_sst/main -I/home/saji/WRF/compile/WRF3.8/oml_sst/external/io_netcdf -I/home/saji/WRF/compile/WRF3.8/oml_sst/external/io_int -I/home/saji/WRF/compile/WRF3.8/oml_sst/frame -I/home/saji/WRF/compile/WRF3.8/oml_sst/share -I/home/saji/WRF/compile/WRF3.8/oml_sst/phys -I/home/saji/WRF/compile/WRF3.8/oml_sst/chem -I/home/saji/WRF/compile/WRF3.8/oml_sst/inc -I/usr/include    module_quilt_outbuf_ops.f90
0.41user 0.02system 0:00.42elapsed 101%CPU (0avgtext+0avgdata 39488maxresident)k
0inputs+1544outputs (0major+4569minor)pagefaults 0swaps
rm -f module_configure.o
/lib/cpp -P -I/home/saji/WRF/compile/WRF3.8/oml_sst/inc -DEM_CORE=1 -DNMM_CORE=0 -DNMM_MAX_DIM=2600 -DCOAMPS_CORE=0 -DDA_CORE=0 -DEXP_CORE=0 -DIWORDSIZE=4 -DDWORDSIZE=8 -DRWORDSIZE=4 -DLWORDSIZE=4 -DNONSTANDARD_SYSTEM_SUBR  -DWRF_USE_CLM -DNO_IEEE_MODULE  -DDM_PARALLEL -DNETCDF -DUSE_ALLOCATABLES -DGRIB1 -DINTIO -DKEEP_INT_AROUND -DLIMIT_ARGS -DCONFIG_BUF_LEN=65536 -DMAX_DOMAINS_F=21 -DMAX_HISTORY=25 -DNMM_NEST=0  -I. -traditional   module_configure.F  > module_configure.bb
/home/saji/WRF/compile/WRF3.8/oml_sst/tools/standard.exe module_configure.bb | /lib/cpp -P -traditional > module_configure.f90
rm -f module_configure.b module_configure.bb
time mpif90  -c   -O0 -w -ffree-form -ffree-line-length-none -fconvert=big-endian -frecord-marker=4  -I../dyn_em -I../dyn_nmm   -I/home/saji/WRF/compile/WRF3.8/oml_sst/external/esmf_time_f90  -I/home/saji/WRF/compile/WRF3.8/oml_sst/main -I/home/saji/WRF/compile/WRF3.8/oml_sst/external/io_netcdf -I/home/saji/WRF/compile/WRF3.8/oml_sst/external/io_int -I/home/saji/WRF/compile/WRF3.8/oml_sst/frame -I/home/saji/WRF/compile/WRF3.8/oml_sst/share -I/home/saji/WRF/compile/WRF3.8/oml_sst/phys -I/home/saji/WRF/compile/WRF3.8/oml_sst/chem -I/home/saji/WRF/compile/WRF3.8/oml_sst/inc -I/usr/include  module_configure.f90
1.86user 0.04system 0:01.90elapsed 100%CPU (0avgtext+0avgdata 151440maxresident)k
0inputs+552outputs (0major+12758minor)pagefaults 0swaps
18.46user 0.47system 0:18.93elapsed 100%CPU (0avgtext+0avgdata 2340432maxresident)k
0inputs+26560outputs (0major+170336minor)pagefaults 0swaps
rm -f module_alloc_space_0.o
rm -f module_alloc_space_1.o
/lib/cpp -P -I/home/saji/WRF/compile/WRF3.8/oml_sst/inc -DEM_CORE=1 -DNMM_CORE=0 -DNMM_MAX_DIM=2600 -DCOAMPS_CORE=0 -DDA_CORE=0 -DEXP_CORE=0 -DIWORDSIZE=4 -DDWORDSIZE=8 -DRWORDSIZE=4 -DLWORDSIZE=4 -DNONSTANDARD_SYSTEM_SUBR  -DWRF_USE_CLM -DNO_IEEE_MODULE  -DDM_PARALLEL -DNETCDF -DUSE_ALLOCATABLES -DGRIB1 -DINTIO -DKEEP_INT_AROUND -DLIMIT_ARGS -DCONFIG_BUF_LEN=65536 -DMAX_DOMAINS_F=21 -DMAX_HISTORY=25 -DNMM_NEST=0  -I. -traditional   module_alloc_space_0.F  > module_alloc_space_0.bb
/lib/cpp -P -I/home/saji/WRF/compile/WRF3.8/oml_sst/inc -DEM_CORE=1 -DNMM_CORE=0 -DNMM_MAX_DIM=2600 -DCOAMPS_CORE=0 -DDA_CORE=0 -DEXP_CORE=0 -DIWORDSIZE=4 -DDWORDSIZE=8 -DRWORDSIZE=4 -DLWORDSIZE=4 -DNONSTANDARD_SYSTEM_SUBR  -DWRF_USE_CLM -DNO_IEEE_MODULE  -DDM_PARALLEL -DNETCDF -DUSE_ALLOCATABLES -DGRIB1 -DINTIO -DKEEP_INT_AROUND -DLIMIT_ARGS -DCONFIG_BUF_LEN=65536 -DMAX_DOMAINS_F=21 -DMAX_HISTORY=25 -DNMM_NEST=0  -I. -traditional   module_alloc_space_1.F  > module_alloc_space_1.bb
/home/saji/WRF/compile/WRF3.8/oml_sst/tools/standard.exe module_alloc_space_0.bb | /lib/cpp -P -traditional > module_alloc_space_0.f90
/home/saji/WRF/compile/WRF3.8/oml_sst/tools/standard.exe module_alloc_space_1.bb | /lib/cpp -P -traditional > module_alloc_space_1.f90
rm -f module_alloc_space_0.b module_alloc_space_0.bb
time mpif90  -c   -O0 -w -ffree-form -ffree-line-length-none -fconvert=big-endian -frecord-marker=4  -I../dyn_em -I../dyn_nmm   -I/home/saji/WRF/compile/WRF3.8/oml_sst/external/esmf_time_f90  -I/home/saji/WRF/compile/WRF3.8/oml_sst/main -I/home/saji/WRF/compile/WRF3.8/oml_sst/external/io_netcdf -I/home/saji/WRF/compile/WRF3.8/oml_sst/external/io_int -I/home/saji/WRF/compile/WRF3.8/oml_sst/frame -I/home/saji/WRF/compile/WRF3.8/oml_sst/share -I/home/saji/WRF/compile/WRF3.8/oml_sst/phys -I/home/saji/WRF/compile/WRF3.8/oml_sst/chem -I/home/saji/WRF/compile/WRF3.8/oml_sst/inc -I/usr/include  module_alloc_space_0.f90
rm -f module_alloc_space_1.b module_alloc_space_1.bb
time mpif90  -c   -O0 -w -ffree-form -ffree-line-length-none -fconvert=big-endian -frecord-marker=4  -I../dyn_em -I../dyn_nmm   -I/home/saji/WRF/compile/WRF3.8/oml_sst/external/esmf_time_f90  -I/home/saji/WRF/compile/WRF3.8/oml_sst/main -I/home/saji/WRF/compile/WRF3.8/oml_sst/external/io_netcdf -I/home/saji/WRF/compile/WRF3.8/oml_sst/external/io_int -I/home/saji/WRF/compile/WRF3.8/oml_sst/frame -I/home/saji/WRF/compile/WRF3.8/oml_sst/share -I/home/saji/WRF/compile/WRF3.8/oml_sst/phys -I/home/saji/WRF/compile/WRF3.8/oml_sst/chem -I/home/saji/WRF/compile/WRF3.8/oml_sst/inc -I/usr/include  module_alloc_space_1.f90
17.36user 0.49system 0:17.85elapsed 100%CPU (0avgtext+0avgdata 2460864maxresident)k
0inputs+16432outputs (0major+177682minor)pagefaults 0swaps
rm -f module_alloc_space_2.o
/lib/cpp -P -I/home/saji/WRF/compile/WRF3.8/oml_sst/inc -DEM_CORE=1 -DNMM_CORE=0 -DNMM_MAX_DIM=2600 -DCOAMPS_CORE=0 -DDA_CORE=0 -DEXP_CORE=0 -DIWORDSIZE=4 -DDWORDSIZE=8 -DRWORDSIZE=4 -DLWORDSIZE=4 -DNONSTANDARD_SYSTEM_SUBR  -DWRF_USE_CLM -DNO_IEEE_MODULE  -DDM_PARALLEL -DNETCDF -DUSE_ALLOCATABLES -DGRIB1 -DINTIO -DKEEP_INT_AROUND -DLIMIT_ARGS -DCONFIG_BUF_LEN=65536 -DMAX_DOMAINS_F=21 -DMAX_HISTORY=25 -DNMM_NEST=0  -I. -traditional   module_alloc_space_2.F  > module_alloc_space_2.bb
/home/saji/WRF/compile/WRF3.8/oml_sst/tools/standard.exe module_alloc_space_2.bb | /lib/cpp -P -traditional > module_alloc_space_2.f90
rm -f module_alloc_space_2.b module_alloc_space_2.bb
time mpif90  -c   -O0 -w -ffree-form -ffree-line-length-none -fconvert=big-endian -frecord-marker=4  -I../dyn_em -I../dyn_nmm   -I/home/saji/WRF/compile/WRF3.8/oml_sst/external/esmf_time_f90  -I/home/saji/WRF/compile/WRF3.8/oml_sst/main -I/home/saji/WRF/compile/WRF3.8/oml_sst/external/io_netcdf -I/home/saji/WRF/compile/WRF3.8/oml_sst/external/io_int -I/home/saji/WRF/compile/WRF3.8/oml_sst/frame -I/home/saji/WRF/compile/WRF3.8/oml_sst/share -I/home/saji/WRF/compile/WRF3.8/oml_sst/phys -I/home/saji/WRF/compile/WRF3.8/oml_sst/chem -I/home/saji/WRF/compile/WRF3.8/oml_sst/inc -I/usr/include  module_alloc_space_2.f90
18.24user 0.57system 0:18.81elapsed 100%CPU (0avgtext+0avgdata 2566736maxresident)k
0inputs+16920outputs (0major+184342minor)pagefaults 0swaps
rm -f module_alloc_space_3.o
/lib/cpp -P -I/home/saji/WRF/compile/WRF3.8/oml_sst/inc -DEM_CORE=1 -DNMM_CORE=0 -DNMM_MAX_DIM=2600 -DCOAMPS_CORE=0 -DDA_CORE=0 -DEXP_CORE=0 -DIWORDSIZE=4 -DDWORDSIZE=8 -DRWORDSIZE=4 -DLWORDSIZE=4 -DNONSTANDARD_SYSTEM_SUBR  -DWRF_USE_CLM -DNO_IEEE_MODULE  -DDM_PARALLEL -DNETCDF -DUSE_ALLOCATABLES -DGRIB1 -DINTIO -DKEEP_INT_AROUND -DLIMIT_ARGS -DCONFIG_BUF_LEN=65536 -DMAX_DOMAINS_F=21 -DMAX_HISTORY=25 -DNMM_NEST=0  -I. -traditional   module_alloc_space_3.F  > module_alloc_space_3.bb
/home/saji/WRF/compile/WRF3.8/oml_sst/tools/standard.exe module_alloc_space_3.bb | /lib/cpp -P -traditional > module_alloc_space_3.f90
rm -f module_alloc_space_3.b module_alloc_space_3.bb
time mpif90  -c   -O0 -w -ffree-form -ffree-line-length-none -fconvert=big-endian -frecord-marker=4  -I../dyn_em -I../dyn_nmm   -I/home/saji/WRF/compile/WRF3.8/oml_sst/external/esmf_time_f90  -I/home/saji/WRF/compile/WRF3.8/oml_sst/main -I/home/saji/WRF/compile/WRF3.8/oml_sst/external/io_netcdf -I/home/saji/WRF/compile/WRF3.8/oml_sst/external/io_int -I/home/saji/WRF/compile/WRF3.8/oml_sst/frame -I/home/saji/WRF/compile/WRF3.8/oml_sst/share -I/home/saji/WRF/compile/WRF3.8/oml_sst/phys -I/home/saji/WRF/compile/WRF3.8/oml_sst/chem -I/home/saji/WRF/compile/WRF3.8/oml_sst/inc -I/usr/include  module_alloc_space_3.f90
2.16user 0.10system 0:02.26elapsed 100%CPU (0avgtext+0avgdata 354800maxresident)k
0inputs+2960outputs (0major+27042minor)pagefaults 0swaps
rm -f module_alloc_space_4.o
/lib/cpp -P -I/home/saji/WRF/compile/WRF3.8/oml_sst/inc -DEM_CORE=1 -DNMM_CORE=0 -DNMM_MAX_DIM=2600 -DCOAMPS_CORE=0 -DDA_CORE=0 -DEXP_CORE=0 -DIWORDSIZE=4 -DDWORDSIZE=8 -DRWORDSIZE=4 -DLWORDSIZE=4 -DNONSTANDARD_SYSTEM_SUBR  -DWRF_USE_CLM -DNO_IEEE_MODULE  -DDM_PARALLEL -DNETCDF -DUSE_ALLOCATABLES -DGRIB1 -DINTIO -DKEEP_INT_AROUND -DLIMIT_ARGS -DCONFIG_BUF_LEN=65536 -DMAX_DOMAINS_F=21 -DMAX_HISTORY=25 -DNMM_NEST=0  -I. -traditional   module_alloc_space_4.F  > module_alloc_space_4.bb
/home/saji/WRF/compile/WRF3.8/oml_sst/tools/standard.exe module_alloc_space_4.bb | /lib/cpp -P -traditional > module_alloc_space_4.f90
rm -f module_alloc_space_4.b module_alloc_space_4.bb
time mpif90  -c   -O0 -w -ffree-form -ffree-line-length-none -fconvert=big-endian -frecord-marker=4  -I../dyn_em -I../dyn_nmm   -I/home/saji/WRF/compile/WRF3.8/oml_sst/external/esmf_time_f90  -I/home/saji/WRF/compile/WRF3.8/oml_sst/main -I/home/saji/WRF/compile/WRF3.8/oml_sst/external/io_netcdf -I/home/saji/WRF/compile/WRF3.8/oml_sst/external/io_int -I/home/saji/WRF/compile/WRF3.8/oml_sst/frame -I/home/saji/WRF/compile/WRF3.8/oml_sst/share -I/home/saji/WRF/compile/WRF3.8/oml_sst/phys -I/home/saji/WRF/compile/WRF3.8/oml_sst/chem -I/home/saji/WRF/compile/WRF3.8/oml_sst/inc -I/usr/include  module_alloc_space_4.f90
0.66user 0.06system 0:00.71elapsed 100%CPU (0avgtext+0avgdata 97520maxresident)k
0inputs+1416outputs (0major+8706minor)pagefaults 0swaps
rm -f module_alloc_space_5.o
/lib/cpp -P -I/home/saji/WRF/compile/WRF3.8/oml_sst/inc -DEM_CORE=1 -DNMM_CORE=0 -DNMM_MAX_DIM=2600 -DCOAMPS_CORE=0 -DDA_CORE=0 -DEXP_CORE=0 -DIWORDSIZE=4 -DDWORDSIZE=8 -DRWORDSIZE=4 -DLWORDSIZE=4 -DNONSTANDARD_SYSTEM_SUBR  -DWRF_USE_CLM -DNO_IEEE_MODULE  -DDM_PARALLEL -DNETCDF -DUSE_ALLOCATABLES -DGRIB1 -DINTIO -DKEEP_INT_AROUND -DLIMIT_ARGS -DCONFIG_BUF_LEN=65536 -DMAX_DOMAINS_F=21 -DMAX_HISTORY=25 -DNMM_NEST=0  -I. -traditional   module_alloc_space_5.F  > module_alloc_space_5.bb
/home/saji/WRF/compile/WRF3.8/oml_sst/tools/standard.exe module_alloc_space_5.bb | /lib/cpp -P -traditional > module_alloc_space_5.f90
rm -f module_alloc_space_5.b module_alloc_space_5.bb
time mpif90  -c   -O0 -w -ffree-form -ffree-line-length-none -fconvert=big-endian -frecord-marker=4  -I../dyn_em -I../dyn_nmm   -I/home/saji/WRF/compile/WRF3.8/oml_sst/external/esmf_time_f90  -I/home/saji/WRF/compile/WRF3.8/oml_sst/main -I/home/saji/WRF/compile/WRF3.8/oml_sst/external/io_netcdf -I/home/saji/WRF/compile/WRF3.8/oml_sst/external/io_int -I/home/saji/WRF/compile/WRF3.8/oml_sst/frame -I/home/saji/WRF/compile/WRF3.8/oml_sst/share -I/home/saji/WRF/compile/WRF3.8/oml_sst/phys -I/home/saji/WRF/compile/WRF3.8/oml_sst/chem -I/home/saji/WRF/compile/WRF3.8/oml_sst/inc -I/usr/include  module_alloc_space_5.f90
4.66user 0.17system 0:04.83elapsed 100%CPU (0avgtext+0avgdata 738752maxresident)k
0inputs+5416outputs (0major+53675minor)pagefaults 0swaps
rm -f module_alloc_space_6.o
/lib/cpp -P -I/home/saji/WRF/compile/WRF3.8/oml_sst/inc -DEM_CORE=1 -DNMM_CORE=0 -DNMM_MAX_DIM=2600 -DCOAMPS_CORE=0 -DDA_CORE=0 -DEXP_CORE=0 -DIWORDSIZE=4 -DDWORDSIZE=8 -DRWORDSIZE=4 -DLWORDSIZE=4 -DNONSTANDARD_SYSTEM_SUBR  -DWRF_USE_CLM -DNO_IEEE_MODULE  -DDM_PARALLEL -DNETCDF -DUSE_ALLOCATABLES -DGRIB1 -DINTIO -DKEEP_INT_AROUND -DLIMIT_ARGS -DCONFIG_BUF_LEN=65536 -DMAX_DOMAINS_F=21 -DMAX_HISTORY=25 -DNMM_NEST=0  -I. -traditional   module_alloc_space_6.F  > module_alloc_space_6.bb
/home/saji/WRF/compile/WRF3.8/oml_sst/tools/standard.exe module_alloc_space_6.bb | /lib/cpp -P -traditional > module_alloc_space_6.f90
rm -f module_alloc_space_6.b module_alloc_space_6.bb
time mpif90  -c   -O0 -w -ffree-form -ffree-line-length-none -fconvert=big-endian -frecord-marker=4  -I../dyn_em -I../dyn_nmm   -I/home/saji/WRF/compile/WRF3.8/oml_sst/external/esmf_time_f90  -I/home/saji/WRF/compile/WRF3.8/oml_sst/main -I/home/saji/WRF/compile/WRF3.8/oml_sst/external/io_netcdf -I/home/saji/WRF/compile/WRF3.8/oml_sst/external/io_int -I/home/saji/WRF/compile/WRF3.8/oml_sst/frame -I/home/saji/WRF/compile/WRF3.8/oml_sst/share -I/home/saji/WRF/compile/WRF3.8/oml_sst/phys -I/home/saji/WRF/compile/WRF3.8/oml_sst/chem -I/home/saji/WRF/compile/WRF3.8/oml_sst/inc -I/usr/include  module_alloc_space_6.f90
12.46user 0.32system 0:12.78elapsed 100%CPU (0avgtext+0avgdata 1844000maxresident)k
0inputs+12464outputs (0major+137613minor)pagefaults 0swaps
rm -f module_alloc_space_7.o
/lib/cpp -P -I/home/saji/WRF/compile/WRF3.8/oml_sst/inc -DEM_CORE=1 -DNMM_CORE=0 -DNMM_MAX_DIM=2600 -DCOAMPS_CORE=0 -DDA_CORE=0 -DEXP_CORE=0 -DIWORDSIZE=4 -DDWORDSIZE=8 -DRWORDSIZE=4 -DLWORDSIZE=4 -DNONSTANDARD_SYSTEM_SUBR  -DWRF_USE_CLM -DNO_IEEE_MODULE  -DDM_PARALLEL -DNETCDF -DUSE_ALLOCATABLES -DGRIB1 -DINTIO -DKEEP_INT_AROUND -DLIMIT_ARGS -DCONFIG_BUF_LEN=65536 -DMAX_DOMAINS_F=21 -DMAX_HISTORY=25 -DNMM_NEST=0  -I. -traditional   module_alloc_space_7.F  > module_alloc_space_7.bb
/home/saji/WRF/compile/WRF3.8/oml_sst/tools/standard.exe module_alloc_space_7.bb | /lib/cpp -P -traditional > module_alloc_space_7.f90
rm -f module_alloc_space_7.b module_alloc_space_7.bb
time mpif90  -c   -O0 -w -ffree-form -ffree-line-length-none -fconvert=big-endian -frecord-marker=4  -I../dyn_em -I../dyn_nmm   -I/home/saji/WRF/compile/WRF3.8/oml_sst/external/esmf_time_f90  -I/home/saji/WRF/compile/WRF3.8/oml_sst/main -I/home/saji/WRF/compile/WRF3.8/oml_sst/external/io_netcdf -I/home/saji/WRF/compile/WRF3.8/oml_sst/external/io_int -I/home/saji/WRF/compile/WRF3.8/oml_sst/frame -I/home/saji/WRF/compile/WRF3.8/oml_sst/share -I/home/saji/WRF/compile/WRF3.8/oml_sst/phys -I/home/saji/WRF/compile/WRF3.8/oml_sst/chem -I/home/saji/WRF/compile/WRF3.8/oml_sst/inc -I/usr/include  module_alloc_space_7.f90
0.49user 0.10system 0:00.58elapsed 100%CPU (0avgtext+0avgdata 75872maxresident)k
0inputs+1304outputs (0major+6889minor)pagefaults 0swaps
rm -f module_alloc_space_8.o
/lib/cpp -P -I/home/saji/WRF/compile/WRF3.8/oml_sst/inc -DEM_CORE=1 -DNMM_CORE=0 -DNMM_MAX_DIM=2600 -DCOAMPS_CORE=0 -DDA_CORE=0 -DEXP_CORE=0 -DIWORDSIZE=4 -DDWORDSIZE=8 -DRWORDSIZE=4 -DLWORDSIZE=4 -DNONSTANDARD_SYSTEM_SUBR  -DWRF_USE_CLM -DNO_IEEE_MODULE  -DDM_PARALLEL -DNETCDF -DUSE_ALLOCATABLES -DGRIB1 -DINTIO -DKEEP_INT_AROUND -DLIMIT_ARGS -DCONFIG_BUF_LEN=65536 -DMAX_DOMAINS_F=21 -DMAX_HISTORY=25 -DNMM_NEST=0  -I. -traditional   module_alloc_space_8.F  > module_alloc_space_8.bb
/home/saji/WRF/compile/WRF3.8/oml_sst/tools/standard.exe module_alloc_space_8.bb | /lib/cpp -P -traditional > module_alloc_space_8.f90
rm -f module_alloc_space_8.b module_alloc_space_8.bb
time mpif90  -c   -O0 -w -ffree-form -ffree-line-length-none -fconvert=big-endian -frecord-marker=4  -I../dyn_em -I../dyn_nmm   -I/home/saji/WRF/compile/WRF3.8/oml_sst/external/esmf_time_f90  -I/home/saji/WRF/compile/WRF3.8/oml_sst/main -I/home/saji/WRF/compile/WRF3.8/oml_sst/external/io_netcdf -I/home/saji/WRF/compile/WRF3.8/oml_sst/external/io_int -I/home/saji/WRF/compile/WRF3.8/oml_sst/frame -I/home/saji/WRF/compile/WRF3.8/oml_sst/share -I/home/saji/WRF/compile/WRF3.8/oml_sst/phys -I/home/saji/WRF/compile/WRF3.8/oml_sst/chem -I/home/saji/WRF/compile/WRF3.8/oml_sst/inc -I/usr/include  module_alloc_space_8.f90
0.50user 0.08system 0:00.59elapsed 100%CPU (0avgtext+0avgdata 75840maxresident)k
0inputs+1304outputs (0major+6891minor)pagefaults 0swaps
rm -f module_alloc_space_9.o
/lib/cpp -P -I/home/saji/WRF/compile/WRF3.8/oml_sst/inc -DEM_CORE=1 -DNMM_CORE=0 -DNMM_MAX_DIM=2600 -DCOAMPS_CORE=0 -DDA_CORE=0 -DEXP_CORE=0 -DIWORDSIZE=4 -DDWORDSIZE=8 -DRWORDSIZE=4 -DLWORDSIZE=4 -DNONSTANDARD_SYSTEM_SUBR  -DWRF_USE_CLM -DNO_IEEE_MODULE  -DDM_PARALLEL -DNETCDF -DUSE_ALLOCATABLES -DGRIB1 -DINTIO -DKEEP_INT_AROUND -DLIMIT_ARGS -DCONFIG_BUF_LEN=65536 -DMAX_DOMAINS_F=21 -DMAX_HISTORY=25 -DNMM_NEST=0  -I. -traditional   module_alloc_space_9.F  > module_alloc_space_9.bb
/home/saji/WRF/compile/WRF3.8/oml_sst/tools/standard.exe module_alloc_space_9.bb | /lib/cpp -P -traditional > module_alloc_space_9.f90
rm -f module_alloc_space_9.b module_alloc_space_9.bb
time mpif90  -c   -O0 -w -ffree-form -ffree-line-length-none -fconvert=big-endian -frecord-marker=4  -I../dyn_em -I../dyn_nmm   -I/home/saji/WRF/compile/WRF3.8/oml_sst/external/esmf_time_f90  -I/home/saji/WRF/compile/WRF3.8/oml_sst/main -I/home/saji/WRF/compile/WRF3.8/oml_sst/external/io_netcdf -I/home/saji/WRF/compile/WRF3.8/oml_sst/external/io_int -I/home/saji/WRF/compile/WRF3.8/oml_sst/frame -I/home/saji/WRF/compile/WRF3.8/oml_sst/share -I/home/saji/WRF/compile/WRF3.8/oml_sst/phys -I/home/saji/WRF/compile/WRF3.8/oml_sst/chem -I/home/saji/WRF/compile/WRF3.8/oml_sst/inc -I/usr/include  module_alloc_space_9.f90
0.51user 0.08system 0:00.58elapsed 100%CPU (0avgtext+0avgdata 75872maxresident)k
0inputs+1304outputs (0major+6889minor)pagefaults 0swaps
/lib/cpp -P -DNNN=0 -I../inc -DNL_get_ROUTINES nl_access_routines.F > yy0.f90
time mpif90  -o nl_get_0_routines.o -c  -O0 -w -ffree-form -ffree-line-length-none -fconvert=big-endian -frecord-marker=4 -I../dyn_em -I../dyn_nmm   -I/home/saji/WRF/compile/WRF3.8/oml_sst/external/esmf_time_f90  -I/home/saji/WRF/compile/WRF3.8/oml_sst/main -I/home/saji/WRF/compile/WRF3.8/oml_sst/external/io_netcdf -I/home/saji/WRF/compile/WRF3.8/oml_sst/external/io_int -I/home/saji/WRF/compile/WRF3.8/oml_sst/frame -I/home/saji/WRF/compile/WRF3.8/oml_sst/share -I/home/saji/WRF/compile/WRF3.8/oml_sst/phys -I/home/saji/WRF/compile/WRF3.8/oml_sst/chem -I/home/saji/WRF/compile/WRF3.8/oml_sst/inc -I/usr/include   yy0.f90
18.49user 0.43system 0:18.92elapsed 100%CPU (0avgtext+0avgdata 2566896maxresident)k
0inputs+17040outputs (0major+184382minor)pagefaults 0swaps
/lib/cpp -P -DNNN=1 -I../inc -DNL_get_ROUTINES nl_access_routines.F > yy1.f90
time mpif90  -o nl_get_1_routines.o -c  -O0 -w -ffree-form -ffree-line-length-none -fconvert=big-endian -frecord-marker=4 -I../dyn_em -I../dyn_nmm   -I/home/saji/WRF/compile/WRF3.8/oml_sst/external/esmf_time_f90  -I/home/saji/WRF/compile/WRF3.8/oml_sst/main -I/home/saji/WRF/compile/WRF3.8/oml_sst/external/io_netcdf -I/home/saji/WRF/compile/WRF3.8/oml_sst/external/io_int -I/home/saji/WRF/compile/WRF3.8/oml_sst/frame -I/home/saji/WRF/compile/WRF3.8/oml_sst/share -I/home/saji/WRF/compile/WRF3.8/oml_sst/phys -I/home/saji/WRF/compile/WRF3.8/oml_sst/chem -I/home/saji/WRF/compile/WRF3.8/oml_sst/inc -I/usr/include   yy1.f90
23.39user 8.08system 0:31.47elapsed 100%CPU (0avgtext+0avgdata 3726048maxresident)k
0inputs+344outputs (0major+236031minor)pagefaults 0swaps
rm -f yy0.f90
/lib/cpp -P -DNNN=2 -I../inc -DNL_get_ROUTINES nl_access_routines.F > yy2.f90
time mpif90  -o nl_get_2_routines.o -c  -O0 -w -ffree-form -ffree-line-length-none -fconvert=big-endian -frecord-marker=4 -I../dyn_em -I../dyn_nmm   -I/home/saji/WRF/compile/WRF3.8/oml_sst/external/esmf_time_f90  -I/home/saji/WRF/compile/WRF3.8/oml_sst/main -I/home/saji/WRF/compile/WRF3.8/oml_sst/external/io_netcdf -I/home/saji/WRF/compile/WRF3.8/oml_sst/external/io_int -I/home/saji/WRF/compile/WRF3.8/oml_sst/frame -I/home/saji/WRF/compile/WRF3.8/oml_sst/share -I/home/saji/WRF/compile/WRF3.8/oml_sst/phys -I/home/saji/WRF/compile/WRF3.8/oml_sst/chem -I/home/saji/WRF/compile/WRF3.8/oml_sst/inc -I/usr/include   yy2.f90
23.26user 10.40system 0:33.66elapsed 100%CPU (0avgtext+0avgdata 3722736maxresident)k
0inputs+312outputs (0major+235814minor)pagefaults 0swaps
rm -f yy1.f90
/lib/cpp -P -DNNN=3 -I../inc -DNL_get_ROUTINES nl_access_routines.F > yy3.f90
time mpif90  -o nl_get_3_routines.o -c  -O0 -w -ffree-form -ffree-line-length-none -fconvert=big-endian -frecord-marker=4 -I../dyn_em -I../dyn_nmm   -I/home/saji/WRF/compile/WRF3.8/oml_sst/external/esmf_time_f90  -I/home/saji/WRF/compile/WRF3.8/oml_sst/main -I/home/saji/WRF/compile/WRF3.8/oml_sst/external/io_netcdf -I/home/saji/WRF/compile/WRF3.8/oml_sst/external/io_int -I/home/saji/WRF/compile/WRF3.8/oml_sst/frame -I/home/saji/WRF/compile/WRF3.8/oml_sst/share -I/home/saji/WRF/compile/WRF3.8/oml_sst/phys -I/home/saji/WRF/compile/WRF3.8/oml_sst/chem -I/home/saji/WRF/compile/WRF3.8/oml_sst/inc -I/usr/include   yy3.f90
23.53user 10.76system 0:34.29elapsed 100%CPU (0avgtext+0avgdata 3728912maxresident)k
0inputs+368outputs (0major+236210minor)pagefaults 0swaps
rm -f yy2.f90
/lib/cpp -P -DNNN=4 -I../inc -DNL_get_ROUTINES nl_access_routines.F > yy4.f90
time mpif90  -o nl_get_4_routines.o -c  -O0 -w -ffree-form -ffree-line-length-none -fconvert=big-endian -frecord-marker=4 -I../dyn_em -I../dyn_nmm   -I/home/saji/WRF/compile/WRF3.8/oml_sst/external/esmf_time_f90  -I/home/saji/WRF/compile/WRF3.8/oml_sst/main -I/home/saji/WRF/compile/WRF3.8/oml_sst/external/io_netcdf -I/home/saji/WRF/compile/WRF3.8/oml_sst/external/io_int -I/home/saji/WRF/compile/WRF3.8/oml_sst/frame -I/home/saji/WRF/compile/WRF3.8/oml_sst/share -I/home/saji/WRF/compile/WRF3.8/oml_sst/phys -I/home/saji/WRF/compile/WRF3.8/oml_sst/chem -I/home/saji/WRF/compile/WRF3.8/oml_sst/inc -I/usr/include   yy4.f90
23.79user 10.68system 0:34.47elapsed 100%CPU (0avgtext+0avgdata 3731488maxresident)k
0inputs+408outputs (0major+236379minor)pagefaults 0swaps
rm -f yy3.f90
/lib/cpp -P -DNNN=5 -I../inc -DNL_get_ROUTINES nl_access_routines.F > yy5.f90
time mpif90  -o nl_get_5_routines.o -c  -O0 -w -ffree-form -ffree-line-length-none -fconvert=big-endian -frecord-marker=4 -I../dyn_em -I../dyn_nmm   -I/home/saji/WRF/compile/WRF3.8/oml_sst/external/esmf_time_f90  -I/home/saji/WRF/compile/WRF3.8/oml_sst/main -I/home/saji/WRF/compile/WRF3.8/oml_sst/external/io_netcdf -I/home/saji/WRF/compile/WRF3.8/oml_sst/external/io_int -I/home/saji/WRF/compile/WRF3.8/oml_sst/frame -I/home/saji/WRF/compile/WRF3.8/oml_sst/share -I/home/saji/WRF/compile/WRF3.8/oml_sst/phys -I/home/saji/WRF/compile/WRF3.8/oml_sst/chem -I/home/saji/WRF/compile/WRF3.8/oml_sst/inc -I/usr/include   yy5.f90
23.85user 10.03system 0:33.88elapsed 100%CPU (0avgtext+0avgdata 3731712maxresident)k
0inputs+408outputs (0major+236395minor)pagefaults 0swaps
rm -f yy4.f90
/lib/cpp -P -DNNN=6 -I../inc -DNL_get_ROUTINES nl_access_routines.F > yy6.f90
time mpif90  -o nl_get_6_routines.o -c  -O0 -w -ffree-form -ffree-line-length-none -fconvert=big-endian -frecord-marker=4 -I../dyn_em -I../dyn_nmm   -I/home/saji/WRF/compile/WRF3.8/oml_sst/external/esmf_time_f90  -I/home/saji/WRF/compile/WRF3.8/oml_sst/main -I/home/saji/WRF/compile/WRF3.8/oml_sst/external/io_netcdf -I/home/saji/WRF/compile/WRF3.8/oml_sst/external/io_int -I/home/saji/WRF/compile/WRF3.8/oml_sst/frame -I/home/saji/WRF/compile/WRF3.8/oml_sst/share -I/home/saji/WRF/compile/WRF3.8/oml_sst/phys -I/home/saji/WRF/compile/WRF3.8/oml_sst/chem -I/home/saji/WRF/compile/WRF3.8/oml_sst/inc -I/usr/include   yy6.f90
23.85user 10.37system 0:34.22elapsed 100%CPU (0avgtext+0avgdata 3731568maxresident)k
0inputs+408outputs (0major+236383minor)pagefaults 0swaps
rm -f yy5.f90
/lib/cpp -P -DNNN=7 -I../inc -DNL_get_ROUTINES nl_access_routines.F > yy7.f90
time mpif90  -o nl_get_7_routines.o -c  -O0 -w -ffree-form -ffree-line-length-none -fconvert=big-endian -frecord-marker=4 -I../dyn_em -I../dyn_nmm   -I/home/saji/WRF/compile/WRF3.8/oml_sst/external/esmf_time_f90  -I/home/saji/WRF/compile/WRF3.8/oml_sst/main -I/home/saji/WRF/compile/WRF3.8/oml_sst/external/io_netcdf -I/home/saji/WRF/compile/WRF3.8/oml_sst/external/io_int -I/home/saji/WRF/compile/WRF3.8/oml_sst/frame -I/home/saji/WRF/compile/WRF3.8/oml_sst/share -I/home/saji/WRF/compile/WRF3.8/oml_sst/phys -I/home/saji/WRF/compile/WRF3.8/oml_sst/chem -I/home/saji/WRF/compile/WRF3.8/oml_sst/inc -I/usr/include   yy7.f90
24.10user 10.30system 0:34.40elapsed 100%CPU (0avgtext+0avgdata 3730656maxresident)k
0inputs+392outputs (0major+236324minor)pagefaults 0swaps
rm -f yy6.f90
/lib/cpp -P -DNNN=0 -I../inc -DNL_set_ROUTINES nl_access_routines.F > xx0.f90
time mpif90  -o nl_set_0_routines.o -c  -O0 -w -ffree-form -ffree-line-length-none -fconvert=big-endian -frecord-marker=4 -I../dyn_em -I../dyn_nmm   -I/home/saji/WRF/compile/WRF3.8/oml_sst/external/esmf_time_f90  -I/home/saji/WRF/compile/WRF3.8/oml_sst/main -I/home/saji/WRF/compile/WRF3.8/oml_sst/external/io_netcdf -I/home/saji/WRF/compile/WRF3.8/oml_sst/external/io_int -I/home/saji/WRF/compile/WRF3.8/oml_sst/frame -I/home/saji/WRF/compile/WRF3.8/oml_sst/share -I/home/saji/WRF/compile/WRF3.8/oml_sst/phys -I/home/saji/WRF/compile/WRF3.8/oml_sst/chem -I/home/saji/WRF/compile/WRF3.8/oml_sst/inc -I/usr/include   xx0.f90
23.26user 10.84system 0:34.10elapsed 100%CPU (0avgtext+0avgdata 3626720maxresident)k
0inputs+344outputs (0major+229800minor)pagefaults 0swaps
rm -f yy7.f90
/lib/cpp -P -DNNN=1 -I../inc -DNL_set_ROUTINES nl_access_routines.F > xx1.f90
time mpif90  -o nl_set_1_routines.o -c  -O0 -w -ffree-form -ffree-line-length-none -fconvert=big-endian -frecord-marker=4 -I../dyn_em -I../dyn_nmm   -I/home/saji/WRF/compile/WRF3.8/oml_sst/external/esmf_time_f90  -I/home/saji/WRF/compile/WRF3.8/oml_sst/main -I/home/saji/WRF/compile/WRF3.8/oml_sst/external/io_netcdf -I/home/saji/WRF/compile/WRF3.8/oml_sst/external/io_int -I/home/saji/WRF/compile/WRF3.8/oml_sst/frame -I/home/saji/WRF/compile/WRF3.8/oml_sst/share -I/home/saji/WRF/compile/WRF3.8/oml_sst/phys -I/home/saji/WRF/compile/WRF3.8/oml_sst/chem -I/home/saji/WRF/compile/WRF3.8/oml_sst/inc -I/usr/include   xx1.f90
23.80user 10.81system 0:34.61elapsed 100%CPU (0avgtext+0avgdata 3726016maxresident)k
0inputs+344outputs (0major+236028minor)pagefaults 0swaps
rm -f xx0.f90
/lib/cpp -P -DNNN=2 -I../inc -DNL_set_ROUTINES nl_access_routines.F > xx2.f90
time mpif90  -o nl_set_2_routines.o -c  -O0 -w -ffree-form -ffree-line-length-none -fconvert=big-endian -frecord-marker=4 -I../dyn_em -I../dyn_nmm   -I/home/saji/WRF/compile/WRF3.8/oml_sst/external/esmf_time_f90  -I/home/saji/WRF/compile/WRF3.8/oml_sst/main -I/home/saji/WRF/compile/WRF3.8/oml_sst/external/io_netcdf -I/home/saji/WRF/compile/WRF3.8/oml_sst/external/io_int -I/home/saji/WRF/compile/WRF3.8/oml_sst/frame -I/home/saji/WRF/compile/WRF3.8/oml_sst/share -I/home/saji/WRF/compile/WRF3.8/oml_sst/phys -I/home/saji/WRF/compile/WRF3.8/oml_sst/chem -I/home/saji/WRF/compile/WRF3.8/oml_sst/inc -I/usr/include   xx2.f90
23.65user 11.02system 0:34.67elapsed 100%CPU (0avgtext+0avgdata 3722800maxresident)k
0inputs+320outputs (0major+235819minor)pagefaults 0swaps
rm -f xx1.f90
/lib/cpp -P -DNNN=3 -I../inc -DNL_set_ROUTINES nl_access_routines.F > xx3.f90
time mpif90  -o nl_set_3_routines.o -c  -O0 -w -ffree-form -ffree-line-length-none -fconvert=big-endian -frecord-marker=4 -I../dyn_em -I../dyn_nmm   -I/home/saji/WRF/compile/WRF3.8/oml_sst/external/esmf_time_f90  -I/home/saji/WRF/compile/WRF3.8/oml_sst/main -I/home/saji/WRF/compile/WRF3.8/oml_sst/external/io_netcdf -I/home/saji/WRF/compile/WRF3.8/oml_sst/external/io_int -I/home/saji/WRF/compile/WRF3.8/oml_sst/frame -I/home/saji/WRF/compile/WRF3.8/oml_sst/share -I/home/saji/WRF/compile/WRF3.8/oml_sst/phys -I/home/saji/WRF/compile/WRF3.8/oml_sst/chem -I/home/saji/WRF/compile/WRF3.8/oml_sst/inc -I/usr/include   xx3.f90
24.38user 10.72system 0:35.10elapsed 100%CPU (0avgtext+0avgdata 3729200maxresident)k
0inputs+376outputs (0major+236228minor)pagefaults 0swaps
rm -f xx2.f90
/lib/cpp -P -DNNN=4 -I../inc -DNL_set_ROUTINES nl_access_routines.F > xx4.f90
time mpif90  -o nl_set_4_routines.o -c  -O0 -w -ffree-form -ffree-line-length-none -fconvert=big-endian -frecord-marker=4 -I../dyn_em -I../dyn_nmm   -I/home/saji/WRF/compile/WRF3.8/oml_sst/external/esmf_time_f90  -I/home/saji/WRF/compile/WRF3.8/oml_sst/main -I/home/saji/WRF/compile/WRF3.8/oml_sst/external/io_netcdf -I/home/saji/WRF/compile/WRF3.8/oml_sst/external/io_int -I/home/saji/WRF/compile/WRF3.8/oml_sst/frame -I/home/saji/WRF/compile/WRF3.8/oml_sst/share -I/home/saji/WRF/compile/WRF3.8/oml_sst/phys -I/home/saji/WRF/compile/WRF3.8/oml_sst/chem -I/home/saji/WRF/compile/WRF3.8/oml_sst/inc -I/usr/include   xx4.f90
23.70user 10.60system 0:34.30elapsed 100%CPU (0avgtext+0avgdata 3731600maxresident)k
0inputs+408outputs (0major+236388minor)pagefaults 0swaps
rm -f xx3.f90
/lib/cpp -P -DNNN=5 -I../inc -DNL_set_ROUTINES nl_access_routines.F > xx5.f90
time mpif90  -o nl_set_5_routines.o -c  -O0 -w -ffree-form -ffree-line-length-none -fconvert=big-endian -frecord-marker=4 -I../dyn_em -I../dyn_nmm   -I/home/saji/WRF/compile/WRF3.8/oml_sst/external/esmf_time_f90  -I/home/saji/WRF/compile/WRF3.8/oml_sst/main -I/home/saji/WRF/compile/WRF3.8/oml_sst/external/io_netcdf -I/home/saji/WRF/compile/WRF3.8/oml_sst/external/io_int -I/home/saji/WRF/compile/WRF3.8/oml_sst/frame -I/home/saji/WRF/compile/WRF3.8/oml_sst/share -I/home/saji/WRF/compile/WRF3.8/oml_sst/phys -I/home/saji/WRF/compile/WRF3.8/oml_sst/chem -I/home/saji/WRF/compile/WRF3.8/oml_sst/inc -I/usr/include   xx5.f90
23.56user 10.27system 0:33.83elapsed 100%CPU (0avgtext+0avgdata 3731792maxresident)k
0inputs+416outputs (0major+236403minor)pagefaults 0swaps
rm -f xx4.f90
/lib/cpp -P -DNNN=6 -I../inc -DNL_set_ROUTINES nl_access_routines.F > xx6.f90
time mpif90  -o nl_set_6_routines.o -c  -O0 -w -ffree-form -ffree-line-length-none -fconvert=big-endian -frecord-marker=4 -I../dyn_em -I../dyn_nmm   -I/home/saji/WRF/compile/WRF3.8/oml_sst/external/esmf_time_f90  -I/home/saji/WRF/compile/WRF3.8/oml_sst/main -I/home/saji/WRF/compile/WRF3.8/oml_sst/external/io_netcdf -I/home/saji/WRF/compile/WRF3.8/oml_sst/external/io_int -I/home/saji/WRF/compile/WRF3.8/oml_sst/frame -I/home/saji/WRF/compile/WRF3.8/oml_sst/share -I/home/saji/WRF/compile/WRF3.8/oml_sst/phys -I/home/saji/WRF/compile/WRF3.8/oml_sst/chem -I/home/saji/WRF/compile/WRF3.8/oml_sst/inc -I/usr/include   xx6.f90
24.16user 10.58system 0:34.74elapsed 100%CPU (0avgtext+0avgdata 3731568maxresident)k
0inputs+416outputs (0major+236389minor)pagefaults 0swaps
rm -f xx5.f90
/lib/cpp -P -DNNN=7 -I../inc -DNL_set_ROUTINES nl_access_routines.F > xx7.f90
time mpif90  -o nl_set_7_routines.o -c  -O0 -w -ffree-form -ffree-line-length-none -fconvert=big-endian -frecord-marker=4 -I../dyn_em -I../dyn_nmm   -I/home/saji/WRF/compile/WRF3.8/oml_sst/external/esmf_time_f90  -I/home/saji/WRF/compile/WRF3.8/oml_sst/main -I/home/saji/WRF/compile/WRF3.8/oml_sst/external/io_netcdf -I/home/saji/WRF/compile/WRF3.8/oml_sst/external/io_int -I/home/saji/WRF/compile/WRF3.8/oml_sst/frame -I/home/saji/WRF/compile/WRF3.8/oml_sst/share -I/home/saji/WRF/compile/WRF3.8/oml_sst/phys -I/home/saji/WRF/compile/WRF3.8/oml_sst/chem -I/home/saji/WRF/compile/WRF3.8/oml_sst/inc -I/usr/include   xx7.f90
23.70user 10.79system 0:34.49elapsed 100%CPU (0avgtext+0avgdata 3730640maxresident)k
0inputs+408outputs (0major+236327minor)pagefaults 0swaps
rm -f xx6.f90
rm -f module_domain.o
/lib/cpp -P -I/home/saji/WRF/compile/WRF3.8/oml_sst/inc -DEM_CORE=1 -DNMM_CORE=0 -DNMM_MAX_DIM=2600 -DCOAMPS_CORE=0 -DDA_CORE=0 -DEXP_CORE=0 -DIWORDSIZE=4 -DDWORDSIZE=8 -DRWORDSIZE=4 -DLWORDSIZE=4 -DNONSTANDARD_SYSTEM_SUBR  -DWRF_USE_CLM -DNO_IEEE_MODULE  -DDM_PARALLEL -DNETCDF -DUSE_ALLOCATABLES -DGRIB1 -DINTIO -DKEEP_INT_AROUND -DLIMIT_ARGS -DCONFIG_BUF_LEN=65536 -DMAX_DOMAINS_F=21 -DMAX_HISTORY=25 -DNMM_NEST=0  -I. -traditional   module_domain.F  > module_domain.bb
/home/saji/WRF/compile/WRF3.8/oml_sst/tools/standard.exe module_domain.bb | /lib/cpp -P -traditional > module_domain.f90
rm -f module_domain.b module_domain.bb
time mpif90  -c   -O0 -w -ffree-form -ffree-line-length-none -fconvert=big-endian -frecord-marker=4  -I../dyn_em -I../dyn_nmm   -I/home/saji/WRF/compile/WRF3.8/oml_sst/external/esmf_time_f90  -I/home/saji/WRF/compile/WRF3.8/oml_sst/main -I/home/saji/WRF/compile/WRF3.8/oml_sst/external/io_netcdf -I/home/saji/WRF/compile/WRF3.8/oml_sst/external/io_int -I/home/saji/WRF/compile/WRF3.8/oml_sst/frame -I/home/saji/WRF/compile/WRF3.8/oml_sst/share -I/home/saji/WRF/compile/WRF3.8/oml_sst/phys -I/home/saji/WRF/compile/WRF3.8/oml_sst/chem -I/home/saji/WRF/compile/WRF3.8/oml_sst/inc -I/usr/include  module_domain.f90
8.06user 0.78system 0:08.83elapsed 100%CPU (0avgtext+0avgdata 962176maxresident)k
0inputs+9232outputs (0major+69212minor)pagefaults 0swaps
rm -f module_nesting.o
/lib/cpp -P -I/home/saji/WRF/compile/WRF3.8/oml_sst/inc -DEM_CORE=1 -DNMM_CORE=0 -DNMM_MAX_DIM=2600 -DCOAMPS_CORE=0 -DDA_CORE=0 -DEXP_CORE=0 -DIWORDSIZE=4 -DDWORDSIZE=8 -DRWORDSIZE=4 -DLWORDSIZE=4 -DNONSTANDARD_SYSTEM_SUBR  -DWRF_USE_CLM -DNO_IEEE_MODULE  -DDM_PARALLEL -DNETCDF -DUSE_ALLOCATABLES -DGRIB1 -DINTIO -DKEEP_INT_AROUND -DLIMIT_ARGS -DCONFIG_BUF_LEN=65536 -DMAX_DOMAINS_F=21 -DMAX_HISTORY=25 -DNMM_NEST=0  -I. -traditional   module_nesting.F  > module_nesting.bb
/home/saji/WRF/compile/WRF3.8/oml_sst/tools/standard.exe module_nesting.bb | /lib/cpp -P -traditional > module_nesting.f90
rm -f module_nesting.b module_nesting.bb
time mpif90  -o module_nesting.o -c -O2 -ftree-vectorize -funroll-loops -w -ffree-form -ffree-line-length-none -fconvert=big-endian -frecord-marker=4   -I../dyn_em -I../dyn_nmm   -I/home/saji/WRF/compile/WRF3.8/oml_sst/external/esmf_time_f90  -I/home/saji/WRF/compile/WRF3.8/oml_sst/main -I/home/saji/WRF/compile/WRF3.8/oml_sst/external/io_netcdf -I/home/saji/WRF/compile/WRF3.8/oml_sst/external/io_int -I/home/saji/WRF/compile/WRF3.8/oml_sst/frame -I/home/saji/WRF/compile/WRF3.8/oml_sst/share -I/home/saji/WRF/compile/WRF3.8/oml_sst/phys -I/home/saji/WRF/compile/WRF3.8/oml_sst/chem -I/home/saji/WRF/compile/WRF3.8/oml_sst/inc -I/usr/include    module_nesting.f90
0.80user 0.10system 0:00.90elapsed 100%CPU (0avgtext+0avgdata 79360maxresident)k
0inputs+3664outputs (0major+7081minor)pagefaults 0swaps
rm -f module_cpl_oasis3.o
/lib/cpp -P -I/home/saji/WRF/compile/WRF3.8/oml_sst/inc -DEM_CORE=1 -DNMM_CORE=0 -DNMM_MAX_DIM=2600 -DCOAMPS_CORE=0 -DDA_CORE=0 -DEXP_CORE=0 -DIWORDSIZE=4 -DDWORDSIZE=8 -DRWORDSIZE=4 -DLWORDSIZE=4 -DNONSTANDARD_SYSTEM_SUBR  -DWRF_USE_CLM -DNO_IEEE_MODULE  -DDM_PARALLEL -DNETCDF -DUSE_ALLOCATABLES -DGRIB1 -DINTIO -DKEEP_INT_AROUND -DLIMIT_ARGS -DCONFIG_BUF_LEN=65536 -DMAX_DOMAINS_F=21 -DMAX_HISTORY=25 -DNMM_NEST=0  -I. -traditional   module_cpl_oasis3.F  > module_cpl_oasis3.bb
/home/saji/WRF/compile/WRF3.8/oml_sst/tools/standard.exe module_cpl_oasis3.bb | /lib/cpp -P -traditional > module_cpl_oasis3.f90
rm -f module_cpl_oasis3.b module_cpl_oasis3.bb
time mpif90  -o module_cpl_oasis3.o -c -O2 -ftree-vectorize -funroll-loops -w -ffree-form -ffree-line-length-none -fconvert=big-endian -frecord-marker=4   -I../dyn_em -I../dyn_nmm   -I/home/saji/WRF/compile/WRF3.8/oml_sst/external/esmf_time_f90  -I/home/saji/WRF/compile/WRF3.8/oml_sst/main -I/home/saji/WRF/compile/WRF3.8/oml_sst/external/io_netcdf -I/home/saji/WRF/compile/WRF3.8/oml_sst/external/io_int -I/home/saji/WRF/compile/WRF3.8/oml_sst/frame -I/home/saji/WRF/compile/WRF3.8/oml_sst/share -I/home/saji/WRF/compile/WRF3.8/oml_sst/phys -I/home/saji/WRF/compile/WRF3.8/oml_sst/chem -I/home/saji/WRF/compile/WRF3.8/oml_sst/inc -I/usr/include    module_cpl_oasis3.f90
0.30user 0.04system 0:00.33elapsed 102%CPU (0avgtext+0avgdata 54384maxresident)k
0inputs+1296outputs (0major+5509minor)pagefaults 0swaps
rm -f module_comm_nesting_dm.o
/lib/cpp -P -I/home/saji/WRF/compile/WRF3.8/oml_sst/inc -DEM_CORE=1 -DNMM_CORE=0 -DNMM_MAX_DIM=2600 -DCOAMPS_CORE=0 -DDA_CORE=0 -DEXP_CORE=0 -DIWORDSIZE=4 -DDWORDSIZE=8 -DRWORDSIZE=4 -DLWORDSIZE=4 -DNONSTANDARD_SYSTEM_SUBR  -DWRF_USE_CLM -DNO_IEEE_MODULE  -DDM_PARALLEL -DNETCDF -DUSE_ALLOCATABLES -DGRIB1 -DINTIO -DKEEP_INT_AROUND -DLIMIT_ARGS -DCONFIG_BUF_LEN=65536 -DMAX_DOMAINS_F=21 -DMAX_HISTORY=25 -DNMM_NEST=0  -I. -traditional   module_comm_nesting_dm.F  > module_comm_nesting_dm.bb
/home/saji/WRF/compile/WRF3.8/oml_sst/tools/standard.exe module_comm_nesting_dm.bb | /lib/cpp -P -traditional > module_comm_nesting_dm.f90
rm -f module_comm_nesting_dm.b module_comm_nesting_dm.bb
time mpif90  -c   -O0 -w -ffree-form -ffree-line-length-none -fconvert=big-endian -frecord-marker=4  -I../dyn_em -I../dyn_nmm   -I/home/saji/WRF/compile/WRF3.8/oml_sst/external/esmf_time_f90  -I/home/saji/WRF/compile/WRF3.8/oml_sst/main -I/home/saji/WRF/compile/WRF3.8/oml_sst/external/io_netcdf -I/home/saji/WRF/compile/WRF3.8/oml_sst/external/io_int -I/home/saji/WRF/compile/WRF3.8/oml_sst/frame -I/home/saji/WRF/compile/WRF3.8/oml_sst/share -I/home/saji/WRF/compile/WRF3.8/oml_sst/phys -I/home/saji/WRF/compile/WRF3.8/oml_sst/chem -I/home/saji/WRF/compile/WRF3.8/oml_sst/inc -I/usr/include  module_comm_nesting_dm.f90
23.32user 8.35system 0:31.67elapsed 100%CPU (0avgtext+0avgdata 3626848maxresident)k
0inputs+344outputs (0major+229807minor)pagefaults 0swaps
rm -f xx7.f90
rm -f module_comm_dm_0.o
/lib/cpp -P -I/home/saji/WRF/compile/WRF3.8/oml_sst/inc -DEM_CORE=1 -DNMM_CORE=0 -DNMM_MAX_DIM=2600 -DCOAMPS_CORE=0 -DDA_CORE=0 -DEXP_CORE=0 -DIWORDSIZE=4 -DDWORDSIZE=8 -DRWORDSIZE=4 -DLWORDSIZE=4 -DNONSTANDARD_SYSTEM_SUBR  -DWRF_USE_CLM -DNO_IEEE_MODULE  -DDM_PARALLEL -DNETCDF -DUSE_ALLOCATABLES -DGRIB1 -DINTIO -DKEEP_INT_AROUND -DLIMIT_ARGS -DCONFIG_BUF_LEN=65536 -DMAX_DOMAINS_F=21 -DMAX_HISTORY=25 -DNMM_NEST=0  -I. -traditional   module_comm_dm_0.F  > module_comm_dm_0.bb
/home/saji/WRF/compile/WRF3.8/oml_sst/tools/standard.exe module_comm_dm_0.bb | /lib/cpp -P -traditional > module_comm_dm_0.f90
rm -f module_comm_dm_0.b module_comm_dm_0.bb
time mpif90  -c   -O0 -w -ffree-form -ffree-line-length-none -fconvert=big-endian -frecord-marker=4  -I../dyn_em -I../dyn_nmm   -I/home/saji/WRF/compile/WRF3.8/oml_sst/external/esmf_time_f90  -I/home/saji/WRF/compile/WRF3.8/oml_sst/main -I/home/saji/WRF/compile/WRF3.8/oml_sst/external/io_netcdf -I/home/saji/WRF/compile/WRF3.8/oml_sst/external/io_int -I/home/saji/WRF/compile/WRF3.8/oml_sst/frame -I/home/saji/WRF/compile/WRF3.8/oml_sst/share -I/home/saji/WRF/compile/WRF3.8/oml_sst/phys -I/home/saji/WRF/compile/WRF3.8/oml_sst/chem -I/home/saji/WRF/compile/WRF3.8/oml_sst/inc -I/usr/include  module_comm_dm_0.f90
8.04user 1.63system 0:09.67elapsed 100%CPU (0avgtext+0avgdata 509104maxresident)k
0inputs+36168outputs (0major+46859minor)pagefaults 0swaps
rm -f module_comm_dm_1.o
/lib/cpp -P -I/home/saji/WRF/compile/WRF3.8/oml_sst/inc -DEM_CORE=1 -DNMM_CORE=0 -DNMM_MAX_DIM=2600 -DCOAMPS_CORE=0 -DDA_CORE=0 -DEXP_CORE=0 -DIWORDSIZE=4 -DDWORDSIZE=8 -DRWORDSIZE=4 -DLWORDSIZE=4 -DNONSTANDARD_SYSTEM_SUBR  -DWRF_USE_CLM -DNO_IEEE_MODULE  -DDM_PARALLEL -DNETCDF -DUSE_ALLOCATABLES -DGRIB1 -DINTIO -DKEEP_INT_AROUND -DLIMIT_ARGS -DCONFIG_BUF_LEN=65536 -DMAX_DOMAINS_F=21 -DMAX_HISTORY=25 -DNMM_NEST=0  -I. -traditional   module_comm_dm_1.F  > module_comm_dm_1.bb
/home/saji/WRF/compile/WRF3.8/oml_sst/tools/standard.exe module_comm_dm_1.bb | /lib/cpp -P -traditional > module_comm_dm_1.f90
rm -f module_comm_dm_1.b module_comm_dm_1.bb
time mpif90  -c   -O0 -w -ffree-form -ffree-line-length-none -fconvert=big-endian -frecord-marker=4  -I../dyn_em -I../dyn_nmm   -I/home/saji/WRF/compile/WRF3.8/oml_sst/external/esmf_time_f90  -I/home/saji/WRF/compile/WRF3.8/oml_sst/main -I/home/saji/WRF/compile/WRF3.8/oml_sst/external/io_netcdf -I/home/saji/WRF/compile/WRF3.8/oml_sst/external/io_int -I/home/saji/WRF/compile/WRF3.8/oml_sst/frame -I/home/saji/WRF/compile/WRF3.8/oml_sst/share -I/home/saji/WRF/compile/WRF3.8/oml_sst/phys -I/home/saji/WRF/compile/WRF3.8/oml_sst/chem -I/home/saji/WRF/compile/WRF3.8/oml_sst/inc -I/usr/include  module_comm_dm_1.f90
8.05user 1.47system 0:09.52elapsed 100%CPU (0avgtext+0avgdata 496208maxresident)k
0inputs+35144outputs (0major+50581minor)pagefaults 0swaps
rm -f module_comm_dm_2.o
/lib/cpp -P -I/home/saji/WRF/compile/WRF3.8/oml_sst/inc -DEM_CORE=1 -DNMM_CORE=0 -DNMM_MAX_DIM=2600 -DCOAMPS_CORE=0 -DDA_CORE=0 -DEXP_CORE=0 -DIWORDSIZE=4 -DDWORDSIZE=8 -DRWORDSIZE=4 -DLWORDSIZE=4 -DNONSTANDARD_SYSTEM_SUBR  -DWRF_USE_CLM -DNO_IEEE_MODULE  -DDM_PARALLEL -DNETCDF -DUSE_ALLOCATABLES -DGRIB1 -DINTIO -DKEEP_INT_AROUND -DLIMIT_ARGS -DCONFIG_BUF_LEN=65536 -DMAX_DOMAINS_F=21 -DMAX_HISTORY=25 -DNMM_NEST=0  -I. -traditional   module_comm_dm_2.F  > module_comm_dm_2.bb
/home/saji/WRF/compile/WRF3.8/oml_sst/tools/standard.exe module_comm_dm_2.bb | /lib/cpp -P -traditional > module_comm_dm_2.f90
rm -f module_comm_dm_2.b module_comm_dm_2.bb
time mpif90  -c   -O0 -w -ffree-form -ffree-line-length-none -fconvert=big-endian -frecord-marker=4  -I../dyn_em -I../dyn_nmm   -I/home/saji/WRF/compile/WRF3.8/oml_sst/external/esmf_time_f90  -I/home/saji/WRF/compile/WRF3.8/oml_sst/main -I/home/saji/WRF/compile/WRF3.8/oml_sst/external/io_netcdf -I/home/saji/WRF/compile/WRF3.8/oml_sst/external/io_int -I/home/saji/WRF/compile/WRF3.8/oml_sst/frame -I/home/saji/WRF/compile/WRF3.8/oml_sst/share -I/home/saji/WRF/compile/WRF3.8/oml_sst/phys -I/home/saji/WRF/compile/WRF3.8/oml_sst/chem -I/home/saji/WRF/compile/WRF3.8/oml_sst/inc -I/usr/include  module_comm_dm_2.f90
21.74user 0.90system 0:22.63elapsed 100%CPU (0avgtext+0avgdata 2404928maxresident)k
0inputs+31640outputs (0major+175846minor)pagefaults 0swaps
rm -f module_comm_dm_3.o
/lib/cpp -P -I/home/saji/WRF/compile/WRF3.8/oml_sst/inc -DEM_CORE=1 -DNMM_CORE=0 -DNMM_MAX_DIM=2600 -DCOAMPS_CORE=0 -DDA_CORE=0 -DEXP_CORE=0 -DIWORDSIZE=4 -DDWORDSIZE=8 -DRWORDSIZE=4 -DLWORDSIZE=4 -DNONSTANDARD_SYSTEM_SUBR  -DWRF_USE_CLM -DNO_IEEE_MODULE  -DDM_PARALLEL -DNETCDF -DUSE_ALLOCATABLES -DGRIB1 -DINTIO -DKEEP_INT_AROUND -DLIMIT_ARGS -DCONFIG_BUF_LEN=65536 -DMAX_DOMAINS_F=21 -DMAX_HISTORY=25 -DNMM_NEST=0  -I. -traditional   module_comm_dm_3.F  > module_comm_dm_3.bb
/home/saji/WRF/compile/WRF3.8/oml_sst/tools/standard.exe module_comm_dm_3.bb | /lib/cpp -P -traditional > module_comm_dm_3.f90
rm -f module_comm_dm_3.b module_comm_dm_3.bb
time mpif90  -c   -O0 -w -ffree-form -ffree-line-length-none -fconvert=big-endian -frecord-marker=4  -I../dyn_em -I../dyn_nmm   -I/home/saji/WRF/compile/WRF3.8/oml_sst/external/esmf_time_f90  -I/home/saji/WRF/compile/WRF3.8/oml_sst/main -I/home/saji/WRF/compile/WRF3.8/oml_sst/external/io_netcdf -I/home/saji/WRF/compile/WRF3.8/oml_sst/external/io_int -I/home/saji/WRF/compile/WRF3.8/oml_sst/frame -I/home/saji/WRF/compile/WRF3.8/oml_sst/share -I/home/saji/WRF/compile/WRF3.8/oml_sst/phys -I/home/saji/WRF/compile/WRF3.8/oml_sst/chem -I/home/saji/WRF/compile/WRF3.8/oml_sst/inc -I/usr/include  module_comm_dm_3.f90
6.21user 1.88system 0:08.08elapsed 100%CPU (0avgtext+0avgdata 311152maxresident)k
0inputs+32368outputs (0major+31710minor)pagefaults 0swaps
rm -f module_comm_dm_4.o
/lib/cpp -P -I/home/saji/WRF/compile/WRF3.8/oml_sst/inc -DEM_CORE=1 -DNMM_CORE=0 -DNMM_MAX_DIM=2600 -DCOAMPS_CORE=0 -DDA_CORE=0 -DEXP_CORE=0 -DIWORDSIZE=4 -DDWORDSIZE=8 -DRWORDSIZE=4 -DLWORDSIZE=4 -DNONSTANDARD_SYSTEM_SUBR  -DWRF_USE_CLM -DNO_IEEE_MODULE  -DDM_PARALLEL -DNETCDF -DUSE_ALLOCATABLES -DGRIB1 -DINTIO -DKEEP_INT_AROUND -DLIMIT_ARGS -DCONFIG_BUF_LEN=65536 -DMAX_DOMAINS_F=21 -DMAX_HISTORY=25 -DNMM_NEST=0  -I. -traditional   module_comm_dm_4.F  > module_comm_dm_4.bb
/home/saji/WRF/compile/WRF3.8/oml_sst/tools/standard.exe module_comm_dm_4.bb | /lib/cpp -P -traditional > module_comm_dm_4.f90
rm -f module_comm_dm_4.b module_comm_dm_4.bb
time mpif90  -o module_comm_dm_4.o -c -O2 -ftree-vectorize -funroll-loops -w -ffree-form -ffree-line-length-none -fconvert=big-endian -frecord-marker=4   -I../dyn_em -I../dyn_nmm   -I/home/saji/WRF/compile/WRF3.8/oml_sst/external/esmf_time_f90  -I/home/saji/WRF/compile/WRF3.8/oml_sst/main -I/home/saji/WRF/compile/WRF3.8/oml_sst/external/io_netcdf -I/home/saji/WRF/compile/WRF3.8/oml_sst/external/io_int -I/home/saji/WRF/compile/WRF3.8/oml_sst/frame -I/home/saji/WRF/compile/WRF3.8/oml_sst/share -I/home/saji/WRF/compile/WRF3.8/oml_sst/phys -I/home/saji/WRF/compile/WRF3.8/oml_sst/chem -I/home/saji/WRF/compile/WRF3.8/oml_sst/inc -I/usr/include    module_comm_dm_4.f90
5.92user 1.73system 0:07.64elapsed 100%CPU (0avgtext+0avgdata 354464maxresident)k
0inputs+28504outputs (0major+33860minor)pagefaults 0swaps
rm -f module_tiles.o
/home/saji/WRF/compile/WRF3.8/oml_sst/tools/standard.exe module_tiles.F > module_tiles.b 
/lib/cpp -P -I/home/saji/WRF/compile/WRF3.8/oml_sst/inc -DEM_CORE=1 -DNMM_CORE=0 -DNMM_MAX_DIM=2600 -DCOAMPS_CORE=0 -DDA_CORE=0 -DEXP_CORE=0 -DIWORDSIZE=4 -DDWORDSIZE=8 -DRWORDSIZE=4 -DLWORDSIZE=4 -DNONSTANDARD_SYSTEM_SUBR  -DWRF_USE_CLM -DNO_IEEE_MODULE  -DDM_PARALLEL -DNETCDF -DUSE_ALLOCATABLES -DGRIB1 -DINTIO -DKEEP_INT_AROUND -DLIMIT_ARGS -DCONFIG_BUF_LEN=65536 -DMAX_DOMAINS_F=21 -DMAX_HISTORY=25 -DNMM_NEST=0  -I. -traditional   module_tiles.b  > module_tiles.f90
rm -f module_tiles.b
if fgrep -iq '!$OMP' module_tiles.f90 ; then \
          if [ -n "" ] ; then echo COMPILING module_tiles.F WITH OMP ; fi ; \
	  time mpif90  -c  -O0 -w -ffree-form -ffree-line-length-none -fconvert=big-endian -frecord-marker=4  -I../dyn_em -I../dyn_nmm   -I/home/saji/WRF/compile/WRF3.8/oml_sst/external/esmf_time_f90  -I/home/saji/WRF/compile/WRF3.8/oml_sst/main -I/home/saji/WRF/compile/WRF3.8/oml_sst/external/io_netcdf -I/home/saji/WRF/compile/WRF3.8/oml_sst/external/io_int -I/home/saji/WRF/compile/WRF3.8/oml_sst/frame -I/home/saji/WRF/compile/WRF3.8/oml_sst/share -I/home/saji/WRF/compile/WRF3.8/oml_sst/phys -I/home/saji/WRF/compile/WRF3.8/oml_sst/chem -I/home/saji/WRF/compile/WRF3.8/oml_sst/inc -I/usr/include    module_tiles.f90 ; \
        else \
          if [ -n "" ] ; then echo COMPILING module_tiles.F WITHOUT OMP ; fi ; \
	  time mpif90  -c  -O0 -w -ffree-form -ffree-line-length-none -fconvert=big-endian -frecord-marker=4  -I../dyn_em -I../dyn_nmm   -I/home/saji/WRF/compile/WRF3.8/oml_sst/external/esmf_time_f90  -I/home/saji/WRF/compile/WRF3.8/oml_sst/main -I/home/saji/WRF/compile/WRF3.8/oml_sst/external/io_netcdf -I/home/saji/WRF/compile/WRF3.8/oml_sst/external/io_int -I/home/saji/WRF/compile/WRF3.8/oml_sst/frame -I/home/saji/WRF/compile/WRF3.8/oml_sst/share -I/home/saji/WRF/compile/WRF3.8/oml_sst/phys -I/home/saji/WRF/compile/WRF3.8/oml_sst/chem -I/home/saji/WRF/compile/WRF3.8/oml_sst/inc -I/usr/include   module_tiles.f90 ; \
        fi
1.10user 0.37system 0:01.47elapsed 100%CPU (0avgtext+0avgdata 98368maxresident)k
0inputs+7352outputs (0major+9806minor)pagefaults 0swaps
rm -f module_clear_halos.o
/lib/cpp -P -I/home/saji/WRF/compile/WRF3.8/oml_sst/inc -DEM_CORE=1 -DNMM_CORE=0 -DNMM_MAX_DIM=2600 -DCOAMPS_CORE=0 -DDA_CORE=0 -DEXP_CORE=0 -DIWORDSIZE=4 -DDWORDSIZE=8 -DRWORDSIZE=4 -DLWORDSIZE=4 -DNONSTANDARD_SYSTEM_SUBR  -DWRF_USE_CLM -DNO_IEEE_MODULE  -DDM_PARALLEL -DNETCDF -DUSE_ALLOCATABLES -DGRIB1 -DINTIO -DKEEP_INT_AROUND -DLIMIT_ARGS -DCONFIG_BUF_LEN=65536 -DMAX_DOMAINS_F=21 -DMAX_HISTORY=25 -DNMM_NEST=0  -I. -traditional   module_clear_halos.F  > module_clear_halos.bb
/home/saji/WRF/compile/WRF3.8/oml_sst/tools/standard.exe module_clear_halos.bb | /lib/cpp -P -traditional > module_clear_halos.f90
rm -f module_clear_halos.b module_clear_halos.bb
time mpif90  -o module_clear_halos.o -c -O2 -ftree-vectorize -funroll-loops -w -ffree-form -ffree-line-length-none -fconvert=big-endian -frecord-marker=4   -I../dyn_em -I../dyn_nmm   -I/home/saji/WRF/compile/WRF3.8/oml_sst/external/esmf_time_f90  -I/home/saji/WRF/compile/WRF3.8/oml_sst/main -I/home/saji/WRF/compile/WRF3.8/oml_sst/external/io_netcdf -I/home/saji/WRF/compile/WRF3.8/oml_sst/external/io_int -I/home/saji/WRF/compile/WRF3.8/oml_sst/frame -I/home/saji/WRF/compile/WRF3.8/oml_sst/share -I/home/saji/WRF/compile/WRF3.8/oml_sst/phys -I/home/saji/WRF/compile/WRF3.8/oml_sst/chem -I/home/saji/WRF/compile/WRF3.8/oml_sst/inc -I/usr/include    module_clear_halos.f90
7.39user 0.28system 0:07.67elapsed 100%CPU (0avgtext+0avgdata 521824maxresident)k
0inputs+3400outputs (0major+38607minor)pagefaults 0swaps
rm -f module_cpl.o
/lib/cpp -P -I/home/saji/WRF/compile/WRF3.8/oml_sst/inc -DEM_CORE=1 -DNMM_CORE=0 -DNMM_MAX_DIM=2600 -DCOAMPS_CORE=0 -DDA_CORE=0 -DEXP_CORE=0 -DIWORDSIZE=4 -DDWORDSIZE=8 -DRWORDSIZE=4 -DLWORDSIZE=4 -DNONSTANDARD_SYSTEM_SUBR  -DWRF_USE_CLM -DNO_IEEE_MODULE  -DDM_PARALLEL -DNETCDF -DUSE_ALLOCATABLES -DGRIB1 -DINTIO -DKEEP_INT_AROUND -DLIMIT_ARGS -DCONFIG_BUF_LEN=65536 -DMAX_DOMAINS_F=21 -DMAX_HISTORY=25 -DNMM_NEST=0  -I. -traditional   module_cpl.F  > module_cpl.bb
/home/saji/WRF/compile/WRF3.8/oml_sst/tools/standard.exe module_cpl.bb | /lib/cpp -P -traditional > module_cpl.f90
rm -f module_cpl.b module_cpl.bb
time mpif90  -o module_cpl.o -c -O2 -ftree-vectorize -funroll-loops -w -ffree-form -ffree-line-length-none -fconvert=big-endian -frecord-marker=4   -I../dyn_em -I../dyn_nmm   -I/home/saji/WRF/compile/WRF3.8/oml_sst/external/esmf_time_f90  -I/home/saji/WRF/compile/WRF3.8/oml_sst/main -I/home/saji/WRF/compile/WRF3.8/oml_sst/external/io_netcdf -I/home/saji/WRF/compile/WRF3.8/oml_sst/external/io_int -I/home/saji/WRF/compile/WRF3.8/oml_sst/frame -I/home/saji/WRF/compile/WRF3.8/oml_sst/share -I/home/saji/WRF/compile/WRF3.8/oml_sst/phys -I/home/saji/WRF/compile/WRF3.8/oml_sst/chem -I/home/saji/WRF/compile/WRF3.8/oml_sst/inc -I/usr/include    module_cpl.f90
1.88user 0.10system 0:01.97elapsed 100%CPU (0avgtext+0avgdata 169424maxresident)k
0inputs+2248outputs (0major+13528minor)pagefaults 0swaps
17.62user 2.46system 0:20.07elapsed 100%CPU (0avgtext+0avgdata 769648maxresident)k
0inputs+63992outputs (0major+69213minor)pagefaults 0swaps
rm -f module_comm_dm.o
/lib/cpp -P -I/home/saji/WRF/compile/WRF3.8/oml_sst/inc -DEM_CORE=1 -DNMM_CORE=0 -DNMM_MAX_DIM=2600 -DCOAMPS_CORE=0 -DDA_CORE=0 -DEXP_CORE=0 -DIWORDSIZE=4 -DDWORDSIZE=8 -DRWORDSIZE=4 -DLWORDSIZE=4 -DNONSTANDARD_SYSTEM_SUBR  -DWRF_USE_CLM -DNO_IEEE_MODULE  -DDM_PARALLEL -DNETCDF -DUSE_ALLOCATABLES -DGRIB1 -DINTIO -DKEEP_INT_AROUND -DLIMIT_ARGS -DCONFIG_BUF_LEN=65536 -DMAX_DOMAINS_F=21 -DMAX_HISTORY=25 -DNMM_NEST=0  -I. -traditional   module_comm_dm.F  > module_comm_dm.bb
/home/saji/WRF/compile/WRF3.8/oml_sst/tools/standard.exe module_comm_dm.bb | /lib/cpp -P -traditional > module_comm_dm.f90
rm -f module_comm_dm.b module_comm_dm.bb
time mpif90  -c   -O0 -w -ffree-form -ffree-line-length-none -fconvert=big-endian -frecord-marker=4  -I../dyn_em -I../dyn_nmm   -I/home/saji/WRF/compile/WRF3.8/oml_sst/external/esmf_time_f90  -I/home/saji/WRF/compile/WRF3.8/oml_sst/main -I/home/saji/WRF/compile/WRF3.8/oml_sst/external/io_netcdf -I/home/saji/WRF/compile/WRF3.8/oml_sst/external/io_int -I/home/saji/WRF/compile/WRF3.8/oml_sst/frame -I/home/saji/WRF/compile/WRF3.8/oml_sst/share -I/home/saji/WRF/compile/WRF3.8/oml_sst/phys -I/home/saji/WRF/compile/WRF3.8/oml_sst/chem -I/home/saji/WRF/compile/WRF3.8/oml_sst/inc -I/usr/include  module_comm_dm.f90
13.57user 2.82system 0:16.43elapsed 99%CPU (0avgtext+0avgdata 1363584maxresident)k
0inputs+181440outputs (0major+88535minor)pagefaults 0swaps
rm -f module_dm.o
/home/saji/WRF/compile/WRF3.8/oml_sst/tools/standard.exe module_dm.F > module_dm.b 
/lib/cpp -P -I/home/saji/WRF/compile/WRF3.8/oml_sst/inc -DEM_CORE=1 -DNMM_CORE=0 -DNMM_MAX_DIM=2600 -DCOAMPS_CORE=0 -DDA_CORE=0 -DEXP_CORE=0 -DIWORDSIZE=4 -DDWORDSIZE=8 -DRWORDSIZE=4 -DLWORDSIZE=4 -DNONSTANDARD_SYSTEM_SUBR  -DWRF_USE_CLM -DNO_IEEE_MODULE  -DDM_PARALLEL -DNETCDF -DUSE_ALLOCATABLES -DGRIB1 -DINTIO -DKEEP_INT_AROUND -DLIMIT_ARGS -DCONFIG_BUF_LEN=65536 -DMAX_DOMAINS_F=21 -DMAX_HISTORY=25 -DNMM_NEST=0  -I. -traditional   module_dm.b  > module_dm.f90
rm -f module_dm.b
if fgrep -iq '!$OMP' module_dm.f90 ; then \
          if [ -n "" ] ; then echo COMPILING module_dm.F WITH OMP ; fi ; \
	  time mpif90  -c  -O0 -w -ffree-form -ffree-line-length-none -fconvert=big-endian -frecord-marker=4  -I../dyn_em -I../dyn_nmm   -I/home/saji/WRF/compile/WRF3.8/oml_sst/external/esmf_time_f90  -I/home/saji/WRF/compile/WRF3.8/oml_sst/main -I/home/saji/WRF/compile/WRF3.8/oml_sst/external/io_netcdf -I/home/saji/WRF/compile/WRF3.8/oml_sst/external/io_int -I/home/saji/WRF/compile/WRF3.8/oml_sst/frame -I/home/saji/WRF/compile/WRF3.8/oml_sst/share -I/home/saji/WRF/compile/WRF3.8/oml_sst/phys -I/home/saji/WRF/compile/WRF3.8/oml_sst/chem -I/home/saji/WRF/compile/WRF3.8/oml_sst/inc -I/usr/include    module_dm.f90 ; \
        else \
          if [ -n "" ] ; then echo COMPILING module_dm.F WITHOUT OMP ; fi ; \
	  time mpif90  -c  -O0 -w -ffree-form -ffree-line-length-none -fconvert=big-endian -frecord-marker=4  -I../dyn_em -I../dyn_nmm   -I/home/saji/WRF/compile/WRF3.8/oml_sst/external/esmf_time_f90  -I/home/saji/WRF/compile/WRF3.8/oml_sst/main -I/home/saji/WRF/compile/WRF3.8/oml_sst/external/io_netcdf -I/home/saji/WRF/compile/WRF3.8/oml_sst/external/io_int -I/home/saji/WRF/compile/WRF3.8/oml_sst/frame -I/home/saji/WRF/compile/WRF3.8/oml_sst/share -I/home/saji/WRF/compile/WRF3.8/oml_sst/phys -I/home/saji/WRF/compile/WRF3.8/oml_sst/chem -I/home/saji/WRF/compile/WRF3.8/oml_sst/inc -I/usr/include   module_dm.f90 ; \
        fi
30.18user 3.26system 0:33.44elapsed 100%CPU (0avgtext+0avgdata 2319568maxresident)k
0inputs+22800outputs (0major+162504minor)pagefaults 0swaps
rm -f module_integrate.o
rm -f module_io.o
/home/saji/WRF/compile/WRF3.8/oml_sst/tools/standard.exe module_integrate.F > module_integrate.b 
/lib/cpp -P -I/home/saji/WRF/compile/WRF3.8/oml_sst/inc -DEM_CORE=1 -DNMM_CORE=0 -DNMM_MAX_DIM=2600 -DCOAMPS_CORE=0 -DDA_CORE=0 -DEXP_CORE=0 -DIWORDSIZE=4 -DDWORDSIZE=8 -DRWORDSIZE=4 -DLWORDSIZE=4 -DNONSTANDARD_SYSTEM_SUBR  -DWRF_USE_CLM -DNO_IEEE_MODULE  -DDM_PARALLEL -DNETCDF -DUSE_ALLOCATABLES -DGRIB1 -DINTIO -DKEEP_INT_AROUND -DLIMIT_ARGS -DCONFIG_BUF_LEN=65536 -DMAX_DOMAINS_F=21 -DMAX_HISTORY=25 -DNMM_NEST=0  -I. -traditional   module_io.F  > module_io.bb
/lib/cpp -P -I/home/saji/WRF/compile/WRF3.8/oml_sst/inc -DEM_CORE=1 -DNMM_CORE=0 -DNMM_MAX_DIM=2600 -DCOAMPS_CORE=0 -DDA_CORE=0 -DEXP_CORE=0 -DIWORDSIZE=4 -DDWORDSIZE=8 -DRWORDSIZE=4 -DLWORDSIZE=4 -DNONSTANDARD_SYSTEM_SUBR  -DWRF_USE_CLM -DNO_IEEE_MODULE  -DDM_PARALLEL -DNETCDF -DUSE_ALLOCATABLES -DGRIB1 -DINTIO -DKEEP_INT_AROUND -DLIMIT_ARGS -DCONFIG_BUF_LEN=65536 -DMAX_DOMAINS_F=21 -DMAX_HISTORY=25 -DNMM_NEST=0  -I. -traditional   module_integrate.b  > module_integrate.f90
rm -f module_integrate.b
if fgrep -iq '!$OMP' module_integrate.f90 ; then \
          if [ -n "" ] ; then echo COMPILING module_integrate.F WITH OMP ; fi ; \
	  time mpif90  -c  -O0 -w -ffree-form -ffree-line-length-none -fconvert=big-endian -frecord-marker=4  -I../dyn_em -I../dyn_nmm   -I/home/saji/WRF/compile/WRF3.8/oml_sst/external/esmf_time_f90  -I/home/saji/WRF/compile/WRF3.8/oml_sst/main -I/home/saji/WRF/compile/WRF3.8/oml_sst/external/io_netcdf -I/home/saji/WRF/compile/WRF3.8/oml_sst/external/io_int -I/home/saji/WRF/compile/WRF3.8/oml_sst/frame -I/home/saji/WRF/compile/WRF3.8/oml_sst/share -I/home/saji/WRF/compile/WRF3.8/oml_sst/phys -I/home/saji/WRF/compile/WRF3.8/oml_sst/chem -I/home/saji/WRF/compile/WRF3.8/oml_sst/inc -I/usr/include    module_integrate.f90 ; \
        else \
          if [ -n "" ] ; then echo COMPILING module_integrate.F WITHOUT OMP ; fi ; \
	  time mpif90  -c  -O0 -w -ffree-form -ffree-line-length-none -fconvert=big-endian -frecord-marker=4  -I../dyn_em -I../dyn_nmm   -I/home/saji/WRF/compile/WRF3.8/oml_sst/external/esmf_time_f90  -I/home/saji/WRF/compile/WRF3.8/oml_sst/main -I/home/saji/WRF/compile/WRF3.8/oml_sst/external/io_netcdf -I/home/saji/WRF/compile/WRF3.8/oml_sst/external/io_int -I/home/saji/WRF/compile/WRF3.8/oml_sst/frame -I/home/saji/WRF/compile/WRF3.8/oml_sst/share -I/home/saji/WRF/compile/WRF3.8/oml_sst/phys -I/home/saji/WRF/compile/WRF3.8/oml_sst/chem -I/home/saji/WRF/compile/WRF3.8/oml_sst/inc -I/usr/include   module_integrate.f90 ; \
        fi
/home/saji/WRF/compile/WRF3.8/oml_sst/tools/standard.exe module_io.bb | /lib/cpp -P -traditional > module_io.f90
rm -f module_io.b module_io.bb
time mpif90  -c   -O0 -w -ffree-form -ffree-line-length-none -fconvert=big-endian -frecord-marker=4  -I../dyn_em -I../dyn_nmm   -I/home/saji/WRF/compile/WRF3.8/oml_sst/external/esmf_time_f90  -I/home/saji/WRF/compile/WRF3.8/oml_sst/main -I/home/saji/WRF/compile/WRF3.8/oml_sst/external/io_netcdf -I/home/saji/WRF/compile/WRF3.8/oml_sst/external/io_int -I/home/saji/WRF/compile/WRF3.8/oml_sst/frame -I/home/saji/WRF/compile/WRF3.8/oml_sst/share -I/home/saji/WRF/compile/WRF3.8/oml_sst/phys -I/home/saji/WRF/compile/WRF3.8/oml_sst/chem -I/home/saji/WRF/compile/WRF3.8/oml_sst/inc -I/usr/include  module_io.f90
6.53user 1.00system 0:07.53elapsed 100%CPU (0avgtext+0avgdata 327792maxresident)k
0inputs+1328outputs (0major+22729minor)pagefaults 0swaps
rm -f module_io_quilt.o
/lib/cpp -P -I/home/saji/WRF/compile/WRF3.8/oml_sst/inc -DEM_CORE=1 -DNMM_CORE=0 -DNMM_MAX_DIM=2600 -DCOAMPS_CORE=0 -DDA_CORE=0 -DEXP_CORE=0 -DIWORDSIZE=4 -DDWORDSIZE=8 -DRWORDSIZE=4 -DLWORDSIZE=4 -DNONSTANDARD_SYSTEM_SUBR  -DWRF_USE_CLM -DNO_IEEE_MODULE  -DDM_PARALLEL -DNETCDF -DUSE_ALLOCATABLES -DGRIB1 -DINTIO -DKEEP_INT_AROUND -DLIMIT_ARGS -DCONFIG_BUF_LEN=65536 -DMAX_DOMAINS_F=21 -DMAX_HISTORY=25 -DNMM_NEST=0  -I. -traditional   module_io_quilt.F  > module_io_quilt.bb
/home/saji/WRF/compile/WRF3.8/oml_sst/tools/standard.exe module_io_quilt.bb | /lib/cpp -P -traditional > module_io_quilt.f90
rm -f module_io_quilt.b module_io_quilt.bb
time mpif90  -o module_io_quilt.o -c -O2 -ftree-vectorize -funroll-loops -w -ffree-form -ffree-line-length-none -fconvert=big-endian -frecord-marker=4   -I../dyn_em -I../dyn_nmm   -I/home/saji/WRF/compile/WRF3.8/oml_sst/external/esmf_time_f90  -I/home/saji/WRF/compile/WRF3.8/oml_sst/main -I/home/saji/WRF/compile/WRF3.8/oml_sst/external/io_netcdf -I/home/saji/WRF/compile/WRF3.8/oml_sst/external/io_int -I/home/saji/WRF/compile/WRF3.8/oml_sst/frame -I/home/saji/WRF/compile/WRF3.8/oml_sst/share -I/home/saji/WRF/compile/WRF3.8/oml_sst/phys -I/home/saji/WRF/compile/WRF3.8/oml_sst/chem -I/home/saji/WRF/compile/WRF3.8/oml_sst/inc -I/usr/include    module_io_quilt.f90
3.31user 0.29system 0:03.60elapsed 100%CPU (0avgtext+0avgdata 276016maxresident)k
0inputs+912outputs (0major+20964minor)pagefaults 0swaps
rm -f module_intermediate_nmm.o
/lib/cpp -P -I/home/saji/WRF/compile/WRF3.8/oml_sst/inc -DEM_CORE=1 -DNMM_CORE=0 -DNMM_MAX_DIM=2600 -DCOAMPS_CORE=0 -DDA_CORE=0 -DEXP_CORE=0 -DIWORDSIZE=4 -DDWORDSIZE=8 -DRWORDSIZE=4 -DLWORDSIZE=4 -DNONSTANDARD_SYSTEM_SUBR  -DWRF_USE_CLM -DNO_IEEE_MODULE  -DDM_PARALLEL -DNETCDF -DUSE_ALLOCATABLES -DGRIB1 -DINTIO -DKEEP_INT_AROUND -DLIMIT_ARGS -DCONFIG_BUF_LEN=65536 -DMAX_DOMAINS_F=21 -DMAX_HISTORY=25 -DNMM_NEST=0  -I. -traditional   module_intermediate_nmm.F  > module_intermediate_nmm.bb
/home/saji/WRF/compile/WRF3.8/oml_sst/tools/standard.exe module_intermediate_nmm.bb | /lib/cpp -P -traditional > module_intermediate_nmm.f90
rm -f module_intermediate_nmm.b module_intermediate_nmm.bb
time mpif90  -o module_intermediate_nmm.o -c -O2 -ftree-vectorize -funroll-loops -w -ffree-form -ffree-line-length-none -fconvert=big-endian -frecord-marker=4   -I../dyn_em -I../dyn_nmm   -I/home/saji/WRF/compile/WRF3.8/oml_sst/external/esmf_time_f90  -I/home/saji/WRF/compile/WRF3.8/oml_sst/main -I/home/saji/WRF/compile/WRF3.8/oml_sst/external/io_netcdf -I/home/saji/WRF/compile/WRF3.8/oml_sst/external/io_int -I/home/saji/WRF/compile/WRF3.8/oml_sst/frame -I/home/saji/WRF/compile/WRF3.8/oml_sst/share -I/home/saji/WRF/compile/WRF3.8/oml_sst/phys -I/home/saji/WRF/compile/WRF3.8/oml_sst/chem -I/home/saji/WRF/compile/WRF3.8/oml_sst/inc -I/usr/include    module_intermediate_nmm.f90
0.02user 0.00system 0:00.02elapsed 140%CPU (0avgtext+0avgdata 22096maxresident)k
0inputs+24outputs (0major+3346minor)pagefaults 0swaps
14.05user 1.75system 0:15.79elapsed 100%CPU (0avgtext+0avgdata 772688maxresident)k
0inputs+7800outputs (0major+53205minor)pagefaults 0swaps
ar ru ../main/libwrflib.a module_driver_constants.o module_domain_type.o module_streams.o module_domain.o module_integrate.o module_timing.o module_configure.o module_tiles.o module_machine.o module_nesting.o module_wrf_error.o module_state_description.o module_sm.o module_io.o module_comm_dm.o module_comm_dm_0.o module_comm_dm_1.o module_comm_dm_2.o module_comm_dm_3.o module_comm_dm_4.o module_comm_nesting_dm.o module_dm.o module_quilt_outbuf_ops.o module_io_quilt.o module_intermediate_nmm.o module_cpl.o module_cpl_oasis3.o module_clear_halos.o wrf_num_bytes_between.o wrf_shutdown.o wrf_debug.o libmassv.o collect_on_comm.o hires_timer.o clog.o nl_get_0_routines.o nl_get_1_routines.o nl_get_2_routines.o nl_get_3_routines.o nl_get_4_routines.o nl_get_5_routines.o nl_get_6_routines.o nl_get_7_routines.o nl_set_0_routines.o nl_set_1_routines.o nl_set_2_routines.o nl_set_3_routines.o nl_set_4_routines.o nl_set_5_routines.o nl_set_6_routines.o nl_set_7_routines.o  module_alloc_space_0.o module_alloc_space_1.o module_alloc_space_2.o module_alloc_space_3.o module_alloc_space_4.o module_alloc_space_5.o module_alloc_space_6.o module_alloc_space_7.o module_alloc_space_8.o module_alloc_space_9.o
ar: creating ../main/libwrflib.a
ranlib ../main/libwrflib.a
make[2]: Leaving directory `/home/saji/WRF/compile/WRF3.8/oml_sst/frame'
make[2]: Entering directory `/home/saji/WRF/compile/WRF3.8/oml_sst/external/io_netcdf'
x=`echo "time mpif90  -w -ffree-form -ffree-line-length-none -fconvert=big-endian -frecord-marker=4 " | awk '{print $1}'` ; export x ; \
	if [ $x = "gfortran" ] ; then \
           echo removing external declaration of iargc for gfortran ; \
	   /lib/cpp -P -P -traditional -I/usr/include -I../ioapi_share diffwrf.F90 | sed '/integer *, *external.*iargc/d' > diffwrf.f ;\
        else \
	   /lib/cpp -P -P -traditional -I/usr/include -I../ioapi_share diffwrf.F90 > diffwrf.f ; \
        fi
time mpif90  -w -ffree-form -ffree-line-length-none -fconvert=big-endian -frecord-marker=4  -c  -I/usr/include -I../ioapi_share diffwrf.f
0.20user 0.02system 0:00.21elapsed 104%CPU (0avgtext+0avgdata 67440maxresident)k
0inputs+272outputs (0major+6420minor)pagefaults 0swaps
diffwrf io_netcdf is being built now. 
0.12user 0.02system 0:00.14elapsed 104%CPU (0avgtext+0avgdata 54256maxresident)k
0inputs+736outputs (0major+5890minor)pagefaults 0swaps
make[2]: Leaving directory `/home/saji/WRF/compile/WRF3.8/oml_sst/external/io_netcdf'
make[2]: Entering directory `/home/saji/WRF/compile/WRF3.8/oml_sst/external/io_netcdf'
make[2]: Nothing to be done for `all'.
make[2]: Leaving directory `/home/saji/WRF/compile/WRF3.8/oml_sst/external/io_netcdf'
SKIPPING PIO BUILD make -i -r NETCDFPATH= FC=gfortran -w -ffree-form -ffree-line-length-none -fconvert=big-endian -frecord-marker=4  RANLIB=ranlib CPP=/lib/cpp -P LDFLAGS= -O2 -ftree-vectorize -funroll-loops -w -ffree-form -ffree-line-length-none -fconvert=big-endian -frecord-marker=4    TRADFLAG=-traditional ESMF_IO_LIB_EXT=-L/home/saji/WRF/compile/WRF3.8/oml_sst/external/esmf_time_f90 -lesmf_time LIB_LOCAL= ESMF_MOD_DEPENDENCE=/home/saji/WRF/compile/WRF3.8/oml_sst/external/esmf_time_f90/module_utility.o AR=INTERNAL_BUILD_ERROR_SHOULD_NOT_NEED_AR
make[2]: Entering directory `/home/saji/WRF/compile/WRF3.8/oml_sst/external/io_int'
if [ -f ../../frame/pack_utils.o -a -f ../../frame/clog.o ] ; then \
	  gfortran -w -ffree-form -ffree-line-length-none -fconvert=big-endian -frecord-marker=4    -I../ioapi_share -o diffwrf diffwrf.f \
		../../frame/pack_utils.o ../../frame/module_internal_header_util.o ../../frame/module_driver_constants.o ../../frame/module_machine.o ../../frame/module_wrf_error.o ../../frame/wrf_debug.o -L/home/saji/WRF/compile/WRF3.8/oml_sst/external/esmf_time_f90 -lesmf_time libwrfio_int.a ; \
	fi
make[2]: Leaving directory `/home/saji/WRF/compile/WRF3.8/oml_sst/external/io_int'
make[1]: Leaving directory `/home/saji/WRF/compile/WRF3.8/oml_sst'
make -i -r MODULE_DIRS="-I../dyn_em -I../dyn_nmm   -I/home/saji/WRF/compile/WRF3.8/oml_sst/external/esmf_time_f90  -I/home/saji/WRF/compile/WRF3.8/oml_sst/main -I/home/saji/WRF/compile/WRF3.8/oml_sst/external/io_netcdf -I/home/saji/WRF/compile/WRF3.8/oml_sst/external/io_int -I/home/saji/WRF/compile/WRF3.8/oml_sst/frame -I/home/saji/WRF/compile/WRF3.8/oml_sst/share -I/home/saji/WRF/compile/WRF3.8/oml_sst/phys -I/home/saji/WRF/compile/WRF3.8/oml_sst/chem -I/home/saji/WRF/compile/WRF3.8/oml_sst/inc -I/usr/include " shared
make[1]: Entering directory `/home/saji/WRF/compile/WRF3.8/oml_sst'
--------------------------------------
if [ "`echo -j 2 | sed -e 's/-j//g' -e 's/ \+//g'`" -gt "6" ] ; then \
	  ( cd share ; make -i -r -j 6 ) ;  \
	else \
	  ( cd share ; make -i -r -j 2 ) ;  \
	fi
make[2]: Entering directory `/home/saji/WRF/compile/WRF3.8/oml_sst/share'
rm -f module_bc_time_utilities.o
rm -f module_get_file_names.o
/lib/cpp -P -I/home/saji/WRF/compile/WRF3.8/oml_sst/inc -DEM_CORE=1 -DNMM_CORE=0 -DNMM_MAX_DIM=2600 -DCOAMPS_CORE=0 -DDA_CORE=0 -DEXP_CORE=0 -DIWORDSIZE=4 -DDWORDSIZE=8 -DRWORDSIZE=4 -DLWORDSIZE=4 -DNONSTANDARD_SYSTEM_SUBR  -DWRF_USE_CLM -DNO_IEEE_MODULE  -DDM_PARALLEL -DNETCDF -DUSE_ALLOCATABLES -DGRIB1 -DINTIO -DKEEP_INT_AROUND -DLIMIT_ARGS -DCONFIG_BUF_LEN=65536 -DMAX_DOMAINS_F=21 -DMAX_HISTORY=25 -DNMM_NEST=0  -I. -traditional   module_bc_time_utilities.F  > module_bc_time_utilities.bb
/lib/cpp -P -I/home/saji/WRF/compile/WRF3.8/oml_sst/inc -DEM_CORE=1 -DNMM_CORE=0 -DNMM_MAX_DIM=2600 -DCOAMPS_CORE=0 -DDA_CORE=0 -DEXP_CORE=0 -DIWORDSIZE=4 -DDWORDSIZE=8 -DRWORDSIZE=4 -DLWORDSIZE=4 -DNONSTANDARD_SYSTEM_SUBR  -DWRF_USE_CLM -DNO_IEEE_MODULE  -DDM_PARALLEL -DNETCDF -DUSE_ALLOCATABLES -DGRIB1 -DINTIO -DKEEP_INT_AROUND -DLIMIT_ARGS -DCONFIG_BUF_LEN=65536 -DMAX_DOMAINS_F=21 -DMAX_HISTORY=25 -DNMM_NEST=0  -I. -traditional   module_get_file_names.F  > module_get_file_names.bb
/home/saji/WRF/compile/WRF3.8/oml_sst/tools/standard.exe module_bc_time_utilities.bb | /lib/cpp -P -traditional > module_bc_time_utilities.f90
/home/saji/WRF/compile/WRF3.8/oml_sst/tools/standard.exe module_get_file_names.bb | /lib/cpp -P -traditional > module_get_file_names.f90
rm -f module_bc_time_utilities.b module_bc_time_utilities.bb
rm -f module_get_file_names.b module_get_file_names.bb
time mpif90  -o module_bc_time_utilities.o -c -O2 -ftree-vectorize -funroll-loops -w -ffree-form -ffree-line-length-none -fconvert=big-endian -frecord-marker=4   -I../dyn_em -I../dyn_nmm   -I/home/saji/WRF/compile/WRF3.8/oml_sst/external/esmf_time_f90  -I/home/saji/WRF/compile/WRF3.8/oml_sst/main -I/home/saji/WRF/compile/WRF3.8/oml_sst/external/io_netcdf -I/home/saji/WRF/compile/WRF3.8/oml_sst/external/io_int -I/home/saji/WRF/compile/WRF3.8/oml_sst/frame -I/home/saji/WRF/compile/WRF3.8/oml_sst/share -I/home/saji/WRF/compile/WRF3.8/oml_sst/phys -I/home/saji/WRF/compile/WRF3.8/oml_sst/chem -I/home/saji/WRF/compile/WRF3.8/oml_sst/inc -I/usr/include    module_bc_time_utilities.f90
time mpif90  -o module_get_file_names.o -c -O2 -ftree-vectorize -funroll-loops -w -ffree-form -ffree-line-length-none -fconvert=big-endian -frecord-marker=4   -I../dyn_em -I../dyn_nmm   -I/home/saji/WRF/compile/WRF3.8/oml_sst/external/esmf_time_f90  -I/home/saji/WRF/compile/WRF3.8/oml_sst/main -I/home/saji/WRF/compile/WRF3.8/oml_sst/external/io_netcdf -I/home/saji/WRF/compile/WRF3.8/oml_sst/external/io_int -I/home/saji/WRF/compile/WRF3.8/oml_sst/frame -I/home/saji/WRF/compile/WRF3.8/oml_sst/share -I/home/saji/WRF/compile/WRF3.8/oml_sst/phys -I/home/saji/WRF/compile/WRF3.8/oml_sst/chem -I/home/saji/WRF/compile/WRF3.8/oml_sst/inc -I/usr/include    module_get_file_names.f90
0.03user 0.02system 0:00.05elapsed 114%CPU (0avgtext+0avgdata 35376maxresident)k
0inputs+224outputs (0major+4327minor)pagefaults 0swaps
rm -f module_compute_geop.o
/lib/cpp -P -I/home/saji/WRF/compile/WRF3.8/oml_sst/inc -DEM_CORE=1 -DNMM_CORE=0 -DNMM_MAX_DIM=2600 -DCOAMPS_CORE=0 -DDA_CORE=0 -DEXP_CORE=0 -DIWORDSIZE=4 -DDWORDSIZE=8 -DRWORDSIZE=4 -DLWORDSIZE=4 -DNONSTANDARD_SYSTEM_SUBR  -DWRF_USE_CLM -DNO_IEEE_MODULE  -DDM_PARALLEL -DNETCDF -DUSE_ALLOCATABLES -DGRIB1 -DINTIO -DKEEP_INT_AROUND -DLIMIT_ARGS -DCONFIG_BUF_LEN=65536 -DMAX_DOMAINS_F=21 -DMAX_HISTORY=25 -DNMM_NEST=0  -I. -traditional   module_compute_geop.F  > module_compute_geop.bb
/home/saji/WRF/compile/WRF3.8/oml_sst/tools/standard.exe module_compute_geop.bb | /lib/cpp -P -traditional > module_compute_geop.f90
rm -f module_compute_geop.b module_compute_geop.bb
time mpif90  -o module_compute_geop.o -c -O2 -ftree-vectorize -funroll-loops -w -ffree-form -ffree-line-length-none -fconvert=big-endian -frecord-marker=4   -I../dyn_em -I../dyn_nmm   -I/home/saji/WRF/compile/WRF3.8/oml_sst/external/esmf_time_f90  -I/home/saji/WRF/compile/WRF3.8/oml_sst/main -I/home/saji/WRF/compile/WRF3.8/oml_sst/external/io_netcdf -I/home/saji/WRF/compile/WRF3.8/oml_sst/external/io_int -I/home/saji/WRF/compile/WRF3.8/oml_sst/frame -I/home/saji/WRF/compile/WRF3.8/oml_sst/share -I/home/saji/WRF/compile/WRF3.8/oml_sst/phys -I/home/saji/WRF/compile/WRF3.8/oml_sst/chem -I/home/saji/WRF/compile/WRF3.8/oml_sst/inc -I/usr/include    module_compute_geop.f90
0.18user 0.01system 0:00.18elapsed 102%CPU (0avgtext+0avgdata 51440maxresident)k
0inputs+88outputs (0major+5372minor)pagefaults 0swaps
rm -f module_check_a_mundo.o
/lib/cpp -P -I/home/saji/WRF/compile/WRF3.8/oml_sst/inc -DEM_CORE=1 -DNMM_CORE=0 -DNMM_MAX_DIM=2600 -DCOAMPS_CORE=0 -DDA_CORE=0 -DEXP_CORE=0 -DIWORDSIZE=4 -DDWORDSIZE=8 -DRWORDSIZE=4 -DLWORDSIZE=4 -DNONSTANDARD_SYSTEM_SUBR  -DWRF_USE_CLM -DNO_IEEE_MODULE  -DDM_PARALLEL -DNETCDF -DUSE_ALLOCATABLES -DGRIB1 -DINTIO -DKEEP_INT_AROUND -DLIMIT_ARGS -DCONFIG_BUF_LEN=65536 -DMAX_DOMAINS_F=21 -DMAX_HISTORY=25 -DNMM_NEST=0  -I. -traditional   module_check_a_mundo.F  > module_check_a_mundo.bb
/home/saji/WRF/compile/WRF3.8/oml_sst/tools/standard.exe module_check_a_mundo.bb | /lib/cpp -P -traditional > module_check_a_mundo.f90
0.11user 0.01system 0:00.12elapsed 102%CPU (0avgtext+0avgdata 46704maxresident)k
0inputs+56outputs (0major+5051minor)pagefaults 0swaps
rm -f bobrand.o
mpicc -cc=gcc -DMPI2_SUPPORT -DFSEEKO64_OK  -o bobrand.o -c -w -O3 -c  -DDM_PARALLEL -DMAX_HISTORY=25 -DNMM_CORE=0 bobrand.c
gcc: unrecognized option '-cc=gcc'
rm -f module_check_a_mundo.b module_check_a_mundo.bb
time mpif90  -o module_check_a_mundo.o -c -O2 -ftree-vectorize -funroll-loops -w -ffree-form -ffree-line-length-none -fconvert=big-endian -frecord-marker=4   -I../dyn_em -I../dyn_nmm   -I/home/saji/WRF/compile/WRF3.8/oml_sst/external/esmf_time_f90  -I/home/saji/WRF/compile/WRF3.8/oml_sst/main -I/home/saji/WRF/compile/WRF3.8/oml_sst/external/io_netcdf -I/home/saji/WRF/compile/WRF3.8/oml_sst/external/io_int -I/home/saji/WRF/compile/WRF3.8/oml_sst/frame -I/home/saji/WRF/compile/WRF3.8/oml_sst/share -I/home/saji/WRF/compile/WRF3.8/oml_sst/phys -I/home/saji/WRF/compile/WRF3.8/oml_sst/chem -I/home/saji/WRF/compile/WRF3.8/oml_sst/inc -I/usr/include    module_check_a_mundo.f90
rm -f module_llxy.o
/lib/cpp -P -I/home/saji/WRF/compile/WRF3.8/oml_sst/inc -DEM_CORE=1 -DNMM_CORE=0 -DNMM_MAX_DIM=2600 -DCOAMPS_CORE=0 -DDA_CORE=0 -DEXP_CORE=0 -DIWORDSIZE=4 -DDWORDSIZE=8 -DRWORDSIZE=4 -DLWORDSIZE=4 -DNONSTANDARD_SYSTEM_SUBR  -DWRF_USE_CLM -DNO_IEEE_MODULE  -DDM_PARALLEL -DNETCDF -DUSE_ALLOCATABLES -DGRIB1 -DINTIO -DKEEP_INT_AROUND -DLIMIT_ARGS -DCONFIG_BUF_LEN=65536 -DMAX_DOMAINS_F=21 -DMAX_HISTORY=25 -DNMM_NEST=0  -I. -traditional   module_llxy.F  > module_llxy.bb
/home/saji/WRF/compile/WRF3.8/oml_sst/tools/standard.exe module_llxy.bb | /lib/cpp -P -traditional > module_llxy.f90
rm -f module_llxy.b module_llxy.bb
time mpif90  -o module_llxy.o -c -O2 -ftree-vectorize -funroll-loops -w -ffree-form -ffree-line-length-none -fconvert=big-endian -frecord-marker=4   -I../dyn_em -I../dyn_nmm   -I/home/saji/WRF/compile/WRF3.8/oml_sst/external/esmf_time_f90  -I/home/saji/WRF/compile/WRF3.8/oml_sst/main -I/home/saji/WRF/compile/WRF3.8/oml_sst/external/io_netcdf -I/home/saji/WRF/compile/WRF3.8/oml_sst/external/io_int -I/home/saji/WRF/compile/WRF3.8/oml_sst/frame -I/home/saji/WRF/compile/WRF3.8/oml_sst/share -I/home/saji/WRF/compile/WRF3.8/oml_sst/phys -I/home/saji/WRF/compile/WRF3.8/oml_sst/chem -I/home/saji/WRF/compile/WRF3.8/oml_sst/inc -I/usr/include    module_llxy.f90
0.93user 0.03system 0:00.96elapsed 100%CPU (0avgtext+0avgdata 102080maxresident)k
0inputs+488outputs (0major+9061minor)pagefaults 0swaps
rm -f module_interp_store.o
/lib/cpp -P -I/home/saji/WRF/compile/WRF3.8/oml_sst/inc -DEM_CORE=1 -DNMM_CORE=0 -DNMM_MAX_DIM=2600 -DCOAMPS_CORE=0 -DDA_CORE=0 -DEXP_CORE=0 -DIWORDSIZE=4 -DDWORDSIZE=8 -DRWORDSIZE=4 -DLWORDSIZE=4 -DNONSTANDARD_SYSTEM_SUBR  -DWRF_USE_CLM -DNO_IEEE_MODULE  -DDM_PARALLEL -DNETCDF -DUSE_ALLOCATABLES -DGRIB1 -DINTIO -DKEEP_INT_AROUND -DLIMIT_ARGS -DCONFIG_BUF_LEN=65536 -DMAX_DOMAINS_F=21 -DMAX_HISTORY=25 -DNMM_NEST=0  -I. -traditional   module_interp_store.F  > module_interp_store.bb
/home/saji/WRF/compile/WRF3.8/oml_sst/tools/standard.exe module_interp_store.bb | /lib/cpp -P -traditional > module_interp_store.f90
rm -f module_interp_store.b module_interp_store.bb
time mpif90  -o module_interp_store.o -c -O2 -ftree-vectorize -funroll-loops -w -ffree-form -ffree-line-length-none -fconvert=big-endian -frecord-marker=4   -I../dyn_em -I../dyn_nmm   -I/home/saji/WRF/compile/WRF3.8/oml_sst/external/esmf_time_f90  -I/home/saji/WRF/compile/WRF3.8/oml_sst/main -I/home/saji/WRF/compile/WRF3.8/oml_sst/external/io_netcdf -I/home/saji/WRF/compile/WRF3.8/oml_sst/external/io_int -I/home/saji/WRF/compile/WRF3.8/oml_sst/frame -I/home/saji/WRF/compile/WRF3.8/oml_sst/share -I/home/saji/WRF/compile/WRF3.8/oml_sst/phys -I/home/saji/WRF/compile/WRF3.8/oml_sst/chem -I/home/saji/WRF/compile/WRF3.8/oml_sst/inc -I/usr/include    module_interp_store.f90
0.23user 0.02system 0:00.24elapsed 102%CPU (0avgtext+0avgdata 48224maxresident)k
0inputs+40outputs (0major+5124minor)pagefaults 0swaps
rm -f module_MPP.o
/lib/cpp -P -I/home/saji/WRF/compile/WRF3.8/oml_sst/inc -DEM_CORE=1 -DNMM_CORE=0 -DNMM_MAX_DIM=2600 -DCOAMPS_CORE=0 -DDA_CORE=0 -DEXP_CORE=0 -DIWORDSIZE=4 -DDWORDSIZE=8 -DRWORDSIZE=4 -DLWORDSIZE=4 -DNONSTANDARD_SYSTEM_SUBR  -DWRF_USE_CLM -DNO_IEEE_MODULE  -DDM_PARALLEL -DNETCDF -DUSE_ALLOCATABLES -DGRIB1 -DINTIO -DKEEP_INT_AROUND -DLIMIT_ARGS -DCONFIG_BUF_LEN=65536 -DMAX_DOMAINS_F=21 -DMAX_HISTORY=25 -DNMM_NEST=0  -I. -traditional   module_MPP.F  > module_MPP.bb
/home/saji/WRF/compile/WRF3.8/oml_sst/tools/standard.exe module_MPP.bb | /lib/cpp -P -traditional > module_MPP.f90
rm -f module_MPP.b module_MPP.bb
time mpif90  -o module_MPP.o -c -O2 -ftree-vectorize -funroll-loops -w -ffree-form -ffree-line-length-none -fconvert=big-endian -frecord-marker=4   -I../dyn_em -I../dyn_nmm   -I/home/saji/WRF/compile/WRF3.8/oml_sst/external/esmf_time_f90  -I/home/saji/WRF/compile/WRF3.8/oml_sst/main -I/home/saji/WRF/compile/WRF3.8/oml_sst/external/io_netcdf -I/home/saji/WRF/compile/WRF3.8/oml_sst/external/io_int -I/home/saji/WRF/compile/WRF3.8/oml_sst/frame -I/home/saji/WRF/compile/WRF3.8/oml_sst/share -I/home/saji/WRF/compile/WRF3.8/oml_sst/phys -I/home/saji/WRF/compile/WRF3.8/oml_sst/chem -I/home/saji/WRF/compile/WRF3.8/oml_sst/inc -I/usr/include    module_MPP.f90
0.01user 0.01system 0:00.02elapsed 116%CPU (0avgtext+0avgdata 22688maxresident)k
0inputs+128outputs (0major+3448minor)pagefaults 0swaps
rm -f solve_interface.o
/home/saji/WRF/compile/WRF3.8/oml_sst/tools/standard.exe solve_interface.F > solve_interface.b 
/lib/cpp -P -I/home/saji/WRF/compile/WRF3.8/oml_sst/inc -DEM_CORE=1 -DNMM_CORE=0 -DNMM_MAX_DIM=2600 -DCOAMPS_CORE=0 -DDA_CORE=0 -DEXP_CORE=0 -DIWORDSIZE=4 -DDWORDSIZE=8 -DRWORDSIZE=4 -DLWORDSIZE=4 -DNONSTANDARD_SYSTEM_SUBR  -DWRF_USE_CLM -DNO_IEEE_MODULE  -DDM_PARALLEL -DNETCDF -DUSE_ALLOCATABLES -DGRIB1 -DINTIO -DKEEP_INT_AROUND -DLIMIT_ARGS -DCONFIG_BUF_LEN=65536 -DMAX_DOMAINS_F=21 -DMAX_HISTORY=25 -DNMM_NEST=0  -I. -traditional   solve_interface.b  > solve_interface.f90
rm -f solve_interface.b
if fgrep -iq '!$OMP' solve_interface.f90 ; then \
          if [ -n "" ] ; then echo COMPILING solve_interface.F WITH OMP ; fi ; \
	  time mpif90  -c  -O0 -w -ffree-form -ffree-line-length-none -fconvert=big-endian -frecord-marker=4  -I../dyn_em -I../dyn_nmm   -I/home/saji/WRF/compile/WRF3.8/oml_sst/external/esmf_time_f90  -I/home/saji/WRF/compile/WRF3.8/oml_sst/main -I/home/saji/WRF/compile/WRF3.8/oml_sst/external/io_netcdf -I/home/saji/WRF/compile/WRF3.8/oml_sst/external/io_int -I/home/saji/WRF/compile/WRF3.8/oml_sst/frame -I/home/saji/WRF/compile/WRF3.8/oml_sst/share -I/home/saji/WRF/compile/WRF3.8/oml_sst/phys -I/home/saji/WRF/compile/WRF3.8/oml_sst/chem -I/home/saji/WRF/compile/WRF3.8/oml_sst/inc -I/usr/include    solve_interface.f90 ; \
        else \
          if [ -n "" ] ; then echo COMPILING solve_interface.F WITHOUT OMP ; fi ; \
	  time mpif90  -c  -O0 -w -ffree-form -ffree-line-length-none -fconvert=big-endian -frecord-marker=4  -I../dyn_em -I../dyn_nmm   -I/home/saji/WRF/compile/WRF3.8/oml_sst/external/esmf_time_f90  -I/home/saji/WRF/compile/WRF3.8/oml_sst/main -I/home/saji/WRF/compile/WRF3.8/oml_sst/external/io_netcdf -I/home/saji/WRF/compile/WRF3.8/oml_sst/external/io_int -I/home/saji/WRF/compile/WRF3.8/oml_sst/frame -I/home/saji/WRF/compile/WRF3.8/oml_sst/share -I/home/saji/WRF/compile/WRF3.8/oml_sst/phys -I/home/saji/WRF/compile/WRF3.8/oml_sst/chem -I/home/saji/WRF/compile/WRF3.8/oml_sst/inc -I/usr/include   solve_interface.f90 ; \
        fi
1.23user 0.14system 0:01.47elapsed 93%CPU (0avgtext+0avgdata 114384maxresident)k
0inputs+80outputs (0major+9288minor)pagefaults 0swaps
rm -f mediation_interp_domain.o
/lib/cpp -P -I/home/saji/WRF/compile/WRF3.8/oml_sst/inc -DEM_CORE=1 -DNMM_CORE=0 -DNMM_MAX_DIM=2600 -DCOAMPS_CORE=0 -DDA_CORE=0 -DEXP_CORE=0 -DIWORDSIZE=4 -DDWORDSIZE=8 -DRWORDSIZE=4 -DLWORDSIZE=4 -DNONSTANDARD_SYSTEM_SUBR  -DWRF_USE_CLM -DNO_IEEE_MODULE  -DDM_PARALLEL -DNETCDF -DUSE_ALLOCATABLES -DGRIB1 -DINTIO -DKEEP_INT_AROUND -DLIMIT_ARGS -DCONFIG_BUF_LEN=65536 -DMAX_DOMAINS_F=21 -DMAX_HISTORY=25 -DNMM_NEST=0  -I. -traditional   mediation_interp_domain.F  > mediation_interp_domain.bb
/home/saji/WRF/compile/WRF3.8/oml_sst/tools/standard.exe mediation_interp_domain.bb | /lib/cpp -P -traditional > mediation_interp_domain.f90
rm -f mediation_interp_domain.b mediation_interp_domain.bb
time mpif90  -o mediation_interp_domain.o -c -O2 -ftree-vectorize -funroll-loops -w -ffree-form -ffree-line-length-none -fconvert=big-endian -frecord-marker=4   -I../dyn_em -I../dyn_nmm   -I/home/saji/WRF/compile/WRF3.8/oml_sst/external/esmf_time_f90  -I/home/saji/WRF/compile/WRF3.8/oml_sst/main -I/home/saji/WRF/compile/WRF3.8/oml_sst/external/io_netcdf -I/home/saji/WRF/compile/WRF3.8/oml_sst/external/io_int -I/home/saji/WRF/compile/WRF3.8/oml_sst/frame -I/home/saji/WRF/compile/WRF3.8/oml_sst/share -I/home/saji/WRF/compile/WRF3.8/oml_sst/phys -I/home/saji/WRF/compile/WRF3.8/oml_sst/chem -I/home/saji/WRF/compile/WRF3.8/oml_sst/inc -I/usr/include    mediation_interp_domain.f90
4.45user 0.10system 0:04.55elapsed 100%CPU (0avgtext+0avgdata 306832maxresident)k
0inputs+3136outputs (0major+30178minor)pagefaults 0swaps
rm -f mediation_force_domain.o
/lib/cpp -P -I/home/saji/WRF/compile/WRF3.8/oml_sst/inc -DEM_CORE=1 -DNMM_CORE=0 -DNMM_MAX_DIM=2600 -DCOAMPS_CORE=0 -DDA_CORE=0 -DEXP_CORE=0 -DIWORDSIZE=4 -DDWORDSIZE=8 -DRWORDSIZE=4 -DLWORDSIZE=4 -DNONSTANDARD_SYSTEM_SUBR  -DWRF_USE_CLM -DNO_IEEE_MODULE  -DDM_PARALLEL -DNETCDF -DUSE_ALLOCATABLES -DGRIB1 -DINTIO -DKEEP_INT_AROUND -DLIMIT_ARGS -DCONFIG_BUF_LEN=65536 -DMAX_DOMAINS_F=21 -DMAX_HISTORY=25 -DNMM_NEST=0  -I. -traditional   mediation_force_domain.F  > mediation_force_domain.bb
/home/saji/WRF/compile/WRF3.8/oml_sst/tools/standard.exe mediation_force_domain.bb | /lib/cpp -P -traditional > mediation_force_domain.f90
rm -f mediation_force_domain.b mediation_force_domain.bb
time mpif90  -o mediation_force_domain.o -c -O2 -ftree-vectorize -funroll-loops -w -ffree-form -ffree-line-length-none -fconvert=big-endian -frecord-marker=4   -I../dyn_em -I../dyn_nmm   -I/home/saji/WRF/compile/WRF3.8/oml_sst/external/esmf_time_f90  -I/home/saji/WRF/compile/WRF3.8/oml_sst/main -I/home/saji/WRF/compile/WRF3.8/oml_sst/external/io_netcdf -I/home/saji/WRF/compile/WRF3.8/oml_sst/external/io_int -I/home/saji/WRF/compile/WRF3.8/oml_sst/frame -I/home/saji/WRF/compile/WRF3.8/oml_sst/share -I/home/saji/WRF/compile/WRF3.8/oml_sst/phys -I/home/saji/WRF/compile/WRF3.8/oml_sst/chem -I/home/saji/WRF/compile/WRF3.8/oml_sst/inc -I/usr/include    mediation_force_domain.f90
4.37user 0.61system 0:04.97elapsed 100%CPU (0avgtext+0avgdata 257776maxresident)k
0inputs+256outputs (0major+19411minor)pagefaults 0swaps
rm -f mediation_feedback_domain.o
/lib/cpp -P -I/home/saji/WRF/compile/WRF3.8/oml_sst/inc -DEM_CORE=1 -DNMM_CORE=0 -DNMM_MAX_DIM=2600 -DCOAMPS_CORE=0 -DDA_CORE=0 -DEXP_CORE=0 -DIWORDSIZE=4 -DDWORDSIZE=8 -DRWORDSIZE=4 -DLWORDSIZE=4 -DNONSTANDARD_SYSTEM_SUBR  -DWRF_USE_CLM -DNO_IEEE_MODULE  -DDM_PARALLEL -DNETCDF -DUSE_ALLOCATABLES -DGRIB1 -DINTIO -DKEEP_INT_AROUND -DLIMIT_ARGS -DCONFIG_BUF_LEN=65536 -DMAX_DOMAINS_F=21 -DMAX_HISTORY=25 -DNMM_NEST=0  -I. -traditional   mediation_feedback_domain.F  > mediation_feedback_domain.bb
/home/saji/WRF/compile/WRF3.8/oml_sst/tools/standard.exe mediation_feedback_domain.bb | /lib/cpp -P -traditional > mediation_feedback_domain.f90
rm -f mediation_feedback_domain.b mediation_feedback_domain.bb
time mpif90  -o mediation_feedback_domain.o -c -O2 -ftree-vectorize -funroll-loops -w -ffree-form -ffree-line-length-none -fconvert=big-endian -frecord-marker=4   -I../dyn_em -I../dyn_nmm   -I/home/saji/WRF/compile/WRF3.8/oml_sst/external/esmf_time_f90  -I/home/saji/WRF/compile/WRF3.8/oml_sst/main -I/home/saji/WRF/compile/WRF3.8/oml_sst/external/io_netcdf -I/home/saji/WRF/compile/WRF3.8/oml_sst/external/io_int -I/home/saji/WRF/compile/WRF3.8/oml_sst/frame -I/home/saji/WRF/compile/WRF3.8/oml_sst/share -I/home/saji/WRF/compile/WRF3.8/oml_sst/phys -I/home/saji/WRF/compile/WRF3.8/oml_sst/chem -I/home/saji/WRF/compile/WRF3.8/oml_sst/inc -I/usr/include    mediation_feedback_domain.f90
4.12user 0.42system 0:04.53elapsed 100%CPU (0avgtext+0avgdata 252640maxresident)k
0inputs+376outputs (0major+19490minor)pagefaults 0swaps
rm -f module_date_time.o
/lib/cpp -P -I/home/saji/WRF/compile/WRF3.8/oml_sst/inc -DEM_CORE=1 -DNMM_CORE=0 -DNMM_MAX_DIM=2600 -DCOAMPS_CORE=0 -DDA_CORE=0 -DEXP_CORE=0 -DIWORDSIZE=4 -DDWORDSIZE=8 -DRWORDSIZE=4 -DLWORDSIZE=4 -DNONSTANDARD_SYSTEM_SUBR  -DWRF_USE_CLM -DNO_IEEE_MODULE  -DDM_PARALLEL -DNETCDF -DUSE_ALLOCATABLES -DGRIB1 -DINTIO -DKEEP_INT_AROUND -DLIMIT_ARGS -DCONFIG_BUF_LEN=65536 -DMAX_DOMAINS_F=21 -DMAX_HISTORY=25 -DNMM_NEST=0  -I. -traditional   module_date_time.F  > module_date_time.bb
/home/saji/WRF/compile/WRF3.8/oml_sst/tools/standard.exe module_date_time.bb | /lib/cpp -P -traditional > module_date_time.f90
rm -f module_date_time.b module_date_time.bb
time mpif90  -o module_date_time.o -c -O2 -ftree-vectorize -funroll-loops -w -ffree-form -ffree-line-length-none -fconvert=big-endian -frecord-marker=4   -I../dyn_em -I../dyn_nmm   -I/home/saji/WRF/compile/WRF3.8/oml_sst/external/esmf_time_f90  -I/home/saji/WRF/compile/WRF3.8/oml_sst/main -I/home/saji/WRF/compile/WRF3.8/oml_sst/external/io_netcdf -I/home/saji/WRF/compile/WRF3.8/oml_sst/external/io_int -I/home/saji/WRF/compile/WRF3.8/oml_sst/frame -I/home/saji/WRF/compile/WRF3.8/oml_sst/share -I/home/saji/WRF/compile/WRF3.8/oml_sst/phys -I/home/saji/WRF/compile/WRF3.8/oml_sst/chem -I/home/saji/WRF/compile/WRF3.8/oml_sst/inc -I/usr/include    module_date_time.f90
0.88user 0.08system 0:00.95elapsed 100%CPU (0avgtext+0avgdata 90400maxresident)k
0inputs+2312outputs (0major+8043minor)pagefaults 0swaps
rm -f module_bc.o
/lib/cpp -P -I/home/saji/WRF/compile/WRF3.8/oml_sst/inc -DEM_CORE=1 -DNMM_CORE=0 -DNMM_MAX_DIM=2600 -DCOAMPS_CORE=0 -DDA_CORE=0 -DEXP_CORE=0 -DIWORDSIZE=4 -DDWORDSIZE=8 -DRWORDSIZE=4 -DLWORDSIZE=4 -DNONSTANDARD_SYSTEM_SUBR  -DWRF_USE_CLM -DNO_IEEE_MODULE  -DDM_PARALLEL -DNETCDF -DUSE_ALLOCATABLES -DGRIB1 -DINTIO -DKEEP_INT_AROUND -DLIMIT_ARGS -DCONFIG_BUF_LEN=65536 -DMAX_DOMAINS_F=21 -DMAX_HISTORY=25 -DNMM_NEST=0  -I. -traditional   module_bc.F  > module_bc.bb
/home/saji/WRF/compile/WRF3.8/oml_sst/tools/standard.exe module_bc.bb | /lib/cpp -P -traditional > module_bc.f90
rm -f module_bc.b module_bc.bb
time mpif90  -o module_bc.o -c -O2 -ftree-vectorize -funroll-loops -w -ffree-form -ffree-line-length-none -fconvert=big-endian -frecord-marker=4   -I../dyn_em -I../dyn_nmm   -I/home/saji/WRF/compile/WRF3.8/oml_sst/external/esmf_time_f90  -I/home/saji/WRF/compile/WRF3.8/oml_sst/main -I/home/saji/WRF/compile/WRF3.8/oml_sst/external/io_netcdf -I/home/saji/WRF/compile/WRF3.8/oml_sst/external/io_int -I/home/saji/WRF/compile/WRF3.8/oml_sst/frame -I/home/saji/WRF/compile/WRF3.8/oml_sst/share -I/home/saji/WRF/compile/WRF3.8/oml_sst/phys -I/home/saji/WRF/compile/WRF3.8/oml_sst/chem -I/home/saji/WRF/compile/WRF3.8/oml_sst/inc -I/usr/include    module_bc.f90
3.17user 0.32system 0:03.49elapsed 100%CPU (0avgtext+0avgdata 206128maxresident)k
0inputs+216outputs (0major+16526minor)pagefaults 0swaps
rm -f module_io_wrf.o
/home/saji/WRF/compile/WRF3.8/oml_sst/tools/standard.exe module_io_wrf.F > module_io_wrf.b 
/lib/cpp -P -I/home/saji/WRF/compile/WRF3.8/oml_sst/inc -DEM_CORE=1 -DNMM_CORE=0 -DNMM_MAX_DIM=2600 -DCOAMPS_CORE=0 -DDA_CORE=0 -DEXP_CORE=0 -DIWORDSIZE=4 -DDWORDSIZE=8 -DRWORDSIZE=4 -DLWORDSIZE=4 -DNONSTANDARD_SYSTEM_SUBR  -DWRF_USE_CLM -DNO_IEEE_MODULE  -DDM_PARALLEL -DNETCDF -DUSE_ALLOCATABLES -DGRIB1 -DINTIO -DKEEP_INT_AROUND -DLIMIT_ARGS -DCONFIG_BUF_LEN=65536 -DMAX_DOMAINS_F=21 -DMAX_HISTORY=25 -DNMM_NEST=0  -I. -traditional   module_io_wrf.b  > module_io_wrf.f90
rm -f module_io_wrf.b
if fgrep -iq '!$OMP' module_io_wrf.f90 ; then \
          if [ -n "" ] ; then echo COMPILING module_io_wrf.F WITH OMP ; fi ; \
	  time mpif90  -c  -O0 -w -ffree-form -ffree-line-length-none -fconvert=big-endian -frecord-marker=4  -I../dyn_em -I../dyn_nmm   -I/home/saji/WRF/compile/WRF3.8/oml_sst/external/esmf_time_f90  -I/home/saji/WRF/compile/WRF3.8/oml_sst/main -I/home/saji/WRF/compile/WRF3.8/oml_sst/external/io_netcdf -I/home/saji/WRF/compile/WRF3.8/oml_sst/external/io_int -I/home/saji/WRF/compile/WRF3.8/oml_sst/frame -I/home/saji/WRF/compile/WRF3.8/oml_sst/share -I/home/saji/WRF/compile/WRF3.8/oml_sst/phys -I/home/saji/WRF/compile/WRF3.8/oml_sst/chem -I/home/saji/WRF/compile/WRF3.8/oml_sst/inc -I/usr/include    module_io_wrf.f90 ; \
        else \
          if [ -n "" ] ; then echo COMPILING module_io_wrf.F WITHOUT OMP ; fi ; \
	  time mpif90  -c  -O0 -w -ffree-form -ffree-line-length-none -fconvert=big-endian -frecord-marker=4  -I../dyn_em -I../dyn_nmm   -I/home/saji/WRF/compile/WRF3.8/oml_sst/external/esmf_time_f90  -I/home/saji/WRF/compile/WRF3.8/oml_sst/main -I/home/saji/WRF/compile/WRF3.8/oml_sst/external/io_netcdf -I/home/saji/WRF/compile/WRF3.8/oml_sst/external/io_int -I/home/saji/WRF/compile/WRF3.8/oml_sst/frame -I/home/saji/WRF/compile/WRF3.8/oml_sst/share -I/home/saji/WRF/compile/WRF3.8/oml_sst/phys -I/home/saji/WRF/compile/WRF3.8/oml_sst/chem -I/home/saji/WRF/compile/WRF3.8/oml_sst/inc -I/usr/include   module_io_wrf.f90 ; \
        fi
0.24user 0.06system 0:00.29elapsed 101%CPU (0avgtext+0avgdata 48288maxresident)k
0inputs+2136outputs (0major+5125minor)pagefaults 0swaps
rm -f module_soil_pre.o
/lib/cpp -P -I/home/saji/WRF/compile/WRF3.8/oml_sst/inc -DEM_CORE=1 -DNMM_CORE=0 -DNMM_MAX_DIM=2600 -DCOAMPS_CORE=0 -DDA_CORE=0 -DEXP_CORE=0 -DIWORDSIZE=4 -DDWORDSIZE=8 -DRWORDSIZE=4 -DLWORDSIZE=4 -DNONSTANDARD_SYSTEM_SUBR  -DWRF_USE_CLM -DNO_IEEE_MODULE  -DDM_PARALLEL -DNETCDF -DUSE_ALLOCATABLES -DGRIB1 -DINTIO -DKEEP_INT_AROUND -DLIMIT_ARGS -DCONFIG_BUF_LEN=65536 -DMAX_DOMAINS_F=21 -DMAX_HISTORY=25 -DNMM_NEST=0  -I. -traditional   module_soil_pre.F  > module_soil_pre.bb
/home/saji/WRF/compile/WRF3.8/oml_sst/tools/standard.exe module_soil_pre.bb | /lib/cpp -P -traditional > module_soil_pre.f90
rm -f module_soil_pre.b module_soil_pre.bb
time mpif90  -o module_soil_pre.o -c -O2 -ftree-vectorize -funroll-loops -w -ffree-form -ffree-line-length-none -fconvert=big-endian -frecord-marker=4   -I../dyn_em -I../dyn_nmm   -I/home/saji/WRF/compile/WRF3.8/oml_sst/external/esmf_time_f90  -I/home/saji/WRF/compile/WRF3.8/oml_sst/main -I/home/saji/WRF/compile/WRF3.8/oml_sst/external/io_netcdf -I/home/saji/WRF/compile/WRF3.8/oml_sst/external/io_int -I/home/saji/WRF/compile/WRF3.8/oml_sst/frame -I/home/saji/WRF/compile/WRF3.8/oml_sst/share -I/home/saji/WRF/compile/WRF3.8/oml_sst/phys -I/home/saji/WRF/compile/WRF3.8/oml_sst/chem -I/home/saji/WRF/compile/WRF3.8/oml_sst/inc -I/usr/include    module_soil_pre.f90
5.84user 0.14system 0:05.98elapsed 100%CPU (0avgtext+0avgdata 384432maxresident)k
0inputs+3736outputs (0major+29224minor)pagefaults 0swaps
rm -f wrf_tsin.o
/home/saji/WRF/compile/WRF3.8/oml_sst/tools/standard.exe wrf_tsin.F > wrf_tsin.b 
/lib/cpp -P -I/home/saji/WRF/compile/WRF3.8/oml_sst/inc -DEM_CORE=1 -DNMM_CORE=0 -DNMM_MAX_DIM=2600 -DCOAMPS_CORE=0 -DDA_CORE=0 -DEXP_CORE=0 -DIWORDSIZE=4 -DDWORDSIZE=8 -DRWORDSIZE=4 -DLWORDSIZE=4 -DNONSTANDARD_SYSTEM_SUBR  -DWRF_USE_CLM -DNO_IEEE_MODULE  -DDM_PARALLEL -DNETCDF -DUSE_ALLOCATABLES -DGRIB1 -DINTIO -DKEEP_INT_AROUND -DLIMIT_ARGS -DCONFIG_BUF_LEN=65536 -DMAX_DOMAINS_F=21 -DMAX_HISTORY=25 -DNMM_NEST=0  -I. -traditional   wrf_tsin.b  > wrf_tsin.f90
rm -f wrf_tsin.b
if fgrep -iq '!$OMP' wrf_tsin.f90 ; then \
          if [ -n "" ] ; then echo COMPILING wrf_tsin.F WITH OMP ; fi ; \
	  time mpif90  -c  -O0 -w -ffree-form -ffree-line-length-none -fconvert=big-endian -frecord-marker=4  -I../dyn_em -I../dyn_nmm   -I/home/saji/WRF/compile/WRF3.8/oml_sst/external/esmf_time_f90  -I/home/saji/WRF/compile/WRF3.8/oml_sst/main -I/home/saji/WRF/compile/WRF3.8/oml_sst/external/io_netcdf -I/home/saji/WRF/compile/WRF3.8/oml_sst/external/io_int -I/home/saji/WRF/compile/WRF3.8/oml_sst/frame -I/home/saji/WRF/compile/WRF3.8/oml_sst/share -I/home/saji/WRF/compile/WRF3.8/oml_sst/phys -I/home/saji/WRF/compile/WRF3.8/oml_sst/chem -I/home/saji/WRF/compile/WRF3.8/oml_sst/inc -I/usr/include    wrf_tsin.f90 ; \
        else \
          if [ -n "" ] ; then echo COMPILING wrf_tsin.F WITHOUT OMP ; fi ; \
	  time mpif90  -c  -O0 -w -ffree-form -ffree-line-length-none -fconvert=big-endian -frecord-marker=4  -I../dyn_em -I../dyn_nmm   -I/home/saji/WRF/compile/WRF3.8/oml_sst/external/esmf_time_f90  -I/home/saji/WRF/compile/WRF3.8/oml_sst/main -I/home/saji/WRF/compile/WRF3.8/oml_sst/external/io_netcdf -I/home/saji/WRF/compile/WRF3.8/oml_sst/external/io_int -I/home/saji/WRF/compile/WRF3.8/oml_sst/frame -I/home/saji/WRF/compile/WRF3.8/oml_sst/share -I/home/saji/WRF/compile/WRF3.8/oml_sst/phys -I/home/saji/WRF/compile/WRF3.8/oml_sst/chem -I/home/saji/WRF/compile/WRF3.8/oml_sst/inc -I/usr/include   wrf_tsin.f90 ; \
        fi
0.43user 0.09system 0:00.52elapsed 101%CPU (0avgtext+0avgdata 73312maxresident)k
0inputs+40outputs (0major+6691minor)pagefaults 0swaps
rm -f track_input.o
/lib/cpp -P -I/home/saji/WRF/compile/WRF3.8/oml_sst/inc -DEM_CORE=1 -DNMM_CORE=0 -DNMM_MAX_DIM=2600 -DCOAMPS_CORE=0 -DDA_CORE=0 -DEXP_CORE=0 -DIWORDSIZE=4 -DDWORDSIZE=8 -DRWORDSIZE=4 -DLWORDSIZE=4 -DNONSTANDARD_SYSTEM_SUBR  -DWRF_USE_CLM -DNO_IEEE_MODULE  -DDM_PARALLEL -DNETCDF -DUSE_ALLOCATABLES -DGRIB1 -DINTIO -DKEEP_INT_AROUND -DLIMIT_ARGS -DCONFIG_BUF_LEN=65536 -DMAX_DOMAINS_F=21 -DMAX_HISTORY=25 -DNMM_NEST=0  -I. -traditional   track_input.F  > track_input.bb
/home/saji/WRF/compile/WRF3.8/oml_sst/tools/standard.exe track_input.bb | /lib/cpp -P -traditional > track_input.f90
rm -f track_input.b track_input.bb
time mpif90  -o track_input.o -c -O2 -ftree-vectorize -funroll-loops -w -ffree-form -ffree-line-length-none -fconvert=big-endian -frecord-marker=4   -I../dyn_em -I../dyn_nmm   -I/home/saji/WRF/compile/WRF3.8/oml_sst/external/esmf_time_f90  -I/home/saji/WRF/compile/WRF3.8/oml_sst/main -I/home/saji/WRF/compile/WRF3.8/oml_sst/external/io_netcdf -I/home/saji/WRF/compile/WRF3.8/oml_sst/external/io_int -I/home/saji/WRF/compile/WRF3.8/oml_sst/frame -I/home/saji/WRF/compile/WRF3.8/oml_sst/share -I/home/saji/WRF/compile/WRF3.8/oml_sst/phys -I/home/saji/WRF/compile/WRF3.8/oml_sst/chem -I/home/saji/WRF/compile/WRF3.8/oml_sst/inc -I/usr/include    track_input.f90
0.51user 0.06system 0:00.56elapsed 101%CPU (0avgtext+0avgdata 79824maxresident)k
0inputs+40outputs (0major+7102minor)pagefaults 0swaps
rm -f set_timekeeping.o
/lib/cpp -P -I/home/saji/WRF/compile/WRF3.8/oml_sst/inc -DEM_CORE=1 -DNMM_CORE=0 -DNMM_MAX_DIM=2600 -DCOAMPS_CORE=0 -DDA_CORE=0 -DEXP_CORE=0 -DIWORDSIZE=4 -DDWORDSIZE=8 -DRWORDSIZE=4 -DLWORDSIZE=4 -DNONSTANDARD_SYSTEM_SUBR  -DWRF_USE_CLM -DNO_IEEE_MODULE  -DDM_PARALLEL -DNETCDF -DUSE_ALLOCATABLES -DGRIB1 -DINTIO -DKEEP_INT_AROUND -DLIMIT_ARGS -DCONFIG_BUF_LEN=65536 -DMAX_DOMAINS_F=21 -DMAX_HISTORY=25 -DNMM_NEST=0  -I. -traditional   set_timekeeping.F  > set_timekeeping.bb
/home/saji/WRF/compile/WRF3.8/oml_sst/tools/standard.exe set_timekeeping.bb | /lib/cpp -P -traditional > set_timekeeping.f90
rm -f set_timekeeping.b set_timekeeping.bb
time mpif90  -o set_timekeeping.o -c -O2 -ftree-vectorize -funroll-loops -w -ffree-form -ffree-line-length-none -fconvert=big-endian -frecord-marker=4   -I../dyn_em -I../dyn_nmm   -I/home/saji/WRF/compile/WRF3.8/oml_sst/external/esmf_time_f90  -I/home/saji/WRF/compile/WRF3.8/oml_sst/main -I/home/saji/WRF/compile/WRF3.8/oml_sst/external/io_netcdf -I/home/saji/WRF/compile/WRF3.8/oml_sst/external/io_int -I/home/saji/WRF/compile/WRF3.8/oml_sst/frame -I/home/saji/WRF/compile/WRF3.8/oml_sst/share -I/home/saji/WRF/compile/WRF3.8/oml_sst/phys -I/home/saji/WRF/compile/WRF3.8/oml_sst/chem -I/home/saji/WRF/compile/WRF3.8/oml_sst/inc -I/usr/include    set_timekeeping.f90
5.23user 0.16system 0:05.38elapsed 100%CPU (0avgtext+0avgdata 327168maxresident)k
0inputs+1264outputs (0major+29197minor)pagefaults 0swaps
rm -f sint.o
/lib/cpp -P -I/home/saji/WRF/compile/WRF3.8/oml_sst/inc -DEM_CORE=1 -DNMM_CORE=0 -DNMM_MAX_DIM=2600 -DCOAMPS_CORE=0 -DDA_CORE=0 -DEXP_CORE=0 -DIWORDSIZE=4 -DDWORDSIZE=8 -DRWORDSIZE=4 -DLWORDSIZE=4 -DNONSTANDARD_SYSTEM_SUBR  -DWRF_USE_CLM -DNO_IEEE_MODULE  -DDM_PARALLEL -DNETCDF -DUSE_ALLOCATABLES -DGRIB1 -DINTIO -DKEEP_INT_AROUND -DLIMIT_ARGS -DCONFIG_BUF_LEN=65536 -DMAX_DOMAINS_F=21 -DMAX_HISTORY=25 -DNMM_NEST=0  -I. -traditional   sint.F  > sint.bb
/home/saji/WRF/compile/WRF3.8/oml_sst/tools/standard.exe sint.bb | /lib/cpp -P -traditional > sint.f90
rm -f sint.b sint.bb
time mpif90  -o sint.o -c -O2 -ftree-vectorize -funroll-loops -w -ffree-form -ffree-line-length-none -fconvert=big-endian -frecord-marker=4   -I../dyn_em -I../dyn_nmm   -I/home/saji/WRF/compile/WRF3.8/oml_sst/external/esmf_time_f90  -I/home/saji/WRF/compile/WRF3.8/oml_sst/main -I/home/saji/WRF/compile/WRF3.8/oml_sst/external/io_netcdf -I/home/saji/WRF/compile/WRF3.8/oml_sst/external/io_int -I/home/saji/WRF/compile/WRF3.8/oml_sst/frame -I/home/saji/WRF/compile/WRF3.8/oml_sst/share -I/home/saji/WRF/compile/WRF3.8/oml_sst/phys -I/home/saji/WRF/compile/WRF3.8/oml_sst/chem -I/home/saji/WRF/compile/WRF3.8/oml_sst/inc -I/usr/include    sint.f90
15.12user 0.34system 0:15.46elapsed 100%CPU (0avgtext+0avgdata 841552maxresident)k
0inputs+5512outputs (0major+61019minor)pagefaults 0swaps
rm -f wrf_ext_write_field.o
/lib/cpp -P -I/home/saji/WRF/compile/WRF3.8/oml_sst/inc -DEM_CORE=1 -DNMM_CORE=0 -DNMM_MAX_DIM=2600 -DCOAMPS_CORE=0 -DDA_CORE=0 -DEXP_CORE=0 -DIWORDSIZE=4 -DDWORDSIZE=8 -DRWORDSIZE=4 -DLWORDSIZE=4 -DNONSTANDARD_SYSTEM_SUBR  -DWRF_USE_CLM -DNO_IEEE_MODULE  -DDM_PARALLEL -DNETCDF -DUSE_ALLOCATABLES -DGRIB1 -DINTIO -DKEEP_INT_AROUND -DLIMIT_ARGS -DCONFIG_BUF_LEN=65536 -DMAX_DOMAINS_F=21 -DMAX_HISTORY=25 -DNMM_NEST=0  -I. -traditional   wrf_ext_write_field.F  > wrf_ext_write_field.bb
/home/saji/WRF/compile/WRF3.8/oml_sst/tools/standard.exe wrf_ext_write_field.bb | /lib/cpp -P -traditional > wrf_ext_write_field.f90
rm -f wrf_ext_write_field.b wrf_ext_write_field.bb
time mpif90  -c   -O0 -w -ffree-form -ffree-line-length-none -fconvert=big-endian -frecord-marker=4  -I../dyn_em -I../dyn_nmm   -I/home/saji/WRF/compile/WRF3.8/oml_sst/external/esmf_time_f90  -I/home/saji/WRF/compile/WRF3.8/oml_sst/main -I/home/saji/WRF/compile/WRF3.8/oml_sst/external/io_netcdf -I/home/saji/WRF/compile/WRF3.8/oml_sst/external/io_int -I/home/saji/WRF/compile/WRF3.8/oml_sst/frame -I/home/saji/WRF/compile/WRF3.8/oml_sst/share -I/home/saji/WRF/compile/WRF3.8/oml_sst/phys -I/home/saji/WRF/compile/WRF3.8/oml_sst/chem -I/home/saji/WRF/compile/WRF3.8/oml_sst/inc -I/usr/include  wrf_ext_write_field.f90
1.46user 0.03system 0:01.50elapsed 100%CPU (0avgtext+0avgdata 151600maxresident)k
0inputs+320outputs (0major+12404minor)pagefaults 0swaps
rm -f wrf_ext_read_field.o
/lib/cpp -P -I/home/saji/WRF/compile/WRF3.8/oml_sst/inc -DEM_CORE=1 -DNMM_CORE=0 -DNMM_MAX_DIM=2600 -DCOAMPS_CORE=0 -DDA_CORE=0 -DEXP_CORE=0 -DIWORDSIZE=4 -DDWORDSIZE=8 -DRWORDSIZE=4 -DLWORDSIZE=4 -DNONSTANDARD_SYSTEM_SUBR  -DWRF_USE_CLM -DNO_IEEE_MODULE  -DDM_PARALLEL -DNETCDF -DUSE_ALLOCATABLES -DGRIB1 -DINTIO -DKEEP_INT_AROUND -DLIMIT_ARGS -DCONFIG_BUF_LEN=65536 -DMAX_DOMAINS_F=21 -DMAX_HISTORY=25 -DNMM_NEST=0  -I. -traditional   wrf_ext_read_field.F  > wrf_ext_read_field.bb
/home/saji/WRF/compile/WRF3.8/oml_sst/tools/standard.exe wrf_ext_read_field.bb | /lib/cpp -P -traditional > wrf_ext_read_field.f90
rm -f wrf_ext_read_field.b wrf_ext_read_field.bb
time mpif90  -c   -O0 -w -ffree-form -ffree-line-length-none -fconvert=big-endian -frecord-marker=4  -I../dyn_em -I../dyn_nmm   -I/home/saji/WRF/compile/WRF3.8/oml_sst/external/esmf_time_f90  -I/home/saji/WRF/compile/WRF3.8/oml_sst/main -I/home/saji/WRF/compile/WRF3.8/oml_sst/external/io_netcdf -I/home/saji/WRF/compile/WRF3.8/oml_sst/external/io_int -I/home/saji/WRF/compile/WRF3.8/oml_sst/frame -I/home/saji/WRF/compile/WRF3.8/oml_sst/share -I/home/saji/WRF/compile/WRF3.8/oml_sst/phys -I/home/saji/WRF/compile/WRF3.8/oml_sst/chem -I/home/saji/WRF/compile/WRF3.8/oml_sst/inc -I/usr/include  wrf_ext_read_field.f90
1.83user 0.25system 0:02.08elapsed 100%CPU (0avgtext+0avgdata 141872maxresident)k
0inputs+72outputs (0major+10995minor)pagefaults 0swaps
rm -f module_io_domain.o
/lib/cpp -P -I/home/saji/WRF/compile/WRF3.8/oml_sst/inc -DEM_CORE=1 -DNMM_CORE=0 -DNMM_MAX_DIM=2600 -DCOAMPS_CORE=0 -DDA_CORE=0 -DEXP_CORE=0 -DIWORDSIZE=4 -DDWORDSIZE=8 -DRWORDSIZE=4 -DLWORDSIZE=4 -DNONSTANDARD_SYSTEM_SUBR  -DWRF_USE_CLM -DNO_IEEE_MODULE  -DDM_PARALLEL -DNETCDF -DUSE_ALLOCATABLES -DGRIB1 -DINTIO -DKEEP_INT_AROUND -DLIMIT_ARGS -DCONFIG_BUF_LEN=65536 -DMAX_DOMAINS_F=21 -DMAX_HISTORY=25 -DNMM_NEST=0  -I. -traditional   module_io_domain.F  > module_io_domain.bb
/home/saji/WRF/compile/WRF3.8/oml_sst/tools/standard.exe module_io_domain.bb | /lib/cpp -P -traditional > module_io_domain.f90
rm -f module_io_domain.b module_io_domain.bb
time mpif90  -o module_io_domain.o -c -O2 -ftree-vectorize -funroll-loops -w -ffree-form -ffree-line-length-none -fconvert=big-endian -frecord-marker=4   -I../dyn_em -I../dyn_nmm   -I/home/saji/WRF/compile/WRF3.8/oml_sst/external/esmf_time_f90  -I/home/saji/WRF/compile/WRF3.8/oml_sst/main -I/home/saji/WRF/compile/WRF3.8/oml_sst/external/io_netcdf -I/home/saji/WRF/compile/WRF3.8/oml_sst/external/io_int -I/home/saji/WRF/compile/WRF3.8/oml_sst/frame -I/home/saji/WRF/compile/WRF3.8/oml_sst/share -I/home/saji/WRF/compile/WRF3.8/oml_sst/phys -I/home/saji/WRF/compile/WRF3.8/oml_sst/chem -I/home/saji/WRF/compile/WRF3.8/oml_sst/inc -I/usr/include    module_io_domain.f90
1.70user 0.26system 0:01.96elapsed 100%CPU (0avgtext+0avgdata 136464maxresident)k
0inputs+40outputs (0major+10636minor)pagefaults 0swaps
rm -f landread.o
mpicc -cc=gcc -DMPI2_SUPPORT -DFSEEKO64_OK  -o landread.o -c -w -O3 -c  -DDM_PARALLEL -DMAX_HISTORY=25 -DNMM_CORE=0 landread.c
gcc: unrecognized option '-cc=gcc'
rm -f wrf_fddaobs_in.o
/home/saji/WRF/compile/WRF3.8/oml_sst/tools/standard.exe wrf_fddaobs_in.F > wrf_fddaobs_in.b 
/lib/cpp -P -I/home/saji/WRF/compile/WRF3.8/oml_sst/inc -DEM_CORE=1 -DNMM_CORE=0 -DNMM_MAX_DIM=2600 -DCOAMPS_CORE=0 -DDA_CORE=0 -DEXP_CORE=0 -DIWORDSIZE=4 -DDWORDSIZE=8 -DRWORDSIZE=4 -DLWORDSIZE=4 -DNONSTANDARD_SYSTEM_SUBR  -DWRF_USE_CLM -DNO_IEEE_MODULE  -DDM_PARALLEL -DNETCDF -DUSE_ALLOCATABLES -DGRIB1 -DINTIO -DKEEP_INT_AROUND -DLIMIT_ARGS -DCONFIG_BUF_LEN=65536 -DMAX_DOMAINS_F=21 -DMAX_HISTORY=25 -DNMM_NEST=0  -I. -traditional   wrf_fddaobs_in.b  > wrf_fddaobs_in.f90
rm -f wrf_fddaobs_in.b
if fgrep -iq '!$OMP' wrf_fddaobs_in.f90 ; then \
          if [ -n "" ] ; then echo COMPILING wrf_fddaobs_in.F WITH OMP ; fi ; \
	  time mpif90  -c  -O0 -w -ffree-form -ffree-line-length-none -fconvert=big-endian -frecord-marker=4  -I../dyn_em -I../dyn_nmm   -I/home/saji/WRF/compile/WRF3.8/oml_sst/external/esmf_time_f90  -I/home/saji/WRF/compile/WRF3.8/oml_sst/main -I/home/saji/WRF/compile/WRF3.8/oml_sst/external/io_netcdf -I/home/saji/WRF/compile/WRF3.8/oml_sst/external/io_int -I/home/saji/WRF/compile/WRF3.8/oml_sst/frame -I/home/saji/WRF/compile/WRF3.8/oml_sst/share -I/home/saji/WRF/compile/WRF3.8/oml_sst/phys -I/home/saji/WRF/compile/WRF3.8/oml_sst/chem -I/home/saji/WRF/compile/WRF3.8/oml_sst/inc -I/usr/include    wrf_fddaobs_in.f90 ; \
        else \
          if [ -n "" ] ; then echo COMPILING wrf_fddaobs_in.F WITHOUT OMP ; fi ; \
	  time mpif90  -c  -O0 -w -ffree-form -ffree-line-length-none -fconvert=big-endian -frecord-marker=4  -I../dyn_em -I../dyn_nmm   -I/home/saji/WRF/compile/WRF3.8/oml_sst/external/esmf_time_f90  -I/home/saji/WRF/compile/WRF3.8/oml_sst/main -I/home/saji/WRF/compile/WRF3.8/oml_sst/external/io_netcdf -I/home/saji/WRF/compile/WRF3.8/oml_sst/external/io_int -I/home/saji/WRF/compile/WRF3.8/oml_sst/frame -I/home/saji/WRF/compile/WRF3.8/oml_sst/share -I/home/saji/WRF/compile/WRF3.8/oml_sst/phys -I/home/saji/WRF/compile/WRF3.8/oml_sst/chem -I/home/saji/WRF/compile/WRF3.8/oml_sst/inc -I/usr/include   wrf_fddaobs_in.f90 ; \
        fi
1.35user 0.15system 0:01.50elapsed 100%CPU (0avgtext+0avgdata 160256maxresident)k
0inputs+456outputs (0major+12675minor)pagefaults 0swaps
rm -f setfeenv.o
gcc -o setfeenv.o -c -w -O3 -c  -DDM_PARALLEL -DMAX_HISTORY=25 -DNMM_CORE=0  setfeenv.c
rm -f input_wrf.o
/lib/cpp -P -I/home/saji/WRF/compile/WRF3.8/oml_sst/inc -DEM_CORE=1 -DNMM_CORE=0 -DNMM_MAX_DIM=2600 -DCOAMPS_CORE=0 -DDA_CORE=0 -DEXP_CORE=0 -DIWORDSIZE=4 -DDWORDSIZE=8 -DRWORDSIZE=4 -DLWORDSIZE=4 -DNONSTANDARD_SYSTEM_SUBR  -DWRF_USE_CLM -DNO_IEEE_MODULE  -DDM_PARALLEL -DNETCDF -DUSE_ALLOCATABLES -DGRIB1 -DINTIO -DKEEP_INT_AROUND -DLIMIT_ARGS -DCONFIG_BUF_LEN=65536 -DMAX_DOMAINS_F=21 -DMAX_HISTORY=25 -DNMM_NEST=0  -I. -traditional   input_wrf.F  > input_wrf.bb
/home/saji/WRF/compile/WRF3.8/oml_sst/tools/standard.exe input_wrf.bb | /lib/cpp -P -traditional > input_wrf.f90
rm -f input_wrf.b input_wrf.bb
time mpif90  -c   -O0 -w -ffree-form -ffree-line-length-none -fconvert=big-endian -frecord-marker=4  -I../dyn_em -I../dyn_nmm   -I/home/saji/WRF/compile/WRF3.8/oml_sst/external/esmf_time_f90  -I/home/saji/WRF/compile/WRF3.8/oml_sst/main -I/home/saji/WRF/compile/WRF3.8/oml_sst/external/io_netcdf -I/home/saji/WRF/compile/WRF3.8/oml_sst/external/io_int -I/home/saji/WRF/compile/WRF3.8/oml_sst/frame -I/home/saji/WRF/compile/WRF3.8/oml_sst/share -I/home/saji/WRF/compile/WRF3.8/oml_sst/phys -I/home/saji/WRF/compile/WRF3.8/oml_sst/chem -I/home/saji/WRF/compile/WRF3.8/oml_sst/inc -I/usr/include  input_wrf.f90
2.37user 0.25system 0:02.62elapsed 100%CPU (0avgtext+0avgdata 144304maxresident)k
0inputs+7920outputs (0major+12252minor)pagefaults 0swaps
rm -f output_wrf.o
/home/saji/WRF/compile/WRF3.8/oml_sst/tools/standard.exe output_wrf.F > output_wrf.b 
/lib/cpp -P -I/home/saji/WRF/compile/WRF3.8/oml_sst/inc -DEM_CORE=1 -DNMM_CORE=0 -DNMM_MAX_DIM=2600 -DCOAMPS_CORE=0 -DDA_CORE=0 -DEXP_CORE=0 -DIWORDSIZE=4 -DDWORDSIZE=8 -DRWORDSIZE=4 -DLWORDSIZE=4 -DNONSTANDARD_SYSTEM_SUBR  -DWRF_USE_CLM -DNO_IEEE_MODULE  -DDM_PARALLEL -DNETCDF -DUSE_ALLOCATABLES -DGRIB1 -DINTIO -DKEEP_INT_AROUND -DLIMIT_ARGS -DCONFIG_BUF_LEN=65536 -DMAX_DOMAINS_F=21 -DMAX_HISTORY=25 -DNMM_NEST=0  -I. -traditional   output_wrf.b  > output_wrf.f90
rm -f output_wrf.b
if fgrep -iq '!$OMP' output_wrf.f90 ; then \
          if [ -n "" ] ; then echo COMPILING output_wrf.F WITH OMP ; fi ; \
	  time mpif90  -c  -O0 -w -ffree-form -ffree-line-length-none -fconvert=big-endian -frecord-marker=4  -I../dyn_em -I../dyn_nmm   -I/home/saji/WRF/compile/WRF3.8/oml_sst/external/esmf_time_f90  -I/home/saji/WRF/compile/WRF3.8/oml_sst/main -I/home/saji/WRF/compile/WRF3.8/oml_sst/external/io_netcdf -I/home/saji/WRF/compile/WRF3.8/oml_sst/external/io_int -I/home/saji/WRF/compile/WRF3.8/oml_sst/frame -I/home/saji/WRF/compile/WRF3.8/oml_sst/share -I/home/saji/WRF/compile/WRF3.8/oml_sst/phys -I/home/saji/WRF/compile/WRF3.8/oml_sst/chem -I/home/saji/WRF/compile/WRF3.8/oml_sst/inc -I/usr/include    output_wrf.f90 ; \
        else \
          if [ -n "" ] ; then echo COMPILING output_wrf.F WITHOUT OMP ; fi ; \
	  time mpif90  -c  -O0 -w -ffree-form -ffree-line-length-none -fconvert=big-endian -frecord-marker=4  -I../dyn_em -I../dyn_nmm   -I/home/saji/WRF/compile/WRF3.8/oml_sst/external/esmf_time_f90  -I/home/saji/WRF/compile/WRF3.8/oml_sst/main -I/home/saji/WRF/compile/WRF3.8/oml_sst/external/io_netcdf -I/home/saji/WRF/compile/WRF3.8/oml_sst/external/io_int -I/home/saji/WRF/compile/WRF3.8/oml_sst/frame -I/home/saji/WRF/compile/WRF3.8/oml_sst/share -I/home/saji/WRF/compile/WRF3.8/oml_sst/phys -I/home/saji/WRF/compile/WRF3.8/oml_sst/chem -I/home/saji/WRF/compile/WRF3.8/oml_sst/inc -I/usr/include   output_wrf.f90 ; \
        fi
2.20user 0.20system 0:02.39elapsed 100%CPU (0avgtext+0avgdata 175456maxresident)k
0inputs+808outputs (0major+13775minor)pagefaults 0swaps
rm -f wrf_bdyout.o
/lib/cpp -P -I/home/saji/WRF/compile/WRF3.8/oml_sst/inc -DEM_CORE=1 -DNMM_CORE=0 -DNMM_MAX_DIM=2600 -DCOAMPS_CORE=0 -DDA_CORE=0 -DEXP_CORE=0 -DIWORDSIZE=4 -DDWORDSIZE=8 -DRWORDSIZE=4 -DLWORDSIZE=4 -DNONSTANDARD_SYSTEM_SUBR  -DWRF_USE_CLM -DNO_IEEE_MODULE  -DDM_PARALLEL -DNETCDF -DUSE_ALLOCATABLES -DGRIB1 -DINTIO -DKEEP_INT_AROUND -DLIMIT_ARGS -DCONFIG_BUF_LEN=65536 -DMAX_DOMAINS_F=21 -DMAX_HISTORY=25 -DNMM_NEST=0  -I. -traditional   wrf_bdyout.F  > wrf_bdyout.bb
/home/saji/WRF/compile/WRF3.8/oml_sst/tools/standard.exe wrf_bdyout.bb | /lib/cpp -P -traditional > wrf_bdyout.f90
rm -f wrf_bdyout.b wrf_bdyout.bb
time mpif90  -c   -O0 -w -ffree-form -ffree-line-length-none -fconvert=big-endian -frecord-marker=4  -I../dyn_em -I../dyn_nmm   -I/home/saji/WRF/compile/WRF3.8/oml_sst/external/esmf_time_f90  -I/home/saji/WRF/compile/WRF3.8/oml_sst/main -I/home/saji/WRF/compile/WRF3.8/oml_sst/external/io_netcdf -I/home/saji/WRF/compile/WRF3.8/oml_sst/external/io_int -I/home/saji/WRF/compile/WRF3.8/oml_sst/frame -I/home/saji/WRF/compile/WRF3.8/oml_sst/share -I/home/saji/WRF/compile/WRF3.8/oml_sst/phys -I/home/saji/WRF/compile/WRF3.8/oml_sst/chem -I/home/saji/WRF/compile/WRF3.8/oml_sst/inc -I/usr/include  wrf_bdyout.f90
2.50user 0.28system 0:02.78elapsed 100%CPU (0avgtext+0avgdata 221312maxresident)k
0inputs+792outputs (0major+16681minor)pagefaults 0swaps
rm -f wrf_bdyin.o
/lib/cpp -P -I/home/saji/WRF/compile/WRF3.8/oml_sst/inc -DEM_CORE=1 -DNMM_CORE=0 -DNMM_MAX_DIM=2600 -DCOAMPS_CORE=0 -DDA_CORE=0 -DEXP_CORE=0 -DIWORDSIZE=4 -DDWORDSIZE=8 -DRWORDSIZE=4 -DLWORDSIZE=4 -DNONSTANDARD_SYSTEM_SUBR  -DWRF_USE_CLM -DNO_IEEE_MODULE  -DDM_PARALLEL -DNETCDF -DUSE_ALLOCATABLES -DGRIB1 -DINTIO -DKEEP_INT_AROUND -DLIMIT_ARGS -DCONFIG_BUF_LEN=65536 -DMAX_DOMAINS_F=21 -DMAX_HISTORY=25 -DNMM_NEST=0  -I. -traditional   wrf_bdyin.F  > wrf_bdyin.bb
/home/saji/WRF/compile/WRF3.8/oml_sst/tools/standard.exe wrf_bdyin.bb | /lib/cpp -P -traditional > wrf_bdyin.f90
rm -f wrf_bdyin.b wrf_bdyin.bb
time mpif90  -c   -O0 -w -ffree-form -ffree-line-length-none -fconvert=big-endian -frecord-marker=4  -I../dyn_em -I../dyn_nmm   -I/home/saji/WRF/compile/WRF3.8/oml_sst/external/esmf_time_f90  -I/home/saji/WRF/compile/WRF3.8/oml_sst/main -I/home/saji/WRF/compile/WRF3.8/oml_sst/external/io_netcdf -I/home/saji/WRF/compile/WRF3.8/oml_sst/external/io_int -I/home/saji/WRF/compile/WRF3.8/oml_sst/frame -I/home/saji/WRF/compile/WRF3.8/oml_sst/share -I/home/saji/WRF/compile/WRF3.8/oml_sst/phys -I/home/saji/WRF/compile/WRF3.8/oml_sst/chem -I/home/saji/WRF/compile/WRF3.8/oml_sst/inc -I/usr/include  wrf_bdyin.f90
2.78user 0.18system 0:02.95elapsed 100%CPU (0avgtext+0avgdata 259008maxresident)k
0inputs+1264outputs (0major+19668minor)pagefaults 0swaps
rm -f dfi.o
/lib/cpp -P -I/home/saji/WRF/compile/WRF3.8/oml_sst/inc -DEM_CORE=1 -DNMM_CORE=0 -DNMM_MAX_DIM=2600 -DCOAMPS_CORE=0 -DDA_CORE=0 -DEXP_CORE=0 -DIWORDSIZE=4 -DDWORDSIZE=8 -DRWORDSIZE=4 -DLWORDSIZE=4 -DNONSTANDARD_SYSTEM_SUBR  -DWRF_USE_CLM -DNO_IEEE_MODULE  -DDM_PARALLEL -DNETCDF -DUSE_ALLOCATABLES -DGRIB1 -DINTIO -DKEEP_INT_AROUND -DLIMIT_ARGS -DCONFIG_BUF_LEN=65536 -DMAX_DOMAINS_F=21 -DMAX_HISTORY=25 -DNMM_NEST=0  -I. -traditional   dfi.F  > dfi.bb
/home/saji/WRF/compile/WRF3.8/oml_sst/tools/standard.exe dfi.bb | /lib/cpp -P -traditional > dfi.f90
rm -f dfi.b dfi.bb
time mpif90  -o dfi.o -c -O2 -ftree-vectorize -funroll-loops -w -ffree-form -ffree-line-length-none -fconvert=big-endian -frecord-marker=4   -I../dyn_em -I../dyn_nmm   -I/home/saji/WRF/compile/WRF3.8/oml_sst/external/esmf_time_f90  -I/home/saji/WRF/compile/WRF3.8/oml_sst/main -I/home/saji/WRF/compile/WRF3.8/oml_sst/external/io_netcdf -I/home/saji/WRF/compile/WRF3.8/oml_sst/external/io_int -I/home/saji/WRF/compile/WRF3.8/oml_sst/frame -I/home/saji/WRF/compile/WRF3.8/oml_sst/share -I/home/saji/WRF/compile/WRF3.8/oml_sst/phys -I/home/saji/WRF/compile/WRF3.8/oml_sst/chem -I/home/saji/WRF/compile/WRF3.8/oml_sst/inc -I/usr/include    dfi.f90
2.83user 0.19system 0:03.02elapsed 100%CPU (0avgtext+0avgdata 234016maxresident)k
0inputs+1120outputs (0major+18054minor)pagefaults 0swaps
rm -f mediation_integrate.o
/home/saji/WRF/compile/WRF3.8/oml_sst/tools/standard.exe mediation_integrate.F > mediation_integrate.b 
/lib/cpp -P -I/home/saji/WRF/compile/WRF3.8/oml_sst/inc -DEM_CORE=1 -DNMM_CORE=0 -DNMM_MAX_DIM=2600 -DCOAMPS_CORE=0 -DDA_CORE=0 -DEXP_CORE=0 -DIWORDSIZE=4 -DDWORDSIZE=8 -DRWORDSIZE=4 -DLWORDSIZE=4 -DNONSTANDARD_SYSTEM_SUBR  -DWRF_USE_CLM -DNO_IEEE_MODULE  -DDM_PARALLEL -DNETCDF -DUSE_ALLOCATABLES -DGRIB1 -DINTIO -DKEEP_INT_AROUND -DLIMIT_ARGS -DCONFIG_BUF_LEN=65536 -DMAX_DOMAINS_F=21 -DMAX_HISTORY=25 -DNMM_NEST=0  -I. -traditional   mediation_integrate.b  > mediation_integrate.f90
rm -f mediation_integrate.b
if fgrep -iq '!$OMP' mediation_integrate.f90 ; then \
          if [ -n "" ] ; then echo COMPILING mediation_integrate.F WITH OMP ; fi ; \
	  time mpif90  -c  -O0 -w -ffree-form -ffree-line-length-none -fconvert=big-endian -frecord-marker=4  -I../dyn_em -I../dyn_nmm   -I/home/saji/WRF/compile/WRF3.8/oml_sst/external/esmf_time_f90  -I/home/saji/WRF/compile/WRF3.8/oml_sst/main -I/home/saji/WRF/compile/WRF3.8/oml_sst/external/io_netcdf -I/home/saji/WRF/compile/WRF3.8/oml_sst/external/io_int -I/home/saji/WRF/compile/WRF3.8/oml_sst/frame -I/home/saji/WRF/compile/WRF3.8/oml_sst/share -I/home/saji/WRF/compile/WRF3.8/oml_sst/phys -I/home/saji/WRF/compile/WRF3.8/oml_sst/chem -I/home/saji/WRF/compile/WRF3.8/oml_sst/inc -I/usr/include    mediation_integrate.f90 ; \
        else \
          if [ -n "" ] ; then echo COMPILING mediation_integrate.F WITHOUT OMP ; fi ; \
	  time mpif90  -c  -O0 -w -ffree-form -ffree-line-length-none -fconvert=big-endian -frecord-marker=4  -I../dyn_em -I../dyn_nmm   -I/home/saji/WRF/compile/WRF3.8/oml_sst/external/esmf_time_f90  -I/home/saji/WRF/compile/WRF3.8/oml_sst/main -I/home/saji/WRF/compile/WRF3.8/oml_sst/external/io_netcdf -I/home/saji/WRF/compile/WRF3.8/oml_sst/external/io_int -I/home/saji/WRF/compile/WRF3.8/oml_sst/frame -I/home/saji/WRF/compile/WRF3.8/oml_sst/share -I/home/saji/WRF/compile/WRF3.8/oml_sst/phys -I/home/saji/WRF/compile/WRF3.8/oml_sst/chem -I/home/saji/WRF/compile/WRF3.8/oml_sst/inc -I/usr/include   mediation_integrate.f90 ; \
        fi
11.11user 3.44system 0:14.55elapsed 100%CPU (0avgtext+0avgdata 667792maxresident)k
0inputs+664outputs (0major+44764minor)pagefaults 0swaps
rm -f mediation_wrfmain.o
/lib/cpp -P -I/home/saji/WRF/compile/WRF3.8/oml_sst/inc -DEM_CORE=1 -DNMM_CORE=0 -DNMM_MAX_DIM=2600 -DCOAMPS_CORE=0 -DDA_CORE=0 -DEXP_CORE=0 -DIWORDSIZE=4 -DDWORDSIZE=8 -DRWORDSIZE=4 -DLWORDSIZE=4 -DNONSTANDARD_SYSTEM_SUBR  -DWRF_USE_CLM -DNO_IEEE_MODULE  -DDM_PARALLEL -DNETCDF -DUSE_ALLOCATABLES -DGRIB1 -DINTIO -DKEEP_INT_AROUND -DLIMIT_ARGS -DCONFIG_BUF_LEN=65536 -DMAX_DOMAINS_F=21 -DMAX_HISTORY=25 -DNMM_NEST=0  -I. -traditional   mediation_wrfmain.F  > mediation_wrfmain.bb
/home/saji/WRF/compile/WRF3.8/oml_sst/tools/standard.exe mediation_wrfmain.bb | /lib/cpp -P -traditional > mediation_wrfmain.f90
rm -f mediation_wrfmain.b mediation_wrfmain.bb
time mpif90  -o mediation_wrfmain.o -c -O2 -ftree-vectorize -funroll-loops -w -ffree-form -ffree-line-length-none -fconvert=big-endian -frecord-marker=4   -I../dyn_em -I../dyn_nmm   -I/home/saji/WRF/compile/WRF3.8/oml_sst/external/esmf_time_f90  -I/home/saji/WRF/compile/WRF3.8/oml_sst/main -I/home/saji/WRF/compile/WRF3.8/oml_sst/external/io_netcdf -I/home/saji/WRF/compile/WRF3.8/oml_sst/external/io_int -I/home/saji/WRF/compile/WRF3.8/oml_sst/frame -I/home/saji/WRF/compile/WRF3.8/oml_sst/share -I/home/saji/WRF/compile/WRF3.8/oml_sst/phys -I/home/saji/WRF/compile/WRF3.8/oml_sst/chem -I/home/saji/WRF/compile/WRF3.8/oml_sst/inc -I/usr/include    mediation_wrfmain.f90
8.69user 0.82system 0:09.51elapsed 100%CPU (0avgtext+0avgdata 425392maxresident)k
0inputs+680outputs (0major+35464minor)pagefaults 0swaps
rm -f module_random.o
/lib/cpp -P -I/home/saji/WRF/compile/WRF3.8/oml_sst/inc -DEM_CORE=1 -DNMM_CORE=0 -DNMM_MAX_DIM=2600 -DCOAMPS_CORE=0 -DDA_CORE=0 -DEXP_CORE=0 -DIWORDSIZE=4 -DDWORDSIZE=8 -DRWORDSIZE=4 -DLWORDSIZE=4 -DNONSTANDARD_SYSTEM_SUBR  -DWRF_USE_CLM -DNO_IEEE_MODULE  -DDM_PARALLEL -DNETCDF -DUSE_ALLOCATABLES -DGRIB1 -DINTIO -DKEEP_INT_AROUND -DLIMIT_ARGS -DCONFIG_BUF_LEN=65536 -DMAX_DOMAINS_F=21 -DMAX_HISTORY=25 -DNMM_NEST=0  -I. -traditional   module_random.F  > module_random.bb
/home/saji/WRF/compile/WRF3.8/oml_sst/tools/standard.exe module_random.bb | /lib/cpp -P -traditional > module_random.f90
rm -f module_random.b module_random.bb
time mpif90  -o module_random.o -c -O2 -ftree-vectorize -funroll-loops -w -ffree-form -ffree-line-length-none -fconvert=big-endian -frecord-marker=4   -I../dyn_em -I../dyn_nmm   -I/home/saji/WRF/compile/WRF3.8/oml_sst/external/esmf_time_f90  -I/home/saji/WRF/compile/WRF3.8/oml_sst/main -I/home/saji/WRF/compile/WRF3.8/oml_sst/external/io_netcdf -I/home/saji/WRF/compile/WRF3.8/oml_sst/external/io_int -I/home/saji/WRF/compile/WRF3.8/oml_sst/frame -I/home/saji/WRF/compile/WRF3.8/oml_sst/share -I/home/saji/WRF/compile/WRF3.8/oml_sst/phys -I/home/saji/WRF/compile/WRF3.8/oml_sst/chem -I/home/saji/WRF/compile/WRF3.8/oml_sst/inc -I/usr/include    module_random.f90
0.24user 0.02system 0:00.25elapsed 102%CPU (0avgtext+0avgdata 58416maxresident)k
0inputs+128outputs (0major+5792minor)pagefaults 0swaps
rm -f module_interp_nmm.o
/lib/cpp -P -I/home/saji/WRF/compile/WRF3.8/oml_sst/inc -DEM_CORE=1 -DNMM_CORE=0 -DNMM_MAX_DIM=2600 -DCOAMPS_CORE=0 -DDA_CORE=0 -DEXP_CORE=0 -DIWORDSIZE=4 -DDWORDSIZE=8 -DRWORDSIZE=4 -DLWORDSIZE=4 -DNONSTANDARD_SYSTEM_SUBR  -DWRF_USE_CLM -DNO_IEEE_MODULE  -DDM_PARALLEL -DNETCDF -DUSE_ALLOCATABLES -DGRIB1 -DINTIO -DKEEP_INT_AROUND -DLIMIT_ARGS -DCONFIG_BUF_LEN=65536 -DMAX_DOMAINS_F=21 -DMAX_HISTORY=25 -DNMM_NEST=0  -I. -traditional   module_interp_nmm.F  > module_interp_nmm.bb
/home/saji/WRF/compile/WRF3.8/oml_sst/tools/standard.exe module_interp_nmm.bb | /lib/cpp -P -traditional > module_interp_nmm.f90
rm -f module_interp_nmm.b module_interp_nmm.bb
time mpif90  -o module_interp_nmm.o -c -O2 -ftree-vectorize -funroll-loops -w -ffree-form -ffree-line-length-none -fconvert=big-endian -frecord-marker=4   -I../dyn_em -I../dyn_nmm   -I/home/saji/WRF/compile/WRF3.8/oml_sst/external/esmf_time_f90  -I/home/saji/WRF/compile/WRF3.8/oml_sst/main -I/home/saji/WRF/compile/WRF3.8/oml_sst/external/io_netcdf -I/home/saji/WRF/compile/WRF3.8/oml_sst/external/io_int -I/home/saji/WRF/compile/WRF3.8/oml_sst/frame -I/home/saji/WRF/compile/WRF3.8/oml_sst/share -I/home/saji/WRF/compile/WRF3.8/oml_sst/phys -I/home/saji/WRF/compile/WRF3.8/oml_sst/chem -I/home/saji/WRF/compile/WRF3.8/oml_sst/inc -I/usr/include    module_interp_nmm.f90
21.88user 4.96system 0:26.83elapsed 100%CPU (0avgtext+0avgdata 1120640maxresident)k
0inputs+1744outputs (0major+76309minor)pagefaults 0swaps
rm -f wrf_timeseries.o
/lib/cpp -P -I/home/saji/WRF/compile/WRF3.8/oml_sst/inc -DEM_CORE=1 -DNMM_CORE=0 -DNMM_MAX_DIM=2600 -DCOAMPS_CORE=0 -DDA_CORE=0 -DEXP_CORE=0 -DIWORDSIZE=4 -DDWORDSIZE=8 -DRWORDSIZE=4 -DLWORDSIZE=4 -DNONSTANDARD_SYSTEM_SUBR  -DWRF_USE_CLM -DNO_IEEE_MODULE  -DDM_PARALLEL -DNETCDF -DUSE_ALLOCATABLES -DGRIB1 -DINTIO -DKEEP_INT_AROUND -DLIMIT_ARGS -DCONFIG_BUF_LEN=65536 -DMAX_DOMAINS_F=21 -DMAX_HISTORY=25 -DNMM_NEST=0  -I. -traditional   wrf_timeseries.F  > wrf_timeseries.bb
/home/saji/WRF/compile/WRF3.8/oml_sst/tools/standard.exe wrf_timeseries.bb | /lib/cpp -P -traditional > wrf_timeseries.f90
rm -f wrf_timeseries.b wrf_timeseries.bb
time mpif90  -o wrf_timeseries.o -c -O2 -ftree-vectorize -funroll-loops -w -ffree-form -ffree-line-length-none -fconvert=big-endian -frecord-marker=4   -I../dyn_em -I../dyn_nmm   -I/home/saji/WRF/compile/WRF3.8/oml_sst/external/esmf_time_f90  -I/home/saji/WRF/compile/WRF3.8/oml_sst/main -I/home/saji/WRF/compile/WRF3.8/oml_sst/external/io_netcdf -I/home/saji/WRF/compile/WRF3.8/oml_sst/external/io_int -I/home/saji/WRF/compile/WRF3.8/oml_sst/frame -I/home/saji/WRF/compile/WRF3.8/oml_sst/share -I/home/saji/WRF/compile/WRF3.8/oml_sst/phys -I/home/saji/WRF/compile/WRF3.8/oml_sst/chem -I/home/saji/WRF/compile/WRF3.8/oml_sst/inc -I/usr/include    wrf_timeseries.f90
3.38user 0.26system 0:03.64elapsed 100%CPU (0avgtext+0avgdata 278496maxresident)k
0inputs+448outputs (0major+21517minor)pagefaults 0swaps
rm -f track_driver.o
/home/saji/WRF/compile/WRF3.8/oml_sst/tools/standard.exe track_driver.F > track_driver.b 
/lib/cpp -P -I/home/saji/WRF/compile/WRF3.8/oml_sst/inc -DEM_CORE=1 -DNMM_CORE=0 -DNMM_MAX_DIM=2600 -DCOAMPS_CORE=0 -DDA_CORE=0 -DEXP_CORE=0 -DIWORDSIZE=4 -DDWORDSIZE=8 -DRWORDSIZE=4 -DLWORDSIZE=4 -DNONSTANDARD_SYSTEM_SUBR  -DWRF_USE_CLM -DNO_IEEE_MODULE  -DDM_PARALLEL -DNETCDF -DUSE_ALLOCATABLES -DGRIB1 -DINTIO -DKEEP_INT_AROUND -DLIMIT_ARGS -DCONFIG_BUF_LEN=65536 -DMAX_DOMAINS_F=21 -DMAX_HISTORY=25 -DNMM_NEST=0  -I. -traditional   track_driver.b  > track_driver.f90
rm -f track_driver.b
if fgrep -iq '!$OMP' track_driver.f90 ; then \
          if [ -n "" ] ; then echo COMPILING track_driver.F WITH OMP ; fi ; \
	  time mpif90  -c  -O0 -w -ffree-form -ffree-line-length-none -fconvert=big-endian -frecord-marker=4  -I../dyn_em -I../dyn_nmm   -I/home/saji/WRF/compile/WRF3.8/oml_sst/external/esmf_time_f90  -I/home/saji/WRF/compile/WRF3.8/oml_sst/main -I/home/saji/WRF/compile/WRF3.8/oml_sst/external/io_netcdf -I/home/saji/WRF/compile/WRF3.8/oml_sst/external/io_int -I/home/saji/WRF/compile/WRF3.8/oml_sst/frame -I/home/saji/WRF/compile/WRF3.8/oml_sst/share -I/home/saji/WRF/compile/WRF3.8/oml_sst/phys -I/home/saji/WRF/compile/WRF3.8/oml_sst/chem -I/home/saji/WRF/compile/WRF3.8/oml_sst/inc -I/usr/include    track_driver.f90 ; \
        else \
          if [ -n "" ] ; then echo COMPILING track_driver.F WITHOUT OMP ; fi ; \
	  time mpif90  -c  -O0 -w -ffree-form -ffree-line-length-none -fconvert=big-endian -frecord-marker=4  -I../dyn_em -I../dyn_nmm   -I/home/saji/WRF/compile/WRF3.8/oml_sst/external/esmf_time_f90  -I/home/saji/WRF/compile/WRF3.8/oml_sst/main -I/home/saji/WRF/compile/WRF3.8/oml_sst/external/io_netcdf -I/home/saji/WRF/compile/WRF3.8/oml_sst/external/io_int -I/home/saji/WRF/compile/WRF3.8/oml_sst/frame -I/home/saji/WRF/compile/WRF3.8/oml_sst/share -I/home/saji/WRF/compile/WRF3.8/oml_sst/phys -I/home/saji/WRF/compile/WRF3.8/oml_sst/chem -I/home/saji/WRF/compile/WRF3.8/oml_sst/inc -I/usr/include   track_driver.f90 ; \
        fi
5.77user 0.12system 0:05.88elapsed 100%CPU (0avgtext+0avgdata 429072maxresident)k
0inputs+1776outputs (0major+30669minor)pagefaults 0swaps
rm -f init_modules.o
/lib/cpp -P -I/home/saji/WRF/compile/WRF3.8/oml_sst/inc -DEM_CORE=1 -DNMM_CORE=0 -DNMM_MAX_DIM=2600 -DCOAMPS_CORE=0 -DDA_CORE=0 -DEXP_CORE=0 -DIWORDSIZE=4 -DDWORDSIZE=8 -DRWORDSIZE=4 -DLWORDSIZE=4 -DNONSTANDARD_SYSTEM_SUBR  -DWRF_USE_CLM -DNO_IEEE_MODULE  -DDM_PARALLEL -DNETCDF -DUSE_ALLOCATABLES -DGRIB1 -DINTIO -DKEEP_INT_AROUND -DLIMIT_ARGS -DCONFIG_BUF_LEN=65536 -DMAX_DOMAINS_F=21 -DMAX_HISTORY=25 -DNMM_NEST=0  -I. -traditional   init_modules.F  > init_modules.bb
/home/saji/WRF/compile/WRF3.8/oml_sst/tools/standard.exe init_modules.bb | /lib/cpp -P -traditional > init_modules.f90
rm -f init_modules.b init_modules.bb
time mpif90  -o init_modules.o -c -O2 -ftree-vectorize -funroll-loops -w -ffree-form -ffree-line-length-none -fconvert=big-endian -frecord-marker=4   -I../dyn_em -I../dyn_nmm   -I/home/saji/WRF/compile/WRF3.8/oml_sst/external/esmf_time_f90  -I/home/saji/WRF/compile/WRF3.8/oml_sst/main -I/home/saji/WRF/compile/WRF3.8/oml_sst/external/io_netcdf -I/home/saji/WRF/compile/WRF3.8/oml_sst/external/io_int -I/home/saji/WRF/compile/WRF3.8/oml_sst/frame -I/home/saji/WRF/compile/WRF3.8/oml_sst/share -I/home/saji/WRF/compile/WRF3.8/oml_sst/phys -I/home/saji/WRF/compile/WRF3.8/oml_sst/chem -I/home/saji/WRF/compile/WRF3.8/oml_sst/inc -I/usr/include    init_modules.f90
0.49user 0.26system 0:00.74elapsed 100%CPU (0avgtext+0avgdata 35200maxresident)k
0inputs+16outputs (0major+4318minor)pagefaults 0swaps
rm -f interp_fcn.o
/lib/cpp -P -I/home/saji/WRF/compile/WRF3.8/oml_sst/inc -DEM_CORE=1 -DNMM_CORE=0 -DNMM_MAX_DIM=2600 -DCOAMPS_CORE=0 -DDA_CORE=0 -DEXP_CORE=0 -DIWORDSIZE=4 -DDWORDSIZE=8 -DRWORDSIZE=4 -DLWORDSIZE=4 -DNONSTANDARD_SYSTEM_SUBR  -DWRF_USE_CLM -DNO_IEEE_MODULE  -DDM_PARALLEL -DNETCDF -DUSE_ALLOCATABLES -DGRIB1 -DINTIO -DKEEP_INT_AROUND -DLIMIT_ARGS -DCONFIG_BUF_LEN=65536 -DMAX_DOMAINS_F=21 -DMAX_HISTORY=25 -DNMM_NEST=0  -I. -traditional   interp_fcn.F  > interp_fcn.bb
/home/saji/WRF/compile/WRF3.8/oml_sst/tools/standard.exe interp_fcn.bb | /lib/cpp -P -traditional > interp_fcn.f90
rm -f interp_fcn.b interp_fcn.bb
time mpif90  -o interp_fcn.o -c -O2 -ftree-vectorize -funroll-loops -w -ffree-form -ffree-line-length-none -fconvert=big-endian -frecord-marker=4   -I../dyn_em -I../dyn_nmm   -I/home/saji/WRF/compile/WRF3.8/oml_sst/external/esmf_time_f90  -I/home/saji/WRF/compile/WRF3.8/oml_sst/main -I/home/saji/WRF/compile/WRF3.8/oml_sst/external/io_netcdf -I/home/saji/WRF/compile/WRF3.8/oml_sst/external/io_int -I/home/saji/WRF/compile/WRF3.8/oml_sst/frame -I/home/saji/WRF/compile/WRF3.8/oml_sst/share -I/home/saji/WRF/compile/WRF3.8/oml_sst/phys -I/home/saji/WRF/compile/WRF3.8/oml_sst/chem -I/home/saji/WRF/compile/WRF3.8/oml_sst/inc -I/usr/include    interp_fcn.f90
3.15user 0.30system 0:03.45elapsed 100%CPU (0avgtext+0avgdata 217744maxresident)k
0inputs+488outputs (0major+16240minor)pagefaults 0swaps
rm -f mediation_nest_move.o
/lib/cpp -P -I/home/saji/WRF/compile/WRF3.8/oml_sst/inc -DEM_CORE=1 -DNMM_CORE=0 -DNMM_MAX_DIM=2600 -DCOAMPS_CORE=0 -DDA_CORE=0 -DEXP_CORE=0 -DIWORDSIZE=4 -DDWORDSIZE=8 -DRWORDSIZE=4 -DLWORDSIZE=4 -DNONSTANDARD_SYSTEM_SUBR  -DWRF_USE_CLM -DNO_IEEE_MODULE  -DDM_PARALLEL -DNETCDF -DUSE_ALLOCATABLES -DGRIB1 -DINTIO -DKEEP_INT_AROUND -DLIMIT_ARGS -DCONFIG_BUF_LEN=65536 -DMAX_DOMAINS_F=21 -DMAX_HISTORY=25 -DNMM_NEST=0  -I. -traditional   mediation_nest_move.F  > mediation_nest_move.bb
/home/saji/WRF/compile/WRF3.8/oml_sst/tools/standard.exe mediation_nest_move.bb | /lib/cpp -P -traditional > mediation_nest_move.f90
rm -f mediation_nest_move.b mediation_nest_move.bb
time mpif90  -o mediation_nest_move.o -c -O2 -ftree-vectorize -funroll-loops -w -ffree-form -ffree-line-length-none -fconvert=big-endian -frecord-marker=4   -I../dyn_em -I../dyn_nmm   -I/home/saji/WRF/compile/WRF3.8/oml_sst/external/esmf_time_f90  -I/home/saji/WRF/compile/WRF3.8/oml_sst/main -I/home/saji/WRF/compile/WRF3.8/oml_sst/external/io_netcdf -I/home/saji/WRF/compile/WRF3.8/oml_sst/external/io_int -I/home/saji/WRF/compile/WRF3.8/oml_sst/frame -I/home/saji/WRF/compile/WRF3.8/oml_sst/share -I/home/saji/WRF/compile/WRF3.8/oml_sst/phys -I/home/saji/WRF/compile/WRF3.8/oml_sst/chem -I/home/saji/WRF/compile/WRF3.8/oml_sst/inc -I/usr/include    mediation_nest_move.f90
1.65user 0.36system 0:02.01elapsed 100%CPU (0avgtext+0avgdata 144672maxresident)k
0inputs+32outputs (0major+11192minor)pagefaults 0swaps
rm -f module_optional_input.o
/lib/cpp -P -I/home/saji/WRF/compile/WRF3.8/oml_sst/inc -DEM_CORE=1 -DNMM_CORE=0 -DNMM_MAX_DIM=2600 -DCOAMPS_CORE=0 -DDA_CORE=0 -DEXP_CORE=0 -DIWORDSIZE=4 -DDWORDSIZE=8 -DRWORDSIZE=4 -DLWORDSIZE=4 -DNONSTANDARD_SYSTEM_SUBR  -DWRF_USE_CLM -DNO_IEEE_MODULE  -DDM_PARALLEL -DNETCDF -DUSE_ALLOCATABLES -DGRIB1 -DINTIO -DKEEP_INT_AROUND -DLIMIT_ARGS -DCONFIG_BUF_LEN=65536 -DMAX_DOMAINS_F=21 -DMAX_HISTORY=25 -DNMM_NEST=0  -I. -traditional   module_optional_input.F  > module_optional_input.bb
/home/saji/WRF/compile/WRF3.8/oml_sst/tools/standard.exe module_optional_input.bb | /lib/cpp -P -traditional > module_optional_input.f90
rm -f module_optional_input.b module_optional_input.bb
time mpif90  -o module_optional_input.o -c -O2 -ftree-vectorize -funroll-loops -w -ffree-form -ffree-line-length-none -fconvert=big-endian -frecord-marker=4   -I../dyn_em -I../dyn_nmm   -I/home/saji/WRF/compile/WRF3.8/oml_sst/external/esmf_time_f90  -I/home/saji/WRF/compile/WRF3.8/oml_sst/main -I/home/saji/WRF/compile/WRF3.8/oml_sst/external/io_netcdf -I/home/saji/WRF/compile/WRF3.8/oml_sst/external/io_int -I/home/saji/WRF/compile/WRF3.8/oml_sst/frame -I/home/saji/WRF/compile/WRF3.8/oml_sst/share -I/home/saji/WRF/compile/WRF3.8/oml_sst/phys -I/home/saji/WRF/compile/WRF3.8/oml_sst/chem -I/home/saji/WRF/compile/WRF3.8/oml_sst/inc -I/usr/include    module_optional_input.f90
8.83user 0.76system 0:09.58elapsed 100%CPU (0avgtext+0avgdata 562208maxresident)k
0inputs+1496outputs (0major+39191minor)pagefaults 0swaps
rm -f start_domain.o
/home/saji/WRF/compile/WRF3.8/oml_sst/tools/standard.exe start_domain.F > start_domain.b 
/lib/cpp -P -I/home/saji/WRF/compile/WRF3.8/oml_sst/inc -DEM_CORE=1 -DNMM_CORE=0 -DNMM_MAX_DIM=2600 -DCOAMPS_CORE=0 -DDA_CORE=0 -DEXP_CORE=0 -DIWORDSIZE=4 -DDWORDSIZE=8 -DRWORDSIZE=4 -DLWORDSIZE=4 -DNONSTANDARD_SYSTEM_SUBR  -DWRF_USE_CLM -DNO_IEEE_MODULE  -DDM_PARALLEL -DNETCDF -DUSE_ALLOCATABLES -DGRIB1 -DINTIO -DKEEP_INT_AROUND -DLIMIT_ARGS -DCONFIG_BUF_LEN=65536 -DMAX_DOMAINS_F=21 -DMAX_HISTORY=25 -DNMM_NEST=0  -I. -traditional   start_domain.b  > start_domain.f90
rm -f start_domain.b
if fgrep -iq '!$OMP' start_domain.f90 ; then \
          if [ -n "" ] ; then echo COMPILING start_domain.F WITH OMP ; fi ; \
	  time mpif90  -c  -O0 -w -ffree-form -ffree-line-length-none -fconvert=big-endian -frecord-marker=4  -I../dyn_em -I../dyn_nmm   -I/home/saji/WRF/compile/WRF3.8/oml_sst/external/esmf_time_f90  -I/home/saji/WRF/compile/WRF3.8/oml_sst/main -I/home/saji/WRF/compile/WRF3.8/oml_sst/external/io_netcdf -I/home/saji/WRF/compile/WRF3.8/oml_sst/external/io_int -I/home/saji/WRF/compile/WRF3.8/oml_sst/frame -I/home/saji/WRF/compile/WRF3.8/oml_sst/share -I/home/saji/WRF/compile/WRF3.8/oml_sst/phys -I/home/saji/WRF/compile/WRF3.8/oml_sst/chem -I/home/saji/WRF/compile/WRF3.8/oml_sst/inc -I/usr/include    start_domain.f90 ; \
        else \
          if [ -n "" ] ; then echo COMPILING start_domain.F WITHOUT OMP ; fi ; \
	  time mpif90  -c  -O0 -w -ffree-form -ffree-line-length-none -fconvert=big-endian -frecord-marker=4  -I../dyn_em -I../dyn_nmm   -I/home/saji/WRF/compile/WRF3.8/oml_sst/external/esmf_time_f90  -I/home/saji/WRF/compile/WRF3.8/oml_sst/main -I/home/saji/WRF/compile/WRF3.8/oml_sst/external/io_netcdf -I/home/saji/WRF/compile/WRF3.8/oml_sst/external/io_int -I/home/saji/WRF/compile/WRF3.8/oml_sst/frame -I/home/saji/WRF/compile/WRF3.8/oml_sst/share -I/home/saji/WRF/compile/WRF3.8/oml_sst/phys -I/home/saji/WRF/compile/WRF3.8/oml_sst/chem -I/home/saji/WRF/compile/WRF3.8/oml_sst/inc -I/usr/include   start_domain.f90 ; \
        fi
1.44user 0.34system 0:01.77elapsed 100%CPU (0avgtext+0avgdata 137088maxresident)k
0inputs+80outputs (0major+10692minor)pagefaults 0swaps
13.74user 2.09system 0:15.82elapsed 100%CPU (0avgtext+0avgdata 578192maxresident)k
0inputs+21080outputs (0major+46220minor)pagefaults 0swaps
if [ 0 -eq 1 ] ; then \
                  make -i -r nmm_contrib                                      ; \
                  ar ru ../main/libwrflib.a module_model_constants.o module_bc_time_utilities.o module_get_file_names.o module_compute_geop.o module_check_a_mundo.o module_random.o module_llxy.o module_interp_nmm.o module_interp_store.o module_MPP.o  module_date_time.o module_bc.o module_io_wrf.o module_soil_pre.o  module_io_domain.o               module_optional_input.o          solve_interface.o mediation_interp_domain.o mediation_force_domain.o mediation_feedback_domain.o start_domain.o init_modules.o set_timekeeping.o interp_fcn.o sint.o wrf_ext_write_field.o wrf_ext_read_field.o  wrf_tsin.o landread.o track_driver.o track_input.o bobrand.o wrf_timeseries.o track_driver.o wrf_fddaobs_in.o mediation_nest_move.o setfeenv.o input_wrf.o output_wrf.o wrf_bdyout.o wrf_bdyin.o dfi.o mediation_integrate.o mediation_wrfmain.o    ; \
                  else                                                         \
                  ar ru ../main/libwrflib.a module_model_constants.o module_bc_time_utilities.o module_get_file_names.o module_compute_geop.o module_check_a_mundo.o module_random.o module_llxy.o module_interp_nmm.o module_interp_store.o module_MPP.o  module_date_time.o module_bc.o module_io_wrf.o module_soil_pre.o  module_io_domain.o               module_optional_input.o          solve_interface.o mediation_interp_domain.o mediation_force_domain.o mediation_feedback_domain.o start_domain.o init_modules.o set_timekeeping.o interp_fcn.o sint.o wrf_ext_write_field.o wrf_ext_read_field.o  wrf_tsin.o landread.o track_driver.o track_input.o bobrand.o wrf_timeseries.o track_driver.o wrf_fddaobs_in.o mediation_nest_move.o setfeenv.o input_wrf.o output_wrf.o wrf_bdyout.o wrf_bdyin.o dfi.o mediation_integrate.o mediation_wrfmain.o              ; \
                fi
make[2]: Leaving directory `/home/saji/WRF/compile/WRF3.8/oml_sst/share'
make[1]: Leaving directory `/home/saji/WRF/compile/WRF3.8/oml_sst'
make -i -r MODULE_DIRS="-I../dyn_em -I../dyn_nmm   -I/home/saji/WRF/compile/WRF3.8/oml_sst/external/esmf_time_f90  -I/home/saji/WRF/compile/WRF3.8/oml_sst/main -I/home/saji/WRF/compile/WRF3.8/oml_sst/external/io_netcdf -I/home/saji/WRF/compile/WRF3.8/oml_sst/external/io_int -I/home/saji/WRF/compile/WRF3.8/oml_sst/frame -I/home/saji/WRF/compile/WRF3.8/oml_sst/share -I/home/saji/WRF/compile/WRF3.8/oml_sst/phys -I/home/saji/WRF/compile/WRF3.8/oml_sst/chem -I/home/saji/WRF/compile/WRF3.8/oml_sst/inc -I/usr/include " physics
make[1]: Entering directory `/home/saji/WRF/compile/WRF3.8/oml_sst'
--------------------------------------
if [ 0  -eq 0 ] ; then \
		( cd phys ; make -i -r CF2=" " ) ; \
	else \
		( cd phys ; make -i -r CF2="../chem/module_data_mosaic_asect.o" ) ; \
	fi
make[2]: Entering directory `/home/saji/WRF/compile/WRF3.8/oml_sst/phys'
if [ 0 -eq 1 ] ; then \
                  make -i -r -j 2 nmm_contrib  ; \
                  ar ru ../main/libwrflib.a module_cam_shr_kind_mod.o module_cam_support.o module_cam_shr_const_mod.o module_cam_physconst.o module_cam_cldwat.o module_cam_wv_saturation.o module_cam_esinti.o module_cam_gffgch.o module_cam_error_function.o module_cam_constituents.o module_cam_trb_mtn_stress.o module_cam_molec_diff.o module_cam_upper_bc.o module_cam_bl_diffusion_solver.o module_cam_bl_eddy_diff.o module_cam_mp_microp_aero.o module_cam_mp_cldwat2m_micro.o module_cam_mp_ndrop.o module_cam_mp_modal_aero_initialize_data_phys.o module_cam_mp_radconstants.o module_cam_mp_conv_water.o module_cam_mp_qneg3.o module_data_cam_mam_aero.o module_data_cam_mam_asect.o module_cam_infnan.o module_bl_ysu.o module_bl_shinhong.o module_bl_mrf.o module_bl_gfs.o module_bl_gfs2011.o module_bl_myjpbl.o module_bl_qnsepbl.o module_bl_acm.o module_bl_mynn.o module_bl_fogdes.o module_bl_gwdo.o module_bl_myjurb.o module_bl_boulac.o module_bl_camuwpbl_driver.o module_bl_mfshconvpbl.o module_shcu_camuwshcu_driver.o module_shcu_camuwshcu.o module_shcu_grims.o module_cu_camzm_driver.o module_cu_camzm.o module_bl_temf.o module_bl_gbmpbl.o module_cu_g3.o module_cu_kf.o module_cu_bmj.o module_cu_kfeta.o module_cu_mskf.o module_cu_tiedtke.o module_cu_ntiedtke.o module_cu_gd.o module_cu_gf.o module_cu_nsas.o module_cu_sas.o module_cu_mesosas.o module_cu_osas.o module_cu_kfcup.o module_mp_radar.o module_mp_kessler.o module_mp_lin.o module_mp_sbu_ylin.o module_mp_wsm3.o module_mp_wsm5.o module_mp_wsm6.o module_mp_etanew.o module_mp_fer_hires.o module_mp_HWRF.o module_mp_thompson.o module_mp_full_sbm.o module_mp_fast_sbm.o module_ltng_lpi.o module_mp_gsfcgce.o module_mp_morr_two_moment.o module_mp_milbrandt2mom.o module_mp_nssl_2mom.o module_mp_wdm5.o module_mp_wdm6.o module_mp_cammgmp_driver.o module_ra_sw.o module_ra_clWRF_support.o module_ra_gsfcsw.o module_ra_goddard.o module_ra_rrtm.o module_ra_rrtmg_lw.o module_ra_rrtmg_sw.o module_ra_rrtmg_lwf.o module_ra_rrtmg_swf.o module_ra_cam_support.o module_ra_cam.o module_ra_gfdleta.o module_ra_flg.o module_ra_HWRF.o module_ra_hs.o module_ra_aerosol.o module_sf_sfclay.o module_sf_sfclayrev.o module_sf_gfs.o module_sf_exchcoef.o module_sf_gfdl.o module_sf_slab.o module_sf_noahdrv.o module_sf_noahlsm.o module_sf_clm.o module_sf_ssib.o module_sf_noah_seaice.o module_sf_noah_seaice_drv.o module_sf_noahlsm_glacial_only.o module_sf_noahmp_groundwater.o module_sf_noahmpdrv.o module_sf_noahmplsm.o module_sf_noahmp_glacier.o module_sf_urban.o module_sf_bep.o module_sf_bep_bem.o module_sf_bem.o module_sf_pxlsm.o module_sf_pxlsm_data.o module_sf_ruclsm.o module_sf_sfcdiags.o module_sf_sfcdiags_ruclsm.o module_sf_sstskin.o module_sf_tmnupdate.o module_sf_ocean_driver.o module_sf_oml.o module_sf_3dpwp.o module_sf_myjsfc.o module_sf_qnsesfc.o module_sf_mynn.o module_sf_fogdes.o module_sf_pxsfclay.o module_sf_temfsfclay.o module_sf_idealscmsfclay.o module_sf_scmflux.o module_sf_scmskintemp.o module_physics_addtendc.o module_physics_init.o module_gfs_machine.o module_gfs_funcphys.o module_gfs_physcons.o module_progtm.o module_pbl_driver.o module_data_gocart_dust.o module_cumulus_driver.o module_shallowcu_driver.o module_microphysics_driver.o module_microphysics_zero_out.o module_mixactivate.o module_radiation_driver.o module_surface_driver.o module_lightning_driver.o module_ltng_cpmpr92z.o module_ltng_crmpr92.o module_ltng_iccg.o module_fdda_psufddagd.o module_fdda_spnudging.o module_fddagd_driver.o module_fddaobs_rtfdda.o module_fddaobs_driver.o module_wind_fitch.o module_sf_lake.o module_diagnostics_driver.o  \
                                     \
                                   module_diag_refl.o ; \
                else                                                         \
                  make -i -r -j 2 non_nmm      ; \
                  ar ru ../main/libwrflib.a module_cam_shr_kind_mod.o module_cam_support.o module_cam_shr_const_mod.o module_cam_physconst.o module_cam_cldwat.o module_cam_wv_saturation.o module_cam_esinti.o module_cam_gffgch.o module_cam_error_function.o module_cam_constituents.o module_cam_trb_mtn_stress.o module_cam_molec_diff.o module_cam_upper_bc.o module_cam_bl_diffusion_solver.o module_cam_bl_eddy_diff.o module_cam_mp_microp_aero.o module_cam_mp_cldwat2m_micro.o module_cam_mp_ndrop.o module_cam_mp_modal_aero_initialize_data_phys.o module_cam_mp_radconstants.o module_cam_mp_conv_water.o module_cam_mp_qneg3.o module_data_cam_mam_aero.o module_data_cam_mam_asect.o module_cam_infnan.o module_bl_ysu.o module_bl_shinhong.o module_bl_mrf.o module_bl_gfs.o module_bl_gfs2011.o module_bl_myjpbl.o module_bl_qnsepbl.o module_bl_acm.o module_bl_mynn.o module_bl_fogdes.o module_bl_gwdo.o module_bl_myjurb.o module_bl_boulac.o module_bl_camuwpbl_driver.o module_bl_mfshconvpbl.o module_shcu_camuwshcu_driver.o module_shcu_camuwshcu.o module_shcu_grims.o module_cu_camzm_driver.o module_cu_camzm.o module_bl_temf.o module_bl_gbmpbl.o module_cu_g3.o module_cu_kf.o module_cu_bmj.o module_cu_kfeta.o module_cu_mskf.o module_cu_tiedtke.o module_cu_ntiedtke.o module_cu_gd.o module_cu_gf.o module_cu_nsas.o module_cu_sas.o module_cu_mesosas.o module_cu_osas.o module_cu_kfcup.o module_mp_radar.o module_mp_kessler.o module_mp_lin.o module_mp_sbu_ylin.o module_mp_wsm3.o module_mp_wsm5.o module_mp_wsm6.o module_mp_etanew.o module_mp_fer_hires.o module_mp_HWRF.o module_mp_thompson.o module_mp_full_sbm.o module_mp_fast_sbm.o module_ltng_lpi.o module_mp_gsfcgce.o module_mp_morr_two_moment.o module_mp_milbrandt2mom.o module_mp_nssl_2mom.o module_mp_wdm5.o module_mp_wdm6.o module_mp_cammgmp_driver.o module_ra_sw.o module_ra_clWRF_support.o module_ra_gsfcsw.o module_ra_goddard.o module_ra_rrtm.o module_ra_rrtmg_lw.o module_ra_rrtmg_sw.o module_ra_rrtmg_lwf.o module_ra_rrtmg_swf.o module_ra_cam_support.o module_ra_cam.o module_ra_gfdleta.o module_ra_flg.o module_ra_HWRF.o module_ra_hs.o module_ra_aerosol.o module_sf_sfclay.o module_sf_sfclayrev.o module_sf_gfs.o module_sf_exchcoef.o module_sf_gfdl.o module_sf_slab.o module_sf_noahdrv.o module_sf_noahlsm.o module_sf_clm.o module_sf_ssib.o module_sf_noah_seaice.o module_sf_noah_seaice_drv.o module_sf_noahlsm_glacial_only.o module_sf_noahmp_groundwater.o module_sf_noahmpdrv.o module_sf_noahmplsm.o module_sf_noahmp_glacier.o module_sf_urban.o module_sf_bep.o module_sf_bep_bem.o module_sf_bem.o module_sf_pxlsm.o module_sf_pxlsm_data.o module_sf_ruclsm.o module_sf_sfcdiags.o module_sf_sfcdiags_ruclsm.o module_sf_sstskin.o module_sf_tmnupdate.o module_sf_ocean_driver.o module_sf_oml.o module_sf_3dpwp.o module_sf_myjsfc.o module_sf_qnsesfc.o module_sf_mynn.o module_sf_fogdes.o module_sf_pxsfclay.o module_sf_temfsfclay.o module_sf_idealscmsfclay.o module_sf_scmflux.o module_sf_scmskintemp.o module_physics_addtendc.o module_physics_init.o module_gfs_machine.o module_gfs_funcphys.o module_gfs_physcons.o module_progtm.o module_pbl_driver.o module_data_gocart_dust.o module_cumulus_driver.o module_shallowcu_driver.o module_microphysics_driver.o module_microphysics_zero_out.o module_mixactivate.o module_radiation_driver.o module_surface_driver.o module_lightning_driver.o module_ltng_cpmpr92z.o module_ltng_crmpr92.o module_ltng_iccg.o module_fdda_psufddagd.o module_fdda_spnudging.o module_fddagd_driver.o module_fddaobs_rtfdda.o module_fddaobs_driver.o module_wind_fitch.o module_sf_lake.o module_diagnostics_driver.o  \
                                   module_fr_fire_driver.o module_fr_fire_driver_wrf.o module_fr_fire_atm.o module_fr_fire_model.o module_fr_fire_core.o module_fr_fire_phys.o module_fr_fire_util.o \
                                   module_diag_afwa.o module_diag_afwa_hail.o module_diag_cl.o module_diag_misc.o module_diag_pld.o module_diag_zld.o  ; \
                fi
make[3]: Entering directory `/home/saji/WRF/compile/WRF3.8/oml_sst/phys'
rm -f module_cam_shr_kind_mod.o
rm -f module_cam_error_function.o
/lib/cpp -P -I/home/saji/WRF/compile/WRF3.8/oml_sst/inc -DEM_CORE=1 -DNMM_CORE=0 -DNMM_MAX_DIM=2600 -DCOAMPS_CORE=0 -DDA_CORE=0 -DEXP_CORE=0 -DIWORDSIZE=4 -DDWORDSIZE=8 -DRWORDSIZE=4 -DLWORDSIZE=4 -DNONSTANDARD_SYSTEM_SUBR  -DWRF_USE_CLM -DNO_IEEE_MODULE  -DDM_PARALLEL -DNETCDF -DUSE_ALLOCATABLES -DGRIB1 -DINTIO -DKEEP_INT_AROUND -DLIMIT_ARGS -DCONFIG_BUF_LEN=65536 -DMAX_DOMAINS_F=21 -DMAX_HISTORY=25 -DNMM_NEST=0  -I. -traditional   module_cam_shr_kind_mod.F  > module_cam_shr_kind_mod.bb
/lib/cpp -P -I/home/saji/WRF/compile/WRF3.8/oml_sst/inc -DEM_CORE=1 -DNMM_CORE=0 -DNMM_MAX_DIM=2600 -DCOAMPS_CORE=0 -DDA_CORE=0 -DEXP_CORE=0 -DIWORDSIZE=4 -DDWORDSIZE=8 -DRWORDSIZE=4 -DLWORDSIZE=4 -DNONSTANDARD_SYSTEM_SUBR  -DWRF_USE_CLM -DNO_IEEE_MODULE  -DDM_PARALLEL -DNETCDF -DUSE_ALLOCATABLES -DGRIB1 -DINTIO -DKEEP_INT_AROUND -DLIMIT_ARGS -DCONFIG_BUF_LEN=65536 -DMAX_DOMAINS_F=21 -DMAX_HISTORY=25 -DNMM_NEST=0  -I. -traditional   module_cam_error_function.F  > module_cam_error_function.bb
/home/saji/WRF/compile/WRF3.8/oml_sst/tools/standard.exe module_cam_shr_kind_mod.bb | /lib/cpp -P -traditional > module_cam_shr_kind_mod.f90
/home/saji/WRF/compile/WRF3.8/oml_sst/tools/standard.exe module_cam_error_function.bb | /lib/cpp -P -traditional > module_cam_error_function.f90
rm -f module_cam_shr_kind_mod.b module_cam_shr_kind_mod.bb
rm -f module_cam_error_function.b module_cam_error_function.bb
time mpif90  -o module_cam_shr_kind_mod.o -c -O2 -ftree-vectorize -funroll-loops -w -ffree-form -ffree-line-length-none -fconvert=big-endian -frecord-marker=4   -I../dyn_em -I../dyn_nmm   -I/home/saji/WRF/compile/WRF3.8/oml_sst/external/esmf_time_f90  -I/home/saji/WRF/compile/WRF3.8/oml_sst/main -I/home/saji/WRF/compile/WRF3.8/oml_sst/external/io_netcdf -I/home/saji/WRF/compile/WRF3.8/oml_sst/external/io_int -I/home/saji/WRF/compile/WRF3.8/oml_sst/frame -I/home/saji/WRF/compile/WRF3.8/oml_sst/share -I/home/saji/WRF/compile/WRF3.8/oml_sst/phys -I/home/saji/WRF/compile/WRF3.8/oml_sst/chem -I/home/saji/WRF/compile/WRF3.8/oml_sst/inc -I/usr/include    module_cam_shr_kind_mod.f90
time mpif90  -o module_cam_error_function.o -c -O2 -ftree-vectorize -funroll-loops -w -ffree-form -ffree-line-length-none -fconvert=big-endian -frecord-marker=4   -I../dyn_em -I../dyn_nmm   -I/home/saji/WRF/compile/WRF3.8/oml_sst/external/esmf_time_f90  -I/home/saji/WRF/compile/WRF3.8/oml_sst/main -I/home/saji/WRF/compile/WRF3.8/oml_sst/external/io_netcdf -I/home/saji/WRF/compile/WRF3.8/oml_sst/external/io_int -I/home/saji/WRF/compile/WRF3.8/oml_sst/frame -I/home/saji/WRF/compile/WRF3.8/oml_sst/share -I/home/saji/WRF/compile/WRF3.8/oml_sst/phys -I/home/saji/WRF/compile/WRF3.8/oml_sst/chem -I/home/saji/WRF/compile/WRF3.8/oml_sst/inc -I/usr/include    module_cam_error_function.f90
0.01user 0.01system 0:00.02elapsed 133%CPU (0avgtext+0avgdata 22080maxresident)k
0inputs+24outputs (0major+3362minor)pagefaults 0swaps
rm -f module_bl_ysu.o
/lib/cpp -P -I/home/saji/WRF/compile/WRF3.8/oml_sst/inc -DEM_CORE=1 -DNMM_CORE=0 -DNMM_MAX_DIM=2600 -DCOAMPS_CORE=0 -DDA_CORE=0 -DEXP_CORE=0 -DIWORDSIZE=4 -DDWORDSIZE=8 -DRWORDSIZE=4 -DLWORDSIZE=4 -DNONSTANDARD_SYSTEM_SUBR  -DWRF_USE_CLM -DNO_IEEE_MODULE  -DDM_PARALLEL -DNETCDF -DUSE_ALLOCATABLES -DGRIB1 -DINTIO -DKEEP_INT_AROUND -DLIMIT_ARGS -DCONFIG_BUF_LEN=65536 -DMAX_DOMAINS_F=21 -DMAX_HISTORY=25 -DNMM_NEST=0  -I. -traditional   module_bl_ysu.F  > module_bl_ysu.bb
/home/saji/WRF/compile/WRF3.8/oml_sst/tools/standard.exe module_bl_ysu.bb | /lib/cpp -P -traditional > module_bl_ysu.f90
rm -f module_bl_ysu.b module_bl_ysu.bb
time mpif90  -o module_bl_ysu.o -c -O2 -ftree-vectorize -funroll-loops -w -ffree-form -ffree-line-length-none -fconvert=big-endian -frecord-marker=4   -I../dyn_em -I../dyn_nmm   -I/home/saji/WRF/compile/WRF3.8/oml_sst/external/esmf_time_f90  -I/home/saji/WRF/compile/WRF3.8/oml_sst/main -I/home/saji/WRF/compile/WRF3.8/oml_sst/external/io_netcdf -I/home/saji/WRF/compile/WRF3.8/oml_sst/external/io_int -I/home/saji/WRF/compile/WRF3.8/oml_sst/frame -I/home/saji/WRF/compile/WRF3.8/oml_sst/share -I/home/saji/WRF/compile/WRF3.8/oml_sst/phys -I/home/saji/WRF/compile/WRF3.8/oml_sst/chem -I/home/saji/WRF/compile/WRF3.8/oml_sst/inc -I/usr/include    module_bl_ysu.f90
0.13user 0.00system 0:00.13elapsed 104%CPU (0avgtext+0avgdata 46288maxresident)k
0inputs+72outputs (0major+5034minor)pagefaults 0swaps
rm -f module_bl_shinhong.o
/lib/cpp -P -I/home/saji/WRF/compile/WRF3.8/oml_sst/inc -DEM_CORE=1 -DNMM_CORE=0 -DNMM_MAX_DIM=2600 -DCOAMPS_CORE=0 -DDA_CORE=0 -DEXP_CORE=0 -DIWORDSIZE=4 -DDWORDSIZE=8 -DRWORDSIZE=4 -DLWORDSIZE=4 -DNONSTANDARD_SYSTEM_SUBR  -DWRF_USE_CLM -DNO_IEEE_MODULE  -DDM_PARALLEL -DNETCDF -DUSE_ALLOCATABLES -DGRIB1 -DINTIO -DKEEP_INT_AROUND -DLIMIT_ARGS -DCONFIG_BUF_LEN=65536 -DMAX_DOMAINS_F=21 -DMAX_HISTORY=25 -DNMM_NEST=0  -I. -traditional   module_bl_shinhong.F  > module_bl_shinhong.bb
/home/saji/WRF/compile/WRF3.8/oml_sst/tools/standard.exe module_bl_shinhong.bb | /lib/cpp -P -traditional > module_bl_shinhong.f90
rm -f module_bl_shinhong.b module_bl_shinhong.bb
time mpif90  -o module_bl_shinhong.o -c -O2 -ftree-vectorize -funroll-loops -w -ffree-form -ffree-line-length-none -fconvert=big-endian -frecord-marker=4   -I../dyn_em -I../dyn_nmm   -I/home/saji/WRF/compile/WRF3.8/oml_sst/external/esmf_time_f90  -I/home/saji/WRF/compile/WRF3.8/oml_sst/main -I/home/saji/WRF/compile/WRF3.8/oml_sst/external/io_netcdf -I/home/saji/WRF/compile/WRF3.8/oml_sst/external/io_int -I/home/saji/WRF/compile/WRF3.8/oml_sst/frame -I/home/saji/WRF/compile/WRF3.8/oml_sst/share -I/home/saji/WRF/compile/WRF3.8/oml_sst/phys -I/home/saji/WRF/compile/WRF3.8/oml_sst/chem -I/home/saji/WRF/compile/WRF3.8/oml_sst/inc -I/usr/include    module_bl_shinhong.f90
11.10user 0.13system 0:11.23elapsed 100%CPU (0avgtext+0avgdata 918608maxresident)k
0inputs+1640outputs (0major+64916minor)pagefaults 0swaps
rm -f module_bl_mrf.o
/lib/cpp -P -I/home/saji/WRF/compile/WRF3.8/oml_sst/inc -DEM_CORE=1 -DNMM_CORE=0 -DNMM_MAX_DIM=2600 -DCOAMPS_CORE=0 -DDA_CORE=0 -DEXP_CORE=0 -DIWORDSIZE=4 -DDWORDSIZE=8 -DRWORDSIZE=4 -DLWORDSIZE=4 -DNONSTANDARD_SYSTEM_SUBR  -DWRF_USE_CLM -DNO_IEEE_MODULE  -DDM_PARALLEL -DNETCDF -DUSE_ALLOCATABLES -DGRIB1 -DINTIO -DKEEP_INT_AROUND -DLIMIT_ARGS -DCONFIG_BUF_LEN=65536 -DMAX_DOMAINS_F=21 -DMAX_HISTORY=25 -DNMM_NEST=0  -I. -traditional   module_bl_mrf.F  > module_bl_mrf.bb
/home/saji/WRF/compile/WRF3.8/oml_sst/tools/standard.exe module_bl_mrf.bb | /lib/cpp -P -traditional > module_bl_mrf.f90
rm -f module_bl_mrf.b module_bl_mrf.bb
time mpif90  -o module_bl_mrf.o -c -O2 -ftree-vectorize -funroll-loops -w -ffree-form -ffree-line-length-none -fconvert=big-endian -frecord-marker=4   -I../dyn_em -I../dyn_nmm   -I/home/saji/WRF/compile/WRF3.8/oml_sst/external/esmf_time_f90  -I/home/saji/WRF/compile/WRF3.8/oml_sst/main -I/home/saji/WRF/compile/WRF3.8/oml_sst/external/io_netcdf -I/home/saji/WRF/compile/WRF3.8/oml_sst/external/io_int -I/home/saji/WRF/compile/WRF3.8/oml_sst/frame -I/home/saji/WRF/compile/WRF3.8/oml_sst/share -I/home/saji/WRF/compile/WRF3.8/oml_sst/phys -I/home/saji/WRF/compile/WRF3.8/oml_sst/chem -I/home/saji/WRF/compile/WRF3.8/oml_sst/inc -I/usr/include    module_bl_mrf.f90
7.03user 0.14system 0:07.17elapsed 100%CPU (0avgtext+0avgdata 646816maxresident)k
0inputs+1192outputs (0major+49080minor)pagefaults 0swaps
rm -f module_gfs_machine.o
/lib/cpp -P -I/home/saji/WRF/compile/WRF3.8/oml_sst/inc -DEM_CORE=1 -DNMM_CORE=0 -DNMM_MAX_DIM=2600 -DCOAMPS_CORE=0 -DDA_CORE=0 -DEXP_CORE=0 -DIWORDSIZE=4 -DDWORDSIZE=8 -DRWORDSIZE=4 -DLWORDSIZE=4 -DNONSTANDARD_SYSTEM_SUBR  -DWRF_USE_CLM -DNO_IEEE_MODULE  -DDM_PARALLEL -DNETCDF -DUSE_ALLOCATABLES -DGRIB1 -DINTIO -DKEEP_INT_AROUND -DLIMIT_ARGS -DCONFIG_BUF_LEN=65536 -DMAX_DOMAINS_F=21 -DMAX_HISTORY=25 -DNMM_NEST=0  -I. -traditional   module_gfs_machine.F  > module_gfs_machine.bb
/home/saji/WRF/compile/WRF3.8/oml_sst/tools/standard.exe module_gfs_machine.bb | /lib/cpp -P -traditional > module_gfs_machine.f90
rm -f module_gfs_machine.b module_gfs_machine.bb
time mpif90  -o module_gfs_machine.o -c -O2 -ftree-vectorize -funroll-loops -w -ffree-form -ffree-line-length-none -fconvert=big-endian -frecord-marker=4   -I../dyn_em -I../dyn_nmm   -I/home/saji/WRF/compile/WRF3.8/oml_sst/external/esmf_time_f90  -I/home/saji/WRF/compile/WRF3.8/oml_sst/main -I/home/saji/WRF/compile/WRF3.8/oml_sst/external/io_netcdf -I/home/saji/WRF/compile/WRF3.8/oml_sst/external/io_int -I/home/saji/WRF/compile/WRF3.8/oml_sst/frame -I/home/saji/WRF/compile/WRF3.8/oml_sst/share -I/home/saji/WRF/compile/WRF3.8/oml_sst/phys -I/home/saji/WRF/compile/WRF3.8/oml_sst/chem -I/home/saji/WRF/compile/WRF3.8/oml_sst/inc -I/usr/include    module_gfs_machine.f90
0.01user 0.01system 0:00.02elapsed 133%CPU (0avgtext+0avgdata 22096maxresident)k
0inputs+24outputs (0major+3382minor)pagefaults 0swaps
rm -f module_bl_myjpbl.o
/lib/cpp -P -I/home/saji/WRF/compile/WRF3.8/oml_sst/inc -DEM_CORE=1 -DNMM_CORE=0 -DNMM_MAX_DIM=2600 -DCOAMPS_CORE=0 -DDA_CORE=0 -DEXP_CORE=0 -DIWORDSIZE=4 -DDWORDSIZE=8 -DRWORDSIZE=4 -DLWORDSIZE=4 -DNONSTANDARD_SYSTEM_SUBR  -DWRF_USE_CLM -DNO_IEEE_MODULE  -DDM_PARALLEL -DNETCDF -DUSE_ALLOCATABLES -DGRIB1 -DINTIO -DKEEP_INT_AROUND -DLIMIT_ARGS -DCONFIG_BUF_LEN=65536 -DMAX_DOMAINS_F=21 -DMAX_HISTORY=25 -DNMM_NEST=0  -I. -traditional   module_bl_myjpbl.F  > module_bl_myjpbl.bb
/home/saji/WRF/compile/WRF3.8/oml_sst/tools/standard.exe module_bl_myjpbl.bb | /lib/cpp -P -traditional > module_bl_myjpbl.f90
rm -f module_bl_myjpbl.b module_bl_myjpbl.bb
time mpif90  -o module_bl_myjpbl.o -c -O2 -ftree-vectorize -funroll-loops -w -ffree-form -ffree-line-length-none -fconvert=big-endian -frecord-marker=4   -I../dyn_em -I../dyn_nmm   -I/home/saji/WRF/compile/WRF3.8/oml_sst/external/esmf_time_f90  -I/home/saji/WRF/compile/WRF3.8/oml_sst/main -I/home/saji/WRF/compile/WRF3.8/oml_sst/external/io_netcdf -I/home/saji/WRF/compile/WRF3.8/oml_sst/external/io_int -I/home/saji/WRF/compile/WRF3.8/oml_sst/frame -I/home/saji/WRF/compile/WRF3.8/oml_sst/share -I/home/saji/WRF/compile/WRF3.8/oml_sst/phys -I/home/saji/WRF/compile/WRF3.8/oml_sst/chem -I/home/saji/WRF/compile/WRF3.8/oml_sst/inc -I/usr/include    module_bl_myjpbl.f90
18.60user 0.25system 0:18.85elapsed 100%CPU (0avgtext+0avgdata 1457872maxresident)k
0inputs+2232outputs (0major+100296minor)pagefaults 0swaps
rm -f module_bl_qnsepbl.o
/lib/cpp -P -I/home/saji/WRF/compile/WRF3.8/oml_sst/inc -DEM_CORE=1 -DNMM_CORE=0 -DNMM_MAX_DIM=2600 -DCOAMPS_CORE=0 -DDA_CORE=0 -DEXP_CORE=0 -DIWORDSIZE=4 -DDWORDSIZE=8 -DRWORDSIZE=4 -DLWORDSIZE=4 -DNONSTANDARD_SYSTEM_SUBR  -DWRF_USE_CLM -DNO_IEEE_MODULE  -DDM_PARALLEL -DNETCDF -DUSE_ALLOCATABLES -DGRIB1 -DINTIO -DKEEP_INT_AROUND -DLIMIT_ARGS -DCONFIG_BUF_LEN=65536 -DMAX_DOMAINS_F=21 -DMAX_HISTORY=25 -DNMM_NEST=0  -I. -traditional   module_bl_qnsepbl.F  > module_bl_qnsepbl.bb
/home/saji/WRF/compile/WRF3.8/oml_sst/tools/standard.exe module_bl_qnsepbl.bb | /lib/cpp -P -traditional > module_bl_qnsepbl.f90
rm -f module_bl_qnsepbl.b module_bl_qnsepbl.bb
time mpif90  -o module_bl_qnsepbl.o -c -O2 -ftree-vectorize -funroll-loops -w -ffree-form -ffree-line-length-none -fconvert=big-endian -frecord-marker=4   -I../dyn_em -I../dyn_nmm   -I/home/saji/WRF/compile/WRF3.8/oml_sst/external/esmf_time_f90  -I/home/saji/WRF/compile/WRF3.8/oml_sst/main -I/home/saji/WRF/compile/WRF3.8/oml_sst/external/io_netcdf -I/home/saji/WRF/compile/WRF3.8/oml_sst/external/io_int -I/home/saji/WRF/compile/WRF3.8/oml_sst/frame -I/home/saji/WRF/compile/WRF3.8/oml_sst/share -I/home/saji/WRF/compile/WRF3.8/oml_sst/phys -I/home/saji/WRF/compile/WRF3.8/oml_sst/chem -I/home/saji/WRF/compile/WRF3.8/oml_sst/inc -I/usr/include    module_bl_qnsepbl.f90
2.39user 0.04system 0:02.43elapsed 100%CPU (0avgtext+0avgdata 198624maxresident)k
0inputs+768outputs (0major+15132minor)pagefaults 0swaps
rm -f module_bl_acm.o
/lib/cpp -P -I/home/saji/WRF/compile/WRF3.8/oml_sst/inc -DEM_CORE=1 -DNMM_CORE=0 -DNMM_MAX_DIM=2600 -DCOAMPS_CORE=0 -DDA_CORE=0 -DEXP_CORE=0 -DIWORDSIZE=4 -DDWORDSIZE=8 -DRWORDSIZE=4 -DLWORDSIZE=4 -DNONSTANDARD_SYSTEM_SUBR  -DWRF_USE_CLM -DNO_IEEE_MODULE  -DDM_PARALLEL -DNETCDF -DUSE_ALLOCATABLES -DGRIB1 -DINTIO -DKEEP_INT_AROUND -DLIMIT_ARGS -DCONFIG_BUF_LEN=65536 -DMAX_DOMAINS_F=21 -DMAX_HISTORY=25 -DNMM_NEST=0  -I. -traditional   module_bl_acm.F  > module_bl_acm.bb
/home/saji/WRF/compile/WRF3.8/oml_sst/tools/standard.exe module_bl_acm.bb | /lib/cpp -P -traditional > module_bl_acm.f90
rm -f module_bl_acm.b module_bl_acm.bb
time mpif90  -o module_bl_acm.o -c -O2 -ftree-vectorize -funroll-loops -w -ffree-form -ffree-line-length-none -fconvert=big-endian -frecord-marker=4   -I../dyn_em -I../dyn_nmm   -I/home/saji/WRF/compile/WRF3.8/oml_sst/external/esmf_time_f90  -I/home/saji/WRF/compile/WRF3.8/oml_sst/main -I/home/saji/WRF/compile/WRF3.8/oml_sst/external/io_netcdf -I/home/saji/WRF/compile/WRF3.8/oml_sst/external/io_int -I/home/saji/WRF/compile/WRF3.8/oml_sst/frame -I/home/saji/WRF/compile/WRF3.8/oml_sst/share -I/home/saji/WRF/compile/WRF3.8/oml_sst/phys -I/home/saji/WRF/compile/WRF3.8/oml_sst/chem -I/home/saji/WRF/compile/WRF3.8/oml_sst/inc -I/usr/include    module_bl_acm.f90
3.15user 0.05system 0:03.19elapsed 100%CPU (0avgtext+0avgdata 239984maxresident)k
0inputs+952outputs (0major+17856minor)pagefaults 0swaps
rm -f module_bl_mynn.o
/lib/cpp -P -I/home/saji/WRF/compile/WRF3.8/oml_sst/inc -DEM_CORE=1 -DNMM_CORE=0 -DNMM_MAX_DIM=2600 -DCOAMPS_CORE=0 -DDA_CORE=0 -DEXP_CORE=0 -DIWORDSIZE=4 -DDWORDSIZE=8 -DRWORDSIZE=4 -DLWORDSIZE=4 -DNONSTANDARD_SYSTEM_SUBR  -DWRF_USE_CLM -DNO_IEEE_MODULE  -DDM_PARALLEL -DNETCDF -DUSE_ALLOCATABLES -DGRIB1 -DINTIO -DKEEP_INT_AROUND -DLIMIT_ARGS -DCONFIG_BUF_LEN=65536 -DMAX_DOMAINS_F=21 -DMAX_HISTORY=25 -DNMM_NEST=0  -I. -traditional   module_bl_mynn.F  > module_bl_mynn.bb
/home/saji/WRF/compile/WRF3.8/oml_sst/tools/standard.exe module_bl_mynn.bb | /lib/cpp -P -traditional > module_bl_mynn.f90
rm -f module_bl_mynn.b module_bl_mynn.bb
time mpif90  -o module_bl_mynn.o -c -O2 -ftree-vectorize -funroll-loops -w -ffree-form -ffree-line-length-none -fconvert=big-endian -frecord-marker=4   -I../dyn_em -I../dyn_nmm   -I/home/saji/WRF/compile/WRF3.8/oml_sst/external/esmf_time_f90  -I/home/saji/WRF/compile/WRF3.8/oml_sst/main -I/home/saji/WRF/compile/WRF3.8/oml_sst/external/io_netcdf -I/home/saji/WRF/compile/WRF3.8/oml_sst/external/io_int -I/home/saji/WRF/compile/WRF3.8/oml_sst/frame -I/home/saji/WRF/compile/WRF3.8/oml_sst/share -I/home/saji/WRF/compile/WRF3.8/oml_sst/phys -I/home/saji/WRF/compile/WRF3.8/oml_sst/chem -I/home/saji/WRF/compile/WRF3.8/oml_sst/inc -I/usr/include    module_bl_mynn.f90
5.41user 0.09system 0:05.50elapsed 100%CPU (0avgtext+0avgdata 361216maxresident)k
0inputs+1296outputs (0major+27052minor)pagefaults 0swaps
rm -f module_bl_gwdo.o
/lib/cpp -P -I/home/saji/WRF/compile/WRF3.8/oml_sst/inc -DEM_CORE=1 -DNMM_CORE=0 -DNMM_MAX_DIM=2600 -DCOAMPS_CORE=0 -DDA_CORE=0 -DEXP_CORE=0 -DIWORDSIZE=4 -DDWORDSIZE=8 -DRWORDSIZE=4 -DLWORDSIZE=4 -DNONSTANDARD_SYSTEM_SUBR  -DWRF_USE_CLM -DNO_IEEE_MODULE  -DDM_PARALLEL -DNETCDF -DUSE_ALLOCATABLES -DGRIB1 -DINTIO -DKEEP_INT_AROUND -DLIMIT_ARGS -DCONFIG_BUF_LEN=65536 -DMAX_DOMAINS_F=21 -DMAX_HISTORY=25 -DNMM_NEST=0  -I. -traditional   module_bl_gwdo.F  > module_bl_gwdo.bb
/home/saji/WRF/compile/WRF3.8/oml_sst/tools/standard.exe module_bl_gwdo.bb | /lib/cpp -P -traditional > module_bl_gwdo.f90
rm -f module_bl_gwdo.b module_bl_gwdo.bb
time mpif90  -o module_bl_gwdo.o -c -O2 -ftree-vectorize -funroll-loops -w -ffree-form -ffree-line-length-none -fconvert=big-endian -frecord-marker=4   -I../dyn_em -I../dyn_nmm   -I/home/saji/WRF/compile/WRF3.8/oml_sst/external/esmf_time_f90  -I/home/saji/WRF/compile/WRF3.8/oml_sst/main -I/home/saji/WRF/compile/WRF3.8/oml_sst/external/io_netcdf -I/home/saji/WRF/compile/WRF3.8/oml_sst/external/io_int -I/home/saji/WRF/compile/WRF3.8/oml_sst/frame -I/home/saji/WRF/compile/WRF3.8/oml_sst/share -I/home/saji/WRF/compile/WRF3.8/oml_sst/phys -I/home/saji/WRF/compile/WRF3.8/oml_sst/chem -I/home/saji/WRF/compile/WRF3.8/oml_sst/inc -I/usr/include    module_bl_gwdo.f90
3.55user 0.05system 0:03.60elapsed 100%CPU (0avgtext+0avgdata 305680maxresident)k
0inputs+656outputs (0major+24048minor)pagefaults 0swaps
rm -f module_bl_myjurb.o
/lib/cpp -P -I/home/saji/WRF/compile/WRF3.8/oml_sst/inc -DEM_CORE=1 -DNMM_CORE=0 -DNMM_MAX_DIM=2600 -DCOAMPS_CORE=0 -DDA_CORE=0 -DEXP_CORE=0 -DIWORDSIZE=4 -DDWORDSIZE=8 -DRWORDSIZE=4 -DLWORDSIZE=4 -DNONSTANDARD_SYSTEM_SUBR  -DWRF_USE_CLM -DNO_IEEE_MODULE  -DDM_PARALLEL -DNETCDF -DUSE_ALLOCATABLES -DGRIB1 -DINTIO -DKEEP_INT_AROUND -DLIMIT_ARGS -DCONFIG_BUF_LEN=65536 -DMAX_DOMAINS_F=21 -DMAX_HISTORY=25 -DNMM_NEST=0  -I. -traditional   module_bl_myjurb.F  > module_bl_myjurb.bb
/home/saji/WRF/compile/WRF3.8/oml_sst/tools/standard.exe module_bl_myjurb.bb | /lib/cpp -P -traditional > module_bl_myjurb.f90
rm -f module_bl_myjurb.b module_bl_myjurb.bb
time mpif90  -o module_bl_myjurb.o -c -O2 -ftree-vectorize -funroll-loops -w -ffree-form -ffree-line-length-none -fconvert=big-endian -frecord-marker=4   -I../dyn_em -I../dyn_nmm   -I/home/saji/WRF/compile/WRF3.8/oml_sst/external/esmf_time_f90  -I/home/saji/WRF/compile/WRF3.8/oml_sst/main -I/home/saji/WRF/compile/WRF3.8/oml_sst/external/io_netcdf -I/home/saji/WRF/compile/WRF3.8/oml_sst/external/io_int -I/home/saji/WRF/compile/WRF3.8/oml_sst/frame -I/home/saji/WRF/compile/WRF3.8/oml_sst/share -I/home/saji/WRF/compile/WRF3.8/oml_sst/phys -I/home/saji/WRF/compile/WRF3.8/oml_sst/chem -I/home/saji/WRF/compile/WRF3.8/oml_sst/inc -I/usr/include    module_bl_myjurb.f90
3.26user 0.05system 0:03.30elapsed 100%CPU (0avgtext+0avgdata 266768maxresident)k
0inputs+928outputs (0major+19897minor)pagefaults 0swaps
rm -f module_bl_boulac.o
/lib/cpp -P -I/home/saji/WRF/compile/WRF3.8/oml_sst/inc -DEM_CORE=1 -DNMM_CORE=0 -DNMM_MAX_DIM=2600 -DCOAMPS_CORE=0 -DDA_CORE=0 -DEXP_CORE=0 -DIWORDSIZE=4 -DDWORDSIZE=8 -DRWORDSIZE=4 -DLWORDSIZE=4 -DNONSTANDARD_SYSTEM_SUBR  -DWRF_USE_CLM -DNO_IEEE_MODULE  -DDM_PARALLEL -DNETCDF -DUSE_ALLOCATABLES -DGRIB1 -DINTIO -DKEEP_INT_AROUND -DLIMIT_ARGS -DCONFIG_BUF_LEN=65536 -DMAX_DOMAINS_F=21 -DMAX_HISTORY=25 -DNMM_NEST=0  -I. -traditional   module_bl_boulac.F  > module_bl_boulac.bb
/home/saji/WRF/compile/WRF3.8/oml_sst/tools/standard.exe module_bl_boulac.bb | /lib/cpp -P -traditional > module_bl_boulac.f90
rm -f module_bl_boulac.b module_bl_boulac.bb
time mpif90  -o module_bl_boulac.o -c -O2 -ftree-vectorize -funroll-loops -w -ffree-form -ffree-line-length-none -fconvert=big-endian -frecord-marker=4   -I../dyn_em -I../dyn_nmm   -I/home/saji/WRF/compile/WRF3.8/oml_sst/external/esmf_time_f90  -I/home/saji/WRF/compile/WRF3.8/oml_sst/main -I/home/saji/WRF/compile/WRF3.8/oml_sst/external/io_netcdf -I/home/saji/WRF/compile/WRF3.8/oml_sst/external/io_int -I/home/saji/WRF/compile/WRF3.8/oml_sst/frame -I/home/saji/WRF/compile/WRF3.8/oml_sst/share -I/home/saji/WRF/compile/WRF3.8/oml_sst/phys -I/home/saji/WRF/compile/WRF3.8/oml_sst/chem -I/home/saji/WRF/compile/WRF3.8/oml_sst/inc -I/usr/include    module_bl_boulac.f90
5.76user 0.10system 0:05.86elapsed 100%CPU (0avgtext+0avgdata 570128maxresident)k
0inputs+1096outputs (0major+42821minor)pagefaults 0swaps
rm -f module_bl_mfshconvpbl.o
/lib/cpp -P -I/home/saji/WRF/compile/WRF3.8/oml_sst/inc -DEM_CORE=1 -DNMM_CORE=0 -DNMM_MAX_DIM=2600 -DCOAMPS_CORE=0 -DDA_CORE=0 -DEXP_CORE=0 -DIWORDSIZE=4 -DDWORDSIZE=8 -DRWORDSIZE=4 -DLWORDSIZE=4 -DNONSTANDARD_SYSTEM_SUBR  -DWRF_USE_CLM -DNO_IEEE_MODULE  -DDM_PARALLEL -DNETCDF -DUSE_ALLOCATABLES -DGRIB1 -DINTIO -DKEEP_INT_AROUND -DLIMIT_ARGS -DCONFIG_BUF_LEN=65536 -DMAX_DOMAINS_F=21 -DMAX_HISTORY=25 -DNMM_NEST=0  -I. -traditional   module_bl_mfshconvpbl.F  > module_bl_mfshconvpbl.bb
/home/saji/WRF/compile/WRF3.8/oml_sst/tools/standard.exe module_bl_mfshconvpbl.bb | /lib/cpp -P -traditional > module_bl_mfshconvpbl.f90
rm -f module_bl_mfshconvpbl.b module_bl_mfshconvpbl.bb
time mpif90  -o module_bl_mfshconvpbl.o -c -O2 -ftree-vectorize -funroll-loops -w -ffree-form -ffree-line-length-none -fconvert=big-endian -frecord-marker=4   -I../dyn_em -I../dyn_nmm   -I/home/saji/WRF/compile/WRF3.8/oml_sst/external/esmf_time_f90  -I/home/saji/WRF/compile/WRF3.8/oml_sst/main -I/home/saji/WRF/compile/WRF3.8/oml_sst/external/io_netcdf -I/home/saji/WRF/compile/WRF3.8/oml_sst/external/io_int -I/home/saji/WRF/compile/WRF3.8/oml_sst/frame -I/home/saji/WRF/compile/WRF3.8/oml_sst/share -I/home/saji/WRF/compile/WRF3.8/oml_sst/phys -I/home/saji/WRF/compile/WRF3.8/oml_sst/chem -I/home/saji/WRF/compile/WRF3.8/oml_sst/inc -I/usr/include    module_bl_mfshconvpbl.f90
18.13user 0.21system 0:18.33elapsed 100%CPU (0avgtext+0avgdata 1179936maxresident)k
0inputs+3232outputs (0major+82079minor)pagefaults 0swaps
rm -f module_shcu_grims.o
/lib/cpp -P -I/home/saji/WRF/compile/WRF3.8/oml_sst/inc -DEM_CORE=1 -DNMM_CORE=0 -DNMM_MAX_DIM=2600 -DCOAMPS_CORE=0 -DDA_CORE=0 -DEXP_CORE=0 -DIWORDSIZE=4 -DDWORDSIZE=8 -DRWORDSIZE=4 -DLWORDSIZE=4 -DNONSTANDARD_SYSTEM_SUBR  -DWRF_USE_CLM -DNO_IEEE_MODULE  -DDM_PARALLEL -DNETCDF -DUSE_ALLOCATABLES -DGRIB1 -DINTIO -DKEEP_INT_AROUND -DLIMIT_ARGS -DCONFIG_BUF_LEN=65536 -DMAX_DOMAINS_F=21 -DMAX_HISTORY=25 -DNMM_NEST=0  -I. -traditional   module_shcu_grims.F  > module_shcu_grims.bb
/home/saji/WRF/compile/WRF3.8/oml_sst/tools/standard.exe module_shcu_grims.bb | /lib/cpp -P -traditional > module_shcu_grims.f90
rm -f module_shcu_grims.b module_shcu_grims.bb
time mpif90  -o module_shcu_grims.o -c -O2 -ftree-vectorize -funroll-loops -w -ffree-form -ffree-line-length-none -fconvert=big-endian -frecord-marker=4   -I../dyn_em -I../dyn_nmm   -I/home/saji/WRF/compile/WRF3.8/oml_sst/external/esmf_time_f90  -I/home/saji/WRF/compile/WRF3.8/oml_sst/main -I/home/saji/WRF/compile/WRF3.8/oml_sst/external/io_netcdf -I/home/saji/WRF/compile/WRF3.8/oml_sst/external/io_int -I/home/saji/WRF/compile/WRF3.8/oml_sst/frame -I/home/saji/WRF/compile/WRF3.8/oml_sst/share -I/home/saji/WRF/compile/WRF3.8/oml_sst/phys -I/home/saji/WRF/compile/WRF3.8/oml_sst/chem -I/home/saji/WRF/compile/WRF3.8/oml_sst/inc -I/usr/include    module_shcu_grims.f90
2.72user 0.04system 0:02.77elapsed 100%CPU (0avgtext+0avgdata 207920maxresident)k
0inputs+808outputs (0major+16808minor)pagefaults 0swaps
rm -f module_bl_temf.o
/lib/cpp -P -I/home/saji/WRF/compile/WRF3.8/oml_sst/inc -DEM_CORE=1 -DNMM_CORE=0 -DNMM_MAX_DIM=2600 -DCOAMPS_CORE=0 -DDA_CORE=0 -DEXP_CORE=0 -DIWORDSIZE=4 -DDWORDSIZE=8 -DRWORDSIZE=4 -DLWORDSIZE=4 -DNONSTANDARD_SYSTEM_SUBR  -DWRF_USE_CLM -DNO_IEEE_MODULE  -DDM_PARALLEL -DNETCDF -DUSE_ALLOCATABLES -DGRIB1 -DINTIO -DKEEP_INT_AROUND -DLIMIT_ARGS -DCONFIG_BUF_LEN=65536 -DMAX_DOMAINS_F=21 -DMAX_HISTORY=25 -DNMM_NEST=0  -I. -traditional   module_bl_temf.F  > module_bl_temf.bb
/home/saji/WRF/compile/WRF3.8/oml_sst/tools/standard.exe module_bl_temf.bb | /lib/cpp -P -traditional > module_bl_temf.f90
rm -f module_bl_temf.b module_bl_temf.bb
time mpif90  -o module_bl_temf.o -c -O2 -ftree-vectorize -funroll-loops -w -ffree-form -ffree-line-length-none -fconvert=big-endian -frecord-marker=4   -I../dyn_em -I../dyn_nmm   -I/home/saji/WRF/compile/WRF3.8/oml_sst/external/esmf_time_f90  -I/home/saji/WRF/compile/WRF3.8/oml_sst/main -I/home/saji/WRF/compile/WRF3.8/oml_sst/external/io_netcdf -I/home/saji/WRF/compile/WRF3.8/oml_sst/external/io_int -I/home/saji/WRF/compile/WRF3.8/oml_sst/frame -I/home/saji/WRF/compile/WRF3.8/oml_sst/share -I/home/saji/WRF/compile/WRF3.8/oml_sst/phys -I/home/saji/WRF/compile/WRF3.8/oml_sst/chem -I/home/saji/WRF/compile/WRF3.8/oml_sst/inc -I/usr/include    module_bl_temf.f90
9.86user 0.12system 0:09.98elapsed 100%CPU (0avgtext+0avgdata 595888maxresident)k
0inputs+1032outputs (0major+43999minor)pagefaults 0swaps
rm -f module_bl_gbmpbl.o
/lib/cpp -P -I/home/saji/WRF/compile/WRF3.8/oml_sst/inc -DEM_CORE=1 -DNMM_CORE=0 -DNMM_MAX_DIM=2600 -DCOAMPS_CORE=0 -DDA_CORE=0 -DEXP_CORE=0 -DIWORDSIZE=4 -DDWORDSIZE=8 -DRWORDSIZE=4 -DLWORDSIZE=4 -DNONSTANDARD_SYSTEM_SUBR  -DWRF_USE_CLM -DNO_IEEE_MODULE  -DDM_PARALLEL -DNETCDF -DUSE_ALLOCATABLES -DGRIB1 -DINTIO -DKEEP_INT_AROUND -DLIMIT_ARGS -DCONFIG_BUF_LEN=65536 -DMAX_DOMAINS_F=21 -DMAX_HISTORY=25 -DNMM_NEST=0  -I. -traditional   module_bl_gbmpbl.F  > module_bl_gbmpbl.bb
/home/saji/WRF/compile/WRF3.8/oml_sst/tools/standard.exe module_bl_gbmpbl.bb | /lib/cpp -P -traditional > module_bl_gbmpbl.f90
rm -f module_bl_gbmpbl.b module_bl_gbmpbl.bb
time mpif90  -o module_bl_gbmpbl.o -c -O2 -ftree-vectorize -funroll-loops -w -ffree-form -ffree-line-length-none -fconvert=big-endian -frecord-marker=4   -I../dyn_em -I../dyn_nmm   -I/home/saji/WRF/compile/WRF3.8/oml_sst/external/esmf_time_f90  -I/home/saji/WRF/compile/WRF3.8/oml_sst/main -I/home/saji/WRF/compile/WRF3.8/oml_sst/external/io_netcdf -I/home/saji/WRF/compile/WRF3.8/oml_sst/external/io_int -I/home/saji/WRF/compile/WRF3.8/oml_sst/frame -I/home/saji/WRF/compile/WRF3.8/oml_sst/share -I/home/saji/WRF/compile/WRF3.8/oml_sst/phys -I/home/saji/WRF/compile/WRF3.8/oml_sst/chem -I/home/saji/WRF/compile/WRF3.8/oml_sst/inc -I/usr/include    module_bl_gbmpbl.f90
3.70user 0.06system 0:03.76elapsed 100%CPU (0avgtext+0avgdata 289472maxresident)k
0inputs+800outputs (0major+21928minor)pagefaults 0swaps
rm -f module_cu_g3.o
/lib/cpp -P -I/home/saji/WRF/compile/WRF3.8/oml_sst/inc -DEM_CORE=1 -DNMM_CORE=0 -DNMM_MAX_DIM=2600 -DCOAMPS_CORE=0 -DDA_CORE=0 -DEXP_CORE=0 -DIWORDSIZE=4 -DDWORDSIZE=8 -DRWORDSIZE=4 -DLWORDSIZE=4 -DNONSTANDARD_SYSTEM_SUBR  -DWRF_USE_CLM -DNO_IEEE_MODULE  -DDM_PARALLEL -DNETCDF -DUSE_ALLOCATABLES -DGRIB1 -DINTIO -DKEEP_INT_AROUND -DLIMIT_ARGS -DCONFIG_BUF_LEN=65536 -DMAX_DOMAINS_F=21 -DMAX_HISTORY=25 -DNMM_NEST=0  -I. -traditional   module_cu_g3.F  > module_cu_g3.bb
/home/saji/WRF/compile/WRF3.8/oml_sst/tools/standard.exe module_cu_g3.bb | /lib/cpp -P -traditional > module_cu_g3.f90
rm -f module_cu_g3.b module_cu_g3.bb
time mpif90  -o module_cu_g3.o -c -O2 -ftree-vectorize -funroll-loops -w -ffree-form -ffree-line-length-none -fconvert=big-endian -frecord-marker=4   -I../dyn_em -I../dyn_nmm   -I/home/saji/WRF/compile/WRF3.8/oml_sst/external/esmf_time_f90  -I/home/saji/WRF/compile/WRF3.8/oml_sst/main -I/home/saji/WRF/compile/WRF3.8/oml_sst/external/io_netcdf -I/home/saji/WRF/compile/WRF3.8/oml_sst/external/io_int -I/home/saji/WRF/compile/WRF3.8/oml_sst/frame -I/home/saji/WRF/compile/WRF3.8/oml_sst/share -I/home/saji/WRF/compile/WRF3.8/oml_sst/phys -I/home/saji/WRF/compile/WRF3.8/oml_sst/chem -I/home/saji/WRF/compile/WRF3.8/oml_sst/inc -I/usr/include    module_cu_g3.f90
32.57user 0.22system 0:32.79elapsed 100%CPU (0avgtext+0avgdata 1376608maxresident)k
0inputs+5136outputs (0major+98156minor)pagefaults 0swaps
rm -f module_cu_kf.o
/lib/cpp -P -I/home/saji/WRF/compile/WRF3.8/oml_sst/inc -DEM_CORE=1 -DNMM_CORE=0 -DNMM_MAX_DIM=2600 -DCOAMPS_CORE=0 -DDA_CORE=0 -DEXP_CORE=0 -DIWORDSIZE=4 -DDWORDSIZE=8 -DRWORDSIZE=4 -DLWORDSIZE=4 -DNONSTANDARD_SYSTEM_SUBR  -DWRF_USE_CLM -DNO_IEEE_MODULE  -DDM_PARALLEL -DNETCDF -DUSE_ALLOCATABLES -DGRIB1 -DINTIO -DKEEP_INT_AROUND -DLIMIT_ARGS -DCONFIG_BUF_LEN=65536 -DMAX_DOMAINS_F=21 -DMAX_HISTORY=25 -DNMM_NEST=0  -I. -traditional   module_cu_kf.F  > module_cu_kf.bb
/home/saji/WRF/compile/WRF3.8/oml_sst/tools/standard.exe module_cu_kf.bb | /lib/cpp -P -traditional > module_cu_kf.f90
rm -f module_cu_kf.b module_cu_kf.bb
time mpif90  -o module_cu_kf.o -c -O2 -ftree-vectorize -funroll-loops -w -ffree-form -ffree-line-length-none -fconvert=big-endian -frecord-marker=4   -I../dyn_em -I../dyn_nmm   -I/home/saji/WRF/compile/WRF3.8/oml_sst/external/esmf_time_f90  -I/home/saji/WRF/compile/WRF3.8/oml_sst/main -I/home/saji/WRF/compile/WRF3.8/oml_sst/external/io_netcdf -I/home/saji/WRF/compile/WRF3.8/oml_sst/external/io_int -I/home/saji/WRF/compile/WRF3.8/oml_sst/frame -I/home/saji/WRF/compile/WRF3.8/oml_sst/share -I/home/saji/WRF/compile/WRF3.8/oml_sst/phys -I/home/saji/WRF/compile/WRF3.8/oml_sst/chem -I/home/saji/WRF/compile/WRF3.8/oml_sst/inc -I/usr/include    module_cu_kf.f90
4.88user 0.06system 0:04.95elapsed 100%CPU (0avgtext+0avgdata 344640maxresident)k
0inputs+1000outputs (0major+25450minor)pagefaults 0swaps
rm -f module_cu_bmj.o
/lib/cpp -P -I/home/saji/WRF/compile/WRF3.8/oml_sst/inc -DEM_CORE=1 -DNMM_CORE=0 -DNMM_MAX_DIM=2600 -DCOAMPS_CORE=0 -DDA_CORE=0 -DEXP_CORE=0 -DIWORDSIZE=4 -DDWORDSIZE=8 -DRWORDSIZE=4 -DLWORDSIZE=4 -DNONSTANDARD_SYSTEM_SUBR  -DWRF_USE_CLM -DNO_IEEE_MODULE  -DDM_PARALLEL -DNETCDF -DUSE_ALLOCATABLES -DGRIB1 -DINTIO -DKEEP_INT_AROUND -DLIMIT_ARGS -DCONFIG_BUF_LEN=65536 -DMAX_DOMAINS_F=21 -DMAX_HISTORY=25 -DNMM_NEST=0  -I. -traditional   module_cu_bmj.F  > module_cu_bmj.bb
/home/saji/WRF/compile/WRF3.8/oml_sst/tools/standard.exe module_cu_bmj.bb | /lib/cpp -P -traditional > module_cu_bmj.f90
rm -f module_cu_bmj.b module_cu_bmj.bb
time mpif90  -o module_cu_bmj.o -c -O2 -ftree-vectorize -funroll-loops -w -ffree-form -ffree-line-length-none -fconvert=big-endian -frecord-marker=4   -I../dyn_em -I../dyn_nmm   -I/home/saji/WRF/compile/WRF3.8/oml_sst/external/esmf_time_f90  -I/home/saji/WRF/compile/WRF3.8/oml_sst/main -I/home/saji/WRF/compile/WRF3.8/oml_sst/external/io_netcdf -I/home/saji/WRF/compile/WRF3.8/oml_sst/external/io_int -I/home/saji/WRF/compile/WRF3.8/oml_sst/frame -I/home/saji/WRF/compile/WRF3.8/oml_sst/share -I/home/saji/WRF/compile/WRF3.8/oml_sst/phys -I/home/saji/WRF/compile/WRF3.8/oml_sst/chem -I/home/saji/WRF/compile/WRF3.8/oml_sst/inc -I/usr/include    module_cu_bmj.f90
21.24user 0.21system 0:21.45elapsed 100%CPU (0avgtext+0avgdata 1176112maxresident)k
0inputs+3328outputs (0major+81140minor)pagefaults 0swaps
rm -f module_cu_kfeta.o
/lib/cpp -P -I/home/saji/WRF/compile/WRF3.8/oml_sst/inc -DEM_CORE=1 -DNMM_CORE=0 -DNMM_MAX_DIM=2600 -DCOAMPS_CORE=0 -DDA_CORE=0 -DEXP_CORE=0 -DIWORDSIZE=4 -DDWORDSIZE=8 -DRWORDSIZE=4 -DLWORDSIZE=4 -DNONSTANDARD_SYSTEM_SUBR  -DWRF_USE_CLM -DNO_IEEE_MODULE  -DDM_PARALLEL -DNETCDF -DUSE_ALLOCATABLES -DGRIB1 -DINTIO -DKEEP_INT_AROUND -DLIMIT_ARGS -DCONFIG_BUF_LEN=65536 -DMAX_DOMAINS_F=21 -DMAX_HISTORY=25 -DNMM_NEST=0  -I. -traditional   module_cu_kfeta.F  > module_cu_kfeta.bb
/home/saji/WRF/compile/WRF3.8/oml_sst/tools/standard.exe module_cu_kfeta.bb | /lib/cpp -P -traditional > module_cu_kfeta.f90
rm -f module_cu_kfeta.b module_cu_kfeta.bb
time mpif90  -o module_cu_kfeta.o -c -O2 -ftree-vectorize -funroll-loops -w -ffree-form -ffree-line-length-none -fconvert=big-endian -frecord-marker=4   -I../dyn_em -I../dyn_nmm   -I/home/saji/WRF/compile/WRF3.8/oml_sst/external/esmf_time_f90  -I/home/saji/WRF/compile/WRF3.8/oml_sst/main -I/home/saji/WRF/compile/WRF3.8/oml_sst/external/io_netcdf -I/home/saji/WRF/compile/WRF3.8/oml_sst/external/io_int -I/home/saji/WRF/compile/WRF3.8/oml_sst/frame -I/home/saji/WRF/compile/WRF3.8/oml_sst/share -I/home/saji/WRF/compile/WRF3.8/oml_sst/phys -I/home/saji/WRF/compile/WRF3.8/oml_sst/chem -I/home/saji/WRF/compile/WRF3.8/oml_sst/inc -I/usr/include    module_cu_kfeta.f90
2.68user 0.05system 0:02.73elapsed 100%CPU (0avgtext+0avgdata 233600maxresident)k
0inputs+792outputs (0major+18921minor)pagefaults 0swaps
rm -f module_cu_mskf.o
/lib/cpp -P -I/home/saji/WRF/compile/WRF3.8/oml_sst/inc -DEM_CORE=1 -DNMM_CORE=0 -DNMM_MAX_DIM=2600 -DCOAMPS_CORE=0 -DDA_CORE=0 -DEXP_CORE=0 -DIWORDSIZE=4 -DDWORDSIZE=8 -DRWORDSIZE=4 -DLWORDSIZE=4 -DNONSTANDARD_SYSTEM_SUBR  -DWRF_USE_CLM -DNO_IEEE_MODULE  -DDM_PARALLEL -DNETCDF -DUSE_ALLOCATABLES -DGRIB1 -DINTIO -DKEEP_INT_AROUND -DLIMIT_ARGS -DCONFIG_BUF_LEN=65536 -DMAX_DOMAINS_F=21 -DMAX_HISTORY=25 -DNMM_NEST=0  -I. -traditional   module_cu_mskf.F  > module_cu_mskf.bb
/home/saji/WRF/compile/WRF3.8/oml_sst/tools/standard.exe module_cu_mskf.bb | /lib/cpp -P -traditional > module_cu_mskf.f90
rm -f module_cu_mskf.b module_cu_mskf.bb
time mpif90  -o module_cu_mskf.o -c -O2 -ftree-vectorize -funroll-loops -w -ffree-form -ffree-line-length-none -fconvert=big-endian -frecord-marker=4   -I../dyn_em -I../dyn_nmm   -I/home/saji/WRF/compile/WRF3.8/oml_sst/external/esmf_time_f90  -I/home/saji/WRF/compile/WRF3.8/oml_sst/main -I/home/saji/WRF/compile/WRF3.8/oml_sst/external/io_netcdf -I/home/saji/WRF/compile/WRF3.8/oml_sst/external/io_int -I/home/saji/WRF/compile/WRF3.8/oml_sst/frame -I/home/saji/WRF/compile/WRF3.8/oml_sst/share -I/home/saji/WRF/compile/WRF3.8/oml_sst/phys -I/home/saji/WRF/compile/WRF3.8/oml_sst/chem -I/home/saji/WRF/compile/WRF3.8/oml_sst/inc -I/usr/include    module_cu_mskf.f90
10.50user 0.11system 0:10.60elapsed 100%CPU (0avgtext+0avgdata 716448maxresident)k
0inputs+1464outputs (0major+51871minor)pagefaults 0swaps
rm -f module_cu_ntiedtke.o
/lib/cpp -P -I/home/saji/WRF/compile/WRF3.8/oml_sst/inc -DEM_CORE=1 -DNMM_CORE=0 -DNMM_MAX_DIM=2600 -DCOAMPS_CORE=0 -DDA_CORE=0 -DEXP_CORE=0 -DIWORDSIZE=4 -DDWORDSIZE=8 -DRWORDSIZE=4 -DLWORDSIZE=4 -DNONSTANDARD_SYSTEM_SUBR  -DWRF_USE_CLM -DNO_IEEE_MODULE  -DDM_PARALLEL -DNETCDF -DUSE_ALLOCATABLES -DGRIB1 -DINTIO -DKEEP_INT_AROUND -DLIMIT_ARGS -DCONFIG_BUF_LEN=65536 -DMAX_DOMAINS_F=21 -DMAX_HISTORY=25 -DNMM_NEST=0  -I. -traditional   module_cu_ntiedtke.F  > module_cu_ntiedtke.bb
/home/saji/WRF/compile/WRF3.8/oml_sst/tools/standard.exe module_cu_ntiedtke.bb | /lib/cpp -P -traditional > module_cu_ntiedtke.f90
rm -f module_cu_ntiedtke.b module_cu_ntiedtke.bb
time mpif90  -o module_cu_ntiedtke.o -c -O2 -ftree-vectorize -funroll-loops -w -ffree-form -ffree-line-length-none -fconvert=big-endian -frecord-marker=4   -I../dyn_em -I../dyn_nmm   -I/home/saji/WRF/compile/WRF3.8/oml_sst/external/esmf_time_f90  -I/home/saji/WRF/compile/WRF3.8/oml_sst/main -I/home/saji/WRF/compile/WRF3.8/oml_sst/external/io_netcdf -I/home/saji/WRF/compile/WRF3.8/oml_sst/external/io_int -I/home/saji/WRF/compile/WRF3.8/oml_sst/frame -I/home/saji/WRF/compile/WRF3.8/oml_sst/share -I/home/saji/WRF/compile/WRF3.8/oml_sst/phys -I/home/saji/WRF/compile/WRF3.8/oml_sst/chem -I/home/saji/WRF/compile/WRF3.8/oml_sst/inc -I/usr/include    module_cu_ntiedtke.f90
10.32user 0.17system 0:10.49elapsed 100%CPU (0avgtext+0avgdata 724832maxresident)k
0inputs+1432outputs (0major+51255minor)pagefaults 0swaps
rm -f module_cu_gd.o
/lib/cpp -P -I/home/saji/WRF/compile/WRF3.8/oml_sst/inc -DEM_CORE=1 -DNMM_CORE=0 -DNMM_MAX_DIM=2600 -DCOAMPS_CORE=0 -DDA_CORE=0 -DEXP_CORE=0 -DIWORDSIZE=4 -DDWORDSIZE=8 -DRWORDSIZE=4 -DLWORDSIZE=4 -DNONSTANDARD_SYSTEM_SUBR  -DWRF_USE_CLM -DNO_IEEE_MODULE  -DDM_PARALLEL -DNETCDF -DUSE_ALLOCATABLES -DGRIB1 -DINTIO -DKEEP_INT_AROUND -DLIMIT_ARGS -DCONFIG_BUF_LEN=65536 -DMAX_DOMAINS_F=21 -DMAX_HISTORY=25 -DNMM_NEST=0  -I. -traditional   module_cu_gd.F  > module_cu_gd.bb
/home/saji/WRF/compile/WRF3.8/oml_sst/tools/standard.exe module_cu_gd.bb | /lib/cpp -P -traditional > module_cu_gd.f90
rm -f module_cu_gd.b module_cu_gd.bb
time mpif90  -o module_cu_gd.o -c -O2 -ftree-vectorize -funroll-loops -w -ffree-form -ffree-line-length-none -fconvert=big-endian -frecord-marker=4   -I../dyn_em -I../dyn_nmm   -I/home/saji/WRF/compile/WRF3.8/oml_sst/external/esmf_time_f90  -I/home/saji/WRF/compile/WRF3.8/oml_sst/main -I/home/saji/WRF/compile/WRF3.8/oml_sst/external/io_netcdf -I/home/saji/WRF/compile/WRF3.8/oml_sst/external/io_int -I/home/saji/WRF/compile/WRF3.8/oml_sst/frame -I/home/saji/WRF/compile/WRF3.8/oml_sst/share -I/home/saji/WRF/compile/WRF3.8/oml_sst/phys -I/home/saji/WRF/compile/WRF3.8/oml_sst/chem -I/home/saji/WRF/compile/WRF3.8/oml_sst/inc -I/usr/include    module_cu_gd.f90
9.43user 0.12system 0:09.55elapsed 100%CPU (0avgtext+0avgdata 552256maxresident)k
0inputs+2464outputs (0major+40458minor)pagefaults 0swaps
rm -f module_cu_gf.o
/lib/cpp -P -I/home/saji/WRF/compile/WRF3.8/oml_sst/inc -DEM_CORE=1 -DNMM_CORE=0 -DNMM_MAX_DIM=2600 -DCOAMPS_CORE=0 -DDA_CORE=0 -DEXP_CORE=0 -DIWORDSIZE=4 -DDWORDSIZE=8 -DRWORDSIZE=4 -DLWORDSIZE=4 -DNONSTANDARD_SYSTEM_SUBR  -DWRF_USE_CLM -DNO_IEEE_MODULE  -DDM_PARALLEL -DNETCDF -DUSE_ALLOCATABLES -DGRIB1 -DINTIO -DKEEP_INT_AROUND -DLIMIT_ARGS -DCONFIG_BUF_LEN=65536 -DMAX_DOMAINS_F=21 -DMAX_HISTORY=25 -DNMM_NEST=0  -I. -traditional   module_cu_gf.F  > module_cu_gf.bb
/home/saji/WRF/compile/WRF3.8/oml_sst/tools/standard.exe module_cu_gf.bb | /lib/cpp -P -traditional > module_cu_gf.f90
rm -f module_cu_gf.b module_cu_gf.bb
time mpif90  -o module_cu_gf.o -c -O2 -ftree-vectorize -funroll-loops -w -ffree-form -ffree-line-length-none -fconvert=big-endian -frecord-marker=4   -I../dyn_em -I../dyn_nmm   -I/home/saji/WRF/compile/WRF3.8/oml_sst/external/esmf_time_f90  -I/home/saji/WRF/compile/WRF3.8/oml_sst/main -I/home/saji/WRF/compile/WRF3.8/oml_sst/external/io_netcdf -I/home/saji/WRF/compile/WRF3.8/oml_sst/external/io_int -I/home/saji/WRF/compile/WRF3.8/oml_sst/frame -I/home/saji/WRF/compile/WRF3.8/oml_sst/share -I/home/saji/WRF/compile/WRF3.8/oml_sst/phys -I/home/saji/WRF/compile/WRF3.8/oml_sst/chem -I/home/saji/WRF/compile/WRF3.8/oml_sst/inc -I/usr/include    module_cu_gf.f90
12.96user 0.16system 0:13.11elapsed 100%CPU (0avgtext+0avgdata 850192maxresident)k
0inputs+2600outputs (0major+58902minor)pagefaults 0swaps
rm -f module_cu_nsas.o
/lib/cpp -P -I/home/saji/WRF/compile/WRF3.8/oml_sst/inc -DEM_CORE=1 -DNMM_CORE=0 -DNMM_MAX_DIM=2600 -DCOAMPS_CORE=0 -DDA_CORE=0 -DEXP_CORE=0 -DIWORDSIZE=4 -DDWORDSIZE=8 -DRWORDSIZE=4 -DLWORDSIZE=4 -DNONSTANDARD_SYSTEM_SUBR  -DWRF_USE_CLM -DNO_IEEE_MODULE  -DDM_PARALLEL -DNETCDF -DUSE_ALLOCATABLES -DGRIB1 -DINTIO -DKEEP_INT_AROUND -DLIMIT_ARGS -DCONFIG_BUF_LEN=65536 -DMAX_DOMAINS_F=21 -DMAX_HISTORY=25 -DNMM_NEST=0  -I. -traditional   module_cu_nsas.F  > module_cu_nsas.bb
/home/saji/WRF/compile/WRF3.8/oml_sst/tools/standard.exe module_cu_nsas.bb | /lib/cpp -P -traditional > module_cu_nsas.f90
rm -f module_cu_nsas.b module_cu_nsas.bb
time mpif90  -o module_cu_nsas.o -c -O2 -ftree-vectorize -funroll-loops -w -ffree-form -ffree-line-length-none -fconvert=big-endian -frecord-marker=4   -I../dyn_em -I../dyn_nmm   -I/home/saji/WRF/compile/WRF3.8/oml_sst/external/esmf_time_f90  -I/home/saji/WRF/compile/WRF3.8/oml_sst/main -I/home/saji/WRF/compile/WRF3.8/oml_sst/external/io_netcdf -I/home/saji/WRF/compile/WRF3.8/oml_sst/external/io_int -I/home/saji/WRF/compile/WRF3.8/oml_sst/frame -I/home/saji/WRF/compile/WRF3.8/oml_sst/share -I/home/saji/WRF/compile/WRF3.8/oml_sst/phys -I/home/saji/WRF/compile/WRF3.8/oml_sst/chem -I/home/saji/WRF/compile/WRF3.8/oml_sst/inc -I/usr/include    module_cu_nsas.f90
24.69user 0.23system 0:24.92elapsed 100%CPU (0avgtext+0avgdata 1597040maxresident)k
0inputs+3136outputs (0major+104918minor)pagefaults 0swaps
rm -f module_ra_sw.o
/lib/cpp -P -I/home/saji/WRF/compile/WRF3.8/oml_sst/inc -DEM_CORE=1 -DNMM_CORE=0 -DNMM_MAX_DIM=2600 -DCOAMPS_CORE=0 -DDA_CORE=0 -DEXP_CORE=0 -DIWORDSIZE=4 -DDWORDSIZE=8 -DRWORDSIZE=4 -DLWORDSIZE=4 -DNONSTANDARD_SYSTEM_SUBR  -DWRF_USE_CLM -DNO_IEEE_MODULE  -DDM_PARALLEL -DNETCDF -DUSE_ALLOCATABLES -DGRIB1 -DINTIO -DKEEP_INT_AROUND -DLIMIT_ARGS -DCONFIG_BUF_LEN=65536 -DMAX_DOMAINS_F=21 -DMAX_HISTORY=25 -DNMM_NEST=0  -I. -traditional   module_ra_sw.F  > module_ra_sw.bb
/home/saji/WRF/compile/WRF3.8/oml_sst/tools/standard.exe module_ra_sw.bb | /lib/cpp -P -traditional > module_ra_sw.f90
rm -f module_ra_sw.b module_ra_sw.bb
time mpif90  -o module_ra_sw.o -c -O2 -ftree-vectorize -funroll-loops -w -ffree-form -ffree-line-length-none -fconvert=big-endian -frecord-marker=4   -I../dyn_em -I../dyn_nmm   -I/home/saji/WRF/compile/WRF3.8/oml_sst/external/esmf_time_f90  -I/home/saji/WRF/compile/WRF3.8/oml_sst/main -I/home/saji/WRF/compile/WRF3.8/oml_sst/external/io_netcdf -I/home/saji/WRF/compile/WRF3.8/oml_sst/external/io_int -I/home/saji/WRF/compile/WRF3.8/oml_sst/frame -I/home/saji/WRF/compile/WRF3.8/oml_sst/share -I/home/saji/WRF/compile/WRF3.8/oml_sst/phys -I/home/saji/WRF/compile/WRF3.8/oml_sst/chem -I/home/saji/WRF/compile/WRF3.8/oml_sst/inc -I/usr/include    module_ra_sw.f90
1.03user 0.02system 0:01.05elapsed 100%CPU (0avgtext+0avgdata 113568maxresident)k
0inputs+304outputs (0major+9472minor)pagefaults 0swaps
rm -f module_ra_gsfcsw.o
/lib/cpp -P -I/home/saji/WRF/compile/WRF3.8/oml_sst/inc -DEM_CORE=1 -DNMM_CORE=0 -DNMM_MAX_DIM=2600 -DCOAMPS_CORE=0 -DDA_CORE=0 -DEXP_CORE=0 -DIWORDSIZE=4 -DDWORDSIZE=8 -DRWORDSIZE=4 -DLWORDSIZE=4 -DNONSTANDARD_SYSTEM_SUBR  -DWRF_USE_CLM -DNO_IEEE_MODULE  -DDM_PARALLEL -DNETCDF -DUSE_ALLOCATABLES -DGRIB1 -DINTIO -DKEEP_INT_AROUND -DLIMIT_ARGS -DCONFIG_BUF_LEN=65536 -DMAX_DOMAINS_F=21 -DMAX_HISTORY=25 -DNMM_NEST=0  -I. -traditional   module_ra_gsfcsw.F  > module_ra_gsfcsw.bb
/home/saji/WRF/compile/WRF3.8/oml_sst/tools/standard.exe module_ra_gsfcsw.bb | /lib/cpp -P -traditional > module_ra_gsfcsw.f90
rm -f module_ra_gsfcsw.b module_ra_gsfcsw.bb
time mpif90  -o module_ra_gsfcsw.o -c -O2 -ftree-vectorize -funroll-loops -w -ffree-form -ffree-line-length-none -fconvert=big-endian -frecord-marker=4   -I../dyn_em -I../dyn_nmm   -I/home/saji/WRF/compile/WRF3.8/oml_sst/external/esmf_time_f90  -I/home/saji/WRF/compile/WRF3.8/oml_sst/main -I/home/saji/WRF/compile/WRF3.8/oml_sst/external/io_netcdf -I/home/saji/WRF/compile/WRF3.8/oml_sst/external/io_int -I/home/saji/WRF/compile/WRF3.8/oml_sst/frame -I/home/saji/WRF/compile/WRF3.8/oml_sst/share -I/home/saji/WRF/compile/WRF3.8/oml_sst/phys -I/home/saji/WRF/compile/WRF3.8/oml_sst/chem -I/home/saji/WRF/compile/WRF3.8/oml_sst/inc -I/usr/include    module_ra_gsfcsw.f90
23.23user 0.17system 0:23.40elapsed 100%CPU (0avgtext+0avgdata 1291568maxresident)k
0inputs+2824outputs (0major+90764minor)pagefaults 0swaps
rm -f module_ra_clWRF_support.o
/lib/cpp -P -I/home/saji/WRF/compile/WRF3.8/oml_sst/inc -DEM_CORE=1 -DNMM_CORE=0 -DNMM_MAX_DIM=2600 -DCOAMPS_CORE=0 -DDA_CORE=0 -DEXP_CORE=0 -DIWORDSIZE=4 -DDWORDSIZE=8 -DRWORDSIZE=4 -DLWORDSIZE=4 -DNONSTANDARD_SYSTEM_SUBR  -DWRF_USE_CLM -DNO_IEEE_MODULE  -DDM_PARALLEL -DNETCDF -DUSE_ALLOCATABLES -DGRIB1 -DINTIO -DKEEP_INT_AROUND -DLIMIT_ARGS -DCONFIG_BUF_LEN=65536 -DMAX_DOMAINS_F=21 -DMAX_HISTORY=25 -DNMM_NEST=0  -I. -traditional   module_ra_clWRF_support.F  > module_ra_clWRF_support.bb
/home/saji/WRF/compile/WRF3.8/oml_sst/tools/standard.exe module_ra_clWRF_support.bb | /lib/cpp -P -traditional > module_ra_clWRF_support.f90
rm -f module_ra_clWRF_support.b module_ra_clWRF_support.bb
time mpif90  -o module_ra_clWRF_support.o -c -O2 -ftree-vectorize -funroll-loops -w -ffree-form -ffree-line-length-none -fconvert=big-endian -frecord-marker=4   -I../dyn_em -I../dyn_nmm   -I/home/saji/WRF/compile/WRF3.8/oml_sst/external/esmf_time_f90  -I/home/saji/WRF/compile/WRF3.8/oml_sst/main -I/home/saji/WRF/compile/WRF3.8/oml_sst/external/io_netcdf -I/home/saji/WRF/compile/WRF3.8/oml_sst/external/io_int -I/home/saji/WRF/compile/WRF3.8/oml_sst/frame -I/home/saji/WRF/compile/WRF3.8/oml_sst/share -I/home/saji/WRF/compile/WRF3.8/oml_sst/phys -I/home/saji/WRF/compile/WRF3.8/oml_sst/chem -I/home/saji/WRF/compile/WRF3.8/oml_sst/inc -I/usr/include    module_ra_clWRF_support.f90
0.54user 0.02system 0:00.56elapsed 100%CPU (0avgtext+0avgdata 84944maxresident)k
0inputs+256outputs (0major+7530minor)pagefaults 0swaps
rm -f module_mp_etanew.o
/lib/cpp -P -I/home/saji/WRF/compile/WRF3.8/oml_sst/inc -DEM_CORE=1 -DNMM_CORE=0 -DNMM_MAX_DIM=2600 -DCOAMPS_CORE=0 -DDA_CORE=0 -DEXP_CORE=0 -DIWORDSIZE=4 -DDWORDSIZE=8 -DRWORDSIZE=4 -DLWORDSIZE=4 -DNONSTANDARD_SYSTEM_SUBR  -DWRF_USE_CLM -DNO_IEEE_MODULE  -DDM_PARALLEL -DNETCDF -DUSE_ALLOCATABLES -DGRIB1 -DINTIO -DKEEP_INT_AROUND -DLIMIT_ARGS -DCONFIG_BUF_LEN=65536 -DMAX_DOMAINS_F=21 -DMAX_HISTORY=25 -DNMM_NEST=0  -I. -traditional   module_mp_etanew.F  > module_mp_etanew.bb
/home/saji/WRF/compile/WRF3.8/oml_sst/tools/standard.exe module_mp_etanew.bb | /lib/cpp -P -traditional > module_mp_etanew.f90
rm -f module_mp_etanew.b module_mp_etanew.bb
time mpif90  -o module_mp_etanew.o -c -O2 -ftree-vectorize -funroll-loops -w -ffree-form -ffree-line-length-none -fconvert=big-endian -frecord-marker=4   -I../dyn_em -I../dyn_nmm   -I/home/saji/WRF/compile/WRF3.8/oml_sst/external/esmf_time_f90  -I/home/saji/WRF/compile/WRF3.8/oml_sst/main -I/home/saji/WRF/compile/WRF3.8/oml_sst/external/io_netcdf -I/home/saji/WRF/compile/WRF3.8/oml_sst/external/io_int -I/home/saji/WRF/compile/WRF3.8/oml_sst/frame -I/home/saji/WRF/compile/WRF3.8/oml_sst/share -I/home/saji/WRF/compile/WRF3.8/oml_sst/phys -I/home/saji/WRF/compile/WRF3.8/oml_sst/chem -I/home/saji/WRF/compile/WRF3.8/oml_sst/inc -I/usr/include    module_mp_etanew.f90
2.18user 0.02system 0:02.19elapsed 100%CPU (0avgtext+0avgdata 181488maxresident)k
0inputs+712outputs (0major+14316minor)pagefaults 0swaps
rm -f module_mp_HWRF.o
/lib/cpp -P -I/home/saji/WRF/compile/WRF3.8/oml_sst/inc -DEM_CORE=1 -DNMM_CORE=0 -DNMM_MAX_DIM=2600 -DCOAMPS_CORE=0 -DDA_CORE=0 -DEXP_CORE=0 -DIWORDSIZE=4 -DDWORDSIZE=8 -DRWORDSIZE=4 -DLWORDSIZE=4 -DNONSTANDARD_SYSTEM_SUBR  -DWRF_USE_CLM -DNO_IEEE_MODULE  -DDM_PARALLEL -DNETCDF -DUSE_ALLOCATABLES -DGRIB1 -DINTIO -DKEEP_INT_AROUND -DLIMIT_ARGS -DCONFIG_BUF_LEN=65536 -DMAX_DOMAINS_F=21 -DMAX_HISTORY=25 -DNMM_NEST=0  -I. -traditional   module_mp_HWRF.F  > module_mp_HWRF.bb
/home/saji/WRF/compile/WRF3.8/oml_sst/tools/standard.exe module_mp_HWRF.bb | /lib/cpp -P -traditional > module_mp_HWRF.f90
rm -f module_mp_HWRF.b module_mp_HWRF.bb
time mpif90  -o module_mp_HWRF.o -c -O2 -ftree-vectorize -funroll-loops -w -ffree-form -ffree-line-length-none -fconvert=big-endian -frecord-marker=4   -I../dyn_em -I../dyn_nmm   -I/home/saji/WRF/compile/WRF3.8/oml_sst/external/esmf_time_f90  -I/home/saji/WRF/compile/WRF3.8/oml_sst/main -I/home/saji/WRF/compile/WRF3.8/oml_sst/external/io_netcdf -I/home/saji/WRF/compile/WRF3.8/oml_sst/external/io_int -I/home/saji/WRF/compile/WRF3.8/oml_sst/frame -I/home/saji/WRF/compile/WRF3.8/oml_sst/share -I/home/saji/WRF/compile/WRF3.8/oml_sst/phys -I/home/saji/WRF/compile/WRF3.8/oml_sst/chem -I/home/saji/WRF/compile/WRF3.8/oml_sst/inc -I/usr/include    module_mp_HWRF.f90
2.39user 0.03system 0:02.42elapsed 100%CPU (0avgtext+0avgdata 186768maxresident)k
0inputs+792outputs (0major+14638minor)pagefaults 0swaps
rm -f module_ra_hs.o
/lib/cpp -P -I/home/saji/WRF/compile/WRF3.8/oml_sst/inc -DEM_CORE=1 -DNMM_CORE=0 -DNMM_MAX_DIM=2600 -DCOAMPS_CORE=0 -DDA_CORE=0 -DEXP_CORE=0 -DIWORDSIZE=4 -DDWORDSIZE=8 -DRWORDSIZE=4 -DLWORDSIZE=4 -DNONSTANDARD_SYSTEM_SUBR  -DWRF_USE_CLM -DNO_IEEE_MODULE  -DDM_PARALLEL -DNETCDF -DUSE_ALLOCATABLES -DGRIB1 -DINTIO -DKEEP_INT_AROUND -DLIMIT_ARGS -DCONFIG_BUF_LEN=65536 -DMAX_DOMAINS_F=21 -DMAX_HISTORY=25 -DNMM_NEST=0  -I. -traditional   module_ra_hs.F  > module_ra_hs.bb
/home/saji/WRF/compile/WRF3.8/oml_sst/tools/standard.exe module_ra_hs.bb | /lib/cpp -P -traditional > module_ra_hs.f90
rm -f module_ra_hs.b module_ra_hs.bb
time mpif90  -o module_ra_hs.o -c -O2 -ftree-vectorize -funroll-loops -w -ffree-form -ffree-line-length-none -fconvert=big-endian -frecord-marker=4   -I../dyn_em -I../dyn_nmm   -I/home/saji/WRF/compile/WRF3.8/oml_sst/external/esmf_time_f90  -I/home/saji/WRF/compile/WRF3.8/oml_sst/main -I/home/saji/WRF/compile/WRF3.8/oml_sst/external/io_netcdf -I/home/saji/WRF/compile/WRF3.8/oml_sst/external/io_int -I/home/saji/WRF/compile/WRF3.8/oml_sst/frame -I/home/saji/WRF/compile/WRF3.8/oml_sst/share -I/home/saji/WRF/compile/WRF3.8/oml_sst/phys -I/home/saji/WRF/compile/WRF3.8/oml_sst/chem -I/home/saji/WRF/compile/WRF3.8/oml_sst/inc -I/usr/include    module_ra_hs.f90
0.12user 0.02system 0:00.13elapsed 103%CPU (0avgtext+0avgdata 48336maxresident)k
0inputs+72outputs (0major+5142minor)pagefaults 0swaps
rm -f module_ra_goddard.o
/lib/cpp -P -I/home/saji/WRF/compile/WRF3.8/oml_sst/inc -DEM_CORE=1 -DNMM_CORE=0 -DNMM_MAX_DIM=2600 -DCOAMPS_CORE=0 -DDA_CORE=0 -DEXP_CORE=0 -DIWORDSIZE=4 -DDWORDSIZE=8 -DRWORDSIZE=4 -DLWORDSIZE=4 -DNONSTANDARD_SYSTEM_SUBR  -DWRF_USE_CLM -DNO_IEEE_MODULE  -DDM_PARALLEL -DNETCDF -DUSE_ALLOCATABLES -DGRIB1 -DINTIO -DKEEP_INT_AROUND -DLIMIT_ARGS -DCONFIG_BUF_LEN=65536 -DMAX_DOMAINS_F=21 -DMAX_HISTORY=25 -DNMM_NEST=0  -I. -traditional   module_ra_goddard.F  > module_ra_goddard.bb
/home/saji/WRF/compile/WRF3.8/oml_sst/tools/standard.exe module_ra_goddard.bb | /lib/cpp -P -traditional > module_ra_goddard.f90
rm -f module_ra_goddard.b module_ra_goddard.bb
time mpif90  -o module_ra_goddard.o -c -O2 -ftree-vectorize -funroll-loops -w -ffree-form -ffree-line-length-none -fconvert=big-endian -frecord-marker=4   -I../dyn_em -I../dyn_nmm   -I/home/saji/WRF/compile/WRF3.8/oml_sst/external/esmf_time_f90  -I/home/saji/WRF/compile/WRF3.8/oml_sst/main -I/home/saji/WRF/compile/WRF3.8/oml_sst/external/io_netcdf -I/home/saji/WRF/compile/WRF3.8/oml_sst/external/io_int -I/home/saji/WRF/compile/WRF3.8/oml_sst/frame -I/home/saji/WRF/compile/WRF3.8/oml_sst/share -I/home/saji/WRF/compile/WRF3.8/oml_sst/phys -I/home/saji/WRF/compile/WRF3.8/oml_sst/chem -I/home/saji/WRF/compile/WRF3.8/oml_sst/inc -I/usr/include    module_ra_goddard.f90
13.89user 0.12system 0:14.02elapsed 100%CPU (0avgtext+0avgdata 831808maxresident)k
0inputs+2288outputs (0major+57984minor)pagefaults 0swaps
rm -f module_ra_flg.o
/lib/cpp -P -I/home/saji/WRF/compile/WRF3.8/oml_sst/inc -DEM_CORE=1 -DNMM_CORE=0 -DNMM_MAX_DIM=2600 -DCOAMPS_CORE=0 -DDA_CORE=0 -DEXP_CORE=0 -DIWORDSIZE=4 -DDWORDSIZE=8 -DRWORDSIZE=4 -DLWORDSIZE=4 -DNONSTANDARD_SYSTEM_SUBR  -DWRF_USE_CLM -DNO_IEEE_MODULE  -DDM_PARALLEL -DNETCDF -DUSE_ALLOCATABLES -DGRIB1 -DINTIO -DKEEP_INT_AROUND -DLIMIT_ARGS -DCONFIG_BUF_LEN=65536 -DMAX_DOMAINS_F=21 -DMAX_HISTORY=25 -DNMM_NEST=0  -I. -traditional   module_ra_flg.F  > module_ra_flg.bb
/home/saji/WRF/compile/WRF3.8/oml_sst/tools/standard.exe module_ra_flg.bb | /lib/cpp -P -traditional > module_ra_flg.f90
rm -f module_ra_flg.b module_ra_flg.bb
time mpif90  -o module_ra_flg.o -c -O2 -ftree-vectorize -funroll-loops -w -ffree-form -ffree-line-length-none -fconvert=big-endian -frecord-marker=4   -I../dyn_em -I../dyn_nmm   -I/home/saji/WRF/compile/WRF3.8/oml_sst/external/esmf_time_f90  -I/home/saji/WRF/compile/WRF3.8/oml_sst/main -I/home/saji/WRF/compile/WRF3.8/oml_sst/external/io_netcdf -I/home/saji/WRF/compile/WRF3.8/oml_sst/external/io_int -I/home/saji/WRF/compile/WRF3.8/oml_sst/frame -I/home/saji/WRF/compile/WRF3.8/oml_sst/share -I/home/saji/WRF/compile/WRF3.8/oml_sst/phys -I/home/saji/WRF/compile/WRF3.8/oml_sst/chem -I/home/saji/WRF/compile/WRF3.8/oml_sst/inc -I/usr/include    module_ra_flg.f90
18.50user 0.20system 0:18.70elapsed 100%CPU (0avgtext+0avgdata 1160096maxresident)k
0inputs+4112outputs (0major+78705minor)pagefaults 0swaps
rm -f module_ra_aerosol.o
/lib/cpp -P -I/home/saji/WRF/compile/WRF3.8/oml_sst/inc -DEM_CORE=1 -DNMM_CORE=0 -DNMM_MAX_DIM=2600 -DCOAMPS_CORE=0 -DDA_CORE=0 -DEXP_CORE=0 -DIWORDSIZE=4 -DDWORDSIZE=8 -DRWORDSIZE=4 -DLWORDSIZE=4 -DNONSTANDARD_SYSTEM_SUBR  -DWRF_USE_CLM -DNO_IEEE_MODULE  -DDM_PARALLEL -DNETCDF -DUSE_ALLOCATABLES -DGRIB1 -DINTIO -DKEEP_INT_AROUND -DLIMIT_ARGS -DCONFIG_BUF_LEN=65536 -DMAX_DOMAINS_F=21 -DMAX_HISTORY=25 -DNMM_NEST=0  -I. -traditional   module_ra_aerosol.F  > module_ra_aerosol.bb
/home/saji/WRF/compile/WRF3.8/oml_sst/tools/standard.exe module_ra_aerosol.bb | /lib/cpp -P -traditional > module_ra_aerosol.f90
rm -f module_ra_aerosol.b module_ra_aerosol.bb
time mpif90  -o module_ra_aerosol.o -c -O2 -ftree-vectorize -funroll-loops -w -ffree-form -ffree-line-length-none -fconvert=big-endian -frecord-marker=4   -I../dyn_em -I../dyn_nmm   -I/home/saji/WRF/compile/WRF3.8/oml_sst/external/esmf_time_f90  -I/home/saji/WRF/compile/WRF3.8/oml_sst/main -I/home/saji/WRF/compile/WRF3.8/oml_sst/external/io_netcdf -I/home/saji/WRF/compile/WRF3.8/oml_sst/external/io_int -I/home/saji/WRF/compile/WRF3.8/oml_sst/frame -I/home/saji/WRF/compile/WRF3.8/oml_sst/share -I/home/saji/WRF/compile/WRF3.8/oml_sst/phys -I/home/saji/WRF/compile/WRF3.8/oml_sst/chem -I/home/saji/WRF/compile/WRF3.8/oml_sst/inc -I/usr/include    module_ra_aerosol.f90
15.59user 0.18system 0:15.76elapsed 100%CPU (0avgtext+0avgdata 1021184maxresident)k
0inputs+5952outputs (0major+75934minor)pagefaults 0swaps
rm -f module_mp_radar.o
/lib/cpp -P -I/home/saji/WRF/compile/WRF3.8/oml_sst/inc -DEM_CORE=1 -DNMM_CORE=0 -DNMM_MAX_DIM=2600 -DCOAMPS_CORE=0 -DDA_CORE=0 -DEXP_CORE=0 -DIWORDSIZE=4 -DDWORDSIZE=8 -DRWORDSIZE=4 -DLWORDSIZE=4 -DNONSTANDARD_SYSTEM_SUBR  -DWRF_USE_CLM -DNO_IEEE_MODULE  -DDM_PARALLEL -DNETCDF -DUSE_ALLOCATABLES -DGRIB1 -DINTIO -DKEEP_INT_AROUND -DLIMIT_ARGS -DCONFIG_BUF_LEN=65536 -DMAX_DOMAINS_F=21 -DMAX_HISTORY=25 -DNMM_NEST=0  -I. -traditional   module_mp_radar.F  > module_mp_radar.bb
/home/saji/WRF/compile/WRF3.8/oml_sst/tools/standard.exe module_mp_radar.bb | /lib/cpp -P -traditional > module_mp_radar.f90
rm -f module_mp_radar.b module_mp_radar.bb
time mpif90  -o module_mp_radar.o -c -O2 -ftree-vectorize -funroll-loops -w -ffree-form -ffree-line-length-none -fconvert=big-endian -frecord-marker=4   -I../dyn_em -I../dyn_nmm   -I/home/saji/WRF/compile/WRF3.8/oml_sst/external/esmf_time_f90  -I/home/saji/WRF/compile/WRF3.8/oml_sst/main -I/home/saji/WRF/compile/WRF3.8/oml_sst/external/io_netcdf -I/home/saji/WRF/compile/WRF3.8/oml_sst/external/io_int -I/home/saji/WRF/compile/WRF3.8/oml_sst/frame -I/home/saji/WRF/compile/WRF3.8/oml_sst/share -I/home/saji/WRF/compile/WRF3.8/oml_sst/phys -I/home/saji/WRF/compile/WRF3.8/oml_sst/chem -I/home/saji/WRF/compile/WRF3.8/oml_sst/inc -I/usr/include    module_mp_radar.f90
0.40user 0.03system 0:00.42elapsed 101%CPU (0avgtext+0avgdata 66592maxresident)k
0inputs+280outputs (0major+6362minor)pagefaults 0swaps
rm -f module_mp_kessler.o
/lib/cpp -P -I/home/saji/WRF/compile/WRF3.8/oml_sst/inc -DEM_CORE=1 -DNMM_CORE=0 -DNMM_MAX_DIM=2600 -DCOAMPS_CORE=0 -DDA_CORE=0 -DEXP_CORE=0 -DIWORDSIZE=4 -DDWORDSIZE=8 -DRWORDSIZE=4 -DLWORDSIZE=4 -DNONSTANDARD_SYSTEM_SUBR  -DWRF_USE_CLM -DNO_IEEE_MODULE  -DDM_PARALLEL -DNETCDF -DUSE_ALLOCATABLES -DGRIB1 -DINTIO -DKEEP_INT_AROUND -DLIMIT_ARGS -DCONFIG_BUF_LEN=65536 -DMAX_DOMAINS_F=21 -DMAX_HISTORY=25 -DNMM_NEST=0  -I. -traditional   module_mp_kessler.F  > module_mp_kessler.bb
/home/saji/WRF/compile/WRF3.8/oml_sst/tools/standard.exe module_mp_kessler.bb | /lib/cpp -P -traditional > module_mp_kessler.f90
rm -f module_mp_kessler.b module_mp_kessler.bb
time mpif90  -o module_mp_kessler.o -c -O2 -ftree-vectorize -funroll-loops -w -ffree-form -ffree-line-length-none -fconvert=big-endian -frecord-marker=4   -I../dyn_em -I../dyn_nmm   -I/home/saji/WRF/compile/WRF3.8/oml_sst/external/esmf_time_f90  -I/home/saji/WRF/compile/WRF3.8/oml_sst/main -I/home/saji/WRF/compile/WRF3.8/oml_sst/external/io_netcdf -I/home/saji/WRF/compile/WRF3.8/oml_sst/external/io_int -I/home/saji/WRF/compile/WRF3.8/oml_sst/frame -I/home/saji/WRF/compile/WRF3.8/oml_sst/share -I/home/saji/WRF/compile/WRF3.8/oml_sst/phys -I/home/saji/WRF/compile/WRF3.8/oml_sst/chem -I/home/saji/WRF/compile/WRF3.8/oml_sst/inc -I/usr/include    module_mp_kessler.f90
0.38user 0.02system 0:00.40elapsed 101%CPU (0avgtext+0avgdata 73488maxresident)k
0inputs+128outputs (0major+6823minor)pagefaults 0swaps
rm -f module_mp_lin.o
/lib/cpp -P -I/home/saji/WRF/compile/WRF3.8/oml_sst/inc -DEM_CORE=1 -DNMM_CORE=0 -DNMM_MAX_DIM=2600 -DCOAMPS_CORE=0 -DDA_CORE=0 -DEXP_CORE=0 -DIWORDSIZE=4 -DDWORDSIZE=8 -DRWORDSIZE=4 -DLWORDSIZE=4 -DNONSTANDARD_SYSTEM_SUBR  -DWRF_USE_CLM -DNO_IEEE_MODULE  -DDM_PARALLEL -DNETCDF -DUSE_ALLOCATABLES -DGRIB1 -DINTIO -DKEEP_INT_AROUND -DLIMIT_ARGS -DCONFIG_BUF_LEN=65536 -DMAX_DOMAINS_F=21 -DMAX_HISTORY=25 -DNMM_NEST=0  -I. -traditional   module_mp_lin.F  > module_mp_lin.bb
/home/saji/WRF/compile/WRF3.8/oml_sst/tools/standard.exe module_mp_lin.bb | /lib/cpp -P -traditional > module_mp_lin.f90
rm -f module_mp_lin.b module_mp_lin.bb
time mpif90  -o module_mp_lin.o -c -O2 -ftree-vectorize -funroll-loops -w -ffree-form -ffree-line-length-none -fconvert=big-endian -frecord-marker=4   -I../dyn_em -I../dyn_nmm   -I/home/saji/WRF/compile/WRF3.8/oml_sst/external/esmf_time_f90  -I/home/saji/WRF/compile/WRF3.8/oml_sst/main -I/home/saji/WRF/compile/WRF3.8/oml_sst/external/io_netcdf -I/home/saji/WRF/compile/WRF3.8/oml_sst/external/io_int -I/home/saji/WRF/compile/WRF3.8/oml_sst/frame -I/home/saji/WRF/compile/WRF3.8/oml_sst/share -I/home/saji/WRF/compile/WRF3.8/oml_sst/phys -I/home/saji/WRF/compile/WRF3.8/oml_sst/chem -I/home/saji/WRF/compile/WRF3.8/oml_sst/inc -I/usr/include    module_mp_lin.f90
3.98user 0.05system 0:04.03elapsed 100%CPU (0avgtext+0avgdata 319808maxresident)k
0inputs+1096outputs (0major+23881minor)pagefaults 0swaps
rm -f module_mp_sbu_ylin.o
/lib/cpp -P -I/home/saji/WRF/compile/WRF3.8/oml_sst/inc -DEM_CORE=1 -DNMM_CORE=0 -DNMM_MAX_DIM=2600 -DCOAMPS_CORE=0 -DDA_CORE=0 -DEXP_CORE=0 -DIWORDSIZE=4 -DDWORDSIZE=8 -DRWORDSIZE=4 -DLWORDSIZE=4 -DNONSTANDARD_SYSTEM_SUBR  -DWRF_USE_CLM -DNO_IEEE_MODULE  -DDM_PARALLEL -DNETCDF -DUSE_ALLOCATABLES -DGRIB1 -DINTIO -DKEEP_INT_AROUND -DLIMIT_ARGS -DCONFIG_BUF_LEN=65536 -DMAX_DOMAINS_F=21 -DMAX_HISTORY=25 -DNMM_NEST=0  -I. -traditional   module_mp_sbu_ylin.F  > module_mp_sbu_ylin.bb
/home/saji/WRF/compile/WRF3.8/oml_sst/tools/standard.exe module_mp_sbu_ylin.bb | /lib/cpp -P -traditional > module_mp_sbu_ylin.f90
rm -f module_mp_sbu_ylin.b module_mp_sbu_ylin.bb
time mpif90  -o module_mp_sbu_ylin.o -c -O2 -ftree-vectorize -funroll-loops -w -ffree-form -ffree-line-length-none -fconvert=big-endian -frecord-marker=4   -I../dyn_em -I../dyn_nmm   -I/home/saji/WRF/compile/WRF3.8/oml_sst/external/esmf_time_f90  -I/home/saji/WRF/compile/WRF3.8/oml_sst/main -I/home/saji/WRF/compile/WRF3.8/oml_sst/external/io_netcdf -I/home/saji/WRF/compile/WRF3.8/oml_sst/external/io_int -I/home/saji/WRF/compile/WRF3.8/oml_sst/frame -I/home/saji/WRF/compile/WRF3.8/oml_sst/share -I/home/saji/WRF/compile/WRF3.8/oml_sst/phys -I/home/saji/WRF/compile/WRF3.8/oml_sst/chem -I/home/saji/WRF/compile/WRF3.8/oml_sst/inc -I/usr/include    module_mp_sbu_ylin.f90
2.46user 0.04system 0:02.50elapsed 100%CPU (0avgtext+0avgdata 204208maxresident)k
0inputs+560outputs (0major+17317minor)pagefaults 0swaps
rm -f module_mp_wsm3.o
/lib/cpp -P -I/home/saji/WRF/compile/WRF3.8/oml_sst/inc -DEM_CORE=1 -DNMM_CORE=0 -DNMM_MAX_DIM=2600 -DCOAMPS_CORE=0 -DDA_CORE=0 -DEXP_CORE=0 -DIWORDSIZE=4 -DDWORDSIZE=8 -DRWORDSIZE=4 -DLWORDSIZE=4 -DNONSTANDARD_SYSTEM_SUBR  -DWRF_USE_CLM -DNO_IEEE_MODULE  -DDM_PARALLEL -DNETCDF -DUSE_ALLOCATABLES -DGRIB1 -DINTIO -DKEEP_INT_AROUND -DLIMIT_ARGS -DCONFIG_BUF_LEN=65536 -DMAX_DOMAINS_F=21 -DMAX_HISTORY=25 -DNMM_NEST=0  -I. -traditional   module_mp_wsm3.F  > module_mp_wsm3.bb
/home/saji/WRF/compile/WRF3.8/oml_sst/tools/standard.exe module_mp_wsm3.bb | /lib/cpp -P -traditional > module_mp_wsm3.f90
rm -f module_mp_wsm3.b module_mp_wsm3.bb
time mpif90  -o module_mp_wsm3.o -c -O2 -ftree-vectorize -funroll-loops -w -ffree-form -ffree-line-length-none -fconvert=big-endian -frecord-marker=4   -I../dyn_em -I../dyn_nmm   -I/home/saji/WRF/compile/WRF3.8/oml_sst/external/esmf_time_f90  -I/home/saji/WRF/compile/WRF3.8/oml_sst/main -I/home/saji/WRF/compile/WRF3.8/oml_sst/external/io_netcdf -I/home/saji/WRF/compile/WRF3.8/oml_sst/external/io_int -I/home/saji/WRF/compile/WRF3.8/oml_sst/frame -I/home/saji/WRF/compile/WRF3.8/oml_sst/share -I/home/saji/WRF/compile/WRF3.8/oml_sst/phys -I/home/saji/WRF/compile/WRF3.8/oml_sst/chem -I/home/saji/WRF/compile/WRF3.8/oml_sst/inc -I/usr/include    module_mp_wsm3.f90
4.57user 0.09system 0:04.66elapsed 100%CPU (0avgtext+0avgdata 276528maxresident)k
0inputs+928outputs (0major+22059minor)pagefaults 0swaps
rm -f module_mp_wsm5.o
/lib/cpp -P -I/home/saji/WRF/compile/WRF3.8/oml_sst/inc -DEM_CORE=1 -DNMM_CORE=0 -DNMM_MAX_DIM=2600 -DCOAMPS_CORE=0 -DDA_CORE=0 -DEXP_CORE=0 -DIWORDSIZE=4 -DDWORDSIZE=8 -DRWORDSIZE=4 -DLWORDSIZE=4 -DNONSTANDARD_SYSTEM_SUBR  -DWRF_USE_CLM -DNO_IEEE_MODULE  -DDM_PARALLEL -DNETCDF -DUSE_ALLOCATABLES -DGRIB1 -DINTIO -DKEEP_INT_AROUND -DLIMIT_ARGS -DCONFIG_BUF_LEN=65536 -DMAX_DOMAINS_F=21 -DMAX_HISTORY=25 -DNMM_NEST=0  -I. -traditional   module_mp_wsm5.F  > module_mp_wsm5.bb
/home/saji/WRF/compile/WRF3.8/oml_sst/tools/standard.exe module_mp_wsm5.bb | /lib/cpp -P -traditional > module_mp_wsm5.f90
rm -f module_mp_wsm5.b module_mp_wsm5.bb
time mpif90  -o module_mp_wsm5.o -c -O2 -ftree-vectorize -funroll-loops -w -ffree-form -ffree-line-length-none -fconvert=big-endian -frecord-marker=4   -I../dyn_em -I../dyn_nmm   -I/home/saji/WRF/compile/WRF3.8/oml_sst/external/esmf_time_f90  -I/home/saji/WRF/compile/WRF3.8/oml_sst/main -I/home/saji/WRF/compile/WRF3.8/oml_sst/external/io_netcdf -I/home/saji/WRF/compile/WRF3.8/oml_sst/external/io_int -I/home/saji/WRF/compile/WRF3.8/oml_sst/frame -I/home/saji/WRF/compile/WRF3.8/oml_sst/share -I/home/saji/WRF/compile/WRF3.8/oml_sst/phys -I/home/saji/WRF/compile/WRF3.8/oml_sst/chem -I/home/saji/WRF/compile/WRF3.8/oml_sst/inc -I/usr/include    module_mp_wsm5.f90
6.57user 0.09system 0:06.66elapsed 100%CPU (0avgtext+0avgdata 451984maxresident)k
0inputs+1328outputs (0major+32414minor)pagefaults 0swaps
rm -f module_mp_wsm6.o
/lib/cpp -P -I/home/saji/WRF/compile/WRF3.8/oml_sst/inc -DEM_CORE=1 -DNMM_CORE=0 -DNMM_MAX_DIM=2600 -DCOAMPS_CORE=0 -DDA_CORE=0 -DEXP_CORE=0 -DIWORDSIZE=4 -DDWORDSIZE=8 -DRWORDSIZE=4 -DLWORDSIZE=4 -DNONSTANDARD_SYSTEM_SUBR  -DWRF_USE_CLM -DNO_IEEE_MODULE  -DDM_PARALLEL -DNETCDF -DUSE_ALLOCATABLES -DGRIB1 -DINTIO -DKEEP_INT_AROUND -DLIMIT_ARGS -DCONFIG_BUF_LEN=65536 -DMAX_DOMAINS_F=21 -DMAX_HISTORY=25 -DNMM_NEST=0  -I. -traditional   module_mp_wsm6.F  > module_mp_wsm6.bb
/home/saji/WRF/compile/WRF3.8/oml_sst/tools/standard.exe module_mp_wsm6.bb | /lib/cpp -P -traditional > module_mp_wsm6.f90
rm -f module_mp_wsm6.b module_mp_wsm6.bb
time mpif90  -o module_mp_wsm6.o -c -O2 -ftree-vectorize -funroll-loops -w -ffree-form -ffree-line-length-none -fconvert=big-endian -frecord-marker=4   -I../dyn_em -I../dyn_nmm   -I/home/saji/WRF/compile/WRF3.8/oml_sst/external/esmf_time_f90  -I/home/saji/WRF/compile/WRF3.8/oml_sst/main -I/home/saji/WRF/compile/WRF3.8/oml_sst/external/io_netcdf -I/home/saji/WRF/compile/WRF3.8/oml_sst/external/io_int -I/home/saji/WRF/compile/WRF3.8/oml_sst/frame -I/home/saji/WRF/compile/WRF3.8/oml_sst/share -I/home/saji/WRF/compile/WRF3.8/oml_sst/phys -I/home/saji/WRF/compile/WRF3.8/oml_sst/chem -I/home/saji/WRF/compile/WRF3.8/oml_sst/inc -I/usr/include    module_mp_wsm6.f90
7.44user 0.14system 0:07.58elapsed 100%CPU (0avgtext+0avgdata 578096maxresident)k
0inputs+1416outputs (0major+42266minor)pagefaults 0swaps
rm -f module_mp_fer_hires.o
/lib/cpp -P -I/home/saji/WRF/compile/WRF3.8/oml_sst/inc -DEM_CORE=1 -DNMM_CORE=0 -DNMM_MAX_DIM=2600 -DCOAMPS_CORE=0 -DDA_CORE=0 -DEXP_CORE=0 -DIWORDSIZE=4 -DDWORDSIZE=8 -DRWORDSIZE=4 -DLWORDSIZE=4 -DNONSTANDARD_SYSTEM_SUBR  -DWRF_USE_CLM -DNO_IEEE_MODULE  -DDM_PARALLEL -DNETCDF -DUSE_ALLOCATABLES -DGRIB1 -DINTIO -DKEEP_INT_AROUND -DLIMIT_ARGS -DCONFIG_BUF_LEN=65536 -DMAX_DOMAINS_F=21 -DMAX_HISTORY=25 -DNMM_NEST=0  -I. -traditional   module_mp_fer_hires.F  > module_mp_fer_hires.bb
/home/saji/WRF/compile/WRF3.8/oml_sst/tools/standard.exe module_mp_fer_hires.bb | /lib/cpp -P -traditional > module_mp_fer_hires.f90
rm -f module_mp_fer_hires.b module_mp_fer_hires.bb
time mpif90  -o module_mp_fer_hires.o -c -O2 -ftree-vectorize -funroll-loops -w -ffree-form -ffree-line-length-none -fconvert=big-endian -frecord-marker=4   -I../dyn_em -I../dyn_nmm   -I/home/saji/WRF/compile/WRF3.8/oml_sst/external/esmf_time_f90  -I/home/saji/WRF/compile/WRF3.8/oml_sst/main -I/home/saji/WRF/compile/WRF3.8/oml_sst/external/io_netcdf -I/home/saji/WRF/compile/WRF3.8/oml_sst/external/io_int -I/home/saji/WRF/compile/WRF3.8/oml_sst/frame -I/home/saji/WRF/compile/WRF3.8/oml_sst/share -I/home/saji/WRF/compile/WRF3.8/oml_sst/phys -I/home/saji/WRF/compile/WRF3.8/oml_sst/chem -I/home/saji/WRF/compile/WRF3.8/oml_sst/inc -I/usr/include    module_mp_fer_hires.f90
3.19user 0.06system 0:03.25elapsed 100%CPU (0avgtext+0avgdata 227360maxresident)k
0inputs+1008outputs (0major+17353minor)pagefaults 0swaps
rm -f module_mp_full_sbm.o
/lib/cpp -P -I/home/saji/WRF/compile/WRF3.8/oml_sst/inc -DEM_CORE=1 -DNMM_CORE=0 -DNMM_MAX_DIM=2600 -DCOAMPS_CORE=0 -DDA_CORE=0 -DEXP_CORE=0 -DIWORDSIZE=4 -DDWORDSIZE=8 -DRWORDSIZE=4 -DLWORDSIZE=4 -DNONSTANDARD_SYSTEM_SUBR  -DWRF_USE_CLM -DNO_IEEE_MODULE  -DDM_PARALLEL -DNETCDF -DUSE_ALLOCATABLES -DGRIB1 -DINTIO -DKEEP_INT_AROUND -DLIMIT_ARGS -DCONFIG_BUF_LEN=65536 -DMAX_DOMAINS_F=21 -DMAX_HISTORY=25 -DNMM_NEST=0  -I. -traditional   module_mp_full_sbm.F  > module_mp_full_sbm.bb
/home/saji/WRF/compile/WRF3.8/oml_sst/tools/standard.exe module_mp_full_sbm.bb | /lib/cpp -P -traditional > module_mp_full_sbm.f90
rm -f module_mp_full_sbm.b module_mp_full_sbm.bb
time mpif90  -o module_mp_full_sbm.o -c -O2 -ftree-vectorize -funroll-loops -w -ffree-form -ffree-line-length-none -fconvert=big-endian -frecord-marker=4   -I../dyn_em -I../dyn_nmm   -I/home/saji/WRF/compile/WRF3.8/oml_sst/external/esmf_time_f90  -I/home/saji/WRF/compile/WRF3.8/oml_sst/main -I/home/saji/WRF/compile/WRF3.8/oml_sst/external/io_netcdf -I/home/saji/WRF/compile/WRF3.8/oml_sst/external/io_int -I/home/saji/WRF/compile/WRF3.8/oml_sst/frame -I/home/saji/WRF/compile/WRF3.8/oml_sst/share -I/home/saji/WRF/compile/WRF3.8/oml_sst/phys -I/home/saji/WRF/compile/WRF3.8/oml_sst/chem -I/home/saji/WRF/compile/WRF3.8/oml_sst/inc -I/usr/include    module_mp_full_sbm.f90
11.67user 0.15system 0:11.82elapsed 100%CPU (0avgtext+0avgdata 730368maxresident)k
0inputs+1864outputs (0major+51346minor)pagefaults 0swaps
rm -f module_mp_fast_sbm.o
/lib/cpp -P -I/home/saji/WRF/compile/WRF3.8/oml_sst/inc -DEM_CORE=1 -DNMM_CORE=0 -DNMM_MAX_DIM=2600 -DCOAMPS_CORE=0 -DDA_CORE=0 -DEXP_CORE=0 -DIWORDSIZE=4 -DDWORDSIZE=8 -DRWORDSIZE=4 -DLWORDSIZE=4 -DNONSTANDARD_SYSTEM_SUBR  -DWRF_USE_CLM -DNO_IEEE_MODULE  -DDM_PARALLEL -DNETCDF -DUSE_ALLOCATABLES -DGRIB1 -DINTIO -DKEEP_INT_AROUND -DLIMIT_ARGS -DCONFIG_BUF_LEN=65536 -DMAX_DOMAINS_F=21 -DMAX_HISTORY=25 -DNMM_NEST=0  -I. -traditional   module_mp_fast_sbm.F  > module_mp_fast_sbm.bb
/home/saji/WRF/compile/WRF3.8/oml_sst/tools/standard.exe module_mp_fast_sbm.bb | /lib/cpp -P -traditional > module_mp_fast_sbm.f90
rm -f module_mp_fast_sbm.b module_mp_fast_sbm.bb
time mpif90  -o module_mp_fast_sbm.o -c -O2 -ftree-vectorize -funroll-loops -w -ffree-form -ffree-line-length-none -fconvert=big-endian -frecord-marker=4   -I../dyn_em -I../dyn_nmm   -I/home/saji/WRF/compile/WRF3.8/oml_sst/external/esmf_time_f90  -I/home/saji/WRF/compile/WRF3.8/oml_sst/main -I/home/saji/WRF/compile/WRF3.8/oml_sst/external/io_netcdf -I/home/saji/WRF/compile/WRF3.8/oml_sst/external/io_int -I/home/saji/WRF/compile/WRF3.8/oml_sst/frame -I/home/saji/WRF/compile/WRF3.8/oml_sst/share -I/home/saji/WRF/compile/WRF3.8/oml_sst/phys -I/home/saji/WRF/compile/WRF3.8/oml_sst/chem -I/home/saji/WRF/compile/WRF3.8/oml_sst/inc -I/usr/include    module_mp_fast_sbm.f90
16.73user 0.20system 0:16.92elapsed 100%CPU (0avgtext+0avgdata 1115184maxresident)k
0inputs+4912outputs (0major+76440minor)pagefaults 0swaps
rm -f module_ltng_lpi.o
/lib/cpp -P -I/home/saji/WRF/compile/WRF3.8/oml_sst/inc -DEM_CORE=1 -DNMM_CORE=0 -DNMM_MAX_DIM=2600 -DCOAMPS_CORE=0 -DDA_CORE=0 -DEXP_CORE=0 -DIWORDSIZE=4 -DDWORDSIZE=8 -DRWORDSIZE=4 -DLWORDSIZE=4 -DNONSTANDARD_SYSTEM_SUBR  -DWRF_USE_CLM -DNO_IEEE_MODULE  -DDM_PARALLEL -DNETCDF -DUSE_ALLOCATABLES -DGRIB1 -DINTIO -DKEEP_INT_AROUND -DLIMIT_ARGS -DCONFIG_BUF_LEN=65536 -DMAX_DOMAINS_F=21 -DMAX_HISTORY=25 -DNMM_NEST=0  -I. -traditional   module_ltng_lpi.F  > module_ltng_lpi.bb
/home/saji/WRF/compile/WRF3.8/oml_sst/tools/standard.exe module_ltng_lpi.bb | /lib/cpp -P -traditional > module_ltng_lpi.f90
rm -f module_ltng_lpi.b module_ltng_lpi.bb
time mpif90  -o module_ltng_lpi.o -c -O2 -ftree-vectorize -funroll-loops -w -ffree-form -ffree-line-length-none -fconvert=big-endian -frecord-marker=4   -I../dyn_em -I../dyn_nmm   -I/home/saji/WRF/compile/WRF3.8/oml_sst/external/esmf_time_f90  -I/home/saji/WRF/compile/WRF3.8/oml_sst/main -I/home/saji/WRF/compile/WRF3.8/oml_sst/external/io_netcdf -I/home/saji/WRF/compile/WRF3.8/oml_sst/external/io_int -I/home/saji/WRF/compile/WRF3.8/oml_sst/frame -I/home/saji/WRF/compile/WRF3.8/oml_sst/share -I/home/saji/WRF/compile/WRF3.8/oml_sst/phys -I/home/saji/WRF/compile/WRF3.8/oml_sst/chem -I/home/saji/WRF/compile/WRF3.8/oml_sst/inc -I/usr/include    module_ltng_lpi.f90
10.99user 0.16system 0:11.15elapsed 100%CPU (0avgtext+0avgdata 763536maxresident)k
0inputs+3480outputs (0major+52044minor)pagefaults 0swaps
rm -f module_mp_gsfcgce.o
/lib/cpp -P -I/home/saji/WRF/compile/WRF3.8/oml_sst/inc -DEM_CORE=1 -DNMM_CORE=0 -DNMM_MAX_DIM=2600 -DCOAMPS_CORE=0 -DDA_CORE=0 -DEXP_CORE=0 -DIWORDSIZE=4 -DDWORDSIZE=8 -DRWORDSIZE=4 -DLWORDSIZE=4 -DNONSTANDARD_SYSTEM_SUBR  -DWRF_USE_CLM -DNO_IEEE_MODULE  -DDM_PARALLEL -DNETCDF -DUSE_ALLOCATABLES -DGRIB1 -DINTIO -DKEEP_INT_AROUND -DLIMIT_ARGS -DCONFIG_BUF_LEN=65536 -DMAX_DOMAINS_F=21 -DMAX_HISTORY=25 -DNMM_NEST=0  -I. -traditional   module_mp_gsfcgce.F  > module_mp_gsfcgce.bb
/home/saji/WRF/compile/WRF3.8/oml_sst/tools/standard.exe module_mp_gsfcgce.bb | /lib/cpp -P -traditional > module_mp_gsfcgce.f90
rm -f module_mp_gsfcgce.b module_mp_gsfcgce.bb
time mpif90  -o module_mp_gsfcgce.o -c -O2 -ftree-vectorize -funroll-loops -w -ffree-form -ffree-line-length-none -fconvert=big-endian -frecord-marker=4   -I../dyn_em -I../dyn_nmm   -I/home/saji/WRF/compile/WRF3.8/oml_sst/external/esmf_time_f90  -I/home/saji/WRF/compile/WRF3.8/oml_sst/main -I/home/saji/WRF/compile/WRF3.8/oml_sst/external/io_netcdf -I/home/saji/WRF/compile/WRF3.8/oml_sst/external/io_int -I/home/saji/WRF/compile/WRF3.8/oml_sst/frame -I/home/saji/WRF/compile/WRF3.8/oml_sst/share -I/home/saji/WRF/compile/WRF3.8/oml_sst/phys -I/home/saji/WRF/compile/WRF3.8/oml_sst/chem -I/home/saji/WRF/compile/WRF3.8/oml_sst/inc -I/usr/include    module_mp_gsfcgce.f90
0.34user 0.01system 0:00.35elapsed 101%CPU (0avgtext+0avgdata 65808maxresident)k
0inputs+136outputs (0major+6285minor)pagefaults 0swaps
rm -f module_mp_morr_two_moment.o
/lib/cpp -P -I/home/saji/WRF/compile/WRF3.8/oml_sst/inc -DEM_CORE=1 -DNMM_CORE=0 -DNMM_MAX_DIM=2600 -DCOAMPS_CORE=0 -DDA_CORE=0 -DEXP_CORE=0 -DIWORDSIZE=4 -DDWORDSIZE=8 -DRWORDSIZE=4 -DLWORDSIZE=4 -DNONSTANDARD_SYSTEM_SUBR  -DWRF_USE_CLM -DNO_IEEE_MODULE  -DDM_PARALLEL -DNETCDF -DUSE_ALLOCATABLES -DGRIB1 -DINTIO -DKEEP_INT_AROUND -DLIMIT_ARGS -DCONFIG_BUF_LEN=65536 -DMAX_DOMAINS_F=21 -DMAX_HISTORY=25 -DNMM_NEST=0  -I. -traditional   module_mp_morr_two_moment.F  > module_mp_morr_two_moment.bb
/home/saji/WRF/compile/WRF3.8/oml_sst/tools/standard.exe module_mp_morr_two_moment.bb | /lib/cpp -P -traditional > module_mp_morr_two_moment.f90
rm -f module_mp_morr_two_moment.b module_mp_morr_two_moment.bb
time mpif90  -o module_mp_morr_two_moment.o -c -O2 -ftree-vectorize -funroll-loops -w -ffree-form -ffree-line-length-none -fconvert=big-endian -frecord-marker=4   -I../dyn_em -I../dyn_nmm   -I/home/saji/WRF/compile/WRF3.8/oml_sst/external/esmf_time_f90  -I/home/saji/WRF/compile/WRF3.8/oml_sst/main -I/home/saji/WRF/compile/WRF3.8/oml_sst/external/io_netcdf -I/home/saji/WRF/compile/WRF3.8/oml_sst/external/io_int -I/home/saji/WRF/compile/WRF3.8/oml_sst/frame -I/home/saji/WRF/compile/WRF3.8/oml_sst/share -I/home/saji/WRF/compile/WRF3.8/oml_sst/phys -I/home/saji/WRF/compile/WRF3.8/oml_sst/chem -I/home/saji/WRF/compile/WRF3.8/oml_sst/inc -I/usr/include    module_mp_morr_two_moment.f90
6.62user 0.10system 0:06.72elapsed 100%CPU (0avgtext+0avgdata 366752maxresident)k
0inputs+1344outputs (0major+29127minor)pagefaults 0swaps
rm -f module_mp_milbrandt2mom.o
/lib/cpp -P -I/home/saji/WRF/compile/WRF3.8/oml_sst/inc -DEM_CORE=1 -DNMM_CORE=0 -DNMM_MAX_DIM=2600 -DCOAMPS_CORE=0 -DDA_CORE=0 -DEXP_CORE=0 -DIWORDSIZE=4 -DDWORDSIZE=8 -DRWORDSIZE=4 -DLWORDSIZE=4 -DNONSTANDARD_SYSTEM_SUBR  -DWRF_USE_CLM -DNO_IEEE_MODULE  -DDM_PARALLEL -DNETCDF -DUSE_ALLOCATABLES -DGRIB1 -DINTIO -DKEEP_INT_AROUND -DLIMIT_ARGS -DCONFIG_BUF_LEN=65536 -DMAX_DOMAINS_F=21 -DMAX_HISTORY=25 -DNMM_NEST=0  -I. -traditional   module_mp_milbrandt2mom.F  > module_mp_milbrandt2mom.bb
/home/saji/WRF/compile/WRF3.8/oml_sst/tools/standard.exe module_mp_milbrandt2mom.bb | /lib/cpp -P -traditional > module_mp_milbrandt2mom.f90
rm -f module_mp_milbrandt2mom.b module_mp_milbrandt2mom.bb
time mpif90  -o module_mp_milbrandt2mom.o -c -O2 -ftree-vectorize -funroll-loops -w -ffree-form -ffree-line-length-none -fconvert=big-endian -frecord-marker=4   -I../dyn_em -I../dyn_nmm   -I/home/saji/WRF/compile/WRF3.8/oml_sst/external/esmf_time_f90  -I/home/saji/WRF/compile/WRF3.8/oml_sst/main -I/home/saji/WRF/compile/WRF3.8/oml_sst/external/io_netcdf -I/home/saji/WRF/compile/WRF3.8/oml_sst/external/io_int -I/home/saji/WRF/compile/WRF3.8/oml_sst/frame -I/home/saji/WRF/compile/WRF3.8/oml_sst/share -I/home/saji/WRF/compile/WRF3.8/oml_sst/phys -I/home/saji/WRF/compile/WRF3.8/oml_sst/chem -I/home/saji/WRF/compile/WRF3.8/oml_sst/inc -I/usr/include    module_mp_milbrandt2mom.f90
10.84user 0.12system 0:10.96elapsed 100%CPU (0avgtext+0avgdata 597152maxresident)k
0inputs+1408outputs (0major+41804minor)pagefaults 0swaps
rm -f module_mp_nssl_2mom.o
/lib/cpp -P -I/home/saji/WRF/compile/WRF3.8/oml_sst/inc -DEM_CORE=1 -DNMM_CORE=0 -DNMM_MAX_DIM=2600 -DCOAMPS_CORE=0 -DDA_CORE=0 -DEXP_CORE=0 -DIWORDSIZE=4 -DDWORDSIZE=8 -DRWORDSIZE=4 -DLWORDSIZE=4 -DNONSTANDARD_SYSTEM_SUBR  -DWRF_USE_CLM -DNO_IEEE_MODULE  -DDM_PARALLEL -DNETCDF -DUSE_ALLOCATABLES -DGRIB1 -DINTIO -DKEEP_INT_AROUND -DLIMIT_ARGS -DCONFIG_BUF_LEN=65536 -DMAX_DOMAINS_F=21 -DMAX_HISTORY=25 -DNMM_NEST=0  -I. -traditional   module_mp_nssl_2mom.F  > module_mp_nssl_2mom.bb
/home/saji/WRF/compile/WRF3.8/oml_sst/tools/standard.exe module_mp_nssl_2mom.bb | /lib/cpp -P -traditional > module_mp_nssl_2mom.f90
rm -f module_mp_nssl_2mom.b module_mp_nssl_2mom.bb
time mpif90  -o module_mp_nssl_2mom.o -c -O2 -ftree-vectorize -funroll-loops -w -ffree-form -ffree-line-length-none -fconvert=big-endian -frecord-marker=4   -I../dyn_em -I../dyn_nmm   -I/home/saji/WRF/compile/WRF3.8/oml_sst/external/esmf_time_f90  -I/home/saji/WRF/compile/WRF3.8/oml_sst/main -I/home/saji/WRF/compile/WRF3.8/oml_sst/external/io_netcdf -I/home/saji/WRF/compile/WRF3.8/oml_sst/external/io_int -I/home/saji/WRF/compile/WRF3.8/oml_sst/frame -I/home/saji/WRF/compile/WRF3.8/oml_sst/share -I/home/saji/WRF/compile/WRF3.8/oml_sst/phys -I/home/saji/WRF/compile/WRF3.8/oml_sst/chem -I/home/saji/WRF/compile/WRF3.8/oml_sst/inc -I/usr/include    module_mp_nssl_2mom.f90
15.37user 0.22system 0:15.59elapsed 100%CPU (0avgtext+0avgdata 1001568maxresident)k
0inputs+2208outputs (0major+69988minor)pagefaults 0swaps
rm -f module_mp_wdm5.o
/lib/cpp -P -I/home/saji/WRF/compile/WRF3.8/oml_sst/inc -DEM_CORE=1 -DNMM_CORE=0 -DNMM_MAX_DIM=2600 -DCOAMPS_CORE=0 -DDA_CORE=0 -DEXP_CORE=0 -DIWORDSIZE=4 -DDWORDSIZE=8 -DRWORDSIZE=4 -DLWORDSIZE=4 -DNONSTANDARD_SYSTEM_SUBR  -DWRF_USE_CLM -DNO_IEEE_MODULE  -DDM_PARALLEL -DNETCDF -DUSE_ALLOCATABLES -DGRIB1 -DINTIO -DKEEP_INT_AROUND -DLIMIT_ARGS -DCONFIG_BUF_LEN=65536 -DMAX_DOMAINS_F=21 -DMAX_HISTORY=25 -DNMM_NEST=0  -I. -traditional   module_mp_wdm5.F  > module_mp_wdm5.bb
/home/saji/WRF/compile/WRF3.8/oml_sst/tools/standard.exe module_mp_wdm5.bb | /lib/cpp -P -traditional > module_mp_wdm5.f90
rm -f module_mp_wdm5.b module_mp_wdm5.bb
time mpif90  -o module_mp_wdm5.o -c -O2 -ftree-vectorize -funroll-loops -w -ffree-form -ffree-line-length-none -fconvert=big-endian -frecord-marker=4   -I../dyn_em -I../dyn_nmm   -I/home/saji/WRF/compile/WRF3.8/oml_sst/external/esmf_time_f90  -I/home/saji/WRF/compile/WRF3.8/oml_sst/main -I/home/saji/WRF/compile/WRF3.8/oml_sst/external/io_netcdf -I/home/saji/WRF/compile/WRF3.8/oml_sst/external/io_int -I/home/saji/WRF/compile/WRF3.8/oml_sst/frame -I/home/saji/WRF/compile/WRF3.8/oml_sst/share -I/home/saji/WRF/compile/WRF3.8/oml_sst/phys -I/home/saji/WRF/compile/WRF3.8/oml_sst/chem -I/home/saji/WRF/compile/WRF3.8/oml_sst/inc -I/usr/include    module_mp_wdm5.f90
11.54user 0.18system 0:11.72elapsed 100%CPU (0avgtext+0avgdata 928928maxresident)k
0inputs+1672outputs (0major+64111minor)pagefaults 0swaps
rm -f module_mp_wdm6.o
/lib/cpp -P -I/home/saji/WRF/compile/WRF3.8/oml_sst/inc -DEM_CORE=1 -DNMM_CORE=0 -DNMM_MAX_DIM=2600 -DCOAMPS_CORE=0 -DDA_CORE=0 -DEXP_CORE=0 -DIWORDSIZE=4 -DDWORDSIZE=8 -DRWORDSIZE=4 -DLWORDSIZE=4 -DNONSTANDARD_SYSTEM_SUBR  -DWRF_USE_CLM -DNO_IEEE_MODULE  -DDM_PARALLEL -DNETCDF -DUSE_ALLOCATABLES -DGRIB1 -DINTIO -DKEEP_INT_AROUND -DLIMIT_ARGS -DCONFIG_BUF_LEN=65536 -DMAX_DOMAINS_F=21 -DMAX_HISTORY=25 -DNMM_NEST=0  -I. -traditional   module_mp_wdm6.F  > module_mp_wdm6.bb
/home/saji/WRF/compile/WRF3.8/oml_sst/tools/standard.exe module_mp_wdm6.bb | /lib/cpp -P -traditional > module_mp_wdm6.f90
rm -f module_mp_wdm6.b module_mp_wdm6.bb
time mpif90  -o module_mp_wdm6.o -c -O2 -ftree-vectorize -funroll-loops -w -ffree-form -ffree-line-length-none -fconvert=big-endian -frecord-marker=4   -I../dyn_em -I../dyn_nmm   -I/home/saji/WRF/compile/WRF3.8/oml_sst/external/esmf_time_f90  -I/home/saji/WRF/compile/WRF3.8/oml_sst/main -I/home/saji/WRF/compile/WRF3.8/oml_sst/external/io_netcdf -I/home/saji/WRF/compile/WRF3.8/oml_sst/external/io_int -I/home/saji/WRF/compile/WRF3.8/oml_sst/frame -I/home/saji/WRF/compile/WRF3.8/oml_sst/share -I/home/saji/WRF/compile/WRF3.8/oml_sst/phys -I/home/saji/WRF/compile/WRF3.8/oml_sst/chem -I/home/saji/WRF/compile/WRF3.8/oml_sst/inc -I/usr/include    module_mp_wdm6.f90
38.95user 0.30system 0:39.25elapsed 100%CPU (0avgtext+0avgdata 1690928maxresident)k
0inputs+5088outputs (0major+115631minor)pagefaults 0swaps
rm -f module_sf_sfclay.o
/lib/cpp -P -I/home/saji/WRF/compile/WRF3.8/oml_sst/inc -DEM_CORE=1 -DNMM_CORE=0 -DNMM_MAX_DIM=2600 -DCOAMPS_CORE=0 -DDA_CORE=0 -DEXP_CORE=0 -DIWORDSIZE=4 -DDWORDSIZE=8 -DRWORDSIZE=4 -DLWORDSIZE=4 -DNONSTANDARD_SYSTEM_SUBR  -DWRF_USE_CLM -DNO_IEEE_MODULE  -DDM_PARALLEL -DNETCDF -DUSE_ALLOCATABLES -DGRIB1 -DINTIO -DKEEP_INT_AROUND -DLIMIT_ARGS -DCONFIG_BUF_LEN=65536 -DMAX_DOMAINS_F=21 -DMAX_HISTORY=25 -DNMM_NEST=0  -I. -traditional   module_sf_sfclay.F  > module_sf_sfclay.bb
/home/saji/WRF/compile/WRF3.8/oml_sst/tools/standard.exe module_sf_sfclay.bb | /lib/cpp -P -traditional > module_sf_sfclay.f90
rm -f module_sf_sfclay.b module_sf_sfclay.bb
time mpif90  -o module_sf_sfclay.o -c -O2 -ftree-vectorize -funroll-loops -w -ffree-form -ffree-line-length-none -fconvert=big-endian -frecord-marker=4   -I../dyn_em -I../dyn_nmm   -I/home/saji/WRF/compile/WRF3.8/oml_sst/external/esmf_time_f90  -I/home/saji/WRF/compile/WRF3.8/oml_sst/main -I/home/saji/WRF/compile/WRF3.8/oml_sst/external/io_netcdf -I/home/saji/WRF/compile/WRF3.8/oml_sst/external/io_int -I/home/saji/WRF/compile/WRF3.8/oml_sst/frame -I/home/saji/WRF/compile/WRF3.8/oml_sst/share -I/home/saji/WRF/compile/WRF3.8/oml_sst/phys -I/home/saji/WRF/compile/WRF3.8/oml_sst/chem -I/home/saji/WRF/compile/WRF3.8/oml_sst/inc -I/usr/include    module_sf_sfclay.f90
1.48user 0.04system 0:01.52elapsed 100%CPU (0avgtext+0avgdata 150704maxresident)k
0inputs+448outputs (0major+12646minor)pagefaults 0swaps
rm -f module_sf_sfclayrev.o
/lib/cpp -P -I/home/saji/WRF/compile/WRF3.8/oml_sst/inc -DEM_CORE=1 -DNMM_CORE=0 -DNMM_MAX_DIM=2600 -DCOAMPS_CORE=0 -DDA_CORE=0 -DEXP_CORE=0 -DIWORDSIZE=4 -DDWORDSIZE=8 -DRWORDSIZE=4 -DLWORDSIZE=4 -DNONSTANDARD_SYSTEM_SUBR  -DWRF_USE_CLM -DNO_IEEE_MODULE  -DDM_PARALLEL -DNETCDF -DUSE_ALLOCATABLES -DGRIB1 -DINTIO -DKEEP_INT_AROUND -DLIMIT_ARGS -DCONFIG_BUF_LEN=65536 -DMAX_DOMAINS_F=21 -DMAX_HISTORY=25 -DNMM_NEST=0  -I. -traditional   module_sf_sfclayrev.F  > module_sf_sfclayrev.bb
/home/saji/WRF/compile/WRF3.8/oml_sst/tools/standard.exe module_sf_sfclayrev.bb | /lib/cpp -P -traditional > module_sf_sfclayrev.f90
rm -f module_sf_sfclayrev.b module_sf_sfclayrev.bb
time mpif90  -o module_sf_sfclayrev.o -c -O2 -ftree-vectorize -funroll-loops -w -ffree-form -ffree-line-length-none -fconvert=big-endian -frecord-marker=4   -I../dyn_em -I../dyn_nmm   -I/home/saji/WRF/compile/WRF3.8/oml_sst/external/esmf_time_f90  -I/home/saji/WRF/compile/WRF3.8/oml_sst/main -I/home/saji/WRF/compile/WRF3.8/oml_sst/external/io_netcdf -I/home/saji/WRF/compile/WRF3.8/oml_sst/external/io_int -I/home/saji/WRF/compile/WRF3.8/oml_sst/frame -I/home/saji/WRF/compile/WRF3.8/oml_sst/share -I/home/saji/WRF/compile/WRF3.8/oml_sst/phys -I/home/saji/WRF/compile/WRF3.8/oml_sst/chem -I/home/saji/WRF/compile/WRF3.8/oml_sst/inc -I/usr/include    module_sf_sfclayrev.f90
1.74user 0.03system 0:01.77elapsed 100%CPU (0avgtext+0avgdata 170896maxresident)k
0inputs+536outputs (0major+13983minor)pagefaults 0swaps
rm -f module_progtm.o
/lib/cpp -P -I/home/saji/WRF/compile/WRF3.8/oml_sst/inc -DEM_CORE=1 -DNMM_CORE=0 -DNMM_MAX_DIM=2600 -DCOAMPS_CORE=0 -DDA_CORE=0 -DEXP_CORE=0 -DIWORDSIZE=4 -DDWORDSIZE=8 -DRWORDSIZE=4 -DLWORDSIZE=4 -DNONSTANDARD_SYSTEM_SUBR  -DWRF_USE_CLM -DNO_IEEE_MODULE  -DDM_PARALLEL -DNETCDF -DUSE_ALLOCATABLES -DGRIB1 -DINTIO -DKEEP_INT_AROUND -DLIMIT_ARGS -DCONFIG_BUF_LEN=65536 -DMAX_DOMAINS_F=21 -DMAX_HISTORY=25 -DNMM_NEST=0  -I. -traditional   module_progtm.F  > module_progtm.bb
/home/saji/WRF/compile/WRF3.8/oml_sst/tools/standard.exe module_progtm.bb | /lib/cpp -P -traditional > module_progtm.f90
rm -f module_progtm.b module_progtm.bb
time mpif90  -o module_progtm.o -c -O2 -ftree-vectorize -funroll-loops -w -ffree-form -ffree-line-length-none -fconvert=big-endian -frecord-marker=4   -I../dyn_em -I../dyn_nmm   -I/home/saji/WRF/compile/WRF3.8/oml_sst/external/esmf_time_f90  -I/home/saji/WRF/compile/WRF3.8/oml_sst/main -I/home/saji/WRF/compile/WRF3.8/oml_sst/external/io_netcdf -I/home/saji/WRF/compile/WRF3.8/oml_sst/external/io_int -I/home/saji/WRF/compile/WRF3.8/oml_sst/frame -I/home/saji/WRF/compile/WRF3.8/oml_sst/share -I/home/saji/WRF/compile/WRF3.8/oml_sst/phys -I/home/saji/WRF/compile/WRF3.8/oml_sst/chem -I/home/saji/WRF/compile/WRF3.8/oml_sst/inc -I/usr/include    module_progtm.f90
0.08user 0.00system 0:00.08elapsed 104%CPU (0avgtext+0avgdata 41760maxresident)k
0inputs+48outputs (0major+4735minor)pagefaults 0swaps
rm -f module_sf_exchcoef.o
/lib/cpp -P -I/home/saji/WRF/compile/WRF3.8/oml_sst/inc -DEM_CORE=1 -DNMM_CORE=0 -DNMM_MAX_DIM=2600 -DCOAMPS_CORE=0 -DDA_CORE=0 -DEXP_CORE=0 -DIWORDSIZE=4 -DDWORDSIZE=8 -DRWORDSIZE=4 -DLWORDSIZE=4 -DNONSTANDARD_SYSTEM_SUBR  -DWRF_USE_CLM -DNO_IEEE_MODULE  -DDM_PARALLEL -DNETCDF -DUSE_ALLOCATABLES -DGRIB1 -DINTIO -DKEEP_INT_AROUND -DLIMIT_ARGS -DCONFIG_BUF_LEN=65536 -DMAX_DOMAINS_F=21 -DMAX_HISTORY=25 -DNMM_NEST=0  -I. -traditional   module_sf_exchcoef.F  > module_sf_exchcoef.bb
/home/saji/WRF/compile/WRF3.8/oml_sst/tools/standard.exe module_sf_exchcoef.bb | /lib/cpp -P -traditional > module_sf_exchcoef.f90
rm -f module_sf_exchcoef.b module_sf_exchcoef.bb
time mpif90  -o module_sf_exchcoef.o -c -O2 -ftree-vectorize -funroll-loops -w -ffree-form -ffree-line-length-none -fconvert=big-endian -frecord-marker=4   -I../dyn_em -I../dyn_nmm   -I/home/saji/WRF/compile/WRF3.8/oml_sst/external/esmf_time_f90  -I/home/saji/WRF/compile/WRF3.8/oml_sst/main -I/home/saji/WRF/compile/WRF3.8/oml_sst/external/io_netcdf -I/home/saji/WRF/compile/WRF3.8/oml_sst/external/io_int -I/home/saji/WRF/compile/WRF3.8/oml_sst/frame -I/home/saji/WRF/compile/WRF3.8/oml_sst/share -I/home/saji/WRF/compile/WRF3.8/oml_sst/phys -I/home/saji/WRF/compile/WRF3.8/oml_sst/chem -I/home/saji/WRF/compile/WRF3.8/oml_sst/inc -I/usr/include    module_sf_exchcoef.f90
0.08user 0.00system 0:00.08elapsed 104%CPU (0avgtext+0avgdata 39488maxresident)k
0inputs+64outputs (0major+4593minor)pagefaults 0swaps
rm -f module_sf_slab.o
/lib/cpp -P -I/home/saji/WRF/compile/WRF3.8/oml_sst/inc -DEM_CORE=1 -DNMM_CORE=0 -DNMM_MAX_DIM=2600 -DCOAMPS_CORE=0 -DDA_CORE=0 -DEXP_CORE=0 -DIWORDSIZE=4 -DDWORDSIZE=8 -DRWORDSIZE=4 -DLWORDSIZE=4 -DNONSTANDARD_SYSTEM_SUBR  -DWRF_USE_CLM -DNO_IEEE_MODULE  -DDM_PARALLEL -DNETCDF -DUSE_ALLOCATABLES -DGRIB1 -DINTIO -DKEEP_INT_AROUND -DLIMIT_ARGS -DCONFIG_BUF_LEN=65536 -DMAX_DOMAINS_F=21 -DMAX_HISTORY=25 -DNMM_NEST=0  -I. -traditional   module_sf_slab.F  > module_sf_slab.bb
/home/saji/WRF/compile/WRF3.8/oml_sst/tools/standard.exe module_sf_slab.bb | /lib/cpp -P -traditional > module_sf_slab.f90
rm -f module_sf_slab.b module_sf_slab.bb
time mpif90  -o module_sf_slab.o -c -O2 -ftree-vectorize -funroll-loops -w -ffree-form -ffree-line-length-none -fconvert=big-endian -frecord-marker=4   -I../dyn_em -I../dyn_nmm   -I/home/saji/WRF/compile/WRF3.8/oml_sst/external/esmf_time_f90  -I/home/saji/WRF/compile/WRF3.8/oml_sst/main -I/home/saji/WRF/compile/WRF3.8/oml_sst/external/io_netcdf -I/home/saji/WRF/compile/WRF3.8/oml_sst/external/io_int -I/home/saji/WRF/compile/WRF3.8/oml_sst/frame -I/home/saji/WRF/compile/WRF3.8/oml_sst/share -I/home/saji/WRF/compile/WRF3.8/oml_sst/phys -I/home/saji/WRF/compile/WRF3.8/oml_sst/chem -I/home/saji/WRF/compile/WRF3.8/oml_sst/inc -I/usr/include    module_sf_slab.f90
19.66user 0.25system 0:19.91elapsed 100%CPU (0avgtext+0avgdata 1419456maxresident)k
0inputs+2280outputs (0major+97405minor)pagefaults 0swaps
rm -f module_sf_noahlsm.o
/lib/cpp -P -I/home/saji/WRF/compile/WRF3.8/oml_sst/inc -DEM_CORE=1 -DNMM_CORE=0 -DNMM_MAX_DIM=2600 -DCOAMPS_CORE=0 -DDA_CORE=0 -DEXP_CORE=0 -DIWORDSIZE=4 -DDWORDSIZE=8 -DRWORDSIZE=4 -DLWORDSIZE=4 -DNONSTANDARD_SYSTEM_SUBR  -DWRF_USE_CLM -DNO_IEEE_MODULE  -DDM_PARALLEL -DNETCDF -DUSE_ALLOCATABLES -DGRIB1 -DINTIO -DKEEP_INT_AROUND -DLIMIT_ARGS -DCONFIG_BUF_LEN=65536 -DMAX_DOMAINS_F=21 -DMAX_HISTORY=25 -DNMM_NEST=0  -I. -traditional   module_sf_noahlsm.F  > module_sf_noahlsm.bb
/home/saji/WRF/compile/WRF3.8/oml_sst/tools/standard.exe module_sf_noahlsm.bb | /lib/cpp -P -traditional > module_sf_noahlsm.f90
rm -f module_sf_noahlsm.b module_sf_noahlsm.bb
time mpif90  -o module_sf_noahlsm.o -c -O2 -ftree-vectorize -funroll-loops -w -ffree-form -ffree-line-length-none -fconvert=big-endian -frecord-marker=4   -I../dyn_em -I../dyn_nmm   -I/home/saji/WRF/compile/WRF3.8/oml_sst/external/esmf_time_f90  -I/home/saji/WRF/compile/WRF3.8/oml_sst/main -I/home/saji/WRF/compile/WRF3.8/oml_sst/external/io_netcdf -I/home/saji/WRF/compile/WRF3.8/oml_sst/external/io_int -I/home/saji/WRF/compile/WRF3.8/oml_sst/frame -I/home/saji/WRF/compile/WRF3.8/oml_sst/share -I/home/saji/WRF/compile/WRF3.8/oml_sst/phys -I/home/saji/WRF/compile/WRF3.8/oml_sst/chem -I/home/saji/WRF/compile/WRF3.8/oml_sst/inc -I/usr/include    module_sf_noahlsm.f90
0.71user 0.02system 0:00.72elapsed 100%CPU (0avgtext+0avgdata 94272maxresident)k
0inputs+248outputs (0major+8490minor)pagefaults 0swaps
rm -f module_sf_myjsfc.o
/lib/cpp -P -I/home/saji/WRF/compile/WRF3.8/oml_sst/inc -DEM_CORE=1 -DNMM_CORE=0 -DNMM_MAX_DIM=2600 -DCOAMPS_CORE=0 -DDA_CORE=0 -DEXP_CORE=0 -DIWORDSIZE=4 -DDWORDSIZE=8 -DRWORDSIZE=4 -DLWORDSIZE=4 -DNONSTANDARD_SYSTEM_SUBR  -DWRF_USE_CLM -DNO_IEEE_MODULE  -DDM_PARALLEL -DNETCDF -DUSE_ALLOCATABLES -DGRIB1 -DINTIO -DKEEP_INT_AROUND -DLIMIT_ARGS -DCONFIG_BUF_LEN=65536 -DMAX_DOMAINS_F=21 -DMAX_HISTORY=25 -DNMM_NEST=0  -I. -traditional   module_sf_myjsfc.F  > module_sf_myjsfc.bb
/home/saji/WRF/compile/WRF3.8/oml_sst/tools/standard.exe module_sf_myjsfc.bb | /lib/cpp -P -traditional > module_sf_myjsfc.f90
rm -f module_sf_myjsfc.b module_sf_myjsfc.bb
time mpif90  -o module_sf_myjsfc.o -c -O2 -ftree-vectorize -funroll-loops -w -ffree-form -ffree-line-length-none -fconvert=big-endian -frecord-marker=4   -I../dyn_em -I../dyn_nmm   -I/home/saji/WRF/compile/WRF3.8/oml_sst/external/esmf_time_f90  -I/home/saji/WRF/compile/WRF3.8/oml_sst/main -I/home/saji/WRF/compile/WRF3.8/oml_sst/external/io_netcdf -I/home/saji/WRF/compile/WRF3.8/oml_sst/external/io_int -I/home/saji/WRF/compile/WRF3.8/oml_sst/frame -I/home/saji/WRF/compile/WRF3.8/oml_sst/share -I/home/saji/WRF/compile/WRF3.8/oml_sst/phys -I/home/saji/WRF/compile/WRF3.8/oml_sst/chem -I/home/saji/WRF/compile/WRF3.8/oml_sst/inc -I/usr/include    module_sf_myjsfc.f90
1.12user 0.04system 0:01.16elapsed 100%CPU (0avgtext+0avgdata 111824maxresident)k
0inputs+424outputs (0major+9616minor)pagefaults 0swaps
rm -f module_data_gocart_dust.o
/lib/cpp -P -I/home/saji/WRF/compile/WRF3.8/oml_sst/inc -DEM_CORE=1 -DNMM_CORE=0 -DNMM_MAX_DIM=2600 -DCOAMPS_CORE=0 -DDA_CORE=0 -DEXP_CORE=0 -DIWORDSIZE=4 -DDWORDSIZE=8 -DRWORDSIZE=4 -DLWORDSIZE=4 -DNONSTANDARD_SYSTEM_SUBR  -DWRF_USE_CLM -DNO_IEEE_MODULE  -DDM_PARALLEL -DNETCDF -DUSE_ALLOCATABLES -DGRIB1 -DINTIO -DKEEP_INT_AROUND -DLIMIT_ARGS -DCONFIG_BUF_LEN=65536 -DMAX_DOMAINS_F=21 -DMAX_HISTORY=25 -DNMM_NEST=0  -I. -traditional   module_data_gocart_dust.F  > module_data_gocart_dust.bb
/home/saji/WRF/compile/WRF3.8/oml_sst/tools/standard.exe module_data_gocart_dust.bb | /lib/cpp -P -traditional > module_data_gocart_dust.f90
rm -f module_data_gocart_dust.b module_data_gocart_dust.bb
time mpif90  -o module_data_gocart_dust.o -c -O2 -ftree-vectorize -funroll-loops -w -ffree-form -ffree-line-length-none -fconvert=big-endian -frecord-marker=4   -I../dyn_em -I../dyn_nmm   -I/home/saji/WRF/compile/WRF3.8/oml_sst/external/esmf_time_f90  -I/home/saji/WRF/compile/WRF3.8/oml_sst/main -I/home/saji/WRF/compile/WRF3.8/oml_sst/external/io_netcdf -I/home/saji/WRF/compile/WRF3.8/oml_sst/external/io_int -I/home/saji/WRF/compile/WRF3.8/oml_sst/frame -I/home/saji/WRF/compile/WRF3.8/oml_sst/share -I/home/saji/WRF/compile/WRF3.8/oml_sst/phys -I/home/saji/WRF/compile/WRF3.8/oml_sst/chem -I/home/saji/WRF/compile/WRF3.8/oml_sst/inc -I/usr/include    module_data_gocart_dust.f90
0.02user 0.00system 0:00.02elapsed 121%CPU (0avgtext+0avgdata 22256maxresident)k
0inputs+48outputs (0major+3426minor)pagefaults 0swaps
rm -f module_sf_urban.o
/lib/cpp -P -I/home/saji/WRF/compile/WRF3.8/oml_sst/inc -DEM_CORE=1 -DNMM_CORE=0 -DNMM_MAX_DIM=2600 -DCOAMPS_CORE=0 -DDA_CORE=0 -DEXP_CORE=0 -DIWORDSIZE=4 -DDWORDSIZE=8 -DRWORDSIZE=4 -DLWORDSIZE=4 -DNONSTANDARD_SYSTEM_SUBR  -DWRF_USE_CLM -DNO_IEEE_MODULE  -DDM_PARALLEL -DNETCDF -DUSE_ALLOCATABLES -DGRIB1 -DINTIO -DKEEP_INT_AROUND -DLIMIT_ARGS -DCONFIG_BUF_LEN=65536 -DMAX_DOMAINS_F=21 -DMAX_HISTORY=25 -DNMM_NEST=0  -I. -traditional   module_sf_urban.F  > module_sf_urban.bb
/home/saji/WRF/compile/WRF3.8/oml_sst/tools/standard.exe module_sf_urban.bb | /lib/cpp -P -traditional > module_sf_urban.f90
rm -f module_sf_urban.b module_sf_urban.bb
time mpif90  -o module_sf_urban.o -c -O2 -ftree-vectorize -funroll-loops -w -ffree-form -ffree-line-length-none -fconvert=big-endian -frecord-marker=4   -I../dyn_em -I../dyn_nmm   -I/home/saji/WRF/compile/WRF3.8/oml_sst/external/esmf_time_f90  -I/home/saji/WRF/compile/WRF3.8/oml_sst/main -I/home/saji/WRF/compile/WRF3.8/oml_sst/external/io_netcdf -I/home/saji/WRF/compile/WRF3.8/oml_sst/external/io_int -I/home/saji/WRF/compile/WRF3.8/oml_sst/frame -I/home/saji/WRF/compile/WRF3.8/oml_sst/share -I/home/saji/WRF/compile/WRF3.8/oml_sst/phys -I/home/saji/WRF/compile/WRF3.8/oml_sst/chem -I/home/saji/WRF/compile/WRF3.8/oml_sst/inc -I/usr/include    module_sf_urban.f90
2.49user 0.02system 0:02.51elapsed 100%CPU (0avgtext+0avgdata 183888maxresident)k
0inputs+1144outputs (0major+14662minor)pagefaults 0swaps
rm -f module_sf_bem.o
/lib/cpp -P -I/home/saji/WRF/compile/WRF3.8/oml_sst/inc -DEM_CORE=1 -DNMM_CORE=0 -DNMM_MAX_DIM=2600 -DCOAMPS_CORE=0 -DDA_CORE=0 -DEXP_CORE=0 -DIWORDSIZE=4 -DDWORDSIZE=8 -DRWORDSIZE=4 -DLWORDSIZE=4 -DNONSTANDARD_SYSTEM_SUBR  -DWRF_USE_CLM -DNO_IEEE_MODULE  -DDM_PARALLEL -DNETCDF -DUSE_ALLOCATABLES -DGRIB1 -DINTIO -DKEEP_INT_AROUND -DLIMIT_ARGS -DCONFIG_BUF_LEN=65536 -DMAX_DOMAINS_F=21 -DMAX_HISTORY=25 -DNMM_NEST=0  -I. -traditional   module_sf_bem.F  > module_sf_bem.bb
/home/saji/WRF/compile/WRF3.8/oml_sst/tools/standard.exe module_sf_bem.bb | /lib/cpp -P -traditional > module_sf_bem.f90
rm -f module_sf_bem.b module_sf_bem.bb
time mpif90  -o module_sf_bem.o -c -O2 -ftree-vectorize -funroll-loops -w -ffree-form -ffree-line-length-none -fconvert=big-endian -frecord-marker=4   -I../dyn_em -I../dyn_nmm   -I/home/saji/WRF/compile/WRF3.8/oml_sst/external/esmf_time_f90  -I/home/saji/WRF/compile/WRF3.8/oml_sst/main -I/home/saji/WRF/compile/WRF3.8/oml_sst/external/io_netcdf -I/home/saji/WRF/compile/WRF3.8/oml_sst/external/io_int -I/home/saji/WRF/compile/WRF3.8/oml_sst/frame -I/home/saji/WRF/compile/WRF3.8/oml_sst/share -I/home/saji/WRF/compile/WRF3.8/oml_sst/phys -I/home/saji/WRF/compile/WRF3.8/oml_sst/chem -I/home/saji/WRF/compile/WRF3.8/oml_sst/inc -I/usr/include    module_sf_bem.f90
2.07user 0.04system 0:02.11elapsed 100%CPU (0avgtext+0avgdata 195056maxresident)k
0inputs+672outputs (0major+14957minor)pagefaults 0swaps
rm -f module_sf_ssib.o
/lib/cpp -P -I/home/saji/WRF/compile/WRF3.8/oml_sst/inc -DEM_CORE=1 -DNMM_CORE=0 -DNMM_MAX_DIM=2600 -DCOAMPS_CORE=0 -DDA_CORE=0 -DEXP_CORE=0 -DIWORDSIZE=4 -DDWORDSIZE=8 -DRWORDSIZE=4 -DLWORDSIZE=4 -DNONSTANDARD_SYSTEM_SUBR  -DWRF_USE_CLM -DNO_IEEE_MODULE  -DDM_PARALLEL -DNETCDF -DUSE_ALLOCATABLES -DGRIB1 -DINTIO -DKEEP_INT_AROUND -DLIMIT_ARGS -DCONFIG_BUF_LEN=65536 -DMAX_DOMAINS_F=21 -DMAX_HISTORY=25 -DNMM_NEST=0  -I. -traditional   module_sf_ssib.F  > module_sf_ssib.bb
/home/saji/WRF/compile/WRF3.8/oml_sst/tools/standard.exe module_sf_ssib.bb | /lib/cpp -P -traditional > module_sf_ssib.f90
rm -f module_sf_ssib.b module_sf_ssib.bb
time mpif90  -o module_sf_ssib.o -c -O2 -ftree-vectorize -funroll-loops -w -ffree-form -ffree-line-length-none -fconvert=big-endian -frecord-marker=4   -I../dyn_em -I../dyn_nmm   -I/home/saji/WRF/compile/WRF3.8/oml_sst/external/esmf_time_f90  -I/home/saji/WRF/compile/WRF3.8/oml_sst/main -I/home/saji/WRF/compile/WRF3.8/oml_sst/external/io_netcdf -I/home/saji/WRF/compile/WRF3.8/oml_sst/external/io_int -I/home/saji/WRF/compile/WRF3.8/oml_sst/frame -I/home/saji/WRF/compile/WRF3.8/oml_sst/share -I/home/saji/WRF/compile/WRF3.8/oml_sst/phys -I/home/saji/WRF/compile/WRF3.8/oml_sst/chem -I/home/saji/WRF/compile/WRF3.8/oml_sst/inc -I/usr/include    module_sf_ssib.f90
4.93user 0.06system 0:04.99elapsed 100%CPU (0avgtext+0avgdata 325232maxresident)k
0inputs+1672outputs (0major+27066minor)pagefaults 0swaps
rm -f module_sf_noah_seaice.o
/lib/cpp -P -I/home/saji/WRF/compile/WRF3.8/oml_sst/inc -DEM_CORE=1 -DNMM_CORE=0 -DNMM_MAX_DIM=2600 -DCOAMPS_CORE=0 -DDA_CORE=0 -DEXP_CORE=0 -DIWORDSIZE=4 -DDWORDSIZE=8 -DRWORDSIZE=4 -DLWORDSIZE=4 -DNONSTANDARD_SYSTEM_SUBR  -DWRF_USE_CLM -DNO_IEEE_MODULE  -DDM_PARALLEL -DNETCDF -DUSE_ALLOCATABLES -DGRIB1 -DINTIO -DKEEP_INT_AROUND -DLIMIT_ARGS -DCONFIG_BUF_LEN=65536 -DMAX_DOMAINS_F=21 -DMAX_HISTORY=25 -DNMM_NEST=0  -I. -traditional   module_sf_noah_seaice.F  > module_sf_noah_seaice.bb
/home/saji/WRF/compile/WRF3.8/oml_sst/tools/standard.exe module_sf_noah_seaice.bb | /lib/cpp -P -traditional > module_sf_noah_seaice.f90
rm -f module_sf_noah_seaice.b module_sf_noah_seaice.bb
time mpif90  -o module_sf_noah_seaice.o -c -O2 -ftree-vectorize -funroll-loops -w -ffree-form -ffree-line-length-none -fconvert=big-endian -frecord-marker=4   -I../dyn_em -I../dyn_nmm   -I/home/saji/WRF/compile/WRF3.8/oml_sst/external/esmf_time_f90  -I/home/saji/WRF/compile/WRF3.8/oml_sst/main -I/home/saji/WRF/compile/WRF3.8/oml_sst/external/io_netcdf -I/home/saji/WRF/compile/WRF3.8/oml_sst/external/io_int -I/home/saji/WRF/compile/WRF3.8/oml_sst/frame -I/home/saji/WRF/compile/WRF3.8/oml_sst/share -I/home/saji/WRF/compile/WRF3.8/oml_sst/phys -I/home/saji/WRF/compile/WRF3.8/oml_sst/chem -I/home/saji/WRF/compile/WRF3.8/oml_sst/inc -I/usr/include    module_sf_noah_seaice.f90
0.38user 0.01system 0:00.39elapsed 100%CPU (0avgtext+0avgdata 65744maxresident)k
0inputs+168outputs (0major+6357minor)pagefaults 0swaps
rm -f module_sf_noahmp_glacier.o
/lib/cpp -P -I/home/saji/WRF/compile/WRF3.8/oml_sst/inc -DEM_CORE=1 -DNMM_CORE=0 -DNMM_MAX_DIM=2600 -DCOAMPS_CORE=0 -DDA_CORE=0 -DEXP_CORE=0 -DIWORDSIZE=4 -DDWORDSIZE=8 -DRWORDSIZE=4 -DLWORDSIZE=4 -DNONSTANDARD_SYSTEM_SUBR  -DWRF_USE_CLM -DNO_IEEE_MODULE  -DDM_PARALLEL -DNETCDF -DUSE_ALLOCATABLES -DGRIB1 -DINTIO -DKEEP_INT_AROUND -DLIMIT_ARGS -DCONFIG_BUF_LEN=65536 -DMAX_DOMAINS_F=21 -DMAX_HISTORY=25 -DNMM_NEST=0  -I. -traditional   module_sf_noahmp_glacier.F  > module_sf_noahmp_glacier.bb
/home/saji/WRF/compile/WRF3.8/oml_sst/tools/standard.exe module_sf_noahmp_glacier.bb | /lib/cpp -P -traditional > module_sf_noahmp_glacier.f90
rm -f module_sf_noahmp_glacier.b module_sf_noahmp_glacier.bb
time mpif90  -o module_sf_noahmp_glacier.o -c -O2 -ftree-vectorize -funroll-loops -w -ffree-form -ffree-line-length-none -fconvert=big-endian -frecord-marker=4   -I../dyn_em -I../dyn_nmm   -I/home/saji/WRF/compile/WRF3.8/oml_sst/external/esmf_time_f90  -I/home/saji/WRF/compile/WRF3.8/oml_sst/main -I/home/saji/WRF/compile/WRF3.8/oml_sst/external/io_netcdf -I/home/saji/WRF/compile/WRF3.8/oml_sst/external/io_int -I/home/saji/WRF/compile/WRF3.8/oml_sst/frame -I/home/saji/WRF/compile/WRF3.8/oml_sst/share -I/home/saji/WRF/compile/WRF3.8/oml_sst/phys -I/home/saji/WRF/compile/WRF3.8/oml_sst/chem -I/home/saji/WRF/compile/WRF3.8/oml_sst/inc -I/usr/include    module_sf_noahmp_glacier.f90
3.87user 0.04system 0:03.90elapsed 100%CPU (0avgtext+0avgdata 261904maxresident)k
0inputs+1696outputs (0major+20213minor)pagefaults 0swaps
rm -f module_sf_pxlsm_data.o
/lib/cpp -P -I/home/saji/WRF/compile/WRF3.8/oml_sst/inc -DEM_CORE=1 -DNMM_CORE=0 -DNMM_MAX_DIM=2600 -DCOAMPS_CORE=0 -DDA_CORE=0 -DEXP_CORE=0 -DIWORDSIZE=4 -DDWORDSIZE=8 -DRWORDSIZE=4 -DLWORDSIZE=4 -DNONSTANDARD_SYSTEM_SUBR  -DWRF_USE_CLM -DNO_IEEE_MODULE  -DDM_PARALLEL -DNETCDF -DUSE_ALLOCATABLES -DGRIB1 -DINTIO -DKEEP_INT_AROUND -DLIMIT_ARGS -DCONFIG_BUF_LEN=65536 -DMAX_DOMAINS_F=21 -DMAX_HISTORY=25 -DNMM_NEST=0  -I. -traditional   module_sf_pxlsm_data.F  > module_sf_pxlsm_data.bb
/home/saji/WRF/compile/WRF3.8/oml_sst/tools/standard.exe module_sf_pxlsm_data.bb | /lib/cpp -P -traditional > module_sf_pxlsm_data.f90
rm -f module_sf_pxlsm_data.b module_sf_pxlsm_data.bb
time mpif90  -o module_sf_pxlsm_data.o -c -O2 -ftree-vectorize -funroll-loops -w -ffree-form -ffree-line-length-none -fconvert=big-endian -frecord-marker=4   -I../dyn_em -I../dyn_nmm   -I/home/saji/WRF/compile/WRF3.8/oml_sst/external/esmf_time_f90  -I/home/saji/WRF/compile/WRF3.8/oml_sst/main -I/home/saji/WRF/compile/WRF3.8/oml_sst/external/io_netcdf -I/home/saji/WRF/compile/WRF3.8/oml_sst/external/io_int -I/home/saji/WRF/compile/WRF3.8/oml_sst/frame -I/home/saji/WRF/compile/WRF3.8/oml_sst/share -I/home/saji/WRF/compile/WRF3.8/oml_sst/phys -I/home/saji/WRF/compile/WRF3.8/oml_sst/chem -I/home/saji/WRF/compile/WRF3.8/oml_sst/inc -I/usr/include    module_sf_pxlsm_data.f90
0.04user 0.00system 0:00.03elapsed 112%CPU (0avgtext+0avgdata 28336maxresident)k
0inputs+128outputs (0major+3864minor)pagefaults 0swaps
rm -f module_sf_ruclsm.o
/home/saji/WRF/compile/WRF3.8/oml_sst/tools/standard.exe module_sf_ruclsm.F > module_sf_ruclsm.b 
/lib/cpp -P -I/home/saji/WRF/compile/WRF3.8/oml_sst/inc -DEM_CORE=1 -DNMM_CORE=0 -DNMM_MAX_DIM=2600 -DCOAMPS_CORE=0 -DDA_CORE=0 -DEXP_CORE=0 -DIWORDSIZE=4 -DDWORDSIZE=8 -DRWORDSIZE=4 -DLWORDSIZE=4 -DNONSTANDARD_SYSTEM_SUBR  -DWRF_USE_CLM -DNO_IEEE_MODULE  -DDM_PARALLEL -DNETCDF -DUSE_ALLOCATABLES -DGRIB1 -DINTIO -DKEEP_INT_AROUND -DLIMIT_ARGS -DCONFIG_BUF_LEN=65536 -DMAX_DOMAINS_F=21 -DMAX_HISTORY=25 -DNMM_NEST=0  -I. -traditional   module_sf_ruclsm.b  > module_sf_ruclsm.f90
rm -f module_sf_ruclsm.b
if fgrep -iq '!$OMP' module_sf_ruclsm.f90 ; then \
          echo COMPILING module_sf_ruclsm.F WITH OMP ; \
          if [ -n "" ] ; then echo COMPILING module_sf_ruclsm.F WITH OMP ; fi ; \
	  time mpif90  -c  -O2 -ftree-vectorize -funroll-loops -w -ffree-form -ffree-line-length-none -fconvert=big-endian -frecord-marker=4  -I../dyn_em -I../dyn_nmm   -I/home/saji/WRF/compile/WRF3.8/oml_sst/external/esmf_time_f90  -I/home/saji/WRF/compile/WRF3.8/oml_sst/main -I/home/saji/WRF/compile/WRF3.8/oml_sst/external/io_netcdf -I/home/saji/WRF/compile/WRF3.8/oml_sst/external/io_int -I/home/saji/WRF/compile/WRF3.8/oml_sst/frame -I/home/saji/WRF/compile/WRF3.8/oml_sst/share -I/home/saji/WRF/compile/WRF3.8/oml_sst/phys -I/home/saji/WRF/compile/WRF3.8/oml_sst/chem -I/home/saji/WRF/compile/WRF3.8/oml_sst/inc -I/usr/include    module_sf_ruclsm.f90 ; \
        else \
          if [ -n "" ] ; then echo COMPILING module_sf_ruclsm.F WITHOUT OMP ; fi ; \
	  time mpif90  -c  -O2 -ftree-vectorize -funroll-loops -w -ffree-form -ffree-line-length-none -fconvert=big-endian -frecord-marker=4  -I../dyn_em -I../dyn_nmm   -I/home/saji/WRF/compile/WRF3.8/oml_sst/external/esmf_time_f90  -I/home/saji/WRF/compile/WRF3.8/oml_sst/main -I/home/saji/WRF/compile/WRF3.8/oml_sst/external/io_netcdf -I/home/saji/WRF/compile/WRF3.8/oml_sst/external/io_int -I/home/saji/WRF/compile/WRF3.8/oml_sst/frame -I/home/saji/WRF/compile/WRF3.8/oml_sst/share -I/home/saji/WRF/compile/WRF3.8/oml_sst/phys -I/home/saji/WRF/compile/WRF3.8/oml_sst/chem -I/home/saji/WRF/compile/WRF3.8/oml_sst/inc -I/usr/include   module_sf_ruclsm.f90 ; \
        fi
3.50user 0.06system 0:03.56elapsed 100%CPU (0avgtext+0avgdata 274336maxresident)k
0inputs+1208outputs (0major+20626minor)pagefaults 0swaps
rm -f module_sf_sfcdiags.o
/lib/cpp -P -I/home/saji/WRF/compile/WRF3.8/oml_sst/inc -DEM_CORE=1 -DNMM_CORE=0 -DNMM_MAX_DIM=2600 -DCOAMPS_CORE=0 -DDA_CORE=0 -DEXP_CORE=0 -DIWORDSIZE=4 -DDWORDSIZE=8 -DRWORDSIZE=4 -DLWORDSIZE=4 -DNONSTANDARD_SYSTEM_SUBR  -DWRF_USE_CLM -DNO_IEEE_MODULE  -DDM_PARALLEL -DNETCDF -DUSE_ALLOCATABLES -DGRIB1 -DINTIO -DKEEP_INT_AROUND -DLIMIT_ARGS -DCONFIG_BUF_LEN=65536 -DMAX_DOMAINS_F=21 -DMAX_HISTORY=25 -DNMM_NEST=0  -I. -traditional   module_sf_sfcdiags.F  > module_sf_sfcdiags.bb
/home/saji/WRF/compile/WRF3.8/oml_sst/tools/standard.exe module_sf_sfcdiags.bb | /lib/cpp -P -traditional > module_sf_sfcdiags.f90
rm -f module_sf_sfcdiags.b module_sf_sfcdiags.bb
time mpif90  -o module_sf_sfcdiags.o -c -O2 -ftree-vectorize -funroll-loops -w -ffree-form -ffree-line-length-none -fconvert=big-endian -frecord-marker=4   -I../dyn_em -I../dyn_nmm   -I/home/saji/WRF/compile/WRF3.8/oml_sst/external/esmf_time_f90  -I/home/saji/WRF/compile/WRF3.8/oml_sst/main -I/home/saji/WRF/compile/WRF3.8/oml_sst/external/io_netcdf -I/home/saji/WRF/compile/WRF3.8/oml_sst/external/io_int -I/home/saji/WRF/compile/WRF3.8/oml_sst/frame -I/home/saji/WRF/compile/WRF3.8/oml_sst/share -I/home/saji/WRF/compile/WRF3.8/oml_sst/phys -I/home/saji/WRF/compile/WRF3.8/oml_sst/chem -I/home/saji/WRF/compile/WRF3.8/oml_sst/inc -I/usr/include    module_sf_sfcdiags.f90
0.07user 0.00system 0:00.07elapsed 108%CPU (0avgtext+0avgdata 42432maxresident)k
0inputs+40outputs (0major+4763minor)pagefaults 0swaps
rm -f module_sf_sfcdiags_ruclsm.o
/lib/cpp -P -I/home/saji/WRF/compile/WRF3.8/oml_sst/inc -DEM_CORE=1 -DNMM_CORE=0 -DNMM_MAX_DIM=2600 -DCOAMPS_CORE=0 -DDA_CORE=0 -DEXP_CORE=0 -DIWORDSIZE=4 -DDWORDSIZE=8 -DRWORDSIZE=4 -DLWORDSIZE=4 -DNONSTANDARD_SYSTEM_SUBR  -DWRF_USE_CLM -DNO_IEEE_MODULE  -DDM_PARALLEL -DNETCDF -DUSE_ALLOCATABLES -DGRIB1 -DINTIO -DKEEP_INT_AROUND -DLIMIT_ARGS -DCONFIG_BUF_LEN=65536 -DMAX_DOMAINS_F=21 -DMAX_HISTORY=25 -DNMM_NEST=0  -I. -traditional   module_sf_sfcdiags_ruclsm.F  > module_sf_sfcdiags_ruclsm.bb
/home/saji/WRF/compile/WRF3.8/oml_sst/tools/standard.exe module_sf_sfcdiags_ruclsm.bb | /lib/cpp -P -traditional > module_sf_sfcdiags_ruclsm.f90
rm -f module_sf_sfcdiags_ruclsm.b module_sf_sfcdiags_ruclsm.bb
time mpif90  -o module_sf_sfcdiags_ruclsm.o -c -O2 -ftree-vectorize -funroll-loops -w -ffree-form -ffree-line-length-none -fconvert=big-endian -frecord-marker=4   -I../dyn_em -I../dyn_nmm   -I/home/saji/WRF/compile/WRF3.8/oml_sst/external/esmf_time_f90  -I/home/saji/WRF/compile/WRF3.8/oml_sst/main -I/home/saji/WRF/compile/WRF3.8/oml_sst/external/io_netcdf -I/home/saji/WRF/compile/WRF3.8/oml_sst/external/io_int -I/home/saji/WRF/compile/WRF3.8/oml_sst/frame -I/home/saji/WRF/compile/WRF3.8/oml_sst/share -I/home/saji/WRF/compile/WRF3.8/oml_sst/phys -I/home/saji/WRF/compile/WRF3.8/oml_sst/chem -I/home/saji/WRF/compile/WRF3.8/oml_sst/inc -I/usr/include    module_sf_sfcdiags_ruclsm.f90
0.12user 0.00system 0:00.12elapsed 102%CPU (0avgtext+0avgdata 47712maxresident)k
0inputs+64outputs (0major+5099minor)pagefaults 0swaps
rm -f module_sf_sstskin.o
/lib/cpp -P -I/home/saji/WRF/compile/WRF3.8/oml_sst/inc -DEM_CORE=1 -DNMM_CORE=0 -DNMM_MAX_DIM=2600 -DCOAMPS_CORE=0 -DDA_CORE=0 -DEXP_CORE=0 -DIWORDSIZE=4 -DDWORDSIZE=8 -DRWORDSIZE=4 -DLWORDSIZE=4 -DNONSTANDARD_SYSTEM_SUBR  -DWRF_USE_CLM -DNO_IEEE_MODULE  -DDM_PARALLEL -DNETCDF -DUSE_ALLOCATABLES -DGRIB1 -DINTIO -DKEEP_INT_AROUND -DLIMIT_ARGS -DCONFIG_BUF_LEN=65536 -DMAX_DOMAINS_F=21 -DMAX_HISTORY=25 -DNMM_NEST=0  -I. -traditional   module_sf_sstskin.F  > module_sf_sstskin.bb
/home/saji/WRF/compile/WRF3.8/oml_sst/tools/standard.exe module_sf_sstskin.bb | /lib/cpp -P -traditional > module_sf_sstskin.f90
rm -f module_sf_sstskin.b module_sf_sstskin.bb
time mpif90  -o module_sf_sstskin.o -c -O2 -ftree-vectorize -funroll-loops -w -ffree-form -ffree-line-length-none -fconvert=big-endian -frecord-marker=4   -I../dyn_em -I../dyn_nmm   -I/home/saji/WRF/compile/WRF3.8/oml_sst/external/esmf_time_f90  -I/home/saji/WRF/compile/WRF3.8/oml_sst/main -I/home/saji/WRF/compile/WRF3.8/oml_sst/external/io_netcdf -I/home/saji/WRF/compile/WRF3.8/oml_sst/external/io_int -I/home/saji/WRF/compile/WRF3.8/oml_sst/frame -I/home/saji/WRF/compile/WRF3.8/oml_sst/share -I/home/saji/WRF/compile/WRF3.8/oml_sst/phys -I/home/saji/WRF/compile/WRF3.8/oml_sst/chem -I/home/saji/WRF/compile/WRF3.8/oml_sst/inc -I/usr/include    module_sf_sstskin.f90
0.09user 0.00system 0:00.09elapsed 106%CPU (0avgtext+0avgdata 44752maxresident)k
0inputs+56outputs (0major+4926minor)pagefaults 0swaps
rm -f module_sf_tmnupdate.o
/lib/cpp -P -I/home/saji/WRF/compile/WRF3.8/oml_sst/inc -DEM_CORE=1 -DNMM_CORE=0 -DNMM_MAX_DIM=2600 -DCOAMPS_CORE=0 -DDA_CORE=0 -DEXP_CORE=0 -DIWORDSIZE=4 -DDWORDSIZE=8 -DRWORDSIZE=4 -DLWORDSIZE=4 -DNONSTANDARD_SYSTEM_SUBR  -DWRF_USE_CLM -DNO_IEEE_MODULE  -DDM_PARALLEL -DNETCDF -DUSE_ALLOCATABLES -DGRIB1 -DINTIO -DKEEP_INT_AROUND -DLIMIT_ARGS -DCONFIG_BUF_LEN=65536 -DMAX_DOMAINS_F=21 -DMAX_HISTORY=25 -DNMM_NEST=0  -I. -traditional   module_sf_tmnupdate.F  > module_sf_tmnupdate.bb
/home/saji/WRF/compile/WRF3.8/oml_sst/tools/standard.exe module_sf_tmnupdate.bb | /lib/cpp -P -traditional > module_sf_tmnupdate.f90
rm -f module_sf_tmnupdate.b module_sf_tmnupdate.bb
time mpif90  -o module_sf_tmnupdate.o -c -O2 -ftree-vectorize -funroll-loops -w -ffree-form -ffree-line-length-none -fconvert=big-endian -frecord-marker=4   -I../dyn_em -I../dyn_nmm   -I/home/saji/WRF/compile/WRF3.8/oml_sst/external/esmf_time_f90  -I/home/saji/WRF/compile/WRF3.8/oml_sst/main -I/home/saji/WRF/compile/WRF3.8/oml_sst/external/io_netcdf -I/home/saji/WRF/compile/WRF3.8/oml_sst/external/io_int -I/home/saji/WRF/compile/WRF3.8/oml_sst/frame -I/home/saji/WRF/compile/WRF3.8/oml_sst/share -I/home/saji/WRF/compile/WRF3.8/oml_sst/phys -I/home/saji/WRF/compile/WRF3.8/oml_sst/chem -I/home/saji/WRF/compile/WRF3.8/oml_sst/inc -I/usr/include    module_sf_tmnupdate.f90
0.33user 0.00system 0:00.33elapsed 101%CPU (0avgtext+0avgdata 72192maxresident)k
0inputs+112outputs (0major+6697minor)pagefaults 0swaps
rm -f module_sf_oml.o
/lib/cpp -P -I/home/saji/WRF/compile/WRF3.8/oml_sst/inc -DEM_CORE=1 -DNMM_CORE=0 -DNMM_MAX_DIM=2600 -DCOAMPS_CORE=0 -DDA_CORE=0 -DEXP_CORE=0 -DIWORDSIZE=4 -DDWORDSIZE=8 -DRWORDSIZE=4 -DLWORDSIZE=4 -DNONSTANDARD_SYSTEM_SUBR  -DWRF_USE_CLM -DNO_IEEE_MODULE  -DDM_PARALLEL -DNETCDF -DUSE_ALLOCATABLES -DGRIB1 -DINTIO -DKEEP_INT_AROUND -DLIMIT_ARGS -DCONFIG_BUF_LEN=65536 -DMAX_DOMAINS_F=21 -DMAX_HISTORY=25 -DNMM_NEST=0  -I. -traditional   module_sf_oml.F  > module_sf_oml.bb
/home/saji/WRF/compile/WRF3.8/oml_sst/tools/standard.exe module_sf_oml.bb | /lib/cpp -P -traditional > module_sf_oml.f90
rm -f module_sf_oml.b module_sf_oml.bb
time mpif90  -o module_sf_oml.o -c -O2 -ftree-vectorize -funroll-loops -w -ffree-form -ffree-line-length-none -fconvert=big-endian -frecord-marker=4   -I../dyn_em -I../dyn_nmm   -I/home/saji/WRF/compile/WRF3.8/oml_sst/external/esmf_time_f90  -I/home/saji/WRF/compile/WRF3.8/oml_sst/main -I/home/saji/WRF/compile/WRF3.8/oml_sst/external/io_netcdf -I/home/saji/WRF/compile/WRF3.8/oml_sst/external/io_int -I/home/saji/WRF/compile/WRF3.8/oml_sst/frame -I/home/saji/WRF/compile/WRF3.8/oml_sst/share -I/home/saji/WRF/compile/WRF3.8/oml_sst/phys -I/home/saji/WRF/compile/WRF3.8/oml_sst/chem -I/home/saji/WRF/compile/WRF3.8/oml_sst/inc -I/usr/include    module_sf_oml.f90
0.24user 0.00system 0:00.24elapsed 103%CPU (0avgtext+0avgdata 60656maxresident)k
0inputs+104outputs (0major+5937minor)pagefaults 0swaps
rm -f module_sf_3dpwp.o
/lib/cpp -P -I/home/saji/WRF/compile/WRF3.8/oml_sst/inc -DEM_CORE=1 -DNMM_CORE=0 -DNMM_MAX_DIM=2600 -DCOAMPS_CORE=0 -DDA_CORE=0 -DEXP_CORE=0 -DIWORDSIZE=4 -DDWORDSIZE=8 -DRWORDSIZE=4 -DLWORDSIZE=4 -DNONSTANDARD_SYSTEM_SUBR  -DWRF_USE_CLM -DNO_IEEE_MODULE  -DDM_PARALLEL -DNETCDF -DUSE_ALLOCATABLES -DGRIB1 -DINTIO -DKEEP_INT_AROUND -DLIMIT_ARGS -DCONFIG_BUF_LEN=65536 -DMAX_DOMAINS_F=21 -DMAX_HISTORY=25 -DNMM_NEST=0  -I. -traditional   module_sf_3dpwp.F  > module_sf_3dpwp.bb
/home/saji/WRF/compile/WRF3.8/oml_sst/tools/standard.exe module_sf_3dpwp.bb | /lib/cpp -P -traditional > module_sf_3dpwp.f90
rm -f module_sf_3dpwp.b module_sf_3dpwp.bb
time mpif90  -o module_sf_3dpwp.o -c -O2 -ftree-vectorize -funroll-loops -w -ffree-form -ffree-line-length-none -fconvert=big-endian -frecord-marker=4   -I../dyn_em -I../dyn_nmm   -I/home/saji/WRF/compile/WRF3.8/oml_sst/external/esmf_time_f90  -I/home/saji/WRF/compile/WRF3.8/oml_sst/main -I/home/saji/WRF/compile/WRF3.8/oml_sst/external/io_netcdf -I/home/saji/WRF/compile/WRF3.8/oml_sst/external/io_int -I/home/saji/WRF/compile/WRF3.8/oml_sst/frame -I/home/saji/WRF/compile/WRF3.8/oml_sst/share -I/home/saji/WRF/compile/WRF3.8/oml_sst/phys -I/home/saji/WRF/compile/WRF3.8/oml_sst/chem -I/home/saji/WRF/compile/WRF3.8/oml_sst/inc -I/usr/include    module_sf_3dpwp.f90
3.13user 0.04system 0:03.18elapsed 100%CPU (0avgtext+0avgdata 282720maxresident)k
0inputs+672outputs (0major+21296minor)pagefaults 0swaps
rm -f module_sf_qnsesfc.o
/lib/cpp -P -I/home/saji/WRF/compile/WRF3.8/oml_sst/inc -DEM_CORE=1 -DNMM_CORE=0 -DNMM_MAX_DIM=2600 -DCOAMPS_CORE=0 -DDA_CORE=0 -DEXP_CORE=0 -DIWORDSIZE=4 -DDWORDSIZE=8 -DRWORDSIZE=4 -DLWORDSIZE=4 -DNONSTANDARD_SYSTEM_SUBR  -DWRF_USE_CLM -DNO_IEEE_MODULE  -DDM_PARALLEL -DNETCDF -DUSE_ALLOCATABLES -DGRIB1 -DINTIO -DKEEP_INT_AROUND -DLIMIT_ARGS -DCONFIG_BUF_LEN=65536 -DMAX_DOMAINS_F=21 -DMAX_HISTORY=25 -DNMM_NEST=0  -I. -traditional   module_sf_qnsesfc.F  > module_sf_qnsesfc.bb
/home/saji/WRF/compile/WRF3.8/oml_sst/tools/standard.exe module_sf_qnsesfc.bb | /lib/cpp -P -traditional > module_sf_qnsesfc.f90
rm -f module_sf_qnsesfc.b module_sf_qnsesfc.bb
time mpif90  -o module_sf_qnsesfc.o -c -O2 -ftree-vectorize -funroll-loops -w -ffree-form -ffree-line-length-none -fconvert=big-endian -frecord-marker=4   -I../dyn_em -I../dyn_nmm   -I/home/saji/WRF/compile/WRF3.8/oml_sst/external/esmf_time_f90  -I/home/saji/WRF/compile/WRF3.8/oml_sst/main -I/home/saji/WRF/compile/WRF3.8/oml_sst/external/io_netcdf -I/home/saji/WRF/compile/WRF3.8/oml_sst/external/io_int -I/home/saji/WRF/compile/WRF3.8/oml_sst/frame -I/home/saji/WRF/compile/WRF3.8/oml_sst/share -I/home/saji/WRF/compile/WRF3.8/oml_sst/phys -I/home/saji/WRF/compile/WRF3.8/oml_sst/chem -I/home/saji/WRF/compile/WRF3.8/oml_sst/inc -I/usr/include    module_sf_qnsesfc.f90
1.14user 0.06system 0:01.19elapsed 100%CPU (0avgtext+0avgdata 112272maxresident)k
0inputs+432outputs (0major+9828minor)pagefaults 0swaps
rm -f module_sf_mynn.o
/lib/cpp -P -I/home/saji/WRF/compile/WRF3.8/oml_sst/inc -DEM_CORE=1 -DNMM_CORE=0 -DNMM_MAX_DIM=2600 -DCOAMPS_CORE=0 -DDA_CORE=0 -DEXP_CORE=0 -DIWORDSIZE=4 -DDWORDSIZE=8 -DRWORDSIZE=4 -DLWORDSIZE=4 -DNONSTANDARD_SYSTEM_SUBR  -DWRF_USE_CLM -DNO_IEEE_MODULE  -DDM_PARALLEL -DNETCDF -DUSE_ALLOCATABLES -DGRIB1 -DINTIO -DKEEP_INT_AROUND -DLIMIT_ARGS -DCONFIG_BUF_LEN=65536 -DMAX_DOMAINS_F=21 -DMAX_HISTORY=25 -DNMM_NEST=0  -I. -traditional   module_sf_mynn.F  > module_sf_mynn.bb
/home/saji/WRF/compile/WRF3.8/oml_sst/tools/standard.exe module_sf_mynn.bb | /lib/cpp -P -traditional > module_sf_mynn.f90
rm -f module_sf_mynn.b module_sf_mynn.bb
time mpif90  -o module_sf_mynn.o -c -O2 -ftree-vectorize -funroll-loops -w -ffree-form -ffree-line-length-none -fconvert=big-endian -frecord-marker=4   -I../dyn_em -I../dyn_nmm   -I/home/saji/WRF/compile/WRF3.8/oml_sst/external/esmf_time_f90  -I/home/saji/WRF/compile/WRF3.8/oml_sst/main -I/home/saji/WRF/compile/WRF3.8/oml_sst/external/io_netcdf -I/home/saji/WRF/compile/WRF3.8/oml_sst/external/io_int -I/home/saji/WRF/compile/WRF3.8/oml_sst/frame -I/home/saji/WRF/compile/WRF3.8/oml_sst/share -I/home/saji/WRF/compile/WRF3.8/oml_sst/phys -I/home/saji/WRF/compile/WRF3.8/oml_sst/chem -I/home/saji/WRF/compile/WRF3.8/oml_sst/inc -I/usr/include    module_sf_mynn.f90
8.71user 0.10system 0:08.81elapsed 99%CPU (0avgtext+0avgdata 473152maxresident)k
0inputs+2728outputs (0major+35351minor)pagefaults 0swaps
rm -f module_sf_fogdes.o
/lib/cpp -P -I/home/saji/WRF/compile/WRF3.8/oml_sst/inc -DEM_CORE=1 -DNMM_CORE=0 -DNMM_MAX_DIM=2600 -DCOAMPS_CORE=0 -DDA_CORE=0 -DEXP_CORE=0 -DIWORDSIZE=4 -DDWORDSIZE=8 -DRWORDSIZE=4 -DLWORDSIZE=4 -DNONSTANDARD_SYSTEM_SUBR  -DWRF_USE_CLM -DNO_IEEE_MODULE  -DDM_PARALLEL -DNETCDF -DUSE_ALLOCATABLES -DGRIB1 -DINTIO -DKEEP_INT_AROUND -DLIMIT_ARGS -DCONFIG_BUF_LEN=65536 -DMAX_DOMAINS_F=21 -DMAX_HISTORY=25 -DNMM_NEST=0  -I. -traditional   module_sf_fogdes.F  > module_sf_fogdes.bb
/home/saji/WRF/compile/WRF3.8/oml_sst/tools/standard.exe module_sf_fogdes.bb | /lib/cpp -P -traditional > module_sf_fogdes.f90
rm -f module_sf_fogdes.b module_sf_fogdes.bb
time mpif90  -o module_sf_fogdes.o -c -O2 -ftree-vectorize -funroll-loops -w -ffree-form -ffree-line-length-none -fconvert=big-endian -frecord-marker=4   -I../dyn_em -I../dyn_nmm   -I/home/saji/WRF/compile/WRF3.8/oml_sst/external/esmf_time_f90  -I/home/saji/WRF/compile/WRF3.8/oml_sst/main -I/home/saji/WRF/compile/WRF3.8/oml_sst/external/io_netcdf -I/home/saji/WRF/compile/WRF3.8/oml_sst/external/io_int -I/home/saji/WRF/compile/WRF3.8/oml_sst/frame -I/home/saji/WRF/compile/WRF3.8/oml_sst/share -I/home/saji/WRF/compile/WRF3.8/oml_sst/phys -I/home/saji/WRF/compile/WRF3.8/oml_sst/chem -I/home/saji/WRF/compile/WRF3.8/oml_sst/inc -I/usr/include    module_sf_fogdes.f90
0.14user 0.04system 0:00.18elapsed 101%CPU (0avgtext+0avgdata 51616maxresident)k
0inputs+128outputs (0major+5396minor)pagefaults 0swaps
rm -f module_sf_pxsfclay.o
/lib/cpp -P -I/home/saji/WRF/compile/WRF3.8/oml_sst/inc -DEM_CORE=1 -DNMM_CORE=0 -DNMM_MAX_DIM=2600 -DCOAMPS_CORE=0 -DDA_CORE=0 -DEXP_CORE=0 -DIWORDSIZE=4 -DDWORDSIZE=8 -DRWORDSIZE=4 -DLWORDSIZE=4 -DNONSTANDARD_SYSTEM_SUBR  -DWRF_USE_CLM -DNO_IEEE_MODULE  -DDM_PARALLEL -DNETCDF -DUSE_ALLOCATABLES -DGRIB1 -DINTIO -DKEEP_INT_AROUND -DLIMIT_ARGS -DCONFIG_BUF_LEN=65536 -DMAX_DOMAINS_F=21 -DMAX_HISTORY=25 -DNMM_NEST=0  -I. -traditional   module_sf_pxsfclay.F  > module_sf_pxsfclay.bb
/home/saji/WRF/compile/WRF3.8/oml_sst/tools/standard.exe module_sf_pxsfclay.bb | /lib/cpp -P -traditional > module_sf_pxsfclay.f90
rm -f module_sf_pxsfclay.b module_sf_pxsfclay.bb
time mpif90  -o module_sf_pxsfclay.o -c -O2 -ftree-vectorize -funroll-loops -w -ffree-form -ffree-line-length-none -fconvert=big-endian -frecord-marker=4   -I../dyn_em -I../dyn_nmm   -I/home/saji/WRF/compile/WRF3.8/oml_sst/external/esmf_time_f90  -I/home/saji/WRF/compile/WRF3.8/oml_sst/main -I/home/saji/WRF/compile/WRF3.8/oml_sst/external/io_netcdf -I/home/saji/WRF/compile/WRF3.8/oml_sst/external/io_int -I/home/saji/WRF/compile/WRF3.8/oml_sst/frame -I/home/saji/WRF/compile/WRF3.8/oml_sst/share -I/home/saji/WRF/compile/WRF3.8/oml_sst/phys -I/home/saji/WRF/compile/WRF3.8/oml_sst/chem -I/home/saji/WRF/compile/WRF3.8/oml_sst/inc -I/usr/include    module_sf_pxsfclay.f90
1.80user 0.05system 0:01.85elapsed 100%CPU (0avgtext+0avgdata 156096maxresident)k
0inputs+600outputs (0major+13171minor)pagefaults 0swaps
rm -f module_sf_temfsfclay.o
/lib/cpp -P -I/home/saji/WRF/compile/WRF3.8/oml_sst/inc -DEM_CORE=1 -DNMM_CORE=0 -DNMM_MAX_DIM=2600 -DCOAMPS_CORE=0 -DDA_CORE=0 -DEXP_CORE=0 -DIWORDSIZE=4 -DDWORDSIZE=8 -DRWORDSIZE=4 -DLWORDSIZE=4 -DNONSTANDARD_SYSTEM_SUBR  -DWRF_USE_CLM -DNO_IEEE_MODULE  -DDM_PARALLEL -DNETCDF -DUSE_ALLOCATABLES -DGRIB1 -DINTIO -DKEEP_INT_AROUND -DLIMIT_ARGS -DCONFIG_BUF_LEN=65536 -DMAX_DOMAINS_F=21 -DMAX_HISTORY=25 -DNMM_NEST=0  -I. -traditional   module_sf_temfsfclay.F  > module_sf_temfsfclay.bb
/home/saji/WRF/compile/WRF3.8/oml_sst/tools/standard.exe module_sf_temfsfclay.bb | /lib/cpp -P -traditional > module_sf_temfsfclay.f90
rm -f module_sf_temfsfclay.b module_sf_temfsfclay.bb
time mpif90  -o module_sf_temfsfclay.o -c -O2 -ftree-vectorize -funroll-loops -w -ffree-form -ffree-line-length-none -fconvert=big-endian -frecord-marker=4   -I../dyn_em -I../dyn_nmm   -I/home/saji/WRF/compile/WRF3.8/oml_sst/external/esmf_time_f90  -I/home/saji/WRF/compile/WRF3.8/oml_sst/main -I/home/saji/WRF/compile/WRF3.8/oml_sst/external/io_netcdf -I/home/saji/WRF/compile/WRF3.8/oml_sst/external/io_int -I/home/saji/WRF/compile/WRF3.8/oml_sst/frame -I/home/saji/WRF/compile/WRF3.8/oml_sst/share -I/home/saji/WRF/compile/WRF3.8/oml_sst/phys -I/home/saji/WRF/compile/WRF3.8/oml_sst/chem -I/home/saji/WRF/compile/WRF3.8/oml_sst/inc -I/usr/include    module_sf_temfsfclay.f90
0.61user 0.02system 0:00.62elapsed 101%CPU (0avgtext+0avgdata 89072maxresident)k
0inputs+256outputs (0major+7850minor)pagefaults 0swaps
rm -f module_sf_idealscmsfclay.o
/lib/cpp -P -I/home/saji/WRF/compile/WRF3.8/oml_sst/inc -DEM_CORE=1 -DNMM_CORE=0 -DNMM_MAX_DIM=2600 -DCOAMPS_CORE=0 -DDA_CORE=0 -DEXP_CORE=0 -DIWORDSIZE=4 -DDWORDSIZE=8 -DRWORDSIZE=4 -DLWORDSIZE=4 -DNONSTANDARD_SYSTEM_SUBR  -DWRF_USE_CLM -DNO_IEEE_MODULE  -DDM_PARALLEL -DNETCDF -DUSE_ALLOCATABLES -DGRIB1 -DINTIO -DKEEP_INT_AROUND -DLIMIT_ARGS -DCONFIG_BUF_LEN=65536 -DMAX_DOMAINS_F=21 -DMAX_HISTORY=25 -DNMM_NEST=0  -I. -traditional   module_sf_idealscmsfclay.F  > module_sf_idealscmsfclay.bb
/home/saji/WRF/compile/WRF3.8/oml_sst/tools/standard.exe module_sf_idealscmsfclay.bb | /lib/cpp -P -traditional > module_sf_idealscmsfclay.f90
rm -f module_sf_idealscmsfclay.b module_sf_idealscmsfclay.bb
time mpif90  -o module_sf_idealscmsfclay.o -c -O2 -ftree-vectorize -funroll-loops -w -ffree-form -ffree-line-length-none -fconvert=big-endian -frecord-marker=4   -I../dyn_em -I../dyn_nmm   -I/home/saji/WRF/compile/WRF3.8/oml_sst/external/esmf_time_f90  -I/home/saji/WRF/compile/WRF3.8/oml_sst/main -I/home/saji/WRF/compile/WRF3.8/oml_sst/external/io_netcdf -I/home/saji/WRF/compile/WRF3.8/oml_sst/external/io_int -I/home/saji/WRF/compile/WRF3.8/oml_sst/frame -I/home/saji/WRF/compile/WRF3.8/oml_sst/share -I/home/saji/WRF/compile/WRF3.8/oml_sst/phys -I/home/saji/WRF/compile/WRF3.8/oml_sst/chem -I/home/saji/WRF/compile/WRF3.8/oml_sst/inc -I/usr/include    module_sf_idealscmsfclay.f90
0.12user 0.02system 0:00.14elapsed 102%CPU (0avgtext+0avgdata 51872maxresident)k
0inputs+96outputs (0major+5373minor)pagefaults 0swaps
rm -f module_sf_scmflux.o
/lib/cpp -P -I/home/saji/WRF/compile/WRF3.8/oml_sst/inc -DEM_CORE=1 -DNMM_CORE=0 -DNMM_MAX_DIM=2600 -DCOAMPS_CORE=0 -DDA_CORE=0 -DEXP_CORE=0 -DIWORDSIZE=4 -DDWORDSIZE=8 -DRWORDSIZE=4 -DLWORDSIZE=4 -DNONSTANDARD_SYSTEM_SUBR  -DWRF_USE_CLM -DNO_IEEE_MODULE  -DDM_PARALLEL -DNETCDF -DUSE_ALLOCATABLES -DGRIB1 -DINTIO -DKEEP_INT_AROUND -DLIMIT_ARGS -DCONFIG_BUF_LEN=65536 -DMAX_DOMAINS_F=21 -DMAX_HISTORY=25 -DNMM_NEST=0  -I. -traditional   module_sf_scmflux.F  > module_sf_scmflux.bb
0.60user 0.00system 0:00.61elapsed 100%CPU (0avgtext+0avgdata 80208maxresident)k
0inputs+200outputs (0major+7478minor)pagefaults 0swaps
rm -f module_sf_scmskintemp.o
/lib/cpp -P -I/home/saji/WRF/compile/WRF3.8/oml_sst/inc -DEM_CORE=1 -DNMM_CORE=0 -DNMM_MAX_DIM=2600 -DCOAMPS_CORE=0 -DDA_CORE=0 -DEXP_CORE=0 -DIWORDSIZE=4 -DDWORDSIZE=8 -DRWORDSIZE=4 -DLWORDSIZE=4 -DNONSTANDARD_SYSTEM_SUBR  -DWRF_USE_CLM -DNO_IEEE_MODULE  -DDM_PARALLEL -DNETCDF -DUSE_ALLOCATABLES -DGRIB1 -DINTIO -DKEEP_INT_AROUND -DLIMIT_ARGS -DCONFIG_BUF_LEN=65536 -DMAX_DOMAINS_F=21 -DMAX_HISTORY=25 -DNMM_NEST=0  -I. -traditional   module_sf_scmskintemp.F  > module_sf_scmskintemp.bb
/home/saji/WRF/compile/WRF3.8/oml_sst/tools/standard.exe module_sf_scmflux.bb | /lib/cpp -P -traditional > module_sf_scmflux.f90
/home/saji/WRF/compile/WRF3.8/oml_sst/tools/standard.exe module_sf_scmskintemp.bb | /lib/cpp -P -traditional > module_sf_scmskintemp.f90
rm -f module_sf_scmflux.b module_sf_scmflux.bb
time mpif90  -o module_sf_scmflux.o -c -O2 -ftree-vectorize -funroll-loops -w -ffree-form -ffree-line-length-none -fconvert=big-endian -frecord-marker=4   -I../dyn_em -I../dyn_nmm   -I/home/saji/WRF/compile/WRF3.8/oml_sst/external/esmf_time_f90  -I/home/saji/WRF/compile/WRF3.8/oml_sst/main -I/home/saji/WRF/compile/WRF3.8/oml_sst/external/io_netcdf -I/home/saji/WRF/compile/WRF3.8/oml_sst/external/io_int -I/home/saji/WRF/compile/WRF3.8/oml_sst/frame -I/home/saji/WRF/compile/WRF3.8/oml_sst/share -I/home/saji/WRF/compile/WRF3.8/oml_sst/phys -I/home/saji/WRF/compile/WRF3.8/oml_sst/chem -I/home/saji/WRF/compile/WRF3.8/oml_sst/inc -I/usr/include    module_sf_scmflux.f90
rm -f module_sf_scmskintemp.b module_sf_scmskintemp.bb
time mpif90  -o module_sf_scmskintemp.o -c -O2 -ftree-vectorize -funroll-loops -w -ffree-form -ffree-line-length-none -fconvert=big-endian -frecord-marker=4   -I../dyn_em -I../dyn_nmm   -I/home/saji/WRF/compile/WRF3.8/oml_sst/external/esmf_time_f90  -I/home/saji/WRF/compile/WRF3.8/oml_sst/main -I/home/saji/WRF/compile/WRF3.8/oml_sst/external/io_netcdf -I/home/saji/WRF/compile/WRF3.8/oml_sst/external/io_int -I/home/saji/WRF/compile/WRF3.8/oml_sst/frame -I/home/saji/WRF/compile/WRF3.8/oml_sst/share -I/home/saji/WRF/compile/WRF3.8/oml_sst/phys -I/home/saji/WRF/compile/WRF3.8/oml_sst/chem -I/home/saji/WRF/compile/WRF3.8/oml_sst/inc -I/usr/include    module_sf_scmskintemp.f90
0.10user 0.01system 0:00.11elapsed 105%CPU (0avgtext+0avgdata 47296maxresident)k
0inputs+48outputs (0major+5078minor)pagefaults 0swaps
rm -f module_physics_addtendc.o
/lib/cpp -P -I/home/saji/WRF/compile/WRF3.8/oml_sst/inc -DEM_CORE=1 -DNMM_CORE=0 -DNMM_MAX_DIM=2600 -DCOAMPS_CORE=0 -DDA_CORE=0 -DEXP_CORE=0 -DIWORDSIZE=4 -DDWORDSIZE=8 -DRWORDSIZE=4 -DLWORDSIZE=4 -DNONSTANDARD_SYSTEM_SUBR  -DWRF_USE_CLM -DNO_IEEE_MODULE  -DDM_PARALLEL -DNETCDF -DUSE_ALLOCATABLES -DGRIB1 -DINTIO -DKEEP_INT_AROUND -DLIMIT_ARGS -DCONFIG_BUF_LEN=65536 -DMAX_DOMAINS_F=21 -DMAX_HISTORY=25 -DNMM_NEST=0  -I. -traditional   module_physics_addtendc.F  > module_physics_addtendc.bb
/home/saji/WRF/compile/WRF3.8/oml_sst/tools/standard.exe module_physics_addtendc.bb | /lib/cpp -P -traditional > module_physics_addtendc.f90
rm -f module_physics_addtendc.b module_physics_addtendc.bb
time mpif90  -o module_physics_addtendc.o -c -O2 -ftree-vectorize -funroll-loops -w -ffree-form -ffree-line-length-none -fconvert=big-endian -frecord-marker=4   -I../dyn_em -I../dyn_nmm   -I/home/saji/WRF/compile/WRF3.8/oml_sst/external/esmf_time_f90  -I/home/saji/WRF/compile/WRF3.8/oml_sst/main -I/home/saji/WRF/compile/WRF3.8/oml_sst/external/io_netcdf -I/home/saji/WRF/compile/WRF3.8/oml_sst/external/io_int -I/home/saji/WRF/compile/WRF3.8/oml_sst/frame -I/home/saji/WRF/compile/WRF3.8/oml_sst/share -I/home/saji/WRF/compile/WRF3.8/oml_sst/phys -I/home/saji/WRF/compile/WRF3.8/oml_sst/chem -I/home/saji/WRF/compile/WRF3.8/oml_sst/inc -I/usr/include    module_physics_addtendc.f90
0.41user 0.02system 0:00.43elapsed 101%CPU (0avgtext+0avgdata 80016maxresident)k
0inputs+144outputs (0major+7251minor)pagefaults 0swaps
rm -f module_sf_lake.o
/lib/cpp -P -I/home/saji/WRF/compile/WRF3.8/oml_sst/inc -DEM_CORE=1 -DNMM_CORE=0 -DNMM_MAX_DIM=2600 -DCOAMPS_CORE=0 -DDA_CORE=0 -DEXP_CORE=0 -DIWORDSIZE=4 -DDWORDSIZE=8 -DRWORDSIZE=4 -DLWORDSIZE=4 -DNONSTANDARD_SYSTEM_SUBR  -DWRF_USE_CLM -DNO_IEEE_MODULE  -DDM_PARALLEL -DNETCDF -DUSE_ALLOCATABLES -DGRIB1 -DINTIO -DKEEP_INT_AROUND -DLIMIT_ARGS -DCONFIG_BUF_LEN=65536 -DMAX_DOMAINS_F=21 -DMAX_HISTORY=25 -DNMM_NEST=0  -I. -traditional   module_sf_lake.F  > module_sf_lake.bb
/home/saji/WRF/compile/WRF3.8/oml_sst/tools/standard.exe module_sf_lake.bb | /lib/cpp -P -traditional > module_sf_lake.f90
rm -f module_sf_lake.b module_sf_lake.bb
time mpif90  -o module_sf_lake.o -c -O2 -ftree-vectorize -funroll-loops -w -ffree-form -ffree-line-length-none -fconvert=big-endian -frecord-marker=4   -I../dyn_em -I../dyn_nmm   -I/home/saji/WRF/compile/WRF3.8/oml_sst/external/esmf_time_f90  -I/home/saji/WRF/compile/WRF3.8/oml_sst/main -I/home/saji/WRF/compile/WRF3.8/oml_sst/external/io_netcdf -I/home/saji/WRF/compile/WRF3.8/oml_sst/external/io_int -I/home/saji/WRF/compile/WRF3.8/oml_sst/frame -I/home/saji/WRF/compile/WRF3.8/oml_sst/share -I/home/saji/WRF/compile/WRF3.8/oml_sst/phys -I/home/saji/WRF/compile/WRF3.8/oml_sst/chem -I/home/saji/WRF/compile/WRF3.8/oml_sst/inc -I/usr/include    module_sf_lake.f90
2.36user 0.10system 0:02.46elapsed 100%CPU (0avgtext+0avgdata 179776maxresident)k
0inputs+2768outputs (0major+14333minor)pagefaults 0swaps
rm -f module_fdda_psufddagd.o
/lib/cpp -P -I/home/saji/WRF/compile/WRF3.8/oml_sst/inc -DEM_CORE=1 -DNMM_CORE=0 -DNMM_MAX_DIM=2600 -DCOAMPS_CORE=0 -DDA_CORE=0 -DEXP_CORE=0 -DIWORDSIZE=4 -DDWORDSIZE=8 -DRWORDSIZE=4 -DLWORDSIZE=4 -DNONSTANDARD_SYSTEM_SUBR  -DWRF_USE_CLM -DNO_IEEE_MODULE  -DDM_PARALLEL -DNETCDF -DUSE_ALLOCATABLES -DGRIB1 -DINTIO -DKEEP_INT_AROUND -DLIMIT_ARGS -DCONFIG_BUF_LEN=65536 -DMAX_DOMAINS_F=21 -DMAX_HISTORY=25 -DNMM_NEST=0  -I. -traditional   module_fdda_psufddagd.F  > module_fdda_psufddagd.bb
/home/saji/WRF/compile/WRF3.8/oml_sst/tools/standard.exe module_fdda_psufddagd.bb | /lib/cpp -P -traditional > module_fdda_psufddagd.f90
rm -f module_fdda_psufddagd.b module_fdda_psufddagd.bb
time mpif90  -o module_fdda_psufddagd.o -c -O2 -ftree-vectorize -funroll-loops -w -ffree-form -ffree-line-length-none -fconvert=big-endian -frecord-marker=4   -I../dyn_em -I../dyn_nmm   -I/home/saji/WRF/compile/WRF3.8/oml_sst/external/esmf_time_f90  -I/home/saji/WRF/compile/WRF3.8/oml_sst/main -I/home/saji/WRF/compile/WRF3.8/oml_sst/external/io_netcdf -I/home/saji/WRF/compile/WRF3.8/oml_sst/external/io_int -I/home/saji/WRF/compile/WRF3.8/oml_sst/frame -I/home/saji/WRF/compile/WRF3.8/oml_sst/share -I/home/saji/WRF/compile/WRF3.8/oml_sst/phys -I/home/saji/WRF/compile/WRF3.8/oml_sst/chem -I/home/saji/WRF/compile/WRF3.8/oml_sst/inc -I/usr/include    module_fdda_psufddagd.f90
4.80user 0.05system 0:04.85elapsed 100%CPU (0avgtext+0avgdata 349968maxresident)k
0inputs+1608outputs (0major+25093minor)pagefaults 0swaps
rm -f module_fdda_spnudging.o
/lib/cpp -P -I/home/saji/WRF/compile/WRF3.8/oml_sst/inc -DEM_CORE=1 -DNMM_CORE=0 -DNMM_MAX_DIM=2600 -DCOAMPS_CORE=0 -DDA_CORE=0 -DEXP_CORE=0 -DIWORDSIZE=4 -DDWORDSIZE=8 -DRWORDSIZE=4 -DLWORDSIZE=4 -DNONSTANDARD_SYSTEM_SUBR  -DWRF_USE_CLM -DNO_IEEE_MODULE  -DDM_PARALLEL -DNETCDF -DUSE_ALLOCATABLES -DGRIB1 -DINTIO -DKEEP_INT_AROUND -DLIMIT_ARGS -DCONFIG_BUF_LEN=65536 -DMAX_DOMAINS_F=21 -DMAX_HISTORY=25 -DNMM_NEST=0  -I. -traditional   module_fdda_spnudging.F  > module_fdda_spnudging.bb
/home/saji/WRF/compile/WRF3.8/oml_sst/tools/standard.exe module_fdda_spnudging.bb | /lib/cpp -P -traditional > module_fdda_spnudging.f90
rm -f module_fdda_spnudging.b module_fdda_spnudging.bb
time mpif90  -o module_fdda_spnudging.o -c -O2 -ftree-vectorize -funroll-loops -w -ffree-form -ffree-line-length-none -fconvert=big-endian -frecord-marker=4   -I../dyn_em -I../dyn_nmm   -I/home/saji/WRF/compile/WRF3.8/oml_sst/external/esmf_time_f90  -I/home/saji/WRF/compile/WRF3.8/oml_sst/main -I/home/saji/WRF/compile/WRF3.8/oml_sst/external/io_netcdf -I/home/saji/WRF/compile/WRF3.8/oml_sst/external/io_int -I/home/saji/WRF/compile/WRF3.8/oml_sst/frame -I/home/saji/WRF/compile/WRF3.8/oml_sst/share -I/home/saji/WRF/compile/WRF3.8/oml_sst/phys -I/home/saji/WRF/compile/WRF3.8/oml_sst/chem -I/home/saji/WRF/compile/WRF3.8/oml_sst/inc -I/usr/include    module_fdda_spnudging.f90
3.16user 0.04system 0:03.20elapsed 100%CPU (0avgtext+0avgdata 240672maxresident)k
0inputs+848outputs (0major+18886minor)pagefaults 0swaps
rm -f module_fddaobs_rtfdda.o
/home/saji/WRF/compile/WRF3.8/oml_sst/tools/standard.exe module_fddaobs_rtfdda.F > module_fddaobs_rtfdda.b 
/lib/cpp -P -I/home/saji/WRF/compile/WRF3.8/oml_sst/inc -DEM_CORE=1 -DNMM_CORE=0 -DNMM_MAX_DIM=2600 -DCOAMPS_CORE=0 -DDA_CORE=0 -DEXP_CORE=0 -DIWORDSIZE=4 -DDWORDSIZE=8 -DRWORDSIZE=4 -DLWORDSIZE=4 -DNONSTANDARD_SYSTEM_SUBR  -DWRF_USE_CLM -DNO_IEEE_MODULE  -DDM_PARALLEL -DNETCDF -DUSE_ALLOCATABLES -DGRIB1 -DINTIO -DKEEP_INT_AROUND -DLIMIT_ARGS -DCONFIG_BUF_LEN=65536 -DMAX_DOMAINS_F=21 -DMAX_HISTORY=25 -DNMM_NEST=0  -I. -traditional   module_fddaobs_rtfdda.b  > module_fddaobs_rtfdda.f90
rm -f module_fddaobs_rtfdda.b
if fgrep -iq '!$OMP' module_fddaobs_rtfdda.f90 ; then \
          if [ -n "" ] ; then echo COMPILING module_fddaobs_rtfdda.F WITH OMP ; fi ; \
	  time mpif90  -c  -O0 -w -ffree-form -ffree-line-length-none -fconvert=big-endian -frecord-marker=4  -I../dyn_em -I../dyn_nmm   -I/home/saji/WRF/compile/WRF3.8/oml_sst/external/esmf_time_f90  -I/home/saji/WRF/compile/WRF3.8/oml_sst/main -I/home/saji/WRF/compile/WRF3.8/oml_sst/external/io_netcdf -I/home/saji/WRF/compile/WRF3.8/oml_sst/external/io_int -I/home/saji/WRF/compile/WRF3.8/oml_sst/frame -I/home/saji/WRF/compile/WRF3.8/oml_sst/share -I/home/saji/WRF/compile/WRF3.8/oml_sst/phys -I/home/saji/WRF/compile/WRF3.8/oml_sst/chem -I/home/saji/WRF/compile/WRF3.8/oml_sst/inc -I/usr/include    module_fddaobs_rtfdda.f90 ; \
        else \
          if [ -n "" ] ; then echo COMPILING module_fddaobs_rtfdda.F WITHOUT OMP ; fi ; \
	  time mpif90  -c  -O0 -w -ffree-form -ffree-line-length-none -fconvert=big-endian -frecord-marker=4  -I../dyn_em -I../dyn_nmm   -I/home/saji/WRF/compile/WRF3.8/oml_sst/external/esmf_time_f90  -I/home/saji/WRF/compile/WRF3.8/oml_sst/main -I/home/saji/WRF/compile/WRF3.8/oml_sst/external/io_netcdf -I/home/saji/WRF/compile/WRF3.8/oml_sst/external/io_int -I/home/saji/WRF/compile/WRF3.8/oml_sst/frame -I/home/saji/WRF/compile/WRF3.8/oml_sst/share -I/home/saji/WRF/compile/WRF3.8/oml_sst/phys -I/home/saji/WRF/compile/WRF3.8/oml_sst/chem -I/home/saji/WRF/compile/WRF3.8/oml_sst/inc -I/usr/include   module_fddaobs_rtfdda.f90 ; \
        fi
1.26user 0.17system 0:01.42elapsed 100%CPU (0avgtext+0avgdata 177792maxresident)k
0inputs+968outputs (0major+14992minor)pagefaults 0swaps
rm -f module_wind_fitch.o
/lib/cpp -P -I/home/saji/WRF/compile/WRF3.8/oml_sst/inc -DEM_CORE=1 -DNMM_CORE=0 -DNMM_MAX_DIM=2600 -DCOAMPS_CORE=0 -DDA_CORE=0 -DEXP_CORE=0 -DIWORDSIZE=4 -DDWORDSIZE=8 -DRWORDSIZE=4 -DLWORDSIZE=4 -DNONSTANDARD_SYSTEM_SUBR  -DWRF_USE_CLM -DNO_IEEE_MODULE  -DDM_PARALLEL -DNETCDF -DUSE_ALLOCATABLES -DGRIB1 -DINTIO -DKEEP_INT_AROUND -DLIMIT_ARGS -DCONFIG_BUF_LEN=65536 -DMAX_DOMAINS_F=21 -DMAX_HISTORY=25 -DNMM_NEST=0  -I. -traditional   module_wind_fitch.F  > module_wind_fitch.bb
/home/saji/WRF/compile/WRF3.8/oml_sst/tools/standard.exe module_wind_fitch.bb | /lib/cpp -P -traditional > module_wind_fitch.f90
rm -f module_wind_fitch.b module_wind_fitch.bb
time mpif90  -o module_wind_fitch.o -c -O2 -ftree-vectorize -funroll-loops -w -ffree-form -ffree-line-length-none -fconvert=big-endian -frecord-marker=4   -I../dyn_em -I../dyn_nmm   -I/home/saji/WRF/compile/WRF3.8/oml_sst/external/esmf_time_f90  -I/home/saji/WRF/compile/WRF3.8/oml_sst/main -I/home/saji/WRF/compile/WRF3.8/oml_sst/external/io_netcdf -I/home/saji/WRF/compile/WRF3.8/oml_sst/external/io_int -I/home/saji/WRF/compile/WRF3.8/oml_sst/frame -I/home/saji/WRF/compile/WRF3.8/oml_sst/share -I/home/saji/WRF/compile/WRF3.8/oml_sst/phys -I/home/saji/WRF/compile/WRF3.8/oml_sst/chem -I/home/saji/WRF/compile/WRF3.8/oml_sst/inc -I/usr/include    module_wind_fitch.f90
0.73user 0.06system 0:00.79elapsed 100%CPU (0avgtext+0avgdata 83376maxresident)k
0inputs+864outputs (0major+7794minor)pagefaults 0swaps
rm -f module_microphysics_zero_out.o
/lib/cpp -P -I/home/saji/WRF/compile/WRF3.8/oml_sst/inc -DEM_CORE=1 -DNMM_CORE=0 -DNMM_MAX_DIM=2600 -DCOAMPS_CORE=0 -DDA_CORE=0 -DEXP_CORE=0 -DIWORDSIZE=4 -DDWORDSIZE=8 -DRWORDSIZE=4 -DLWORDSIZE=4 -DNONSTANDARD_SYSTEM_SUBR  -DWRF_USE_CLM -DNO_IEEE_MODULE  -DDM_PARALLEL -DNETCDF -DUSE_ALLOCATABLES -DGRIB1 -DINTIO -DKEEP_INT_AROUND -DLIMIT_ARGS -DCONFIG_BUF_LEN=65536 -DMAX_DOMAINS_F=21 -DMAX_HISTORY=25 -DNMM_NEST=0  -I. -traditional   module_microphysics_zero_out.F  > module_microphysics_zero_out.bb
/home/saji/WRF/compile/WRF3.8/oml_sst/tools/standard.exe module_microphysics_zero_out.bb | /lib/cpp -P -traditional > module_microphysics_zero_out.f90
rm -f module_microphysics_zero_out.b module_microphysics_zero_out.bb
time mpif90  -o module_microphysics_zero_out.o -c -O2 -ftree-vectorize -funroll-loops -w -ffree-form -ffree-line-length-none -fconvert=big-endian -frecord-marker=4   -I../dyn_em -I../dyn_nmm   -I/home/saji/WRF/compile/WRF3.8/oml_sst/external/esmf_time_f90  -I/home/saji/WRF/compile/WRF3.8/oml_sst/main -I/home/saji/WRF/compile/WRF3.8/oml_sst/external/io_netcdf -I/home/saji/WRF/compile/WRF3.8/oml_sst/external/io_int -I/home/saji/WRF/compile/WRF3.8/oml_sst/frame -I/home/saji/WRF/compile/WRF3.8/oml_sst/share -I/home/saji/WRF/compile/WRF3.8/oml_sst/phys -I/home/saji/WRF/compile/WRF3.8/oml_sst/chem -I/home/saji/WRF/compile/WRF3.8/oml_sst/inc -I/usr/include    module_microphysics_zero_out.f90
3.36user 0.12system 0:03.48elapsed 100%CPU (0avgtext+0avgdata 285376maxresident)k
0inputs+1976outputs (0major+22091minor)pagefaults 0swaps
rm -f module_ltng_crmpr92.o
/lib/cpp -P -I/home/saji/WRF/compile/WRF3.8/oml_sst/inc -DEM_CORE=1 -DNMM_CORE=0 -DNMM_MAX_DIM=2600 -DCOAMPS_CORE=0 -DDA_CORE=0 -DEXP_CORE=0 -DIWORDSIZE=4 -DDWORDSIZE=8 -DRWORDSIZE=4 -DLWORDSIZE=4 -DNONSTANDARD_SYSTEM_SUBR  -DWRF_USE_CLM -DNO_IEEE_MODULE  -DDM_PARALLEL -DNETCDF -DUSE_ALLOCATABLES -DGRIB1 -DINTIO -DKEEP_INT_AROUND -DLIMIT_ARGS -DCONFIG_BUF_LEN=65536 -DMAX_DOMAINS_F=21 -DMAX_HISTORY=25 -DNMM_NEST=0  -I. -traditional   module_ltng_crmpr92.F  > module_ltng_crmpr92.bb
/home/saji/WRF/compile/WRF3.8/oml_sst/tools/standard.exe module_ltng_crmpr92.bb | /lib/cpp -P -traditional > module_ltng_crmpr92.f90
rm -f module_ltng_crmpr92.b module_ltng_crmpr92.bb
time mpif90  -o module_ltng_crmpr92.o -c -O2 -ftree-vectorize -funroll-loops -w -ffree-form -ffree-line-length-none -fconvert=big-endian -frecord-marker=4   -I../dyn_em -I../dyn_nmm   -I/home/saji/WRF/compile/WRF3.8/oml_sst/external/esmf_time_f90  -I/home/saji/WRF/compile/WRF3.8/oml_sst/main -I/home/saji/WRF/compile/WRF3.8/oml_sst/external/io_netcdf -I/home/saji/WRF/compile/WRF3.8/oml_sst/external/io_int -I/home/saji/WRF/compile/WRF3.8/oml_sst/frame -I/home/saji/WRF/compile/WRF3.8/oml_sst/share -I/home/saji/WRF/compile/WRF3.8/oml_sst/phys -I/home/saji/WRF/compile/WRF3.8/oml_sst/chem -I/home/saji/WRF/compile/WRF3.8/oml_sst/inc -I/usr/include    module_ltng_crmpr92.f90
0.86user 0.08system 0:00.94elapsed 100%CPU (0avgtext+0avgdata 84064maxresident)k
0inputs+1152outputs (0major+7504minor)pagefaults 0swaps
rm -f module_ltng_cpmpr92z.o
/lib/cpp -P -I/home/saji/WRF/compile/WRF3.8/oml_sst/inc -DEM_CORE=1 -DNMM_CORE=0 -DNMM_MAX_DIM=2600 -DCOAMPS_CORE=0 -DDA_CORE=0 -DEXP_CORE=0 -DIWORDSIZE=4 -DDWORDSIZE=8 -DRWORDSIZE=4 -DLWORDSIZE=4 -DNONSTANDARD_SYSTEM_SUBR  -DWRF_USE_CLM -DNO_IEEE_MODULE  -DDM_PARALLEL -DNETCDF -DUSE_ALLOCATABLES -DGRIB1 -DINTIO -DKEEP_INT_AROUND -DLIMIT_ARGS -DCONFIG_BUF_LEN=65536 -DMAX_DOMAINS_F=21 -DMAX_HISTORY=25 -DNMM_NEST=0  -I. -traditional   module_ltng_cpmpr92z.F  > module_ltng_cpmpr92z.bb
/home/saji/WRF/compile/WRF3.8/oml_sst/tools/standard.exe module_ltng_cpmpr92z.bb | /lib/cpp -P -traditional > module_ltng_cpmpr92z.f90
rm -f module_ltng_cpmpr92z.b module_ltng_cpmpr92z.bb
time mpif90  -o module_ltng_cpmpr92z.o -c -O2 -ftree-vectorize -funroll-loops -w -ffree-form -ffree-line-length-none -fconvert=big-endian -frecord-marker=4   -I../dyn_em -I../dyn_nmm   -I/home/saji/WRF/compile/WRF3.8/oml_sst/external/esmf_time_f90  -I/home/saji/WRF/compile/WRF3.8/oml_sst/main -I/home/saji/WRF/compile/WRF3.8/oml_sst/external/io_netcdf -I/home/saji/WRF/compile/WRF3.8/oml_sst/external/io_int -I/home/saji/WRF/compile/WRF3.8/oml_sst/frame -I/home/saji/WRF/compile/WRF3.8/oml_sst/share -I/home/saji/WRF/compile/WRF3.8/oml_sst/phys -I/home/saji/WRF/compile/WRF3.8/oml_sst/chem -I/home/saji/WRF/compile/WRF3.8/oml_sst/inc -I/usr/include    module_ltng_cpmpr92z.f90
0.30user 0.02system 0:00.31elapsed 102%CPU (0avgtext+0avgdata 62144maxresident)k
0inputs+96outputs (0major+6078minor)pagefaults 0swaps
rm -f module_ltng_iccg.o
/lib/cpp -P -I/home/saji/WRF/compile/WRF3.8/oml_sst/inc -DEM_CORE=1 -DNMM_CORE=0 -DNMM_MAX_DIM=2600 -DCOAMPS_CORE=0 -DDA_CORE=0 -DEXP_CORE=0 -DIWORDSIZE=4 -DDWORDSIZE=8 -DRWORDSIZE=4 -DLWORDSIZE=4 -DNONSTANDARD_SYSTEM_SUBR  -DWRF_USE_CLM -DNO_IEEE_MODULE  -DDM_PARALLEL -DNETCDF -DUSE_ALLOCATABLES -DGRIB1 -DINTIO -DKEEP_INT_AROUND -DLIMIT_ARGS -DCONFIG_BUF_LEN=65536 -DMAX_DOMAINS_F=21 -DMAX_HISTORY=25 -DNMM_NEST=0  -I. -traditional   module_ltng_iccg.F  > module_ltng_iccg.bb
/home/saji/WRF/compile/WRF3.8/oml_sst/tools/standard.exe module_ltng_iccg.bb | /lib/cpp -P -traditional > module_ltng_iccg.f90
rm -f module_ltng_iccg.b module_ltng_iccg.bb
time mpif90  -o module_ltng_iccg.o -c -O2 -ftree-vectorize -funroll-loops -w -ffree-form -ffree-line-length-none -fconvert=big-endian -frecord-marker=4   -I../dyn_em -I../dyn_nmm   -I/home/saji/WRF/compile/WRF3.8/oml_sst/external/esmf_time_f90  -I/home/saji/WRF/compile/WRF3.8/oml_sst/main -I/home/saji/WRF/compile/WRF3.8/oml_sst/external/io_netcdf -I/home/saji/WRF/compile/WRF3.8/oml_sst/external/io_int -I/home/saji/WRF/compile/WRF3.8/oml_sst/frame -I/home/saji/WRF/compile/WRF3.8/oml_sst/share -I/home/saji/WRF/compile/WRF3.8/oml_sst/phys -I/home/saji/WRF/compile/WRF3.8/oml_sst/chem -I/home/saji/WRF/compile/WRF3.8/oml_sst/inc -I/usr/include    module_ltng_iccg.f90
0.73user 0.10system 0:00.83elapsed 101%CPU (0avgtext+0avgdata 84736maxresident)k
0inputs+184outputs (0major+7659minor)pagefaults 0swaps
rm -f module_fddagd_driver.o
/lib/cpp -P -I/home/saji/WRF/compile/WRF3.8/oml_sst/inc -DEM_CORE=1 -DNMM_CORE=0 -DNMM_MAX_DIM=2600 -DCOAMPS_CORE=0 -DDA_CORE=0 -DEXP_CORE=0 -DIWORDSIZE=4 -DDWORDSIZE=8 -DRWORDSIZE=4 -DLWORDSIZE=4 -DNONSTANDARD_SYSTEM_SUBR  -DWRF_USE_CLM -DNO_IEEE_MODULE  -DDM_PARALLEL -DNETCDF -DUSE_ALLOCATABLES -DGRIB1 -DINTIO -DKEEP_INT_AROUND -DLIMIT_ARGS -DCONFIG_BUF_LEN=65536 -DMAX_DOMAINS_F=21 -DMAX_HISTORY=25 -DNMM_NEST=0  -I. -traditional   module_fddagd_driver.F  > module_fddagd_driver.bb
/home/saji/WRF/compile/WRF3.8/oml_sst/tools/standard.exe module_fddagd_driver.bb | /lib/cpp -P -traditional > module_fddagd_driver.f90
rm -f module_fddagd_driver.b module_fddagd_driver.bb
time mpif90  -o module_fddagd_driver.o -c -O2 -ftree-vectorize -funroll-loops -w -ffree-form -ffree-line-length-none -fconvert=big-endian -frecord-marker=4   -I../dyn_em -I../dyn_nmm   -I/home/saji/WRF/compile/WRF3.8/oml_sst/external/esmf_time_f90  -I/home/saji/WRF/compile/WRF3.8/oml_sst/main -I/home/saji/WRF/compile/WRF3.8/oml_sst/external/io_netcdf -I/home/saji/WRF/compile/WRF3.8/oml_sst/external/io_int -I/home/saji/WRF/compile/WRF3.8/oml_sst/frame -I/home/saji/WRF/compile/WRF3.8/oml_sst/share -I/home/saji/WRF/compile/WRF3.8/oml_sst/phys -I/home/saji/WRF/compile/WRF3.8/oml_sst/chem -I/home/saji/WRF/compile/WRF3.8/oml_sst/inc -I/usr/include    module_fddagd_driver.f90
0.69user 0.02system 0:00.71elapsed 100%CPU (0avgtext+0avgdata 95168maxresident)k
0inputs+264outputs (0major+8452minor)pagefaults 0swaps
rm -f module_fddaobs_driver.o
/lib/cpp -P -I/home/saji/WRF/compile/WRF3.8/oml_sst/inc -DEM_CORE=1 -DNMM_CORE=0 -DNMM_MAX_DIM=2600 -DCOAMPS_CORE=0 -DDA_CORE=0 -DEXP_CORE=0 -DIWORDSIZE=4 -DDWORDSIZE=8 -DRWORDSIZE=4 -DLWORDSIZE=4 -DNONSTANDARD_SYSTEM_SUBR  -DWRF_USE_CLM -DNO_IEEE_MODULE  -DDM_PARALLEL -DNETCDF -DUSE_ALLOCATABLES -DGRIB1 -DINTIO -DKEEP_INT_AROUND -DLIMIT_ARGS -DCONFIG_BUF_LEN=65536 -DMAX_DOMAINS_F=21 -DMAX_HISTORY=25 -DNMM_NEST=0  -I. -traditional   module_fddaobs_driver.F  > module_fddaobs_driver.bb
/home/saji/WRF/compile/WRF3.8/oml_sst/tools/standard.exe module_fddaobs_driver.bb | /lib/cpp -P -traditional > module_fddaobs_driver.f90
rm -f module_fddaobs_driver.b module_fddaobs_driver.bb
time mpif90  -o module_fddaobs_driver.o -c -O2 -ftree-vectorize -funroll-loops -w -ffree-form -ffree-line-length-none -fconvert=big-endian -frecord-marker=4   -I../dyn_em -I../dyn_nmm   -I/home/saji/WRF/compile/WRF3.8/oml_sst/external/esmf_time_f90  -I/home/saji/WRF/compile/WRF3.8/oml_sst/main -I/home/saji/WRF/compile/WRF3.8/oml_sst/external/io_netcdf -I/home/saji/WRF/compile/WRF3.8/oml_sst/external/io_int -I/home/saji/WRF/compile/WRF3.8/oml_sst/frame -I/home/saji/WRF/compile/WRF3.8/oml_sst/share -I/home/saji/WRF/compile/WRF3.8/oml_sst/phys -I/home/saji/WRF/compile/WRF3.8/oml_sst/chem -I/home/saji/WRF/compile/WRF3.8/oml_sst/inc -I/usr/include    module_fddaobs_driver.f90
1.07user 0.14system 0:01.22elapsed 100%CPU (0avgtext+0avgdata 113664maxresident)k
0inputs+2008outputs (0major+9861minor)pagefaults 0swaps
rm -f module_diag_misc.o
/lib/cpp -P -I/home/saji/WRF/compile/WRF3.8/oml_sst/inc -DEM_CORE=1 -DNMM_CORE=0 -DNMM_MAX_DIM=2600 -DCOAMPS_CORE=0 -DDA_CORE=0 -DEXP_CORE=0 -DIWORDSIZE=4 -DDWORDSIZE=8 -DRWORDSIZE=4 -DLWORDSIZE=4 -DNONSTANDARD_SYSTEM_SUBR  -DWRF_USE_CLM -DNO_IEEE_MODULE  -DDM_PARALLEL -DNETCDF -DUSE_ALLOCATABLES -DGRIB1 -DINTIO -DKEEP_INT_AROUND -DLIMIT_ARGS -DCONFIG_BUF_LEN=65536 -DMAX_DOMAINS_F=21 -DMAX_HISTORY=25 -DNMM_NEST=0  -I. -traditional   module_diag_misc.F  > module_diag_misc.bb
/home/saji/WRF/compile/WRF3.8/oml_sst/tools/standard.exe module_diag_misc.bb | /lib/cpp -P -traditional > module_diag_misc.f90
rm -f module_diag_misc.b module_diag_misc.bb
time mpif90  -o module_diag_misc.o -c -O2 -ftree-vectorize -funroll-loops -w -ffree-form -ffree-line-length-none -fconvert=big-endian -frecord-marker=4   -I../dyn_em -I../dyn_nmm   -I/home/saji/WRF/compile/WRF3.8/oml_sst/external/esmf_time_f90  -I/home/saji/WRF/compile/WRF3.8/oml_sst/main -I/home/saji/WRF/compile/WRF3.8/oml_sst/external/io_netcdf -I/home/saji/WRF/compile/WRF3.8/oml_sst/external/io_int -I/home/saji/WRF/compile/WRF3.8/oml_sst/frame -I/home/saji/WRF/compile/WRF3.8/oml_sst/share -I/home/saji/WRF/compile/WRF3.8/oml_sst/phys -I/home/saji/WRF/compile/WRF3.8/oml_sst/chem -I/home/saji/WRF/compile/WRF3.8/oml_sst/inc -I/usr/include    module_diag_misc.f90
1.00user 0.06system 0:01.07elapsed 100%CPU (0avgtext+0avgdata 114448maxresident)k
0inputs+792outputs (0major+9743minor)pagefaults 0swaps
rm -f module_diag_cl.o
/lib/cpp -P -I/home/saji/WRF/compile/WRF3.8/oml_sst/inc -DEM_CORE=1 -DNMM_CORE=0 -DNMM_MAX_DIM=2600 -DCOAMPS_CORE=0 -DDA_CORE=0 -DEXP_CORE=0 -DIWORDSIZE=4 -DDWORDSIZE=8 -DRWORDSIZE=4 -DLWORDSIZE=4 -DNONSTANDARD_SYSTEM_SUBR  -DWRF_USE_CLM -DNO_IEEE_MODULE  -DDM_PARALLEL -DNETCDF -DUSE_ALLOCATABLES -DGRIB1 -DINTIO -DKEEP_INT_AROUND -DLIMIT_ARGS -DCONFIG_BUF_LEN=65536 -DMAX_DOMAINS_F=21 -DMAX_HISTORY=25 -DNMM_NEST=0  -I. -traditional   module_diag_cl.F  > module_diag_cl.bb
/home/saji/WRF/compile/WRF3.8/oml_sst/tools/standard.exe module_diag_cl.bb | /lib/cpp -P -traditional > module_diag_cl.f90
rm -f module_diag_cl.b module_diag_cl.bb
time mpif90  -o module_diag_cl.o -c -O2 -ftree-vectorize -funroll-loops -w -ffree-form -ffree-line-length-none -fconvert=big-endian -frecord-marker=4   -I../dyn_em -I../dyn_nmm   -I/home/saji/WRF/compile/WRF3.8/oml_sst/external/esmf_time_f90  -I/home/saji/WRF/compile/WRF3.8/oml_sst/main -I/home/saji/WRF/compile/WRF3.8/oml_sst/external/io_netcdf -I/home/saji/WRF/compile/WRF3.8/oml_sst/external/io_int -I/home/saji/WRF/compile/WRF3.8/oml_sst/frame -I/home/saji/WRF/compile/WRF3.8/oml_sst/share -I/home/saji/WRF/compile/WRF3.8/oml_sst/phys -I/home/saji/WRF/compile/WRF3.8/oml_sst/chem -I/home/saji/WRF/compile/WRF3.8/oml_sst/inc -I/usr/include    module_diag_cl.f90
3.36user 0.08system 0:03.44elapsed 100%CPU (0avgtext+0avgdata 354000maxresident)k
0inputs+640outputs (0major+28362minor)pagefaults 0swaps
rm -f module_diag_pld.o
/lib/cpp -P -I/home/saji/WRF/compile/WRF3.8/oml_sst/inc -DEM_CORE=1 -DNMM_CORE=0 -DNMM_MAX_DIM=2600 -DCOAMPS_CORE=0 -DDA_CORE=0 -DEXP_CORE=0 -DIWORDSIZE=4 -DDWORDSIZE=8 -DRWORDSIZE=4 -DLWORDSIZE=4 -DNONSTANDARD_SYSTEM_SUBR  -DWRF_USE_CLM -DNO_IEEE_MODULE  -DDM_PARALLEL -DNETCDF -DUSE_ALLOCATABLES -DGRIB1 -DINTIO -DKEEP_INT_AROUND -DLIMIT_ARGS -DCONFIG_BUF_LEN=65536 -DMAX_DOMAINS_F=21 -DMAX_HISTORY=25 -DNMM_NEST=0  -I. -traditional   module_diag_pld.F  > module_diag_pld.bb
/home/saji/WRF/compile/WRF3.8/oml_sst/tools/standard.exe module_diag_pld.bb | /lib/cpp -P -traditional > module_diag_pld.f90
rm -f module_diag_pld.b module_diag_pld.bb
time mpif90  -o module_diag_pld.o -c -O2 -ftree-vectorize -funroll-loops -w -ffree-form -ffree-line-length-none -fconvert=big-endian -frecord-marker=4   -I../dyn_em -I../dyn_nmm   -I/home/saji/WRF/compile/WRF3.8/oml_sst/external/esmf_time_f90  -I/home/saji/WRF/compile/WRF3.8/oml_sst/main -I/home/saji/WRF/compile/WRF3.8/oml_sst/external/io_netcdf -I/home/saji/WRF/compile/WRF3.8/oml_sst/external/io_int -I/home/saji/WRF/compile/WRF3.8/oml_sst/frame -I/home/saji/WRF/compile/WRF3.8/oml_sst/share -I/home/saji/WRF/compile/WRF3.8/oml_sst/phys -I/home/saji/WRF/compile/WRF3.8/oml_sst/chem -I/home/saji/WRF/compile/WRF3.8/oml_sst/inc -I/usr/include    module_diag_pld.f90
0.40user 0.00system 0:00.40elapsed 101%CPU (0avgtext+0avgdata 77088maxresident)k
0inputs+144outputs (0major+7090minor)pagefaults 0swaps
rm -f module_diag_zld.o
/lib/cpp -P -I/home/saji/WRF/compile/WRF3.8/oml_sst/inc -DEM_CORE=1 -DNMM_CORE=0 -DNMM_MAX_DIM=2600 -DCOAMPS_CORE=0 -DDA_CORE=0 -DEXP_CORE=0 -DIWORDSIZE=4 -DDWORDSIZE=8 -DRWORDSIZE=4 -DLWORDSIZE=4 -DNONSTANDARD_SYSTEM_SUBR  -DWRF_USE_CLM -DNO_IEEE_MODULE  -DDM_PARALLEL -DNETCDF -DUSE_ALLOCATABLES -DGRIB1 -DINTIO -DKEEP_INT_AROUND -DLIMIT_ARGS -DCONFIG_BUF_LEN=65536 -DMAX_DOMAINS_F=21 -DMAX_HISTORY=25 -DNMM_NEST=0  -I. -traditional   module_diag_zld.F  > module_diag_zld.bb
/home/saji/WRF/compile/WRF3.8/oml_sst/tools/standard.exe module_diag_zld.bb | /lib/cpp -P -traditional > module_diag_zld.f90
rm -f module_diag_zld.b module_diag_zld.bb
time mpif90  -o module_diag_zld.o -c -O2 -ftree-vectorize -funroll-loops -w -ffree-form -ffree-line-length-none -fconvert=big-endian -frecord-marker=4   -I../dyn_em -I../dyn_nmm   -I/home/saji/WRF/compile/WRF3.8/oml_sst/external/esmf_time_f90  -I/home/saji/WRF/compile/WRF3.8/oml_sst/main -I/home/saji/WRF/compile/WRF3.8/oml_sst/external/io_netcdf -I/home/saji/WRF/compile/WRF3.8/oml_sst/external/io_int -I/home/saji/WRF/compile/WRF3.8/oml_sst/frame -I/home/saji/WRF/compile/WRF3.8/oml_sst/share -I/home/saji/WRF/compile/WRF3.8/oml_sst/phys -I/home/saji/WRF/compile/WRF3.8/oml_sst/chem -I/home/saji/WRF/compile/WRF3.8/oml_sst/inc -I/usr/include    module_diag_zld.f90
3.49user 0.09system 0:03.58elapsed 100%CPU (0avgtext+0avgdata 357296maxresident)k
0inputs+808outputs (0major+26424minor)pagefaults 0swaps
rm -f module_diag_afwa_hail.o
/lib/cpp -P -I/home/saji/WRF/compile/WRF3.8/oml_sst/inc -DEM_CORE=1 -DNMM_CORE=0 -DNMM_MAX_DIM=2600 -DCOAMPS_CORE=0 -DDA_CORE=0 -DEXP_CORE=0 -DIWORDSIZE=4 -DDWORDSIZE=8 -DRWORDSIZE=4 -DLWORDSIZE=4 -DNONSTANDARD_SYSTEM_SUBR  -DWRF_USE_CLM -DNO_IEEE_MODULE  -DDM_PARALLEL -DNETCDF -DUSE_ALLOCATABLES -DGRIB1 -DINTIO -DKEEP_INT_AROUND -DLIMIT_ARGS -DCONFIG_BUF_LEN=65536 -DMAX_DOMAINS_F=21 -DMAX_HISTORY=25 -DNMM_NEST=0  -I. -traditional   module_diag_afwa_hail.F  > module_diag_afwa_hail.bb
/home/saji/WRF/compile/WRF3.8/oml_sst/tools/standard.exe module_diag_afwa_hail.bb | /lib/cpp -P -traditional > module_diag_afwa_hail.f90
rm -f module_diag_afwa_hail.b module_diag_afwa_hail.bb
time mpif90  -o module_diag_afwa_hail.o -c -O2 -ftree-vectorize -funroll-loops -w -ffree-form -ffree-line-length-none -fconvert=big-endian -frecord-marker=4   -I../dyn_em -I../dyn_nmm   -I/home/saji/WRF/compile/WRF3.8/oml_sst/external/esmf_time_f90  -I/home/saji/WRF/compile/WRF3.8/oml_sst/main -I/home/saji/WRF/compile/WRF3.8/oml_sst/external/io_netcdf -I/home/saji/WRF/compile/WRF3.8/oml_sst/external/io_int -I/home/saji/WRF/compile/WRF3.8/oml_sst/frame -I/home/saji/WRF/compile/WRF3.8/oml_sst/share -I/home/saji/WRF/compile/WRF3.8/oml_sst/phys -I/home/saji/WRF/compile/WRF3.8/oml_sst/chem -I/home/saji/WRF/compile/WRF3.8/oml_sst/inc -I/usr/include    module_diag_afwa_hail.f90
0.30user 0.02system 0:00.32elapsed 101%CPU (0avgtext+0avgdata 70288maxresident)k
0inputs+120outputs (0major+6596minor)pagefaults 0swaps
rm -f module_fr_fire_util.o
/lib/cpp -P -I/home/saji/WRF/compile/WRF3.8/oml_sst/inc -DEM_CORE=1 -DNMM_CORE=0 -DNMM_MAX_DIM=2600 -DCOAMPS_CORE=0 -DDA_CORE=0 -DEXP_CORE=0 -DIWORDSIZE=4 -DDWORDSIZE=8 -DRWORDSIZE=4 -DLWORDSIZE=4 -DNONSTANDARD_SYSTEM_SUBR  -DWRF_USE_CLM -DNO_IEEE_MODULE  -DDM_PARALLEL -DNETCDF -DUSE_ALLOCATABLES -DGRIB1 -DINTIO -DKEEP_INT_AROUND -DLIMIT_ARGS -DCONFIG_BUF_LEN=65536 -DMAX_DOMAINS_F=21 -DMAX_HISTORY=25 -DNMM_NEST=0  -I. -traditional   module_fr_fire_util.F  > module_fr_fire_util.bb
/home/saji/WRF/compile/WRF3.8/oml_sst/tools/standard.exe module_fr_fire_util.bb | /lib/cpp -P -traditional > module_fr_fire_util.f90
rm -f module_fr_fire_util.b module_fr_fire_util.bb
time mpif90  -o module_fr_fire_util.o -c -O2 -ftree-vectorize -funroll-loops -w -ffree-form -ffree-line-length-none -fconvert=big-endian -frecord-marker=4   -I../dyn_em -I../dyn_nmm   -I/home/saji/WRF/compile/WRF3.8/oml_sst/external/esmf_time_f90  -I/home/saji/WRF/compile/WRF3.8/oml_sst/main -I/home/saji/WRF/compile/WRF3.8/oml_sst/external/io_netcdf -I/home/saji/WRF/compile/WRF3.8/oml_sst/external/io_int -I/home/saji/WRF/compile/WRF3.8/oml_sst/frame -I/home/saji/WRF/compile/WRF3.8/oml_sst/share -I/home/saji/WRF/compile/WRF3.8/oml_sst/phys -I/home/saji/WRF/compile/WRF3.8/oml_sst/chem -I/home/saji/WRF/compile/WRF3.8/oml_sst/inc -I/usr/include    module_fr_fire_util.f90
0.36user 0.01system 0:00.37elapsed 101%CPU (0avgtext+0avgdata 65664maxresident)k
0inputs+200outputs (0major+6303minor)pagefaults 0swaps
rm -f module_cam_support.o
/lib/cpp -P -I/home/saji/WRF/compile/WRF3.8/oml_sst/inc -DEM_CORE=1 -DNMM_CORE=0 -DNMM_MAX_DIM=2600 -DCOAMPS_CORE=0 -DDA_CORE=0 -DEXP_CORE=0 -DIWORDSIZE=4 -DDWORDSIZE=8 -DRWORDSIZE=4 -DLWORDSIZE=4 -DNONSTANDARD_SYSTEM_SUBR  -DWRF_USE_CLM -DNO_IEEE_MODULE  -DDM_PARALLEL -DNETCDF -DUSE_ALLOCATABLES -DGRIB1 -DINTIO -DKEEP_INT_AROUND -DLIMIT_ARGS -DCONFIG_BUF_LEN=65536 -DMAX_DOMAINS_F=21 -DMAX_HISTORY=25 -DNMM_NEST=0  -I. -traditional   module_cam_support.F  > module_cam_support.bb
/home/saji/WRF/compile/WRF3.8/oml_sst/tools/standard.exe module_cam_support.bb | /lib/cpp -P -traditional > module_cam_support.f90
rm -f module_cam_support.b module_cam_support.bb
time mpif90  -o module_cam_support.o -c -O2 -ftree-vectorize -funroll-loops -w -ffree-form -ffree-line-length-none -fconvert=big-endian -frecord-marker=4   -I../dyn_em -I../dyn_nmm   -I/home/saji/WRF/compile/WRF3.8/oml_sst/external/esmf_time_f90  -I/home/saji/WRF/compile/WRF3.8/oml_sst/main -I/home/saji/WRF/compile/WRF3.8/oml_sst/external/io_netcdf -I/home/saji/WRF/compile/WRF3.8/oml_sst/external/io_int -I/home/saji/WRF/compile/WRF3.8/oml_sst/frame -I/home/saji/WRF/compile/WRF3.8/oml_sst/share -I/home/saji/WRF/compile/WRF3.8/oml_sst/phys -I/home/saji/WRF/compile/WRF3.8/oml_sst/chem -I/home/saji/WRF/compile/WRF3.8/oml_sst/inc -I/usr/include    module_cam_support.f90
0.06user 0.02system 0:00.08elapsed 106%CPU (0avgtext+0avgdata 40032maxresident)k
0inputs+64outputs (0major+4621minor)pagefaults 0swaps
rm -f module_cam_shr_const_mod.o
/lib/cpp -P -I/home/saji/WRF/compile/WRF3.8/oml_sst/inc -DEM_CORE=1 -DNMM_CORE=0 -DNMM_MAX_DIM=2600 -DCOAMPS_CORE=0 -DDA_CORE=0 -DEXP_CORE=0 -DIWORDSIZE=4 -DDWORDSIZE=8 -DRWORDSIZE=4 -DLWORDSIZE=4 -DNONSTANDARD_SYSTEM_SUBR  -DWRF_USE_CLM -DNO_IEEE_MODULE  -DDM_PARALLEL -DNETCDF -DUSE_ALLOCATABLES -DGRIB1 -DINTIO -DKEEP_INT_AROUND -DLIMIT_ARGS -DCONFIG_BUF_LEN=65536 -DMAX_DOMAINS_F=21 -DMAX_HISTORY=25 -DNMM_NEST=0  -I. -traditional   module_cam_shr_const_mod.F  > module_cam_shr_const_mod.bb
/home/saji/WRF/compile/WRF3.8/oml_sst/tools/standard.exe module_cam_shr_const_mod.bb | /lib/cpp -P -traditional > module_cam_shr_const_mod.f90
rm -f module_cam_shr_const_mod.b module_cam_shr_const_mod.bb
time mpif90  -o module_cam_shr_const_mod.o -c -O2 -ftree-vectorize -funroll-loops -w -ffree-form -ffree-line-length-none -fconvert=big-endian -frecord-marker=4   -I../dyn_em -I../dyn_nmm   -I/home/saji/WRF/compile/WRF3.8/oml_sst/external/esmf_time_f90  -I/home/saji/WRF/compile/WRF3.8/oml_sst/main -I/home/saji/WRF/compile/WRF3.8/oml_sst/external/io_netcdf -I/home/saji/WRF/compile/WRF3.8/oml_sst/external/io_int -I/home/saji/WRF/compile/WRF3.8/oml_sst/frame -I/home/saji/WRF/compile/WRF3.8/oml_sst/share -I/home/saji/WRF/compile/WRF3.8/oml_sst/phys -I/home/saji/WRF/compile/WRF3.8/oml_sst/chem -I/home/saji/WRF/compile/WRF3.8/oml_sst/inc -I/usr/include    module_cam_shr_const_mod.f90
0.01user 0.01system 0:00.02elapsed 127%CPU (0avgtext+0avgdata 22096maxresident)k
0inputs+48outputs (0major+3395minor)pagefaults 0swaps
rm -f module_cam_trb_mtn_stress.o
/lib/cpp -P -I/home/saji/WRF/compile/WRF3.8/oml_sst/inc -DEM_CORE=1 -DNMM_CORE=0 -DNMM_MAX_DIM=2600 -DCOAMPS_CORE=0 -DDA_CORE=0 -DEXP_CORE=0 -DIWORDSIZE=4 -DDWORDSIZE=8 -DRWORDSIZE=4 -DLWORDSIZE=4 -DNONSTANDARD_SYSTEM_SUBR  -DWRF_USE_CLM -DNO_IEEE_MODULE  -DDM_PARALLEL -DNETCDF -DUSE_ALLOCATABLES -DGRIB1 -DINTIO -DKEEP_INT_AROUND -DLIMIT_ARGS -DCONFIG_BUF_LEN=65536 -DMAX_DOMAINS_F=21 -DMAX_HISTORY=25 -DNMM_NEST=0  -I. -traditional   module_cam_trb_mtn_stress.F  > module_cam_trb_mtn_stress.bb
/home/saji/WRF/compile/WRF3.8/oml_sst/tools/standard.exe module_cam_trb_mtn_stress.bb | /lib/cpp -P -traditional > module_cam_trb_mtn_stress.f90
rm -f module_cam_trb_mtn_stress.b module_cam_trb_mtn_stress.bb
time mpif90  -o module_cam_trb_mtn_stress.o -c -O2 -ftree-vectorize -funroll-loops -w -ffree-form -ffree-line-length-none -fconvert=big-endian -frecord-marker=4   -I../dyn_em -I../dyn_nmm   -I/home/saji/WRF/compile/WRF3.8/oml_sst/external/esmf_time_f90  -I/home/saji/WRF/compile/WRF3.8/oml_sst/main -I/home/saji/WRF/compile/WRF3.8/oml_sst/external/io_netcdf -I/home/saji/WRF/compile/WRF3.8/oml_sst/external/io_int -I/home/saji/WRF/compile/WRF3.8/oml_sst/frame -I/home/saji/WRF/compile/WRF3.8/oml_sst/share -I/home/saji/WRF/compile/WRF3.8/oml_sst/phys -I/home/saji/WRF/compile/WRF3.8/oml_sst/chem -I/home/saji/WRF/compile/WRF3.8/oml_sst/inc -I/usr/include    module_cam_trb_mtn_stress.f90
0.06user 0.00system 0:00.07elapsed 105%CPU (0avgtext+0avgdata 42256maxresident)k
0inputs+48outputs (0major+4755minor)pagefaults 0swaps
rm -f module_cam_upper_bc.o
/lib/cpp -P -I/home/saji/WRF/compile/WRF3.8/oml_sst/inc -DEM_CORE=1 -DNMM_CORE=0 -DNMM_MAX_DIM=2600 -DCOAMPS_CORE=0 -DDA_CORE=0 -DEXP_CORE=0 -DIWORDSIZE=4 -DDWORDSIZE=8 -DRWORDSIZE=4 -DLWORDSIZE=4 -DNONSTANDARD_SYSTEM_SUBR  -DWRF_USE_CLM -DNO_IEEE_MODULE  -DDM_PARALLEL -DNETCDF -DUSE_ALLOCATABLES -DGRIB1 -DINTIO -DKEEP_INT_AROUND -DLIMIT_ARGS -DCONFIG_BUF_LEN=65536 -DMAX_DOMAINS_F=21 -DMAX_HISTORY=25 -DNMM_NEST=0  -I. -traditional   module_cam_upper_bc.F  > module_cam_upper_bc.bb
/home/saji/WRF/compile/WRF3.8/oml_sst/tools/standard.exe module_cam_upper_bc.bb | /lib/cpp -P -traditional > module_cam_upper_bc.f90
rm -f module_cam_upper_bc.b module_cam_upper_bc.bb
time mpif90  -o module_cam_upper_bc.o -c -O2 -ftree-vectorize -funroll-loops -w -ffree-form -ffree-line-length-none -fconvert=big-endian -frecord-marker=4   -I../dyn_em -I../dyn_nmm   -I/home/saji/WRF/compile/WRF3.8/oml_sst/external/esmf_time_f90  -I/home/saji/WRF/compile/WRF3.8/oml_sst/main -I/home/saji/WRF/compile/WRF3.8/oml_sst/external/io_netcdf -I/home/saji/WRF/compile/WRF3.8/oml_sst/external/io_int -I/home/saji/WRF/compile/WRF3.8/oml_sst/frame -I/home/saji/WRF/compile/WRF3.8/oml_sst/share -I/home/saji/WRF/compile/WRF3.8/oml_sst/phys -I/home/saji/WRF/compile/WRF3.8/oml_sst/chem -I/home/saji/WRF/compile/WRF3.8/oml_sst/inc -I/usr/include    module_cam_upper_bc.f90
0.03user 0.00system 0:00.02elapsed 128%CPU (0avgtext+0avgdata 29440maxresident)k
0inputs+24outputs (0major+3942minor)pagefaults 0swaps
rm -f module_cam_bl_diffusion_solver.o
/lib/cpp -P -I/home/saji/WRF/compile/WRF3.8/oml_sst/inc -DEM_CORE=1 -DNMM_CORE=0 -DNMM_MAX_DIM=2600 -DCOAMPS_CORE=0 -DDA_CORE=0 -DEXP_CORE=0 -DIWORDSIZE=4 -DDWORDSIZE=8 -DRWORDSIZE=4 -DLWORDSIZE=4 -DNONSTANDARD_SYSTEM_SUBR  -DWRF_USE_CLM -DNO_IEEE_MODULE  -DDM_PARALLEL -DNETCDF -DUSE_ALLOCATABLES -DGRIB1 -DINTIO -DKEEP_INT_AROUND -DLIMIT_ARGS -DCONFIG_BUF_LEN=65536 -DMAX_DOMAINS_F=21 -DMAX_HISTORY=25 -DNMM_NEST=0  -I. -traditional   module_cam_bl_diffusion_solver.F  > module_cam_bl_diffusion_solver.bb
/home/saji/WRF/compile/WRF3.8/oml_sst/tools/standard.exe module_cam_bl_diffusion_solver.bb | /lib/cpp -P -traditional > module_cam_bl_diffusion_solver.f90
rm -f module_cam_bl_diffusion_solver.b module_cam_bl_diffusion_solver.bb
time mpif90  -o module_cam_bl_diffusion_solver.o -c -O2 -ftree-vectorize -funroll-loops -w -ffree-form -ffree-line-length-none -fconvert=big-endian -frecord-marker=4   -I../dyn_em -I../dyn_nmm   -I/home/saji/WRF/compile/WRF3.8/oml_sst/external/esmf_time_f90  -I/home/saji/WRF/compile/WRF3.8/oml_sst/main -I/home/saji/WRF/compile/WRF3.8/oml_sst/external/io_netcdf -I/home/saji/WRF/compile/WRF3.8/oml_sst/external/io_int -I/home/saji/WRF/compile/WRF3.8/oml_sst/frame -I/home/saji/WRF/compile/WRF3.8/oml_sst/share -I/home/saji/WRF/compile/WRF3.8/oml_sst/phys -I/home/saji/WRF/compile/WRF3.8/oml_sst/chem -I/home/saji/WRF/compile/WRF3.8/oml_sst/inc -I/usr/include    module_cam_bl_diffusion_solver.f90
1.89user 0.06system 0:01.96elapsed 100%CPU (0avgtext+0avgdata 150336maxresident)k
0inputs+832outputs (0major+12003minor)pagefaults 0swaps
rm -f module_cam_mp_radconstants.o
/lib/cpp -P -I/home/saji/WRF/compile/WRF3.8/oml_sst/inc -DEM_CORE=1 -DNMM_CORE=0 -DNMM_MAX_DIM=2600 -DCOAMPS_CORE=0 -DDA_CORE=0 -DEXP_CORE=0 -DIWORDSIZE=4 -DDWORDSIZE=8 -DRWORDSIZE=4 -DLWORDSIZE=4 -DNONSTANDARD_SYSTEM_SUBR  -DWRF_USE_CLM -DNO_IEEE_MODULE  -DDM_PARALLEL -DNETCDF -DUSE_ALLOCATABLES -DGRIB1 -DINTIO -DKEEP_INT_AROUND -DLIMIT_ARGS -DCONFIG_BUF_LEN=65536 -DMAX_DOMAINS_F=21 -DMAX_HISTORY=25 -DNMM_NEST=0  -I. -traditional   module_cam_mp_radconstants.F  > module_cam_mp_radconstants.bb
/home/saji/WRF/compile/WRF3.8/oml_sst/tools/standard.exe module_cam_mp_radconstants.bb | /lib/cpp -P -traditional > module_cam_mp_radconstants.f90
rm -f module_cam_mp_radconstants.b module_cam_mp_radconstants.bb
time mpif90  -o module_cam_mp_radconstants.o -c -O2 -ftree-vectorize -funroll-loops -w -ffree-form -ffree-line-length-none -fconvert=big-endian -frecord-marker=4   -I../dyn_em -I../dyn_nmm   -I/home/saji/WRF/compile/WRF3.8/oml_sst/external/esmf_time_f90  -I/home/saji/WRF/compile/WRF3.8/oml_sst/main -I/home/saji/WRF/compile/WRF3.8/oml_sst/external/io_netcdf -I/home/saji/WRF/compile/WRF3.8/oml_sst/external/io_int -I/home/saji/WRF/compile/WRF3.8/oml_sst/frame -I/home/saji/WRF/compile/WRF3.8/oml_sst/share -I/home/saji/WRF/compile/WRF3.8/oml_sst/phys -I/home/saji/WRF/compile/WRF3.8/oml_sst/chem -I/home/saji/WRF/compile/WRF3.8/oml_sst/inc -I/usr/include    module_cam_mp_radconstants.f90
0.12user 0.01system 0:00.13elapsed 104%CPU (0avgtext+0avgdata 46896maxresident)k
0inputs+136outputs (0major+5112minor)pagefaults 0swaps
rm -f module_cam_mp_qneg3.o
/lib/cpp -P -I/home/saji/WRF/compile/WRF3.8/oml_sst/inc -DEM_CORE=1 -DNMM_CORE=0 -DNMM_MAX_DIM=2600 -DCOAMPS_CORE=0 -DDA_CORE=0 -DEXP_CORE=0 -DIWORDSIZE=4 -DDWORDSIZE=8 -DRWORDSIZE=4 -DLWORDSIZE=4 -DNONSTANDARD_SYSTEM_SUBR  -DWRF_USE_CLM -DNO_IEEE_MODULE  -DDM_PARALLEL -DNETCDF -DUSE_ALLOCATABLES -DGRIB1 -DINTIO -DKEEP_INT_AROUND -DLIMIT_ARGS -DCONFIG_BUF_LEN=65536 -DMAX_DOMAINS_F=21 -DMAX_HISTORY=25 -DNMM_NEST=0  -I. -traditional   module_cam_mp_qneg3.F  > module_cam_mp_qneg3.bb
/home/saji/WRF/compile/WRF3.8/oml_sst/tools/standard.exe module_cam_mp_qneg3.bb | /lib/cpp -P -traditional > module_cam_mp_qneg3.f90
rm -f module_cam_mp_qneg3.b module_cam_mp_qneg3.bb
time mpif90  -o module_cam_mp_qneg3.o -c -O2 -ftree-vectorize -funroll-loops -w -ffree-form -ffree-line-length-none -fconvert=big-endian -frecord-marker=4   -I../dyn_em -I../dyn_nmm   -I/home/saji/WRF/compile/WRF3.8/oml_sst/external/esmf_time_f90  -I/home/saji/WRF/compile/WRF3.8/oml_sst/main -I/home/saji/WRF/compile/WRF3.8/oml_sst/external/io_netcdf -I/home/saji/WRF/compile/WRF3.8/oml_sst/external/io_int -I/home/saji/WRF/compile/WRF3.8/oml_sst/frame -I/home/saji/WRF/compile/WRF3.8/oml_sst/share -I/home/saji/WRF/compile/WRF3.8/oml_sst/phys -I/home/saji/WRF/compile/WRF3.8/oml_sst/chem -I/home/saji/WRF/compile/WRF3.8/oml_sst/inc -I/usr/include    module_cam_mp_qneg3.f90
0.26user 0.00system 0:00.26elapsed 101%CPU (0avgtext+0avgdata 55280maxresident)k
0inputs+80outputs (0major+5680minor)pagefaults 0swaps
rm -f module_cam_infnan.o
/lib/cpp -P -I/home/saji/WRF/compile/WRF3.8/oml_sst/inc -DEM_CORE=1 -DNMM_CORE=0 -DNMM_MAX_DIM=2600 -DCOAMPS_CORE=0 -DDA_CORE=0 -DEXP_CORE=0 -DIWORDSIZE=4 -DDWORDSIZE=8 -DRWORDSIZE=4 -DLWORDSIZE=4 -DNONSTANDARD_SYSTEM_SUBR  -DWRF_USE_CLM -DNO_IEEE_MODULE  -DDM_PARALLEL -DNETCDF -DUSE_ALLOCATABLES -DGRIB1 -DINTIO -DKEEP_INT_AROUND -DLIMIT_ARGS -DCONFIG_BUF_LEN=65536 -DMAX_DOMAINS_F=21 -DMAX_HISTORY=25 -DNMM_NEST=0  -I. -traditional   module_cam_infnan.F  > module_cam_infnan.bb
/home/saji/WRF/compile/WRF3.8/oml_sst/tools/standard.exe module_cam_infnan.bb | /lib/cpp -P -traditional > module_cam_infnan.f90
rm -f module_cam_infnan.b module_cam_infnan.bb
time mpif90  -o module_cam_infnan.o -c -O2 -ftree-vectorize -funroll-loops -w -ffree-form -ffree-line-length-none -fconvert=big-endian -frecord-marker=4   -I../dyn_em -I../dyn_nmm   -I/home/saji/WRF/compile/WRF3.8/oml_sst/external/esmf_time_f90  -I/home/saji/WRF/compile/WRF3.8/oml_sst/main -I/home/saji/WRF/compile/WRF3.8/oml_sst/external/io_netcdf -I/home/saji/WRF/compile/WRF3.8/oml_sst/external/io_int -I/home/saji/WRF/compile/WRF3.8/oml_sst/frame -I/home/saji/WRF/compile/WRF3.8/oml_sst/share -I/home/saji/WRF/compile/WRF3.8/oml_sst/phys -I/home/saji/WRF/compile/WRF3.8/oml_sst/chem -I/home/saji/WRF/compile/WRF3.8/oml_sst/inc -I/usr/include    module_cam_infnan.f90
0.02user 0.00system 0:00.02elapsed 140%CPU (0avgtext+0avgdata 22080maxresident)k
0inputs+24outputs (0major+3376minor)pagefaults 0swaps
rm -f module_gfs_physcons.o
/lib/cpp -P -I/home/saji/WRF/compile/WRF3.8/oml_sst/inc -DEM_CORE=1 -DNMM_CORE=0 -DNMM_MAX_DIM=2600 -DCOAMPS_CORE=0 -DDA_CORE=0 -DEXP_CORE=0 -DIWORDSIZE=4 -DDWORDSIZE=8 -DRWORDSIZE=4 -DLWORDSIZE=4 -DNONSTANDARD_SYSTEM_SUBR  -DWRF_USE_CLM -DNO_IEEE_MODULE  -DDM_PARALLEL -DNETCDF -DUSE_ALLOCATABLES -DGRIB1 -DINTIO -DKEEP_INT_AROUND -DLIMIT_ARGS -DCONFIG_BUF_LEN=65536 -DMAX_DOMAINS_F=21 -DMAX_HISTORY=25 -DNMM_NEST=0  -I. -traditional   module_gfs_physcons.F  > module_gfs_physcons.bb
/home/saji/WRF/compile/WRF3.8/oml_sst/tools/standard.exe module_gfs_physcons.bb | /lib/cpp -P -traditional > module_gfs_physcons.f90
rm -f module_gfs_physcons.b module_gfs_physcons.bb
time mpif90  -o module_gfs_physcons.o -c -O2 -ftree-vectorize -funroll-loops -w -ffree-form -ffree-line-length-none -fconvert=big-endian -frecord-marker=4   -I../dyn_em -I../dyn_nmm   -I/home/saji/WRF/compile/WRF3.8/oml_sst/external/esmf_time_f90  -I/home/saji/WRF/compile/WRF3.8/oml_sst/main -I/home/saji/WRF/compile/WRF3.8/oml_sst/external/io_netcdf -I/home/saji/WRF/compile/WRF3.8/oml_sst/external/io_int -I/home/saji/WRF/compile/WRF3.8/oml_sst/frame -I/home/saji/WRF/compile/WRF3.8/oml_sst/share -I/home/saji/WRF/compile/WRF3.8/oml_sst/phys -I/home/saji/WRF/compile/WRF3.8/oml_sst/chem -I/home/saji/WRF/compile/WRF3.8/oml_sst/inc -I/usr/include    module_gfs_physcons.f90
0.00user 0.02system 0:00.02elapsed 133%CPU (0avgtext+0avgdata 22096maxresident)k
0inputs+32outputs (0major+3383minor)pagefaults 0swaps
rm -f module_bl_fogdes.o
/lib/cpp -P -I/home/saji/WRF/compile/WRF3.8/oml_sst/inc -DEM_CORE=1 -DNMM_CORE=0 -DNMM_MAX_DIM=2600 -DCOAMPS_CORE=0 -DDA_CORE=0 -DEXP_CORE=0 -DIWORDSIZE=4 -DDWORDSIZE=8 -DRWORDSIZE=4 -DLWORDSIZE=4 -DNONSTANDARD_SYSTEM_SUBR  -DWRF_USE_CLM -DNO_IEEE_MODULE  -DDM_PARALLEL -DNETCDF -DUSE_ALLOCATABLES -DGRIB1 -DINTIO -DKEEP_INT_AROUND -DLIMIT_ARGS -DCONFIG_BUF_LEN=65536 -DMAX_DOMAINS_F=21 -DMAX_HISTORY=25 -DNMM_NEST=0  -I. -traditional   module_bl_fogdes.F  > module_bl_fogdes.bb
/home/saji/WRF/compile/WRF3.8/oml_sst/tools/standard.exe module_bl_fogdes.bb | /lib/cpp -P -traditional > module_bl_fogdes.f90
rm -f module_bl_fogdes.b module_bl_fogdes.bb
time mpif90  -o module_bl_fogdes.o -c -O2 -ftree-vectorize -funroll-loops -w -ffree-form -ffree-line-length-none -fconvert=big-endian -frecord-marker=4   -I../dyn_em -I../dyn_nmm   -I/home/saji/WRF/compile/WRF3.8/oml_sst/external/esmf_time_f90  -I/home/saji/WRF/compile/WRF3.8/oml_sst/main -I/home/saji/WRF/compile/WRF3.8/oml_sst/external/io_netcdf -I/home/saji/WRF/compile/WRF3.8/oml_sst/external/io_int -I/home/saji/WRF/compile/WRF3.8/oml_sst/frame -I/home/saji/WRF/compile/WRF3.8/oml_sst/share -I/home/saji/WRF/compile/WRF3.8/oml_sst/phys -I/home/saji/WRF/compile/WRF3.8/oml_sst/chem -I/home/saji/WRF/compile/WRF3.8/oml_sst/inc -I/usr/include    module_bl_fogdes.f90
0.10user 0.02system 0:00.12elapsed 104%CPU (0avgtext+0avgdata 45936maxresident)k
0inputs+96outputs (0major+4999minor)pagefaults 0swaps
rm -f module_gfs_funcphys.o
/lib/cpp -P -I/home/saji/WRF/compile/WRF3.8/oml_sst/inc -DEM_CORE=1 -DNMM_CORE=0 -DNMM_MAX_DIM=2600 -DCOAMPS_CORE=0 -DDA_CORE=0 -DEXP_CORE=0 -DIWORDSIZE=4 -DDWORDSIZE=8 -DRWORDSIZE=4 -DLWORDSIZE=4 -DNONSTANDARD_SYSTEM_SUBR  -DWRF_USE_CLM -DNO_IEEE_MODULE  -DDM_PARALLEL -DNETCDF -DUSE_ALLOCATABLES -DGRIB1 -DINTIO -DKEEP_INT_AROUND -DLIMIT_ARGS -DCONFIG_BUF_LEN=65536 -DMAX_DOMAINS_F=21 -DMAX_HISTORY=25 -DNMM_NEST=0  -I. -traditional   module_gfs_funcphys.F  > module_gfs_funcphys.bb
/home/saji/WRF/compile/WRF3.8/oml_sst/tools/standard.exe module_gfs_funcphys.bb | /lib/cpp -P -traditional > module_gfs_funcphys.f90
rm -f module_gfs_funcphys.b module_gfs_funcphys.bb
time mpif90  -o module_gfs_funcphys.o -c -O2 -ftree-vectorize -funroll-loops -w -ffree-form -ffree-line-length-none -fconvert=big-endian -frecord-marker=4   -I../dyn_em -I../dyn_nmm   -I/home/saji/WRF/compile/WRF3.8/oml_sst/external/esmf_time_f90  -I/home/saji/WRF/compile/WRF3.8/oml_sst/main -I/home/saji/WRF/compile/WRF3.8/oml_sst/external/io_netcdf -I/home/saji/WRF/compile/WRF3.8/oml_sst/external/io_int -I/home/saji/WRF/compile/WRF3.8/oml_sst/frame -I/home/saji/WRF/compile/WRF3.8/oml_sst/share -I/home/saji/WRF/compile/WRF3.8/oml_sst/phys -I/home/saji/WRF/compile/WRF3.8/oml_sst/chem -I/home/saji/WRF/compile/WRF3.8/oml_sst/inc -I/usr/include    module_gfs_funcphys.f90
0.71user 0.04system 0:00.74elapsed 100%CPU (0avgtext+0avgdata 83840maxresident)k
0inputs+384outputs (0major+7587minor)pagefaults 0swaps
rm -f module_ra_rrtm.o
/lib/cpp -P -I/home/saji/WRF/compile/WRF3.8/oml_sst/inc -DEM_CORE=1 -DNMM_CORE=0 -DNMM_MAX_DIM=2600 -DCOAMPS_CORE=0 -DDA_CORE=0 -DEXP_CORE=0 -DIWORDSIZE=4 -DDWORDSIZE=8 -DRWORDSIZE=4 -DLWORDSIZE=4 -DNONSTANDARD_SYSTEM_SUBR  -DWRF_USE_CLM -DNO_IEEE_MODULE  -DDM_PARALLEL -DNETCDF -DUSE_ALLOCATABLES -DGRIB1 -DINTIO -DKEEP_INT_AROUND -DLIMIT_ARGS -DCONFIG_BUF_LEN=65536 -DMAX_DOMAINS_F=21 -DMAX_HISTORY=25 -DNMM_NEST=0  -I. -traditional   module_ra_rrtm.F  > module_ra_rrtm.bb
/home/saji/WRF/compile/WRF3.8/oml_sst/tools/standard.exe module_ra_rrtm.bb | /lib/cpp -P -traditional > module_ra_rrtm.f90
rm -f module_ra_rrtm.b module_ra_rrtm.bb
time mpif90  -o module_ra_rrtm.o -c -O2 -ftree-vectorize -funroll-loops -w -ffree-form -ffree-line-length-none -fconvert=big-endian -frecord-marker=4   -I../dyn_em -I../dyn_nmm   -I/home/saji/WRF/compile/WRF3.8/oml_sst/external/esmf_time_f90  -I/home/saji/WRF/compile/WRF3.8/oml_sst/main -I/home/saji/WRF/compile/WRF3.8/oml_sst/external/io_netcdf -I/home/saji/WRF/compile/WRF3.8/oml_sst/external/io_int -I/home/saji/WRF/compile/WRF3.8/oml_sst/frame -I/home/saji/WRF/compile/WRF3.8/oml_sst/share -I/home/saji/WRF/compile/WRF3.8/oml_sst/phys -I/home/saji/WRF/compile/WRF3.8/oml_sst/chem -I/home/saji/WRF/compile/WRF3.8/oml_sst/inc -I/usr/include    module_ra_rrtm.f90
3.81user 0.06system 0:03.89elapsed 99%CPU (0avgtext+0avgdata 345856maxresident)k
0inputs+928outputs (0major+26843minor)pagefaults 0swaps
rm -f module_ra_rrtmg_lw.o
/lib/cpp -P -I/home/saji/WRF/compile/WRF3.8/oml_sst/inc -DEM_CORE=1 -DNMM_CORE=0 -DNMM_MAX_DIM=2600 -DCOAMPS_CORE=0 -DDA_CORE=0 -DEXP_CORE=0 -DIWORDSIZE=4 -DDWORDSIZE=8 -DRWORDSIZE=4 -DLWORDSIZE=4 -DNONSTANDARD_SYSTEM_SUBR  -DWRF_USE_CLM -DNO_IEEE_MODULE  -DDM_PARALLEL -DNETCDF -DUSE_ALLOCATABLES -DGRIB1 -DINTIO -DKEEP_INT_AROUND -DLIMIT_ARGS -DCONFIG_BUF_LEN=65536 -DMAX_DOMAINS_F=21 -DMAX_HISTORY=25 -DNMM_NEST=0  -I. -traditional   module_ra_rrtmg_lw.F  > module_ra_rrtmg_lw.bb
/home/saji/WRF/compile/WRF3.8/oml_sst/tools/standard.exe module_ra_rrtmg_lw.bb | /lib/cpp -P -traditional > module_ra_rrtmg_lw.f90
rm -f module_ra_rrtmg_lw.b module_ra_rrtmg_lw.bb
time mpif90  -o module_ra_rrtmg_lw.o -c -O2 -ftree-vectorize -funroll-loops -w -ffree-form -ffree-line-length-none -fconvert=big-endian -frecord-marker=4   -I../dyn_em -I../dyn_nmm   -I/home/saji/WRF/compile/WRF3.8/oml_sst/external/esmf_time_f90  -I/home/saji/WRF/compile/WRF3.8/oml_sst/main -I/home/saji/WRF/compile/WRF3.8/oml_sst/external/io_netcdf -I/home/saji/WRF/compile/WRF3.8/oml_sst/external/io_int -I/home/saji/WRF/compile/WRF3.8/oml_sst/frame -I/home/saji/WRF/compile/WRF3.8/oml_sst/share -I/home/saji/WRF/compile/WRF3.8/oml_sst/phys -I/home/saji/WRF/compile/WRF3.8/oml_sst/chem -I/home/saji/WRF/compile/WRF3.8/oml_sst/inc -I/usr/include    module_ra_rrtmg_lw.f90
7.10user 0.13system 0:07.23elapsed 100%CPU (0avgtext+0avgdata 522336maxresident)k
0inputs+2848outputs (0major+37263minor)pagefaults 0swaps
rm -f module_ra_rrtmg_lwf.o
/lib/cpp -P -I/home/saji/WRF/compile/WRF3.8/oml_sst/inc -DEM_CORE=1 -DNMM_CORE=0 -DNMM_MAX_DIM=2600 -DCOAMPS_CORE=0 -DDA_CORE=0 -DEXP_CORE=0 -DIWORDSIZE=4 -DDWORDSIZE=8 -DRWORDSIZE=4 -DLWORDSIZE=4 -DNONSTANDARD_SYSTEM_SUBR  -DWRF_USE_CLM -DNO_IEEE_MODULE  -DDM_PARALLEL -DNETCDF -DUSE_ALLOCATABLES -DGRIB1 -DINTIO -DKEEP_INT_AROUND -DLIMIT_ARGS -DCONFIG_BUF_LEN=65536 -DMAX_DOMAINS_F=21 -DMAX_HISTORY=25 -DNMM_NEST=0  -I. -traditional   module_ra_rrtmg_lwf.F  > module_ra_rrtmg_lwf.bb
/home/saji/WRF/compile/WRF3.8/oml_sst/tools/standard.exe module_ra_rrtmg_lwf.bb | /lib/cpp -P -traditional > module_ra_rrtmg_lwf.f90
rm -f module_ra_rrtmg_lwf.b module_ra_rrtmg_lwf.bb
time mpif90  -o module_ra_rrtmg_lwf.o -c -O2 -ftree-vectorize -funroll-loops -w -ffree-form -ffree-line-length-none -fconvert=big-endian -frecord-marker=4   -I../dyn_em -I../dyn_nmm   -I/home/saji/WRF/compile/WRF3.8/oml_sst/external/esmf_time_f90  -I/home/saji/WRF/compile/WRF3.8/oml_sst/main -I/home/saji/WRF/compile/WRF3.8/oml_sst/external/io_netcdf -I/home/saji/WRF/compile/WRF3.8/oml_sst/external/io_int -I/home/saji/WRF/compile/WRF3.8/oml_sst/frame -I/home/saji/WRF/compile/WRF3.8/oml_sst/share -I/home/saji/WRF/compile/WRF3.8/oml_sst/phys -I/home/saji/WRF/compile/WRF3.8/oml_sst/chem -I/home/saji/WRF/compile/WRF3.8/oml_sst/inc -I/usr/include    module_ra_rrtmg_lwf.f90
33.92user 0.37system 0:34.29elapsed 100%CPU (0avgtext+0avgdata 2089104maxresident)k
0inputs+7288outputs (0major+142852minor)pagefaults 0swaps
rm -f module_ra_cam_support.o
/lib/cpp -P -I/home/saji/WRF/compile/WRF3.8/oml_sst/inc -DEM_CORE=1 -DNMM_CORE=0 -DNMM_MAX_DIM=2600 -DCOAMPS_CORE=0 -DDA_CORE=0 -DEXP_CORE=0 -DIWORDSIZE=4 -DDWORDSIZE=8 -DRWORDSIZE=4 -DLWORDSIZE=4 -DNONSTANDARD_SYSTEM_SUBR  -DWRF_USE_CLM -DNO_IEEE_MODULE  -DDM_PARALLEL -DNETCDF -DUSE_ALLOCATABLES -DGRIB1 -DINTIO -DKEEP_INT_AROUND -DLIMIT_ARGS -DCONFIG_BUF_LEN=65536 -DMAX_DOMAINS_F=21 -DMAX_HISTORY=25 -DNMM_NEST=0  -I. -traditional   module_ra_cam_support.F  > module_ra_cam_support.bb
/home/saji/WRF/compile/WRF3.8/oml_sst/tools/standard.exe module_ra_cam_support.bb | /lib/cpp -P -traditional > module_ra_cam_support.f90
rm -f module_ra_cam_support.b module_ra_cam_support.bb
time mpif90  -o module_ra_cam_support.o -c -O2 -ftree-vectorize -funroll-loops -w -ffree-form -ffree-line-length-none -fconvert=big-endian -frecord-marker=4   -I../dyn_em -I../dyn_nmm   -I/home/saji/WRF/compile/WRF3.8/oml_sst/external/esmf_time_f90  -I/home/saji/WRF/compile/WRF3.8/oml_sst/main -I/home/saji/WRF/compile/WRF3.8/oml_sst/external/io_netcdf -I/home/saji/WRF/compile/WRF3.8/oml_sst/external/io_int -I/home/saji/WRF/compile/WRF3.8/oml_sst/frame -I/home/saji/WRF/compile/WRF3.8/oml_sst/share -I/home/saji/WRF/compile/WRF3.8/oml_sst/phys -I/home/saji/WRF/compile/WRF3.8/oml_sst/chem -I/home/saji/WRF/compile/WRF3.8/oml_sst/inc -I/usr/include    module_ra_cam_support.f90
3.45user 0.08system 0:03.53elapsed 100%CPU (0avgtext+0avgdata 271600maxresident)k
0inputs+1440outputs (0major+19939minor)pagefaults 0swaps
rm -f module_ra_gfdleta.o
/lib/cpp -P -I/home/saji/WRF/compile/WRF3.8/oml_sst/inc -DEM_CORE=1 -DNMM_CORE=0 -DNMM_MAX_DIM=2600 -DCOAMPS_CORE=0 -DDA_CORE=0 -DEXP_CORE=0 -DIWORDSIZE=4 -DDWORDSIZE=8 -DRWORDSIZE=4 -DLWORDSIZE=4 -DNONSTANDARD_SYSTEM_SUBR  -DWRF_USE_CLM -DNO_IEEE_MODULE  -DDM_PARALLEL -DNETCDF -DUSE_ALLOCATABLES -DGRIB1 -DINTIO -DKEEP_INT_AROUND -DLIMIT_ARGS -DCONFIG_BUF_LEN=65536 -DMAX_DOMAINS_F=21 -DMAX_HISTORY=25 -DNMM_NEST=0  -I. -traditional   module_ra_gfdleta.F  > module_ra_gfdleta.bb
/home/saji/WRF/compile/WRF3.8/oml_sst/tools/standard.exe module_ra_gfdleta.bb | /lib/cpp -P -traditional > module_ra_gfdleta.f90
rm -f module_ra_gfdleta.b module_ra_gfdleta.bb
time mpif90  -o module_ra_gfdleta.o -c -O2 -ftree-vectorize -funroll-loops -w -ffree-form -ffree-line-length-none -fconvert=big-endian -frecord-marker=4   -I../dyn_em -I../dyn_nmm   -I/home/saji/WRF/compile/WRF3.8/oml_sst/external/esmf_time_f90  -I/home/saji/WRF/compile/WRF3.8/oml_sst/main -I/home/saji/WRF/compile/WRF3.8/oml_sst/external/io_netcdf -I/home/saji/WRF/compile/WRF3.8/oml_sst/external/io_int -I/home/saji/WRF/compile/WRF3.8/oml_sst/frame -I/home/saji/WRF/compile/WRF3.8/oml_sst/share -I/home/saji/WRF/compile/WRF3.8/oml_sst/phys -I/home/saji/WRF/compile/WRF3.8/oml_sst/chem -I/home/saji/WRF/compile/WRF3.8/oml_sst/inc -I/usr/include    module_ra_gfdleta.f90
36.97user 0.34system 0:37.30elapsed 100%CPU (0avgtext+0avgdata 1804368maxresident)k
0inputs+11512outputs (0major+131124minor)pagefaults 0swaps
rm -f module_ra_HWRF.o
/lib/cpp -P -I/home/saji/WRF/compile/WRF3.8/oml_sst/inc -DEM_CORE=1 -DNMM_CORE=0 -DNMM_MAX_DIM=2600 -DCOAMPS_CORE=0 -DDA_CORE=0 -DEXP_CORE=0 -DIWORDSIZE=4 -DDWORDSIZE=8 -DRWORDSIZE=4 -DLWORDSIZE=4 -DNONSTANDARD_SYSTEM_SUBR  -DWRF_USE_CLM -DNO_IEEE_MODULE  -DDM_PARALLEL -DNETCDF -DUSE_ALLOCATABLES -DGRIB1 -DINTIO -DKEEP_INT_AROUND -DLIMIT_ARGS -DCONFIG_BUF_LEN=65536 -DMAX_DOMAINS_F=21 -DMAX_HISTORY=25 -DNMM_NEST=0  -I. -traditional   module_ra_HWRF.F  > module_ra_HWRF.bb
/home/saji/WRF/compile/WRF3.8/oml_sst/tools/standard.exe module_ra_HWRF.bb | /lib/cpp -P -traditional > module_ra_HWRF.f90
rm -f module_ra_HWRF.b module_ra_HWRF.bb
time mpif90  -o module_ra_HWRF.o -c -O2 -ftree-vectorize -funroll-loops -w -ffree-form -ffree-line-length-none -fconvert=big-endian -frecord-marker=4   -I../dyn_em -I../dyn_nmm   -I/home/saji/WRF/compile/WRF3.8/oml_sst/external/esmf_time_f90  -I/home/saji/WRF/compile/WRF3.8/oml_sst/main -I/home/saji/WRF/compile/WRF3.8/oml_sst/external/io_netcdf -I/home/saji/WRF/compile/WRF3.8/oml_sst/external/io_int -I/home/saji/WRF/compile/WRF3.8/oml_sst/frame -I/home/saji/WRF/compile/WRF3.8/oml_sst/share -I/home/saji/WRF/compile/WRF3.8/oml_sst/phys -I/home/saji/WRF/compile/WRF3.8/oml_sst/chem -I/home/saji/WRF/compile/WRF3.8/oml_sst/inc -I/usr/include    module_ra_HWRF.f90
55.59user 0.43system 0:56.01elapsed 100%CPU (0avgtext+0avgdata 2295328maxresident)k
0inputs+9376outputs (0major+165468minor)pagefaults 0swaps
rm -f module_mp_thompson.o
/lib/cpp -P -I/home/saji/WRF/compile/WRF3.8/oml_sst/inc -DEM_CORE=1 -DNMM_CORE=0 -DNMM_MAX_DIM=2600 -DCOAMPS_CORE=0 -DDA_CORE=0 -DEXP_CORE=0 -DIWORDSIZE=4 -DDWORDSIZE=8 -DRWORDSIZE=4 -DLWORDSIZE=4 -DNONSTANDARD_SYSTEM_SUBR  -DWRF_USE_CLM -DNO_IEEE_MODULE  -DDM_PARALLEL -DNETCDF -DUSE_ALLOCATABLES -DGRIB1 -DINTIO -DKEEP_INT_AROUND -DLIMIT_ARGS -DCONFIG_BUF_LEN=65536 -DMAX_DOMAINS_F=21 -DMAX_HISTORY=25 -DNMM_NEST=0  -I. -traditional   module_mp_thompson.F  > module_mp_thompson.bb
/home/saji/WRF/compile/WRF3.8/oml_sst/tools/standard.exe module_mp_thompson.bb | /lib/cpp -P -traditional > module_mp_thompson.f90
rm -f module_mp_thompson.b module_mp_thompson.bb
time mpif90  -o module_mp_thompson.o -c -O2 -ftree-vectorize -funroll-loops -w -ffree-form -ffree-line-length-none -fconvert=big-endian -frecord-marker=4   -I../dyn_em -I../dyn_nmm   -I/home/saji/WRF/compile/WRF3.8/oml_sst/external/esmf_time_f90  -I/home/saji/WRF/compile/WRF3.8/oml_sst/main -I/home/saji/WRF/compile/WRF3.8/oml_sst/external/io_netcdf -I/home/saji/WRF/compile/WRF3.8/oml_sst/external/io_int -I/home/saji/WRF/compile/WRF3.8/oml_sst/frame -I/home/saji/WRF/compile/WRF3.8/oml_sst/share -I/home/saji/WRF/compile/WRF3.8/oml_sst/phys -I/home/saji/WRF/compile/WRF3.8/oml_sst/chem -I/home/saji/WRF/compile/WRF3.8/oml_sst/inc -I/usr/include    module_mp_thompson.f90
56.66user 0.44system 0:57.10elapsed 100%CPU (0avgtext+0avgdata 2292064maxresident)k
0inputs+9448outputs (0major+165585minor)pagefaults 0swaps
rm -f module_sf_gfs.o
/lib/cpp -P -I/home/saji/WRF/compile/WRF3.8/oml_sst/inc -DEM_CORE=1 -DNMM_CORE=0 -DNMM_MAX_DIM=2600 -DCOAMPS_CORE=0 -DDA_CORE=0 -DEXP_CORE=0 -DIWORDSIZE=4 -DDWORDSIZE=8 -DRWORDSIZE=4 -DLWORDSIZE=4 -DNONSTANDARD_SYSTEM_SUBR  -DWRF_USE_CLM -DNO_IEEE_MODULE  -DDM_PARALLEL -DNETCDF -DUSE_ALLOCATABLES -DGRIB1 -DINTIO -DKEEP_INT_AROUND -DLIMIT_ARGS -DCONFIG_BUF_LEN=65536 -DMAX_DOMAINS_F=21 -DMAX_HISTORY=25 -DNMM_NEST=0  -I. -traditional   module_sf_gfs.F  > module_sf_gfs.bb
/home/saji/WRF/compile/WRF3.8/oml_sst/tools/standard.exe module_sf_gfs.bb | /lib/cpp -P -traditional > module_sf_gfs.f90
rm -f module_sf_gfs.b module_sf_gfs.bb
time mpif90  -o module_sf_gfs.o -c -O2 -ftree-vectorize -funroll-loops -w -ffree-form -ffree-line-length-none -fconvert=big-endian -frecord-marker=4   -I../dyn_em -I../dyn_nmm   -I/home/saji/WRF/compile/WRF3.8/oml_sst/external/esmf_time_f90  -I/home/saji/WRF/compile/WRF3.8/oml_sst/main -I/home/saji/WRF/compile/WRF3.8/oml_sst/external/io_netcdf -I/home/saji/WRF/compile/WRF3.8/oml_sst/external/io_int -I/home/saji/WRF/compile/WRF3.8/oml_sst/frame -I/home/saji/WRF/compile/WRF3.8/oml_sst/share -I/home/saji/WRF/compile/WRF3.8/oml_sst/phys -I/home/saji/WRF/compile/WRF3.8/oml_sst/chem -I/home/saji/WRF/compile/WRF3.8/oml_sst/inc -I/usr/include    module_sf_gfs.f90
1.92user 0.02system 0:01.94elapsed 100%CPU (0avgtext+0avgdata 176032maxresident)k
0inputs+576outputs (0major+14085minor)pagefaults 0swaps
rm -f module_sf_gfdl.o
/lib/cpp -P -I/home/saji/WRF/compile/WRF3.8/oml_sst/inc -DEM_CORE=1 -DNMM_CORE=0 -DNMM_MAX_DIM=2600 -DCOAMPS_CORE=0 -DDA_CORE=0 -DEXP_CORE=0 -DIWORDSIZE=4 -DDWORDSIZE=8 -DRWORDSIZE=4 -DLWORDSIZE=4 -DNONSTANDARD_SYSTEM_SUBR  -DWRF_USE_CLM -DNO_IEEE_MODULE  -DDM_PARALLEL -DNETCDF -DUSE_ALLOCATABLES -DGRIB1 -DINTIO -DKEEP_INT_AROUND -DLIMIT_ARGS -DCONFIG_BUF_LEN=65536 -DMAX_DOMAINS_F=21 -DMAX_HISTORY=25 -DNMM_NEST=0  -I. -traditional   module_sf_gfdl.F  > module_sf_gfdl.bb
/home/saji/WRF/compile/WRF3.8/oml_sst/tools/standard.exe module_sf_gfdl.bb | /lib/cpp -P -traditional > module_sf_gfdl.f90
rm -f module_sf_gfdl.b module_sf_gfdl.bb
time mpif90  -o module_sf_gfdl.o -c -O2 -ftree-vectorize -funroll-loops -w -ffree-form -ffree-line-length-none -fconvert=big-endian -frecord-marker=4   -I../dyn_em -I../dyn_nmm   -I/home/saji/WRF/compile/WRF3.8/oml_sst/external/esmf_time_f90  -I/home/saji/WRF/compile/WRF3.8/oml_sst/main -I/home/saji/WRF/compile/WRF3.8/oml_sst/external/io_netcdf -I/home/saji/WRF/compile/WRF3.8/oml_sst/external/io_int -I/home/saji/WRF/compile/WRF3.8/oml_sst/frame -I/home/saji/WRF/compile/WRF3.8/oml_sst/share -I/home/saji/WRF/compile/WRF3.8/oml_sst/phys -I/home/saji/WRF/compile/WRF3.8/oml_sst/chem -I/home/saji/WRF/compile/WRF3.8/oml_sst/inc -I/usr/include    module_sf_gfdl.f90
2.49user 0.03system 0:02.52elapsed 100%CPU (0avgtext+0avgdata 199152maxresident)k
0inputs+584outputs (0major+16177minor)pagefaults 0swaps
rm -f module_sf_noahmplsm.o
/lib/cpp -P -I/home/saji/WRF/compile/WRF3.8/oml_sst/inc -DEM_CORE=1 -DNMM_CORE=0 -DNMM_MAX_DIM=2600 -DCOAMPS_CORE=0 -DDA_CORE=0 -DEXP_CORE=0 -DIWORDSIZE=4 -DDWORDSIZE=8 -DRWORDSIZE=4 -DLWORDSIZE=4 -DNONSTANDARD_SYSTEM_SUBR  -DWRF_USE_CLM -DNO_IEEE_MODULE  -DDM_PARALLEL -DNETCDF -DUSE_ALLOCATABLES -DGRIB1 -DINTIO -DKEEP_INT_AROUND -DLIMIT_ARGS -DCONFIG_BUF_LEN=65536 -DMAX_DOMAINS_F=21 -DMAX_HISTORY=25 -DNMM_NEST=0  -I. -traditional   module_sf_noahmplsm.F  > module_sf_noahmplsm.bb
/home/saji/WRF/compile/WRF3.8/oml_sst/tools/standard.exe module_sf_noahmplsm.bb | /lib/cpp -P -traditional > module_sf_noahmplsm.f90
rm -f module_sf_noahmplsm.b module_sf_noahmplsm.bb
time mpif90  -o module_sf_noahmplsm.o -c -O2 -ftree-vectorize -funroll-loops -w -ffree-form -ffree-line-length-none -fconvert=big-endian -frecord-marker=4   -I../dyn_em -I../dyn_nmm   -I/home/saji/WRF/compile/WRF3.8/oml_sst/external/esmf_time_f90  -I/home/saji/WRF/compile/WRF3.8/oml_sst/main -I/home/saji/WRF/compile/WRF3.8/oml_sst/external/io_netcdf -I/home/saji/WRF/compile/WRF3.8/oml_sst/external/io_int -I/home/saji/WRF/compile/WRF3.8/oml_sst/frame -I/home/saji/WRF/compile/WRF3.8/oml_sst/share -I/home/saji/WRF/compile/WRF3.8/oml_sst/phys -I/home/saji/WRF/compile/WRF3.8/oml_sst/chem -I/home/saji/WRF/compile/WRF3.8/oml_sst/inc -I/usr/include    module_sf_noahmplsm.f90
12.50user 0.22system 0:12.72elapsed 100%CPU (0avgtext+0avgdata 620176maxresident)k
0inputs+2632outputs (0major+46432minor)pagefaults 0swaps
rm -f module_sf_bep.o
/lib/cpp -P -I/home/saji/WRF/compile/WRF3.8/oml_sst/inc -DEM_CORE=1 -DNMM_CORE=0 -DNMM_MAX_DIM=2600 -DCOAMPS_CORE=0 -DDA_CORE=0 -DEXP_CORE=0 -DIWORDSIZE=4 -DDWORDSIZE=8 -DRWORDSIZE=4 -DLWORDSIZE=4 -DNONSTANDARD_SYSTEM_SUBR  -DWRF_USE_CLM -DNO_IEEE_MODULE  -DDM_PARALLEL -DNETCDF -DUSE_ALLOCATABLES -DGRIB1 -DINTIO -DKEEP_INT_AROUND -DLIMIT_ARGS -DCONFIG_BUF_LEN=65536 -DMAX_DOMAINS_F=21 -DMAX_HISTORY=25 -DNMM_NEST=0  -I. -traditional   module_sf_bep.F  > module_sf_bep.bb
/home/saji/WRF/compile/WRF3.8/oml_sst/tools/standard.exe module_sf_bep.bb | /lib/cpp -P -traditional > module_sf_bep.f90
rm -f module_sf_bep.b module_sf_bep.bb
time mpif90  -o module_sf_bep.o -c -O2 -ftree-vectorize -funroll-loops -w -ffree-form -ffree-line-length-none -fconvert=big-endian -frecord-marker=4   -I../dyn_em -I../dyn_nmm   -I/home/saji/WRF/compile/WRF3.8/oml_sst/external/esmf_time_f90  -I/home/saji/WRF/compile/WRF3.8/oml_sst/main -I/home/saji/WRF/compile/WRF3.8/oml_sst/external/io_netcdf -I/home/saji/WRF/compile/WRF3.8/oml_sst/external/io_int -I/home/saji/WRF/compile/WRF3.8/oml_sst/frame -I/home/saji/WRF/compile/WRF3.8/oml_sst/share -I/home/saji/WRF/compile/WRF3.8/oml_sst/phys -I/home/saji/WRF/compile/WRF3.8/oml_sst/chem -I/home/saji/WRF/compile/WRF3.8/oml_sst/inc -I/usr/include    module_sf_bep.f90
4.54user 0.05system 0:04.60elapsed 100%CPU (0avgtext+0avgdata 357216maxresident)k
0inputs+1632outputs (0major+25502minor)pagefaults 0swaps
rm -f module_sf_bep_bem.o
/lib/cpp -P -I/home/saji/WRF/compile/WRF3.8/oml_sst/inc -DEM_CORE=1 -DNMM_CORE=0 -DNMM_MAX_DIM=2600 -DCOAMPS_CORE=0 -DDA_CORE=0 -DEXP_CORE=0 -DIWORDSIZE=4 -DDWORDSIZE=8 -DRWORDSIZE=4 -DLWORDSIZE=4 -DNONSTANDARD_SYSTEM_SUBR  -DWRF_USE_CLM -DNO_IEEE_MODULE  -DDM_PARALLEL -DNETCDF -DUSE_ALLOCATABLES -DGRIB1 -DINTIO -DKEEP_INT_AROUND -DLIMIT_ARGS -DCONFIG_BUF_LEN=65536 -DMAX_DOMAINS_F=21 -DMAX_HISTORY=25 -DNMM_NEST=0  -I. -traditional   module_sf_bep_bem.F  > module_sf_bep_bem.bb
/home/saji/WRF/compile/WRF3.8/oml_sst/tools/standard.exe module_sf_bep_bem.bb | /lib/cpp -P -traditional > module_sf_bep_bem.f90
rm -f module_sf_bep_bem.b module_sf_bep_bem.bb
time mpif90  -o module_sf_bep_bem.o -c -O2 -ftree-vectorize -funroll-loops -w -ffree-form -ffree-line-length-none -fconvert=big-endian -frecord-marker=4   -I../dyn_em -I../dyn_nmm   -I/home/saji/WRF/compile/WRF3.8/oml_sst/external/esmf_time_f90  -I/home/saji/WRF/compile/WRF3.8/oml_sst/main -I/home/saji/WRF/compile/WRF3.8/oml_sst/external/io_netcdf -I/home/saji/WRF/compile/WRF3.8/oml_sst/external/io_int -I/home/saji/WRF/compile/WRF3.8/oml_sst/frame -I/home/saji/WRF/compile/WRF3.8/oml_sst/share -I/home/saji/WRF/compile/WRF3.8/oml_sst/phys -I/home/saji/WRF/compile/WRF3.8/oml_sst/chem -I/home/saji/WRF/compile/WRF3.8/oml_sst/inc -I/usr/include    module_sf_bep_bem.f90
12.36user 0.15system 0:12.51elapsed 100%CPU (0avgtext+0avgdata 733744maxresident)k
0inputs+3800outputs (0major+51273minor)pagefaults 0swaps
rm -f module_sf_clm.o
/lib/cpp -P -I/home/saji/WRF/compile/WRF3.8/oml_sst/inc -DEM_CORE=1 -DNMM_CORE=0 -DNMM_MAX_DIM=2600 -DCOAMPS_CORE=0 -DDA_CORE=0 -DEXP_CORE=0 -DIWORDSIZE=4 -DDWORDSIZE=8 -DRWORDSIZE=4 -DLWORDSIZE=4 -DNONSTANDARD_SYSTEM_SUBR  -DWRF_USE_CLM -DNO_IEEE_MODULE  -DDM_PARALLEL -DNETCDF -DUSE_ALLOCATABLES -DGRIB1 -DINTIO -DKEEP_INT_AROUND -DLIMIT_ARGS -DCONFIG_BUF_LEN=65536 -DMAX_DOMAINS_F=21 -DMAX_HISTORY=25 -DNMM_NEST=0  -I. -traditional   module_sf_clm.F  > module_sf_clm.bb
/home/saji/WRF/compile/WRF3.8/oml_sst/tools/standard.exe module_sf_clm.bb | /lib/cpp -P -traditional > module_sf_clm.f90
rm -f module_sf_clm.b module_sf_clm.bb
time mpif90  -o module_sf_clm.o -c -O2 -ftree-vectorize -funroll-loops -w -ffree-form -ffree-line-length-none -fconvert=big-endian -frecord-marker=4   -I../dyn_em -I../dyn_nmm   -I/home/saji/WRF/compile/WRF3.8/oml_sst/external/esmf_time_f90  -I/home/saji/WRF/compile/WRF3.8/oml_sst/main -I/home/saji/WRF/compile/WRF3.8/oml_sst/external/io_netcdf -I/home/saji/WRF/compile/WRF3.8/oml_sst/external/io_int -I/home/saji/WRF/compile/WRF3.8/oml_sst/frame -I/home/saji/WRF/compile/WRF3.8/oml_sst/share -I/home/saji/WRF/compile/WRF3.8/oml_sst/phys -I/home/saji/WRF/compile/WRF3.8/oml_sst/chem -I/home/saji/WRF/compile/WRF3.8/oml_sst/inc -I/usr/include    module_sf_clm.f90
7.52user 0.11system 0:07.63elapsed 100%CPU (0avgtext+0avgdata 671936maxresident)k
0inputs+2088outputs (0major+46702minor)pagefaults 0swaps
rm -f module_sf_noah_seaice_drv.o
/lib/cpp -P -I/home/saji/WRF/compile/WRF3.8/oml_sst/inc -DEM_CORE=1 -DNMM_CORE=0 -DNMM_MAX_DIM=2600 -DCOAMPS_CORE=0 -DDA_CORE=0 -DEXP_CORE=0 -DIWORDSIZE=4 -DDWORDSIZE=8 -DRWORDSIZE=4 -DLWORDSIZE=4 -DNONSTANDARD_SYSTEM_SUBR  -DWRF_USE_CLM -DNO_IEEE_MODULE  -DDM_PARALLEL -DNETCDF -DUSE_ALLOCATABLES -DGRIB1 -DINTIO -DKEEP_INT_AROUND -DLIMIT_ARGS -DCONFIG_BUF_LEN=65536 -DMAX_DOMAINS_F=21 -DMAX_HISTORY=25 -DNMM_NEST=0  -I. -traditional   module_sf_noah_seaice_drv.F  > module_sf_noah_seaice_drv.bb
/home/saji/WRF/compile/WRF3.8/oml_sst/tools/standard.exe module_sf_noah_seaice_drv.bb | /lib/cpp -P -traditional > module_sf_noah_seaice_drv.f90
rm -f module_sf_noah_seaice_drv.b module_sf_noah_seaice_drv.bb
time mpif90  -o module_sf_noah_seaice_drv.o -c -O2 -ftree-vectorize -funroll-loops -w -ffree-form -ffree-line-length-none -fconvert=big-endian -frecord-marker=4   -I../dyn_em -I../dyn_nmm   -I/home/saji/WRF/compile/WRF3.8/oml_sst/external/esmf_time_f90  -I/home/saji/WRF/compile/WRF3.8/oml_sst/main -I/home/saji/WRF/compile/WRF3.8/oml_sst/external/io_netcdf -I/home/saji/WRF/compile/WRF3.8/oml_sst/external/io_int -I/home/saji/WRF/compile/WRF3.8/oml_sst/frame -I/home/saji/WRF/compile/WRF3.8/oml_sst/share -I/home/saji/WRF/compile/WRF3.8/oml_sst/phys -I/home/saji/WRF/compile/WRF3.8/oml_sst/chem -I/home/saji/WRF/compile/WRF3.8/oml_sst/inc -I/usr/include    module_sf_noah_seaice_drv.f90
0.35user 0.03system 0:00.37elapsed 101%CPU (0avgtext+0avgdata 65680maxresident)k
0inputs+144outputs (0major+6536minor)pagefaults 0swaps
rm -f module_sf_noahmp_groundwater.o
/lib/cpp -P -I/home/saji/WRF/compile/WRF3.8/oml_sst/inc -DEM_CORE=1 -DNMM_CORE=0 -DNMM_MAX_DIM=2600 -DCOAMPS_CORE=0 -DDA_CORE=0 -DEXP_CORE=0 -DIWORDSIZE=4 -DDWORDSIZE=8 -DRWORDSIZE=4 -DLWORDSIZE=4 -DNONSTANDARD_SYSTEM_SUBR  -DWRF_USE_CLM -DNO_IEEE_MODULE  -DDM_PARALLEL -DNETCDF -DUSE_ALLOCATABLES -DGRIB1 -DINTIO -DKEEP_INT_AROUND -DLIMIT_ARGS -DCONFIG_BUF_LEN=65536 -DMAX_DOMAINS_F=21 -DMAX_HISTORY=25 -DNMM_NEST=0  -I. -traditional   module_sf_noahmp_groundwater.F  > module_sf_noahmp_groundwater.bb
/home/saji/WRF/compile/WRF3.8/oml_sst/tools/standard.exe module_sf_noahmp_groundwater.bb | /lib/cpp -P -traditional > module_sf_noahmp_groundwater.f90
rm -f module_sf_noahmp_groundwater.b module_sf_noahmp_groundwater.bb
time mpif90  -o module_sf_noahmp_groundwater.o -c -O2 -ftree-vectorize -funroll-loops -w -ffree-form -ffree-line-length-none -fconvert=big-endian -frecord-marker=4   -I../dyn_em -I../dyn_nmm   -I/home/saji/WRF/compile/WRF3.8/oml_sst/external/esmf_time_f90  -I/home/saji/WRF/compile/WRF3.8/oml_sst/main -I/home/saji/WRF/compile/WRF3.8/oml_sst/external/io_netcdf -I/home/saji/WRF/compile/WRF3.8/oml_sst/external/io_int -I/home/saji/WRF/compile/WRF3.8/oml_sst/frame -I/home/saji/WRF/compile/WRF3.8/oml_sst/share -I/home/saji/WRF/compile/WRF3.8/oml_sst/phys -I/home/saji/WRF/compile/WRF3.8/oml_sst/chem -I/home/saji/WRF/compile/WRF3.8/oml_sst/inc -I/usr/include    module_sf_noahmp_groundwater.f90
0.98user 0.02system 0:00.99elapsed 100%CPU (0avgtext+0avgdata 115984maxresident)k
0inputs+320outputs (0major+9852minor)pagefaults 0swaps
rm -f module_sf_pxlsm.o
/lib/cpp -P -I/home/saji/WRF/compile/WRF3.8/oml_sst/inc -DEM_CORE=1 -DNMM_CORE=0 -DNMM_MAX_DIM=2600 -DCOAMPS_CORE=0 -DDA_CORE=0 -DEXP_CORE=0 -DIWORDSIZE=4 -DDWORDSIZE=8 -DRWORDSIZE=4 -DLWORDSIZE=4 -DNONSTANDARD_SYSTEM_SUBR  -DWRF_USE_CLM -DNO_IEEE_MODULE  -DDM_PARALLEL -DNETCDF -DUSE_ALLOCATABLES -DGRIB1 -DINTIO -DKEEP_INT_AROUND -DLIMIT_ARGS -DCONFIG_BUF_LEN=65536 -DMAX_DOMAINS_F=21 -DMAX_HISTORY=25 -DNMM_NEST=0  -I. -traditional   module_sf_pxlsm.F  > module_sf_pxlsm.bb
/home/saji/WRF/compile/WRF3.8/oml_sst/tools/standard.exe module_sf_pxlsm.bb | /lib/cpp -P -traditional > module_sf_pxlsm.f90
rm -f module_sf_pxlsm.b module_sf_pxlsm.bb
time mpif90  -o module_sf_pxlsm.o -c -O2 -ftree-vectorize -funroll-loops -w -ffree-form -ffree-line-length-none -fconvert=big-endian -frecord-marker=4   -I../dyn_em -I../dyn_nmm   -I/home/saji/WRF/compile/WRF3.8/oml_sst/external/esmf_time_f90  -I/home/saji/WRF/compile/WRF3.8/oml_sst/main -I/home/saji/WRF/compile/WRF3.8/oml_sst/external/io_netcdf -I/home/saji/WRF/compile/WRF3.8/oml_sst/external/io_int -I/home/saji/WRF/compile/WRF3.8/oml_sst/frame -I/home/saji/WRF/compile/WRF3.8/oml_sst/share -I/home/saji/WRF/compile/WRF3.8/oml_sst/phys -I/home/saji/WRF/compile/WRF3.8/oml_sst/chem -I/home/saji/WRF/compile/WRF3.8/oml_sst/inc -I/usr/include    module_sf_pxlsm.f90
1.44user 0.01system 0:01.45elapsed 100%CPU (0avgtext+0avgdata 131024maxresident)k
0inputs+640outputs (0major+10767minor)pagefaults 0swaps
rm -f module_sf_ocean_driver.o
/lib/cpp -P -I/home/saji/WRF/compile/WRF3.8/oml_sst/inc -DEM_CORE=1 -DNMM_CORE=0 -DNMM_MAX_DIM=2600 -DCOAMPS_CORE=0 -DDA_CORE=0 -DEXP_CORE=0 -DIWORDSIZE=4 -DDWORDSIZE=8 -DRWORDSIZE=4 -DLWORDSIZE=4 -DNONSTANDARD_SYSTEM_SUBR  -DWRF_USE_CLM -DNO_IEEE_MODULE  -DDM_PARALLEL -DNETCDF -DUSE_ALLOCATABLES -DGRIB1 -DINTIO -DKEEP_INT_AROUND -DLIMIT_ARGS -DCONFIG_BUF_LEN=65536 -DMAX_DOMAINS_F=21 -DMAX_HISTORY=25 -DNMM_NEST=0  -I. -traditional   module_sf_ocean_driver.F  > module_sf_ocean_driver.bb
/home/saji/WRF/compile/WRF3.8/oml_sst/tools/standard.exe module_sf_ocean_driver.bb | /lib/cpp -P -traditional > module_sf_ocean_driver.f90
rm -f module_sf_ocean_driver.b module_sf_ocean_driver.bb
time mpif90  -o module_sf_ocean_driver.o -c -O2 -ftree-vectorize -funroll-loops -w -ffree-form -ffree-line-length-none -fconvert=big-endian -frecord-marker=4   -I../dyn_em -I../dyn_nmm   -I/home/saji/WRF/compile/WRF3.8/oml_sst/external/esmf_time_f90  -I/home/saji/WRF/compile/WRF3.8/oml_sst/main -I/home/saji/WRF/compile/WRF3.8/oml_sst/external/io_netcdf -I/home/saji/WRF/compile/WRF3.8/oml_sst/external/io_int -I/home/saji/WRF/compile/WRF3.8/oml_sst/frame -I/home/saji/WRF/compile/WRF3.8/oml_sst/share -I/home/saji/WRF/compile/WRF3.8/oml_sst/phys -I/home/saji/WRF/compile/WRF3.8/oml_sst/chem -I/home/saji/WRF/compile/WRF3.8/oml_sst/inc -I/usr/include    module_sf_ocean_driver.f90
0.15user 0.02system 0:00.17elapsed 102%CPU (0avgtext+0avgdata 51952maxresident)k
0inputs+80outputs (0major+5435minor)pagefaults 0swaps
rm -f module_lightning_driver.o
/lib/cpp -P -I/home/saji/WRF/compile/WRF3.8/oml_sst/inc -DEM_CORE=1 -DNMM_CORE=0 -DNMM_MAX_DIM=2600 -DCOAMPS_CORE=0 -DDA_CORE=0 -DEXP_CORE=0 -DIWORDSIZE=4 -DDWORDSIZE=8 -DRWORDSIZE=4 -DLWORDSIZE=4 -DNONSTANDARD_SYSTEM_SUBR  -DWRF_USE_CLM -DNO_IEEE_MODULE  -DDM_PARALLEL -DNETCDF -DUSE_ALLOCATABLES -DGRIB1 -DINTIO -DKEEP_INT_AROUND -DLIMIT_ARGS -DCONFIG_BUF_LEN=65536 -DMAX_DOMAINS_F=21 -DMAX_HISTORY=25 -DNMM_NEST=0  -I. -traditional   module_lightning_driver.F  > module_lightning_driver.bb
/home/saji/WRF/compile/WRF3.8/oml_sst/tools/standard.exe module_lightning_driver.bb | /lib/cpp -P -traditional > module_lightning_driver.f90
rm -f module_lightning_driver.b module_lightning_driver.bb
time mpif90  -o module_lightning_driver.o -c -O2 -ftree-vectorize -funroll-loops -w -ffree-form -ffree-line-length-none -fconvert=big-endian -frecord-marker=4   -I../dyn_em -I../dyn_nmm   -I/home/saji/WRF/compile/WRF3.8/oml_sst/external/esmf_time_f90  -I/home/saji/WRF/compile/WRF3.8/oml_sst/main -I/home/saji/WRF/compile/WRF3.8/oml_sst/external/io_netcdf -I/home/saji/WRF/compile/WRF3.8/oml_sst/external/io_int -I/home/saji/WRF/compile/WRF3.8/oml_sst/frame -I/home/saji/WRF/compile/WRF3.8/oml_sst/share -I/home/saji/WRF/compile/WRF3.8/oml_sst/phys -I/home/saji/WRF/compile/WRF3.8/oml_sst/chem -I/home/saji/WRF/compile/WRF3.8/oml_sst/inc -I/usr/include    module_lightning_driver.f90
1.02user 0.08system 0:01.09elapsed 100%CPU (0avgtext+0avgdata 113680maxresident)k
0inputs+328outputs (0major+9552minor)pagefaults 0swaps
rm -f module_diag_afwa.o
/lib/cpp -P -I/home/saji/WRF/compile/WRF3.8/oml_sst/inc -DEM_CORE=1 -DNMM_CORE=0 -DNMM_MAX_DIM=2600 -DCOAMPS_CORE=0 -DDA_CORE=0 -DEXP_CORE=0 -DIWORDSIZE=4 -DDWORDSIZE=8 -DRWORDSIZE=4 -DLWORDSIZE=4 -DNONSTANDARD_SYSTEM_SUBR  -DWRF_USE_CLM -DNO_IEEE_MODULE  -DDM_PARALLEL -DNETCDF -DUSE_ALLOCATABLES -DGRIB1 -DINTIO -DKEEP_INT_AROUND -DLIMIT_ARGS -DCONFIG_BUF_LEN=65536 -DMAX_DOMAINS_F=21 -DMAX_HISTORY=25 -DNMM_NEST=0  -I. -traditional   module_diag_afwa.F  > module_diag_afwa.bb
/home/saji/WRF/compile/WRF3.8/oml_sst/tools/standard.exe module_diag_afwa.bb | /lib/cpp -P -traditional > module_diag_afwa.f90
rm -f module_diag_afwa.b module_diag_afwa.bb
time mpif90  -o module_diag_afwa.o -c -O2 -ftree-vectorize -funroll-loops -w -ffree-form -ffree-line-length-none -fconvert=big-endian -frecord-marker=4   -I../dyn_em -I../dyn_nmm   -I/home/saji/WRF/compile/WRF3.8/oml_sst/external/esmf_time_f90  -I/home/saji/WRF/compile/WRF3.8/oml_sst/main -I/home/saji/WRF/compile/WRF3.8/oml_sst/external/io_netcdf -I/home/saji/WRF/compile/WRF3.8/oml_sst/external/io_int -I/home/saji/WRF/compile/WRF3.8/oml_sst/frame -I/home/saji/WRF/compile/WRF3.8/oml_sst/share -I/home/saji/WRF/compile/WRF3.8/oml_sst/phys -I/home/saji/WRF/compile/WRF3.8/oml_sst/chem -I/home/saji/WRF/compile/WRF3.8/oml_sst/inc -I/usr/include    module_diag_afwa.f90
7.61user 0.17system 0:07.78elapsed 100%CPU (0avgtext+0avgdata 477632maxresident)k
0inputs+3488outputs (0major+34829minor)pagefaults 0swaps
rm -f module_fr_fire_phys.o
/lib/cpp -P -I/home/saji/WRF/compile/WRF3.8/oml_sst/inc -DEM_CORE=1 -DNMM_CORE=0 -DNMM_MAX_DIM=2600 -DCOAMPS_CORE=0 -DDA_CORE=0 -DEXP_CORE=0 -DIWORDSIZE=4 -DDWORDSIZE=8 -DRWORDSIZE=4 -DLWORDSIZE=4 -DNONSTANDARD_SYSTEM_SUBR  -DWRF_USE_CLM -DNO_IEEE_MODULE  -DDM_PARALLEL -DNETCDF -DUSE_ALLOCATABLES -DGRIB1 -DINTIO -DKEEP_INT_AROUND -DLIMIT_ARGS -DCONFIG_BUF_LEN=65536 -DMAX_DOMAINS_F=21 -DMAX_HISTORY=25 -DNMM_NEST=0  -I. -traditional   module_fr_fire_phys.F  > module_fr_fire_phys.bb
/home/saji/WRF/compile/WRF3.8/oml_sst/tools/standard.exe module_fr_fire_phys.bb | /lib/cpp -P -traditional > module_fr_fire_phys.f90
rm -f module_fr_fire_phys.b module_fr_fire_phys.bb
time mpif90  -o module_fr_fire_phys.o -c -O2 -ftree-vectorize -funroll-loops -w -ffree-form -ffree-line-length-none -fconvert=big-endian -frecord-marker=4   -I../dyn_em -I../dyn_nmm   -I/home/saji/WRF/compile/WRF3.8/oml_sst/external/esmf_time_f90  -I/home/saji/WRF/compile/WRF3.8/oml_sst/main -I/home/saji/WRF/compile/WRF3.8/oml_sst/external/io_netcdf -I/home/saji/WRF/compile/WRF3.8/oml_sst/external/io_int -I/home/saji/WRF/compile/WRF3.8/oml_sst/frame -I/home/saji/WRF/compile/WRF3.8/oml_sst/share -I/home/saji/WRF/compile/WRF3.8/oml_sst/phys -I/home/saji/WRF/compile/WRF3.8/oml_sst/chem -I/home/saji/WRF/compile/WRF3.8/oml_sst/inc -I/usr/include    module_fr_fire_phys.f90
0.82user 0.03system 0:00.85elapsed 100%CPU (0avgtext+0avgdata 92544maxresident)k
0inputs+424outputs (0major+8179minor)pagefaults 0swaps
rm -f module_fr_fire_atm.o
/lib/cpp -P -I/home/saji/WRF/compile/WRF3.8/oml_sst/inc -DEM_CORE=1 -DNMM_CORE=0 -DNMM_MAX_DIM=2600 -DCOAMPS_CORE=0 -DDA_CORE=0 -DEXP_CORE=0 -DIWORDSIZE=4 -DDWORDSIZE=8 -DRWORDSIZE=4 -DLWORDSIZE=4 -DNONSTANDARD_SYSTEM_SUBR  -DWRF_USE_CLM -DNO_IEEE_MODULE  -DDM_PARALLEL -DNETCDF -DUSE_ALLOCATABLES -DGRIB1 -DINTIO -DKEEP_INT_AROUND -DLIMIT_ARGS -DCONFIG_BUF_LEN=65536 -DMAX_DOMAINS_F=21 -DMAX_HISTORY=25 -DNMM_NEST=0  -I. -traditional   module_fr_fire_atm.F  > module_fr_fire_atm.bb
/home/saji/WRF/compile/WRF3.8/oml_sst/tools/standard.exe module_fr_fire_atm.bb | /lib/cpp -P -traditional > module_fr_fire_atm.f90
rm -f module_fr_fire_atm.b module_fr_fire_atm.bb
time mpif90  -o module_fr_fire_atm.o -c -O2 -ftree-vectorize -funroll-loops -w -ffree-form -ffree-line-length-none -fconvert=big-endian -frecord-marker=4   -I../dyn_em -I../dyn_nmm   -I/home/saji/WRF/compile/WRF3.8/oml_sst/external/esmf_time_f90  -I/home/saji/WRF/compile/WRF3.8/oml_sst/main -I/home/saji/WRF/compile/WRF3.8/oml_sst/external/io_netcdf -I/home/saji/WRF/compile/WRF3.8/oml_sst/external/io_int -I/home/saji/WRF/compile/WRF3.8/oml_sst/frame -I/home/saji/WRF/compile/WRF3.8/oml_sst/share -I/home/saji/WRF/compile/WRF3.8/oml_sst/phys -I/home/saji/WRF/compile/WRF3.8/oml_sst/chem -I/home/saji/WRF/compile/WRF3.8/oml_sst/inc -I/usr/include    module_fr_fire_atm.f90
0.36user 0.01system 0:00.37elapsed 101%CPU (0avgtext+0avgdata 70224maxresident)k
0inputs+272outputs (0major+6556minor)pagefaults 0swaps
rm -f module_cam_physconst.o
/lib/cpp -P -I/home/saji/WRF/compile/WRF3.8/oml_sst/inc -DEM_CORE=1 -DNMM_CORE=0 -DNMM_MAX_DIM=2600 -DCOAMPS_CORE=0 -DDA_CORE=0 -DEXP_CORE=0 -DIWORDSIZE=4 -DDWORDSIZE=8 -DRWORDSIZE=4 -DLWORDSIZE=4 -DNONSTANDARD_SYSTEM_SUBR  -DWRF_USE_CLM -DNO_IEEE_MODULE  -DDM_PARALLEL -DNETCDF -DUSE_ALLOCATABLES -DGRIB1 -DINTIO -DKEEP_INT_AROUND -DLIMIT_ARGS -DCONFIG_BUF_LEN=65536 -DMAX_DOMAINS_F=21 -DMAX_HISTORY=25 -DNMM_NEST=0  -I. -traditional   module_cam_physconst.F  > module_cam_physconst.bb
/home/saji/WRF/compile/WRF3.8/oml_sst/tools/standard.exe module_cam_physconst.bb | /lib/cpp -P -traditional > module_cam_physconst.f90
rm -f module_cam_physconst.b module_cam_physconst.bb
time mpif90  -o module_cam_physconst.o -c -O2 -ftree-vectorize -funroll-loops -w -ffree-form -ffree-line-length-none -fconvert=big-endian -frecord-marker=4   -I../dyn_em -I../dyn_nmm   -I/home/saji/WRF/compile/WRF3.8/oml_sst/external/esmf_time_f90  -I/home/saji/WRF/compile/WRF3.8/oml_sst/main -I/home/saji/WRF/compile/WRF3.8/oml_sst/external/io_netcdf -I/home/saji/WRF/compile/WRF3.8/oml_sst/external/io_int -I/home/saji/WRF/compile/WRF3.8/oml_sst/frame -I/home/saji/WRF/compile/WRF3.8/oml_sst/share -I/home/saji/WRF/compile/WRF3.8/oml_sst/phys -I/home/saji/WRF/compile/WRF3.8/oml_sst/chem -I/home/saji/WRF/compile/WRF3.8/oml_sst/inc -I/usr/include    module_cam_physconst.f90
0.01user 0.01system 0:00.02elapsed 118%CPU (0avgtext+0avgdata 28848maxresident)k
0inputs+40outputs (0major+3898minor)pagefaults 0swaps
rm -f module_cam_bl_eddy_diff.o
/lib/cpp -P -I/home/saji/WRF/compile/WRF3.8/oml_sst/inc -DEM_CORE=1 -DNMM_CORE=0 -DNMM_MAX_DIM=2600 -DCOAMPS_CORE=0 -DDA_CORE=0 -DEXP_CORE=0 -DIWORDSIZE=4 -DDWORDSIZE=8 -DRWORDSIZE=4 -DLWORDSIZE=4 -DNONSTANDARD_SYSTEM_SUBR  -DWRF_USE_CLM -DNO_IEEE_MODULE  -DDM_PARALLEL -DNETCDF -DUSE_ALLOCATABLES -DGRIB1 -DINTIO -DKEEP_INT_AROUND -DLIMIT_ARGS -DCONFIG_BUF_LEN=65536 -DMAX_DOMAINS_F=21 -DMAX_HISTORY=25 -DNMM_NEST=0  -I. -traditional   module_cam_bl_eddy_diff.F  > module_cam_bl_eddy_diff.bb
/home/saji/WRF/compile/WRF3.8/oml_sst/tools/standard.exe module_cam_bl_eddy_diff.bb | /lib/cpp -P -traditional > module_cam_bl_eddy_diff.f90
rm -f module_cam_bl_eddy_diff.b module_cam_bl_eddy_diff.bb
time mpif90  -o module_cam_bl_eddy_diff.o -c -O2 -ftree-vectorize -funroll-loops -w -ffree-form -ffree-line-length-none -fconvert=big-endian -frecord-marker=4   -I../dyn_em -I../dyn_nmm   -I/home/saji/WRF/compile/WRF3.8/oml_sst/external/esmf_time_f90  -I/home/saji/WRF/compile/WRF3.8/oml_sst/main -I/home/saji/WRF/compile/WRF3.8/oml_sst/external/io_netcdf -I/home/saji/WRF/compile/WRF3.8/oml_sst/external/io_int -I/home/saji/WRF/compile/WRF3.8/oml_sst/frame -I/home/saji/WRF/compile/WRF3.8/oml_sst/share -I/home/saji/WRF/compile/WRF3.8/oml_sst/phys -I/home/saji/WRF/compile/WRF3.8/oml_sst/chem -I/home/saji/WRF/compile/WRF3.8/oml_sst/inc -I/usr/include    module_cam_bl_eddy_diff.f90
8.44user 0.11system 0:08.55elapsed 100%CPU (0avgtext+0avgdata 636528maxresident)k
0inputs+1600outputs (0major+44285minor)pagefaults 0swaps
rm -f module_data_cam_mam_aero.o
/lib/cpp -P -I/home/saji/WRF/compile/WRF3.8/oml_sst/inc -DEM_CORE=1 -DNMM_CORE=0 -DNMM_MAX_DIM=2600 -DCOAMPS_CORE=0 -DDA_CORE=0 -DEXP_CORE=0 -DIWORDSIZE=4 -DDWORDSIZE=8 -DRWORDSIZE=4 -DLWORDSIZE=4 -DNONSTANDARD_SYSTEM_SUBR  -DWRF_USE_CLM -DNO_IEEE_MODULE  -DDM_PARALLEL -DNETCDF -DUSE_ALLOCATABLES -DGRIB1 -DINTIO -DKEEP_INT_AROUND -DLIMIT_ARGS -DCONFIG_BUF_LEN=65536 -DMAX_DOMAINS_F=21 -DMAX_HISTORY=25 -DNMM_NEST=0  -I. -traditional   module_data_cam_mam_aero.F  > module_data_cam_mam_aero.bb
/home/saji/WRF/compile/WRF3.8/oml_sst/tools/standard.exe module_data_cam_mam_aero.bb | /lib/cpp -P -traditional > module_data_cam_mam_aero.f90
rm -f module_data_cam_mam_aero.b module_data_cam_mam_aero.bb
time mpif90  -o module_data_cam_mam_aero.o -c -O2 -ftree-vectorize -funroll-loops -w -ffree-form -ffree-line-length-none -fconvert=big-endian -frecord-marker=4   -I../dyn_em -I../dyn_nmm   -I/home/saji/WRF/compile/WRF3.8/oml_sst/external/esmf_time_f90  -I/home/saji/WRF/compile/WRF3.8/oml_sst/main -I/home/saji/WRF/compile/WRF3.8/oml_sst/external/io_netcdf -I/home/saji/WRF/compile/WRF3.8/oml_sst/external/io_int -I/home/saji/WRF/compile/WRF3.8/oml_sst/frame -I/home/saji/WRF/compile/WRF3.8/oml_sst/share -I/home/saji/WRF/compile/WRF3.8/oml_sst/phys -I/home/saji/WRF/compile/WRF3.8/oml_sst/chem -I/home/saji/WRF/compile/WRF3.8/oml_sst/inc -I/usr/include    module_data_cam_mam_aero.f90
0.02user 0.00system 0:00.03elapsed 116%CPU (0avgtext+0avgdata 23360maxresident)k
0inputs+160outputs (0major+3555minor)pagefaults 0swaps
rm -f module_cam_mp_conv_water.o
/lib/cpp -P -I/home/saji/WRF/compile/WRF3.8/oml_sst/inc -DEM_CORE=1 -DNMM_CORE=0 -DNMM_MAX_DIM=2600 -DCOAMPS_CORE=0 -DDA_CORE=0 -DEXP_CORE=0 -DIWORDSIZE=4 -DDWORDSIZE=8 -DRWORDSIZE=4 -DLWORDSIZE=4 -DNONSTANDARD_SYSTEM_SUBR  -DWRF_USE_CLM -DNO_IEEE_MODULE  -DDM_PARALLEL -DNETCDF -DUSE_ALLOCATABLES -DGRIB1 -DINTIO -DKEEP_INT_AROUND -DLIMIT_ARGS -DCONFIG_BUF_LEN=65536 -DMAX_DOMAINS_F=21 -DMAX_HISTORY=25 -DNMM_NEST=0  -I. -traditional   module_cam_mp_conv_water.F  > module_cam_mp_conv_water.bb
/home/saji/WRF/compile/WRF3.8/oml_sst/tools/standard.exe module_cam_mp_conv_water.bb | /lib/cpp -P -traditional > module_cam_mp_conv_water.f90
rm -f module_cam_mp_conv_water.b module_cam_mp_conv_water.bb
time mpif90  -o module_cam_mp_conv_water.o -c -O2 -ftree-vectorize -funroll-loops -w -ffree-form -ffree-line-length-none -fconvert=big-endian -frecord-marker=4   -I../dyn_em -I../dyn_nmm   -I/home/saji/WRF/compile/WRF3.8/oml_sst/external/esmf_time_f90  -I/home/saji/WRF/compile/WRF3.8/oml_sst/main -I/home/saji/WRF/compile/WRF3.8/oml_sst/external/io_netcdf -I/home/saji/WRF/compile/WRF3.8/oml_sst/external/io_int -I/home/saji/WRF/compile/WRF3.8/oml_sst/frame -I/home/saji/WRF/compile/WRF3.8/oml_sst/share -I/home/saji/WRF/compile/WRF3.8/oml_sst/phys -I/home/saji/WRF/compile/WRF3.8/oml_sst/chem -I/home/saji/WRF/compile/WRF3.8/oml_sst/inc -I/usr/include    module_cam_mp_conv_water.f90
0.25user 0.01system 0:00.26elapsed 102%CPU (0avgtext+0avgdata 61856maxresident)k
0inputs+104outputs (0major+6074minor)pagefaults 0swaps
rm -f module_data_cam_mam_asect.o
/lib/cpp -P -I/home/saji/WRF/compile/WRF3.8/oml_sst/inc -DEM_CORE=1 -DNMM_CORE=0 -DNMM_MAX_DIM=2600 -DCOAMPS_CORE=0 -DDA_CORE=0 -DEXP_CORE=0 -DIWORDSIZE=4 -DDWORDSIZE=8 -DRWORDSIZE=4 -DLWORDSIZE=4 -DNONSTANDARD_SYSTEM_SUBR  -DWRF_USE_CLM -DNO_IEEE_MODULE  -DDM_PARALLEL -DNETCDF -DUSE_ALLOCATABLES -DGRIB1 -DINTIO -DKEEP_INT_AROUND -DLIMIT_ARGS -DCONFIG_BUF_LEN=65536 -DMAX_DOMAINS_F=21 -DMAX_HISTORY=25 -DNMM_NEST=0  -I. -traditional   module_data_cam_mam_asect.F  > module_data_cam_mam_asect.bb
/home/saji/WRF/compile/WRF3.8/oml_sst/tools/standard.exe module_data_cam_mam_asect.bb | /lib/cpp -P -traditional > module_data_cam_mam_asect.f90
rm -f module_data_cam_mam_asect.b module_data_cam_mam_asect.bb
time mpif90  -o module_data_cam_mam_asect.o -c -O2 -ftree-vectorize -funroll-loops -w -ffree-form -ffree-line-length-none -fconvert=big-endian -frecord-marker=4   -I../dyn_em -I../dyn_nmm   -I/home/saji/WRF/compile/WRF3.8/oml_sst/external/esmf_time_f90  -I/home/saji/WRF/compile/WRF3.8/oml_sst/main -I/home/saji/WRF/compile/WRF3.8/oml_sst/external/io_netcdf -I/home/saji/WRF/compile/WRF3.8/oml_sst/external/io_int -I/home/saji/WRF/compile/WRF3.8/oml_sst/frame -I/home/saji/WRF/compile/WRF3.8/oml_sst/share -I/home/saji/WRF/compile/WRF3.8/oml_sst/phys -I/home/saji/WRF/compile/WRF3.8/oml_sst/chem -I/home/saji/WRF/compile/WRF3.8/oml_sst/inc -I/usr/include    module_data_cam_mam_asect.f90
0.02user 0.01system 0:00.02elapsed 118%CPU (0avgtext+0avgdata 22528maxresident)k
0inputs+112outputs (0major+3478minor)pagefaults 0swaps
rm -f module_bl_gfs.o
/lib/cpp -P -I/home/saji/WRF/compile/WRF3.8/oml_sst/inc -DEM_CORE=1 -DNMM_CORE=0 -DNMM_MAX_DIM=2600 -DCOAMPS_CORE=0 -DDA_CORE=0 -DEXP_CORE=0 -DIWORDSIZE=4 -DDWORDSIZE=8 -DRWORDSIZE=4 -DLWORDSIZE=4 -DNONSTANDARD_SYSTEM_SUBR  -DWRF_USE_CLM -DNO_IEEE_MODULE  -DDM_PARALLEL -DNETCDF -DUSE_ALLOCATABLES -DGRIB1 -DINTIO -DKEEP_INT_AROUND -DLIMIT_ARGS -DCONFIG_BUF_LEN=65536 -DMAX_DOMAINS_F=21 -DMAX_HISTORY=25 -DNMM_NEST=0  -I. -traditional   module_bl_gfs.F  > module_bl_gfs.bb
/home/saji/WRF/compile/WRF3.8/oml_sst/tools/standard.exe module_bl_gfs.bb | /lib/cpp -P -traditional > module_bl_gfs.f90
rm -f module_bl_gfs.b module_bl_gfs.bb
time mpif90  -o module_bl_gfs.o -c -O2 -ftree-vectorize -funroll-loops -w -ffree-form -ffree-line-length-none -fconvert=big-endian -frecord-marker=4   -I../dyn_em -I../dyn_nmm   -I/home/saji/WRF/compile/WRF3.8/oml_sst/external/esmf_time_f90  -I/home/saji/WRF/compile/WRF3.8/oml_sst/main -I/home/saji/WRF/compile/WRF3.8/oml_sst/external/io_netcdf -I/home/saji/WRF/compile/WRF3.8/oml_sst/external/io_int -I/home/saji/WRF/compile/WRF3.8/oml_sst/frame -I/home/saji/WRF/compile/WRF3.8/oml_sst/share -I/home/saji/WRF/compile/WRF3.8/oml_sst/phys -I/home/saji/WRF/compile/WRF3.8/oml_sst/chem -I/home/saji/WRF/compile/WRF3.8/oml_sst/inc -I/usr/include    module_bl_gfs.f90
4.87user 0.07system 0:04.94elapsed 100%CPU (0avgtext+0avgdata 354016maxresident)k
0inputs+1288outputs (0major+26781minor)pagefaults 0swaps
rm -f module_bl_gfs2011.o
/lib/cpp -P -I/home/saji/WRF/compile/WRF3.8/oml_sst/inc -DEM_CORE=1 -DNMM_CORE=0 -DNMM_MAX_DIM=2600 -DCOAMPS_CORE=0 -DDA_CORE=0 -DEXP_CORE=0 -DIWORDSIZE=4 -DDWORDSIZE=8 -DRWORDSIZE=4 -DLWORDSIZE=4 -DNONSTANDARD_SYSTEM_SUBR  -DWRF_USE_CLM -DNO_IEEE_MODULE  -DDM_PARALLEL -DNETCDF -DUSE_ALLOCATABLES -DGRIB1 -DINTIO -DKEEP_INT_AROUND -DLIMIT_ARGS -DCONFIG_BUF_LEN=65536 -DMAX_DOMAINS_F=21 -DMAX_HISTORY=25 -DNMM_NEST=0  -I. -traditional   module_bl_gfs2011.F  > module_bl_gfs2011.bb
/home/saji/WRF/compile/WRF3.8/oml_sst/tools/standard.exe module_bl_gfs2011.bb | /lib/cpp -P -traditional > module_bl_gfs2011.f90
rm -f module_bl_gfs2011.b module_bl_gfs2011.bb
time mpif90  -o module_bl_gfs2011.o -c -O2 -ftree-vectorize -funroll-loops -w -ffree-form -ffree-line-length-none -fconvert=big-endian -frecord-marker=4   -I../dyn_em -I../dyn_nmm   -I/home/saji/WRF/compile/WRF3.8/oml_sst/external/esmf_time_f90  -I/home/saji/WRF/compile/WRF3.8/oml_sst/main -I/home/saji/WRF/compile/WRF3.8/oml_sst/external/io_netcdf -I/home/saji/WRF/compile/WRF3.8/oml_sst/external/io_int -I/home/saji/WRF/compile/WRF3.8/oml_sst/frame -I/home/saji/WRF/compile/WRF3.8/oml_sst/share -I/home/saji/WRF/compile/WRF3.8/oml_sst/phys -I/home/saji/WRF/compile/WRF3.8/oml_sst/chem -I/home/saji/WRF/compile/WRF3.8/oml_sst/inc -I/usr/include    module_bl_gfs2011.f90
7.98user 0.14system 0:08.11elapsed 100%CPU (0avgtext+0avgdata 583216maxresident)k
0inputs+1736outputs (0major+44001minor)pagefaults 0swaps
rm -f module_cu_tiedtke.o
/lib/cpp -P -I/home/saji/WRF/compile/WRF3.8/oml_sst/inc -DEM_CORE=1 -DNMM_CORE=0 -DNMM_MAX_DIM=2600 -DCOAMPS_CORE=0 -DDA_CORE=0 -DEXP_CORE=0 -DIWORDSIZE=4 -DDWORDSIZE=8 -DRWORDSIZE=4 -DLWORDSIZE=4 -DNONSTANDARD_SYSTEM_SUBR  -DWRF_USE_CLM -DNO_IEEE_MODULE  -DDM_PARALLEL -DNETCDF -DUSE_ALLOCATABLES -DGRIB1 -DINTIO -DKEEP_INT_AROUND -DLIMIT_ARGS -DCONFIG_BUF_LEN=65536 -DMAX_DOMAINS_F=21 -DMAX_HISTORY=25 -DNMM_NEST=0  -I. -traditional   module_cu_tiedtke.F  > module_cu_tiedtke.bb
/home/saji/WRF/compile/WRF3.8/oml_sst/tools/standard.exe module_cu_tiedtke.bb | /lib/cpp -P -traditional > module_cu_tiedtke.f90
rm -f module_cu_tiedtke.b module_cu_tiedtke.bb
time mpif90  -o module_cu_tiedtke.o -c -O2 -ftree-vectorize -funroll-loops -w -ffree-form -ffree-line-length-none -fconvert=big-endian -frecord-marker=4   -I../dyn_em -I../dyn_nmm   -I/home/saji/WRF/compile/WRF3.8/oml_sst/external/esmf_time_f90  -I/home/saji/WRF/compile/WRF3.8/oml_sst/main -I/home/saji/WRF/compile/WRF3.8/oml_sst/external/io_netcdf -I/home/saji/WRF/compile/WRF3.8/oml_sst/external/io_int -I/home/saji/WRF/compile/WRF3.8/oml_sst/frame -I/home/saji/WRF/compile/WRF3.8/oml_sst/share -I/home/saji/WRF/compile/WRF3.8/oml_sst/phys -I/home/saji/WRF/compile/WRF3.8/oml_sst/chem -I/home/saji/WRF/compile/WRF3.8/oml_sst/inc -I/usr/include    module_cu_tiedtke.f90
6.49user 0.07system 0:06.56elapsed 100%CPU (0avgtext+0avgdata 425200maxresident)k
0inputs+1944outputs (0major+30488minor)pagefaults 0swaps
rm -f module_cu_sas.o
/lib/cpp -P -I/home/saji/WRF/compile/WRF3.8/oml_sst/inc -DEM_CORE=1 -DNMM_CORE=0 -DNMM_MAX_DIM=2600 -DCOAMPS_CORE=0 -DDA_CORE=0 -DEXP_CORE=0 -DIWORDSIZE=4 -DDWORDSIZE=8 -DRWORDSIZE=4 -DLWORDSIZE=4 -DNONSTANDARD_SYSTEM_SUBR  -DWRF_USE_CLM -DNO_IEEE_MODULE  -DDM_PARALLEL -DNETCDF -DUSE_ALLOCATABLES -DGRIB1 -DINTIO -DKEEP_INT_AROUND -DLIMIT_ARGS -DCONFIG_BUF_LEN=65536 -DMAX_DOMAINS_F=21 -DMAX_HISTORY=25 -DNMM_NEST=0  -I. -traditional   module_cu_sas.F  > module_cu_sas.bb
/home/saji/WRF/compile/WRF3.8/oml_sst/tools/standard.exe module_cu_sas.bb | /lib/cpp -P -traditional > module_cu_sas.f90
rm -f module_cu_sas.b module_cu_sas.bb
time mpif90  -o module_cu_sas.o -c -O2 -ftree-vectorize -funroll-loops -w -ffree-form -ffree-line-length-none -fconvert=big-endian -frecord-marker=4   -I../dyn_em -I../dyn_nmm   -I/home/saji/WRF/compile/WRF3.8/oml_sst/external/esmf_time_f90  -I/home/saji/WRF/compile/WRF3.8/oml_sst/main -I/home/saji/WRF/compile/WRF3.8/oml_sst/external/io_netcdf -I/home/saji/WRF/compile/WRF3.8/oml_sst/external/io_int -I/home/saji/WRF/compile/WRF3.8/oml_sst/frame -I/home/saji/WRF/compile/WRF3.8/oml_sst/share -I/home/saji/WRF/compile/WRF3.8/oml_sst/phys -I/home/saji/WRF/compile/WRF3.8/oml_sst/chem -I/home/saji/WRF/compile/WRF3.8/oml_sst/inc -I/usr/include    module_cu_sas.f90
33.28user 0.22system 0:33.49elapsed 100%CPU (0avgtext+0avgdata 1334672maxresident)k
0inputs+5144outputs (0major+90846minor)pagefaults 0swaps
rm -f module_cu_mesosas.o
/lib/cpp -P -I/home/saji/WRF/compile/WRF3.8/oml_sst/inc -DEM_CORE=1 -DNMM_CORE=0 -DNMM_MAX_DIM=2600 -DCOAMPS_CORE=0 -DDA_CORE=0 -DEXP_CORE=0 -DIWORDSIZE=4 -DDWORDSIZE=8 -DRWORDSIZE=4 -DLWORDSIZE=4 -DNONSTANDARD_SYSTEM_SUBR  -DWRF_USE_CLM -DNO_IEEE_MODULE  -DDM_PARALLEL -DNETCDF -DUSE_ALLOCATABLES -DGRIB1 -DINTIO -DKEEP_INT_AROUND -DLIMIT_ARGS -DCONFIG_BUF_LEN=65536 -DMAX_DOMAINS_F=21 -DMAX_HISTORY=25 -DNMM_NEST=0  -I. -traditional   module_cu_mesosas.F  > module_cu_mesosas.bb
/home/saji/WRF/compile/WRF3.8/oml_sst/tools/standard.exe module_cu_mesosas.bb | /lib/cpp -P -traditional > module_cu_mesosas.f90
rm -f module_cu_mesosas.b module_cu_mesosas.bb
time mpif90  -o module_cu_mesosas.o -c -O2 -ftree-vectorize -funroll-loops -w -ffree-form -ffree-line-length-none -fconvert=big-endian -frecord-marker=4   -I../dyn_em -I../dyn_nmm   -I/home/saji/WRF/compile/WRF3.8/oml_sst/external/esmf_time_f90  -I/home/saji/WRF/compile/WRF3.8/oml_sst/main -I/home/saji/WRF/compile/WRF3.8/oml_sst/external/io_netcdf -I/home/saji/WRF/compile/WRF3.8/oml_sst/external/io_int -I/home/saji/WRF/compile/WRF3.8/oml_sst/frame -I/home/saji/WRF/compile/WRF3.8/oml_sst/share -I/home/saji/WRF/compile/WRF3.8/oml_sst/phys -I/home/saji/WRF/compile/WRF3.8/oml_sst/chem -I/home/saji/WRF/compile/WRF3.8/oml_sst/inc -I/usr/include    module_cu_mesosas.f90
82.15user 0.86system 1:23.01elapsed 100%CPU (0avgtext+0avgdata 1743664maxresident)k
0inputs+21368outputs (0major+135720minor)pagefaults 0swaps
rm -f module_cu_osas.o
/lib/cpp -P -I/home/saji/WRF/compile/WRF3.8/oml_sst/inc -DEM_CORE=1 -DNMM_CORE=0 -DNMM_MAX_DIM=2600 -DCOAMPS_CORE=0 -DDA_CORE=0 -DEXP_CORE=0 -DIWORDSIZE=4 -DDWORDSIZE=8 -DRWORDSIZE=4 -DLWORDSIZE=4 -DNONSTANDARD_SYSTEM_SUBR  -DWRF_USE_CLM -DNO_IEEE_MODULE  -DDM_PARALLEL -DNETCDF -DUSE_ALLOCATABLES -DGRIB1 -DINTIO -DKEEP_INT_AROUND -DLIMIT_ARGS -DCONFIG_BUF_LEN=65536 -DMAX_DOMAINS_F=21 -DMAX_HISTORY=25 -DNMM_NEST=0  -I. -traditional   module_cu_osas.F  > module_cu_osas.bb
/home/saji/WRF/compile/WRF3.8/oml_sst/tools/standard.exe module_cu_osas.bb | /lib/cpp -P -traditional > module_cu_osas.f90
rm -f module_cu_osas.b module_cu_osas.bb
time mpif90  -o module_cu_osas.o -c -O2 -ftree-vectorize -funroll-loops -w -ffree-form -ffree-line-length-none -fconvert=big-endian -frecord-marker=4   -I../dyn_em -I../dyn_nmm   -I/home/saji/WRF/compile/WRF3.8/oml_sst/external/esmf_time_f90  -I/home/saji/WRF/compile/WRF3.8/oml_sst/main -I/home/saji/WRF/compile/WRF3.8/oml_sst/external/io_netcdf -I/home/saji/WRF/compile/WRF3.8/oml_sst/external/io_int -I/home/saji/WRF/compile/WRF3.8/oml_sst/frame -I/home/saji/WRF/compile/WRF3.8/oml_sst/share -I/home/saji/WRF/compile/WRF3.8/oml_sst/phys -I/home/saji/WRF/compile/WRF3.8/oml_sst/chem -I/home/saji/WRF/compile/WRF3.8/oml_sst/inc -I/usr/include    module_cu_osas.f90
13.86user 0.13system 0:13.99elapsed 100%CPU (0avgtext+0avgdata 876960maxresident)k
0inputs+2344outputs (0major+66095minor)pagefaults 0swaps
rm -f module_ra_rrtmg_sw.o
/lib/cpp -P -I/home/saji/WRF/compile/WRF3.8/oml_sst/inc -DEM_CORE=1 -DNMM_CORE=0 -DNMM_MAX_DIM=2600 -DCOAMPS_CORE=0 -DDA_CORE=0 -DEXP_CORE=0 -DIWORDSIZE=4 -DDWORDSIZE=8 -DRWORDSIZE=4 -DLWORDSIZE=4 -DNONSTANDARD_SYSTEM_SUBR  -DWRF_USE_CLM -DNO_IEEE_MODULE  -DDM_PARALLEL -DNETCDF -DUSE_ALLOCATABLES -DGRIB1 -DINTIO -DKEEP_INT_AROUND -DLIMIT_ARGS -DCONFIG_BUF_LEN=65536 -DMAX_DOMAINS_F=21 -DMAX_HISTORY=25 -DNMM_NEST=0  -I. -traditional   module_ra_rrtmg_sw.F  > module_ra_rrtmg_sw.bb
/home/saji/WRF/compile/WRF3.8/oml_sst/tools/standard.exe module_ra_rrtmg_sw.bb | /lib/cpp -P -traditional > module_ra_rrtmg_sw.f90
rm -f module_ra_rrtmg_sw.b module_ra_rrtmg_sw.bb
time mpif90  -o module_ra_rrtmg_sw.o -c -O2 -ftree-vectorize -funroll-loops -w -ffree-form -ffree-line-length-none -fconvert=big-endian -frecord-marker=4   -I../dyn_em -I../dyn_nmm   -I/home/saji/WRF/compile/WRF3.8/oml_sst/external/esmf_time_f90  -I/home/saji/WRF/compile/WRF3.8/oml_sst/main -I/home/saji/WRF/compile/WRF3.8/oml_sst/external/io_netcdf -I/home/saji/WRF/compile/WRF3.8/oml_sst/external/io_int -I/home/saji/WRF/compile/WRF3.8/oml_sst/frame -I/home/saji/WRF/compile/WRF3.8/oml_sst/share -I/home/saji/WRF/compile/WRF3.8/oml_sst/phys -I/home/saji/WRF/compile/WRF3.8/oml_sst/chem -I/home/saji/WRF/compile/WRF3.8/oml_sst/inc -I/usr/include    module_ra_rrtmg_sw.f90
50.32user 0.36system 0:50.67elapsed 100%CPU (0avgtext+0avgdata 1862000maxresident)k
0inputs+7200outputs (0major+137248minor)pagefaults 0swaps
rm -f module_ra_rrtmg_swf.o
/lib/cpp -P -I/home/saji/WRF/compile/WRF3.8/oml_sst/inc -DEM_CORE=1 -DNMM_CORE=0 -DNMM_MAX_DIM=2600 -DCOAMPS_CORE=0 -DDA_CORE=0 -DEXP_CORE=0 -DIWORDSIZE=4 -DDWORDSIZE=8 -DRWORDSIZE=4 -DLWORDSIZE=4 -DNONSTANDARD_SYSTEM_SUBR  -DWRF_USE_CLM -DNO_IEEE_MODULE  -DDM_PARALLEL -DNETCDF -DUSE_ALLOCATABLES -DGRIB1 -DINTIO -DKEEP_INT_AROUND -DLIMIT_ARGS -DCONFIG_BUF_LEN=65536 -DMAX_DOMAINS_F=21 -DMAX_HISTORY=25 -DNMM_NEST=0  -I. -traditional   module_ra_rrtmg_swf.F  > module_ra_rrtmg_swf.bb
/home/saji/WRF/compile/WRF3.8/oml_sst/tools/standard.exe module_ra_rrtmg_swf.bb | /lib/cpp -P -traditional > module_ra_rrtmg_swf.f90
rm -f module_ra_rrtmg_swf.b module_ra_rrtmg_swf.bb
time mpif90  -o module_ra_rrtmg_swf.o -c -O2 -ftree-vectorize -funroll-loops -w -ffree-form -ffree-line-length-none -fconvert=big-endian -frecord-marker=4   -I../dyn_em -I../dyn_nmm   -I/home/saji/WRF/compile/WRF3.8/oml_sst/external/esmf_time_f90  -I/home/saji/WRF/compile/WRF3.8/oml_sst/main -I/home/saji/WRF/compile/WRF3.8/oml_sst/external/io_netcdf -I/home/saji/WRF/compile/WRF3.8/oml_sst/external/io_int -I/home/saji/WRF/compile/WRF3.8/oml_sst/frame -I/home/saji/WRF/compile/WRF3.8/oml_sst/share -I/home/saji/WRF/compile/WRF3.8/oml_sst/phys -I/home/saji/WRF/compile/WRF3.8/oml_sst/chem -I/home/saji/WRF/compile/WRF3.8/oml_sst/inc -I/usr/include    module_ra_rrtmg_swf.f90
47.64user 0.44system 0:48.08elapsed 100%CPU (0avgtext+0avgdata 2453312maxresident)k
0inputs+7392outputs (0major+183238minor)pagefaults 0swaps
rm -f module_ra_cam.o
/lib/cpp -P -I/home/saji/WRF/compile/WRF3.8/oml_sst/inc -DEM_CORE=1 -DNMM_CORE=0 -DNMM_MAX_DIM=2600 -DCOAMPS_CORE=0 -DDA_CORE=0 -DEXP_CORE=0 -DIWORDSIZE=4 -DDWORDSIZE=8 -DRWORDSIZE=4 -DLWORDSIZE=4 -DNONSTANDARD_SYSTEM_SUBR  -DWRF_USE_CLM -DNO_IEEE_MODULE  -DDM_PARALLEL -DNETCDF -DUSE_ALLOCATABLES -DGRIB1 -DINTIO -DKEEP_INT_AROUND -DLIMIT_ARGS -DCONFIG_BUF_LEN=65536 -DMAX_DOMAINS_F=21 -DMAX_HISTORY=25 -DNMM_NEST=0  -I. -traditional   module_ra_cam.F  > module_ra_cam.bb
/home/saji/WRF/compile/WRF3.8/oml_sst/tools/standard.exe module_ra_cam.bb | /lib/cpp -P -traditional > module_ra_cam.f90
rm -f module_ra_cam.b module_ra_cam.bb
time mpif90  -o module_ra_cam.o -c -O2 -ftree-vectorize -funroll-loops -w -ffree-form -ffree-line-length-none -fconvert=big-endian -frecord-marker=4   -I../dyn_em -I../dyn_nmm   -I/home/saji/WRF/compile/WRF3.8/oml_sst/external/esmf_time_f90  -I/home/saji/WRF/compile/WRF3.8/oml_sst/main -I/home/saji/WRF/compile/WRF3.8/oml_sst/external/io_netcdf -I/home/saji/WRF/compile/WRF3.8/oml_sst/external/io_int -I/home/saji/WRF/compile/WRF3.8/oml_sst/frame -I/home/saji/WRF/compile/WRF3.8/oml_sst/share -I/home/saji/WRF/compile/WRF3.8/oml_sst/phys -I/home/saji/WRF/compile/WRF3.8/oml_sst/chem -I/home/saji/WRF/compile/WRF3.8/oml_sst/inc -I/usr/include    module_ra_cam.f90
23.36user 0.16system 0:23.52elapsed 100%CPU (0avgtext+0avgdata 1134368maxresident)k
0inputs+4216outputs (0major+77776minor)pagefaults 0swaps
rm -f module_sf_noahlsm_glacial_only.o
/lib/cpp -P -I/home/saji/WRF/compile/WRF3.8/oml_sst/inc -DEM_CORE=1 -DNMM_CORE=0 -DNMM_MAX_DIM=2600 -DCOAMPS_CORE=0 -DDA_CORE=0 -DEXP_CORE=0 -DIWORDSIZE=4 -DDWORDSIZE=8 -DRWORDSIZE=4 -DLWORDSIZE=4 -DNONSTANDARD_SYSTEM_SUBR  -DWRF_USE_CLM -DNO_IEEE_MODULE  -DDM_PARALLEL -DNETCDF -DUSE_ALLOCATABLES -DGRIB1 -DINTIO -DKEEP_INT_AROUND -DLIMIT_ARGS -DCONFIG_BUF_LEN=65536 -DMAX_DOMAINS_F=21 -DMAX_HISTORY=25 -DNMM_NEST=0  -I. -traditional   module_sf_noahlsm_glacial_only.F  > module_sf_noahlsm_glacial_only.bb
/home/saji/WRF/compile/WRF3.8/oml_sst/tools/standard.exe module_sf_noahlsm_glacial_only.bb | /lib/cpp -P -traditional > module_sf_noahlsm_glacial_only.f90
rm -f module_sf_noahlsm_glacial_only.b module_sf_noahlsm_glacial_only.bb
time mpif90  -o module_sf_noahlsm_glacial_only.o -c -O2 -ftree-vectorize -funroll-loops -w -ffree-form -ffree-line-length-none -fconvert=big-endian -frecord-marker=4   -I../dyn_em -I../dyn_nmm   -I/home/saji/WRF/compile/WRF3.8/oml_sst/external/esmf_time_f90  -I/home/saji/WRF/compile/WRF3.8/oml_sst/main -I/home/saji/WRF/compile/WRF3.8/oml_sst/external/io_netcdf -I/home/saji/WRF/compile/WRF3.8/oml_sst/external/io_int -I/home/saji/WRF/compile/WRF3.8/oml_sst/frame -I/home/saji/WRF/compile/WRF3.8/oml_sst/share -I/home/saji/WRF/compile/WRF3.8/oml_sst/phys -I/home/saji/WRF/compile/WRF3.8/oml_sst/chem -I/home/saji/WRF/compile/WRF3.8/oml_sst/inc -I/usr/include    module_sf_noahlsm_glacial_only.f90
0.51user 0.02system 0:00.53elapsed 100%CPU (0avgtext+0avgdata 78384maxresident)k
0inputs+256outputs (0major+7182minor)pagefaults 0swaps
rm -f module_sf_noahmpdrv.o
/lib/cpp -P -I/home/saji/WRF/compile/WRF3.8/oml_sst/inc -DEM_CORE=1 -DNMM_CORE=0 -DNMM_MAX_DIM=2600 -DCOAMPS_CORE=0 -DDA_CORE=0 -DEXP_CORE=0 -DIWORDSIZE=4 -DDWORDSIZE=8 -DRWORDSIZE=4 -DLWORDSIZE=4 -DNONSTANDARD_SYSTEM_SUBR  -DWRF_USE_CLM -DNO_IEEE_MODULE  -DDM_PARALLEL -DNETCDF -DUSE_ALLOCATABLES -DGRIB1 -DINTIO -DKEEP_INT_AROUND -DLIMIT_ARGS -DCONFIG_BUF_LEN=65536 -DMAX_DOMAINS_F=21 -DMAX_HISTORY=25 -DNMM_NEST=0  -I. -traditional   module_sf_noahmpdrv.F  > module_sf_noahmpdrv.bb
/home/saji/WRF/compile/WRF3.8/oml_sst/tools/standard.exe module_sf_noahmpdrv.bb | /lib/cpp -P -traditional > module_sf_noahmpdrv.f90
rm -f module_sf_noahmpdrv.b module_sf_noahmpdrv.bb
time mpif90  -o module_sf_noahmpdrv.o -c -O2 -ftree-vectorize -funroll-loops -w -ffree-form -ffree-line-length-none -fconvert=big-endian -frecord-marker=4   -I../dyn_em -I../dyn_nmm   -I/home/saji/WRF/compile/WRF3.8/oml_sst/external/esmf_time_f90  -I/home/saji/WRF/compile/WRF3.8/oml_sst/main -I/home/saji/WRF/compile/WRF3.8/oml_sst/external/io_netcdf -I/home/saji/WRF/compile/WRF3.8/oml_sst/external/io_int -I/home/saji/WRF/compile/WRF3.8/oml_sst/frame -I/home/saji/WRF/compile/WRF3.8/oml_sst/share -I/home/saji/WRF/compile/WRF3.8/oml_sst/phys -I/home/saji/WRF/compile/WRF3.8/oml_sst/chem -I/home/saji/WRF/compile/WRF3.8/oml_sst/inc -I/usr/include    module_sf_noahmpdrv.f90
2.55user 0.04system 0:02.59elapsed 100%CPU (0avgtext+0avgdata 200752maxresident)k
0inputs+752outputs (0major+15811minor)pagefaults 0swaps
rm -f module_diagnostics_driver.o
/lib/cpp -P -I/home/saji/WRF/compile/WRF3.8/oml_sst/inc -DEM_CORE=1 -DNMM_CORE=0 -DNMM_MAX_DIM=2600 -DCOAMPS_CORE=0 -DDA_CORE=0 -DEXP_CORE=0 -DIWORDSIZE=4 -DDWORDSIZE=8 -DRWORDSIZE=4 -DLWORDSIZE=4 -DNONSTANDARD_SYSTEM_SUBR  -DWRF_USE_CLM -DNO_IEEE_MODULE  -DDM_PARALLEL -DNETCDF -DUSE_ALLOCATABLES -DGRIB1 -DINTIO -DKEEP_INT_AROUND -DLIMIT_ARGS -DCONFIG_BUF_LEN=65536 -DMAX_DOMAINS_F=21 -DMAX_HISTORY=25 -DNMM_NEST=0  -I. -traditional   module_diagnostics_driver.F  > module_diagnostics_driver.bb
/home/saji/WRF/compile/WRF3.8/oml_sst/tools/standard.exe module_diagnostics_driver.bb | /lib/cpp -P -traditional > module_diagnostics_driver.f90
rm -f module_diagnostics_driver.b module_diagnostics_driver.bb
time mpif90  -o module_diagnostics_driver.o -c -O2 -ftree-vectorize -funroll-loops -w -ffree-form -ffree-line-length-none -fconvert=big-endian -frecord-marker=4   -I../dyn_em -I../dyn_nmm   -I/home/saji/WRF/compile/WRF3.8/oml_sst/external/esmf_time_f90  -I/home/saji/WRF/compile/WRF3.8/oml_sst/main -I/home/saji/WRF/compile/WRF3.8/oml_sst/external/io_netcdf -I/home/saji/WRF/compile/WRF3.8/oml_sst/external/io_int -I/home/saji/WRF/compile/WRF3.8/oml_sst/frame -I/home/saji/WRF/compile/WRF3.8/oml_sst/share -I/home/saji/WRF/compile/WRF3.8/oml_sst/phys -I/home/saji/WRF/compile/WRF3.8/oml_sst/chem -I/home/saji/WRF/compile/WRF3.8/oml_sst/inc -I/usr/include    module_diagnostics_driver.f90
4.51user 0.11system 0:04.62elapsed 100%CPU (0avgtext+0avgdata 280192maxresident)k
0inputs+2416outputs (0major+24970minor)pagefaults 0swaps
rm -f module_fr_fire_core.o
/lib/cpp -P -I/home/saji/WRF/compile/WRF3.8/oml_sst/inc -DEM_CORE=1 -DNMM_CORE=0 -DNMM_MAX_DIM=2600 -DCOAMPS_CORE=0 -DDA_CORE=0 -DEXP_CORE=0 -DIWORDSIZE=4 -DDWORDSIZE=8 -DRWORDSIZE=4 -DLWORDSIZE=4 -DNONSTANDARD_SYSTEM_SUBR  -DWRF_USE_CLM -DNO_IEEE_MODULE  -DDM_PARALLEL -DNETCDF -DUSE_ALLOCATABLES -DGRIB1 -DINTIO -DKEEP_INT_AROUND -DLIMIT_ARGS -DCONFIG_BUF_LEN=65536 -DMAX_DOMAINS_F=21 -DMAX_HISTORY=25 -DNMM_NEST=0  -I. -traditional   module_fr_fire_core.F  > module_fr_fire_core.bb
/home/saji/WRF/compile/WRF3.8/oml_sst/tools/standard.exe module_fr_fire_core.bb | /lib/cpp -P -traditional > module_fr_fire_core.f90
rm -f module_fr_fire_core.b module_fr_fire_core.bb
time mpif90  -o module_fr_fire_core.o -c -O2 -ftree-vectorize -funroll-loops -w -ffree-form -ffree-line-length-none -fconvert=big-endian -frecord-marker=4   -I../dyn_em -I../dyn_nmm   -I/home/saji/WRF/compile/WRF3.8/oml_sst/external/esmf_time_f90  -I/home/saji/WRF/compile/WRF3.8/oml_sst/main -I/home/saji/WRF/compile/WRF3.8/oml_sst/external/io_netcdf -I/home/saji/WRF/compile/WRF3.8/oml_sst/external/io_int -I/home/saji/WRF/compile/WRF3.8/oml_sst/frame -I/home/saji/WRF/compile/WRF3.8/oml_sst/share -I/home/saji/WRF/compile/WRF3.8/oml_sst/phys -I/home/saji/WRF/compile/WRF3.8/oml_sst/chem -I/home/saji/WRF/compile/WRF3.8/oml_sst/inc -I/usr/include    module_fr_fire_core.f90
1.20user 0.00system 0:01.20elapsed 100%CPU (0avgtext+0avgdata 113376maxresident)k
0inputs+600outputs (0major+9388minor)pagefaults 0swaps
rm -f module_cam_gffgch.o
/lib/cpp -P -I/home/saji/WRF/compile/WRF3.8/oml_sst/inc -DEM_CORE=1 -DNMM_CORE=0 -DNMM_MAX_DIM=2600 -DCOAMPS_CORE=0 -DDA_CORE=0 -DEXP_CORE=0 -DIWORDSIZE=4 -DDWORDSIZE=8 -DRWORDSIZE=4 -DLWORDSIZE=4 -DNONSTANDARD_SYSTEM_SUBR  -DWRF_USE_CLM -DNO_IEEE_MODULE  -DDM_PARALLEL -DNETCDF -DUSE_ALLOCATABLES -DGRIB1 -DINTIO -DKEEP_INT_AROUND -DLIMIT_ARGS -DCONFIG_BUF_LEN=65536 -DMAX_DOMAINS_F=21 -DMAX_HISTORY=25 -DNMM_NEST=0  -I. -traditional   module_cam_gffgch.F  > module_cam_gffgch.bb
/home/saji/WRF/compile/WRF3.8/oml_sst/tools/standard.exe module_cam_gffgch.bb | /lib/cpp -P -traditional > module_cam_gffgch.f90
rm -f module_cam_gffgch.b module_cam_gffgch.bb
time mpif90  -o module_cam_gffgch.o -c -O2 -ftree-vectorize -funroll-loops -w -ffree-form -ffree-line-length-none -fconvert=big-endian -frecord-marker=4   -I../dyn_em -I../dyn_nmm   -I/home/saji/WRF/compile/WRF3.8/oml_sst/external/esmf_time_f90  -I/home/saji/WRF/compile/WRF3.8/oml_sst/main -I/home/saji/WRF/compile/WRF3.8/oml_sst/external/io_netcdf -I/home/saji/WRF/compile/WRF3.8/oml_sst/external/io_int -I/home/saji/WRF/compile/WRF3.8/oml_sst/frame -I/home/saji/WRF/compile/WRF3.8/oml_sst/share -I/home/saji/WRF/compile/WRF3.8/oml_sst/phys -I/home/saji/WRF/compile/WRF3.8/oml_sst/chem -I/home/saji/WRF/compile/WRF3.8/oml_sst/inc -I/usr/include    module_cam_gffgch.f90
0.04user 0.01system 0:00.05elapsed 112%CPU (0avgtext+0avgdata 39280maxresident)k
0inputs+40outputs (0major+4571minor)pagefaults 0swaps
rm -f module_cam_constituents.o
/lib/cpp -P -I/home/saji/WRF/compile/WRF3.8/oml_sst/inc -DEM_CORE=1 -DNMM_CORE=0 -DNMM_MAX_DIM=2600 -DCOAMPS_CORE=0 -DDA_CORE=0 -DEXP_CORE=0 -DIWORDSIZE=4 -DDWORDSIZE=8 -DRWORDSIZE=4 -DLWORDSIZE=4 -DNONSTANDARD_SYSTEM_SUBR  -DWRF_USE_CLM -DNO_IEEE_MODULE  -DDM_PARALLEL -DNETCDF -DUSE_ALLOCATABLES -DGRIB1 -DINTIO -DKEEP_INT_AROUND -DLIMIT_ARGS -DCONFIG_BUF_LEN=65536 -DMAX_DOMAINS_F=21 -DMAX_HISTORY=25 -DNMM_NEST=0  -I. -traditional   module_cam_constituents.F  > module_cam_constituents.bb
/home/saji/WRF/compile/WRF3.8/oml_sst/tools/standard.exe module_cam_constituents.bb | /lib/cpp -P -traditional > module_cam_constituents.f90
rm -f module_cam_constituents.b module_cam_constituents.bb
time mpif90  -o module_cam_constituents.o -c -O2 -ftree-vectorize -funroll-loops -w -ffree-form -ffree-line-length-none -fconvert=big-endian -frecord-marker=4   -I../dyn_em -I../dyn_nmm   -I/home/saji/WRF/compile/WRF3.8/oml_sst/external/esmf_time_f90  -I/home/saji/WRF/compile/WRF3.8/oml_sst/main -I/home/saji/WRF/compile/WRF3.8/oml_sst/external/io_netcdf -I/home/saji/WRF/compile/WRF3.8/oml_sst/external/io_int -I/home/saji/WRF/compile/WRF3.8/oml_sst/frame -I/home/saji/WRF/compile/WRF3.8/oml_sst/share -I/home/saji/WRF/compile/WRF3.8/oml_sst/phys -I/home/saji/WRF/compile/WRF3.8/oml_sst/chem -I/home/saji/WRF/compile/WRF3.8/oml_sst/inc -I/usr/include    module_cam_constituents.f90
0.26user 0.00system 0:00.26elapsed 102%CPU (0avgtext+0avgdata 53376maxresident)k
0inputs+160outputs (0major+5519minor)pagefaults 0swaps
rm -f module_cam_mp_modal_aero_initialize_data_phys.o
/lib/cpp -P -I/home/saji/WRF/compile/WRF3.8/oml_sst/inc -DEM_CORE=1 -DNMM_CORE=0 -DNMM_MAX_DIM=2600 -DCOAMPS_CORE=0 -DDA_CORE=0 -DEXP_CORE=0 -DIWORDSIZE=4 -DDWORDSIZE=8 -DRWORDSIZE=4 -DLWORDSIZE=4 -DNONSTANDARD_SYSTEM_SUBR  -DWRF_USE_CLM -DNO_IEEE_MODULE  -DDM_PARALLEL -DNETCDF -DUSE_ALLOCATABLES -DGRIB1 -DINTIO -DKEEP_INT_AROUND -DLIMIT_ARGS -DCONFIG_BUF_LEN=65536 -DMAX_DOMAINS_F=21 -DMAX_HISTORY=25 -DNMM_NEST=0  -I. -traditional   module_cam_mp_modal_aero_initialize_data_phys.F  > module_cam_mp_modal_aero_initialize_data_phys.bb
/home/saji/WRF/compile/WRF3.8/oml_sst/tools/standard.exe module_cam_mp_modal_aero_initialize_data_phys.bb | /lib/cpp -P -traditional > module_cam_mp_modal_aero_initialize_data_phys.f90
rm -f module_cam_mp_modal_aero_initialize_data_phys.b module_cam_mp_modal_aero_initialize_data_phys.bb
time mpif90  -o module_cam_mp_modal_aero_initialize_data_phys.o -c -O2 -ftree-vectorize -funroll-loops -w -ffree-form -ffree-line-length-none -fconvert=big-endian -frecord-marker=4   -I../dyn_em -I../dyn_nmm   -I/home/saji/WRF/compile/WRF3.8/oml_sst/external/esmf_time_f90  -I/home/saji/WRF/compile/WRF3.8/oml_sst/main -I/home/saji/WRF/compile/WRF3.8/oml_sst/external/io_netcdf -I/home/saji/WRF/compile/WRF3.8/oml_sst/external/io_int -I/home/saji/WRF/compile/WRF3.8/oml_sst/frame -I/home/saji/WRF/compile/WRF3.8/oml_sst/share -I/home/saji/WRF/compile/WRF3.8/oml_sst/phys -I/home/saji/WRF/compile/WRF3.8/oml_sst/chem -I/home/saji/WRF/compile/WRF3.8/oml_sst/inc -I/usr/include    module_cam_mp_modal_aero_initialize_data_phys.f90
0.14user 0.02system 0:00.15elapsed 105%CPU (0avgtext+0avgdata 49296maxresident)k
0inputs+104outputs (0major+5246minor)pagefaults 0swaps
rm -f module_sf_noahdrv.o
/lib/cpp -P -I/home/saji/WRF/compile/WRF3.8/oml_sst/inc -DEM_CORE=1 -DNMM_CORE=0 -DNMM_MAX_DIM=2600 -DCOAMPS_CORE=0 -DDA_CORE=0 -DEXP_CORE=0 -DIWORDSIZE=4 -DDWORDSIZE=8 -DRWORDSIZE=4 -DLWORDSIZE=4 -DNONSTANDARD_SYSTEM_SUBR  -DWRF_USE_CLM -DNO_IEEE_MODULE  -DDM_PARALLEL -DNETCDF -DUSE_ALLOCATABLES -DGRIB1 -DINTIO -DKEEP_INT_AROUND -DLIMIT_ARGS -DCONFIG_BUF_LEN=65536 -DMAX_DOMAINS_F=21 -DMAX_HISTORY=25 -DNMM_NEST=0  -I. -traditional   module_sf_noahdrv.F  > module_sf_noahdrv.bb
/home/saji/WRF/compile/WRF3.8/oml_sst/tools/standard.exe module_sf_noahdrv.bb | /lib/cpp -P -traditional > module_sf_noahdrv.f90
rm -f module_sf_noahdrv.b module_sf_noahdrv.bb
time mpif90  -o module_sf_noahdrv.o -c -O2 -ftree-vectorize -funroll-loops -w -ffree-form -ffree-line-length-none -fconvert=big-endian -frecord-marker=4   -I../dyn_em -I../dyn_nmm   -I/home/saji/WRF/compile/WRF3.8/oml_sst/external/esmf_time_f90  -I/home/saji/WRF/compile/WRF3.8/oml_sst/main -I/home/saji/WRF/compile/WRF3.8/oml_sst/external/io_netcdf -I/home/saji/WRF/compile/WRF3.8/oml_sst/external/io_int -I/home/saji/WRF/compile/WRF3.8/oml_sst/frame -I/home/saji/WRF/compile/WRF3.8/oml_sst/share -I/home/saji/WRF/compile/WRF3.8/oml_sst/phys -I/home/saji/WRF/compile/WRF3.8/oml_sst/chem -I/home/saji/WRF/compile/WRF3.8/oml_sst/inc -I/usr/include    module_sf_noahdrv.f90
53.12user 0.44system 0:53.56elapsed 100%CPU (0avgtext+0avgdata 2107472maxresident)k
0inputs+8528outputs (0major+174637minor)pagefaults 0swaps
rm -f module_fr_fire_model.o
/lib/cpp -P -I/home/saji/WRF/compile/WRF3.8/oml_sst/inc -DEM_CORE=1 -DNMM_CORE=0 -DNMM_MAX_DIM=2600 -DCOAMPS_CORE=0 -DDA_CORE=0 -DEXP_CORE=0 -DIWORDSIZE=4 -DDWORDSIZE=8 -DRWORDSIZE=4 -DLWORDSIZE=4 -DNONSTANDARD_SYSTEM_SUBR  -DWRF_USE_CLM -DNO_IEEE_MODULE  -DDM_PARALLEL -DNETCDF -DUSE_ALLOCATABLES -DGRIB1 -DINTIO -DKEEP_INT_AROUND -DLIMIT_ARGS -DCONFIG_BUF_LEN=65536 -DMAX_DOMAINS_F=21 -DMAX_HISTORY=25 -DNMM_NEST=0  -I. -traditional   module_fr_fire_model.F  > module_fr_fire_model.bb
/home/saji/WRF/compile/WRF3.8/oml_sst/tools/standard.exe module_fr_fire_model.bb | /lib/cpp -P -traditional > module_fr_fire_model.f90
rm -f module_fr_fire_model.b module_fr_fire_model.bb
time mpif90  -o module_fr_fire_model.o -c -O2 -ftree-vectorize -funroll-loops -w -ffree-form -ffree-line-length-none -fconvert=big-endian -frecord-marker=4   -I../dyn_em -I../dyn_nmm   -I/home/saji/WRF/compile/WRF3.8/oml_sst/external/esmf_time_f90  -I/home/saji/WRF/compile/WRF3.8/oml_sst/main -I/home/saji/WRF/compile/WRF3.8/oml_sst/external/io_netcdf -I/home/saji/WRF/compile/WRF3.8/oml_sst/external/io_int -I/home/saji/WRF/compile/WRF3.8/oml_sst/frame -I/home/saji/WRF/compile/WRF3.8/oml_sst/share -I/home/saji/WRF/compile/WRF3.8/oml_sst/phys -I/home/saji/WRF/compile/WRF3.8/oml_sst/chem -I/home/saji/WRF/compile/WRF3.8/oml_sst/inc -I/usr/include    module_fr_fire_model.f90
0.50user 0.03system 0:00.52elapsed 101%CPU (0avgtext+0avgdata 81136maxresident)k
0inputs+416outputs (0major+7282minor)pagefaults 0swaps
rm -f module_cam_wv_saturation.o
/lib/cpp -P -I/home/saji/WRF/compile/WRF3.8/oml_sst/inc -DEM_CORE=1 -DNMM_CORE=0 -DNMM_MAX_DIM=2600 -DCOAMPS_CORE=0 -DDA_CORE=0 -DEXP_CORE=0 -DIWORDSIZE=4 -DDWORDSIZE=8 -DRWORDSIZE=4 -DLWORDSIZE=4 -DNONSTANDARD_SYSTEM_SUBR  -DWRF_USE_CLM -DNO_IEEE_MODULE  -DDM_PARALLEL -DNETCDF -DUSE_ALLOCATABLES -DGRIB1 -DINTIO -DKEEP_INT_AROUND -DLIMIT_ARGS -DCONFIG_BUF_LEN=65536 -DMAX_DOMAINS_F=21 -DMAX_HISTORY=25 -DNMM_NEST=0  -I. -traditional   module_cam_wv_saturation.F  > module_cam_wv_saturation.bb
/home/saji/WRF/compile/WRF3.8/oml_sst/tools/standard.exe module_cam_wv_saturation.bb | /lib/cpp -P -traditional > module_cam_wv_saturation.f90
rm -f module_cam_wv_saturation.b module_cam_wv_saturation.bb
time mpif90  -o module_cam_wv_saturation.o -c -O2 -ftree-vectorize -funroll-loops -w -ffree-form -ffree-line-length-none -fconvert=big-endian -frecord-marker=4   -I../dyn_em -I../dyn_nmm   -I/home/saji/WRF/compile/WRF3.8/oml_sst/external/esmf_time_f90  -I/home/saji/WRF/compile/WRF3.8/oml_sst/main -I/home/saji/WRF/compile/WRF3.8/oml_sst/external/io_netcdf -I/home/saji/WRF/compile/WRF3.8/oml_sst/external/io_int -I/home/saji/WRF/compile/WRF3.8/oml_sst/frame -I/home/saji/WRF/compile/WRF3.8/oml_sst/share -I/home/saji/WRF/compile/WRF3.8/oml_sst/phys -I/home/saji/WRF/compile/WRF3.8/oml_sst/chem -I/home/saji/WRF/compile/WRF3.8/oml_sst/inc -I/usr/include    module_cam_wv_saturation.f90
0.36user 0.01system 0:00.36elapsed 100%CPU (0avgtext+0avgdata 63088maxresident)k
0inputs+192outputs (0major+6137minor)pagefaults 0swaps
rm -f module_cam_molec_diff.o
/lib/cpp -P -I/home/saji/WRF/compile/WRF3.8/oml_sst/inc -DEM_CORE=1 -DNMM_CORE=0 -DNMM_MAX_DIM=2600 -DCOAMPS_CORE=0 -DDA_CORE=0 -DEXP_CORE=0 -DIWORDSIZE=4 -DDWORDSIZE=8 -DRWORDSIZE=4 -DLWORDSIZE=4 -DNONSTANDARD_SYSTEM_SUBR  -DWRF_USE_CLM -DNO_IEEE_MODULE  -DDM_PARALLEL -DNETCDF -DUSE_ALLOCATABLES -DGRIB1 -DINTIO -DKEEP_INT_AROUND -DLIMIT_ARGS -DCONFIG_BUF_LEN=65536 -DMAX_DOMAINS_F=21 -DMAX_HISTORY=25 -DNMM_NEST=0  -I. -traditional   module_cam_molec_diff.F  > module_cam_molec_diff.bb
/home/saji/WRF/compile/WRF3.8/oml_sst/tools/standard.exe module_cam_molec_diff.bb | /lib/cpp -P -traditional > module_cam_molec_diff.f90
rm -f module_cam_molec_diff.b module_cam_molec_diff.bb
time mpif90  -o module_cam_molec_diff.o -c -O2 -ftree-vectorize -funroll-loops -w -ffree-form -ffree-line-length-none -fconvert=big-endian -frecord-marker=4   -I../dyn_em -I../dyn_nmm   -I/home/saji/WRF/compile/WRF3.8/oml_sst/external/esmf_time_f90  -I/home/saji/WRF/compile/WRF3.8/oml_sst/main -I/home/saji/WRF/compile/WRF3.8/oml_sst/external/io_netcdf -I/home/saji/WRF/compile/WRF3.8/oml_sst/external/io_int -I/home/saji/WRF/compile/WRF3.8/oml_sst/frame -I/home/saji/WRF/compile/WRF3.8/oml_sst/share -I/home/saji/WRF/compile/WRF3.8/oml_sst/phys -I/home/saji/WRF/compile/WRF3.8/oml_sst/chem -I/home/saji/WRF/compile/WRF3.8/oml_sst/inc -I/usr/include    module_cam_molec_diff.f90
1.95user 0.04system 0:01.99elapsed 100%CPU (0avgtext+0avgdata 204912maxresident)k
0inputs+592outputs (0major+15871minor)pagefaults 0swaps
rm -f module_cam_mp_ndrop.o
/lib/cpp -P -I/home/saji/WRF/compile/WRF3.8/oml_sst/inc -DEM_CORE=1 -DNMM_CORE=0 -DNMM_MAX_DIM=2600 -DCOAMPS_CORE=0 -DDA_CORE=0 -DEXP_CORE=0 -DIWORDSIZE=4 -DDWORDSIZE=8 -DRWORDSIZE=4 -DLWORDSIZE=4 -DNONSTANDARD_SYSTEM_SUBR  -DWRF_USE_CLM -DNO_IEEE_MODULE  -DDM_PARALLEL -DNETCDF -DUSE_ALLOCATABLES -DGRIB1 -DINTIO -DKEEP_INT_AROUND -DLIMIT_ARGS -DCONFIG_BUF_LEN=65536 -DMAX_DOMAINS_F=21 -DMAX_HISTORY=25 -DNMM_NEST=0  -I. -traditional   module_cam_mp_ndrop.F  > module_cam_mp_ndrop.bb
/home/saji/WRF/compile/WRF3.8/oml_sst/tools/standard.exe module_cam_mp_ndrop.bb | /lib/cpp -P -traditional > module_cam_mp_ndrop.f90
rm -f module_cam_mp_ndrop.b module_cam_mp_ndrop.bb
time mpif90  -o module_cam_mp_ndrop.o -c -O2 -ftree-vectorize -funroll-loops -w -ffree-form -ffree-line-length-none -fconvert=big-endian -frecord-marker=4   -I../dyn_em -I../dyn_nmm   -I/home/saji/WRF/compile/WRF3.8/oml_sst/external/esmf_time_f90  -I/home/saji/WRF/compile/WRF3.8/oml_sst/main -I/home/saji/WRF/compile/WRF3.8/oml_sst/external/io_netcdf -I/home/saji/WRF/compile/WRF3.8/oml_sst/external/io_int -I/home/saji/WRF/compile/WRF3.8/oml_sst/frame -I/home/saji/WRF/compile/WRF3.8/oml_sst/share -I/home/saji/WRF/compile/WRF3.8/oml_sst/phys -I/home/saji/WRF/compile/WRF3.8/oml_sst/chem -I/home/saji/WRF/compile/WRF3.8/oml_sst/inc -I/usr/include    module_cam_mp_ndrop.f90
4.16user 0.07system 0:04.23elapsed 100%CPU (0avgtext+0avgdata 341552maxresident)k
0inputs+944outputs (0major+25784minor)pagefaults 0swaps
rm -f module_cam_mp_cldwat2m_micro.o
/lib/cpp -P -I/home/saji/WRF/compile/WRF3.8/oml_sst/inc -DEM_CORE=1 -DNMM_CORE=0 -DNMM_MAX_DIM=2600 -DCOAMPS_CORE=0 -DDA_CORE=0 -DEXP_CORE=0 -DIWORDSIZE=4 -DDWORDSIZE=8 -DRWORDSIZE=4 -DLWORDSIZE=4 -DNONSTANDARD_SYSTEM_SUBR  -DWRF_USE_CLM -DNO_IEEE_MODULE  -DDM_PARALLEL -DNETCDF -DUSE_ALLOCATABLES -DGRIB1 -DINTIO -DKEEP_INT_AROUND -DLIMIT_ARGS -DCONFIG_BUF_LEN=65536 -DMAX_DOMAINS_F=21 -DMAX_HISTORY=25 -DNMM_NEST=0  -I. -traditional   module_cam_mp_cldwat2m_micro.F  > module_cam_mp_cldwat2m_micro.bb
/home/saji/WRF/compile/WRF3.8/oml_sst/tools/standard.exe module_cam_mp_cldwat2m_micro.bb | /lib/cpp -P -traditional > module_cam_mp_cldwat2m_micro.f90
rm -f module_cam_mp_cldwat2m_micro.b module_cam_mp_cldwat2m_micro.bb
time mpif90  -o module_cam_mp_cldwat2m_micro.o -c -O2 -ftree-vectorize -funroll-loops -w -ffree-form -ffree-line-length-none -fconvert=big-endian -frecord-marker=4   -I../dyn_em -I../dyn_nmm   -I/home/saji/WRF/compile/WRF3.8/oml_sst/external/esmf_time_f90  -I/home/saji/WRF/compile/WRF3.8/oml_sst/main -I/home/saji/WRF/compile/WRF3.8/oml_sst/external/io_netcdf -I/home/saji/WRF/compile/WRF3.8/oml_sst/external/io_int -I/home/saji/WRF/compile/WRF3.8/oml_sst/frame -I/home/saji/WRF/compile/WRF3.8/oml_sst/share -I/home/saji/WRF/compile/WRF3.8/oml_sst/phys -I/home/saji/WRF/compile/WRF3.8/oml_sst/chem -I/home/saji/WRF/compile/WRF3.8/oml_sst/inc -I/usr/include    module_cam_mp_cldwat2m_micro.f90
23.82user 0.17system 0:23.99elapsed 100%CPU (0avgtext+0avgdata 1268848maxresident)k
0inputs+2144outputs (0major+85932minor)pagefaults 0swaps
rm -f module_radiation_driver.o
/lib/cpp -P -I/home/saji/WRF/compile/WRF3.8/oml_sst/inc -DEM_CORE=1 -DNMM_CORE=0 -DNMM_MAX_DIM=2600 -DCOAMPS_CORE=0 -DDA_CORE=0 -DEXP_CORE=0 -DIWORDSIZE=4 -DDWORDSIZE=8 -DRWORDSIZE=4 -DLWORDSIZE=4 -DNONSTANDARD_SYSTEM_SUBR  -DWRF_USE_CLM -DNO_IEEE_MODULE  -DDM_PARALLEL -DNETCDF -DUSE_ALLOCATABLES -DGRIB1 -DINTIO -DKEEP_INT_AROUND -DLIMIT_ARGS -DCONFIG_BUF_LEN=65536 -DMAX_DOMAINS_F=21 -DMAX_HISTORY=25 -DNMM_NEST=0  -I. -traditional   module_radiation_driver.F  > module_radiation_driver.bb
/home/saji/WRF/compile/WRF3.8/oml_sst/tools/standard.exe module_radiation_driver.bb | /lib/cpp -P -traditional > module_radiation_driver.f90
rm -f module_radiation_driver.b module_radiation_driver.bb
time mpif90  -o module_radiation_driver.o -c -O2 -ftree-vectorize -funroll-loops -w -ffree-form -ffree-line-length-none -fconvert=big-endian -frecord-marker=4   -I../dyn_em -I../dyn_nmm   -I/home/saji/WRF/compile/WRF3.8/oml_sst/external/esmf_time_f90  -I/home/saji/WRF/compile/WRF3.8/oml_sst/main -I/home/saji/WRF/compile/WRF3.8/oml_sst/external/io_netcdf -I/home/saji/WRF/compile/WRF3.8/oml_sst/external/io_int -I/home/saji/WRF/compile/WRF3.8/oml_sst/frame -I/home/saji/WRF/compile/WRF3.8/oml_sst/share -I/home/saji/WRF/compile/WRF3.8/oml_sst/phys -I/home/saji/WRF/compile/WRF3.8/oml_sst/chem -I/home/saji/WRF/compile/WRF3.8/oml_sst/inc -I/usr/include    module_radiation_driver.f90
24.31user 0.24system 0:24.55elapsed 100%CPU (0avgtext+0avgdata 1291712maxresident)k
0inputs+2200outputs (0major+110993minor)pagefaults 0swaps
rm -f module_surface_driver.o
/lib/cpp -P -I/home/saji/WRF/compile/WRF3.8/oml_sst/inc -DEM_CORE=1 -DNMM_CORE=0 -DNMM_MAX_DIM=2600 -DCOAMPS_CORE=0 -DDA_CORE=0 -DEXP_CORE=0 -DIWORDSIZE=4 -DDWORDSIZE=8 -DRWORDSIZE=4 -DLWORDSIZE=4 -DNONSTANDARD_SYSTEM_SUBR  -DWRF_USE_CLM -DNO_IEEE_MODULE  -DDM_PARALLEL -DNETCDF -DUSE_ALLOCATABLES -DGRIB1 -DINTIO -DKEEP_INT_AROUND -DLIMIT_ARGS -DCONFIG_BUF_LEN=65536 -DMAX_DOMAINS_F=21 -DMAX_HISTORY=25 -DNMM_NEST=0  -I. -traditional   module_surface_driver.F  > module_surface_driver.bb
/home/saji/WRF/compile/WRF3.8/oml_sst/tools/standard.exe module_surface_driver.bb | /lib/cpp -P -traditional > module_surface_driver.f90
rm -f module_surface_driver.b module_surface_driver.bb
time mpif90  -o module_surface_driver.o -c -O2 -ftree-vectorize -funroll-loops -w -ffree-form -ffree-line-length-none -fconvert=big-endian -frecord-marker=4   -I../dyn_em -I../dyn_nmm   -I/home/saji/WRF/compile/WRF3.8/oml_sst/external/esmf_time_f90  -I/home/saji/WRF/compile/WRF3.8/oml_sst/main -I/home/saji/WRF/compile/WRF3.8/oml_sst/external/io_netcdf -I/home/saji/WRF/compile/WRF3.8/oml_sst/external/io_int -I/home/saji/WRF/compile/WRF3.8/oml_sst/frame -I/home/saji/WRF/compile/WRF3.8/oml_sst/share -I/home/saji/WRF/compile/WRF3.8/oml_sst/phys -I/home/saji/WRF/compile/WRF3.8/oml_sst/chem -I/home/saji/WRF/compile/WRF3.8/oml_sst/inc -I/usr/include    module_surface_driver.f90
23.29user 1.62system 0:24.91elapsed 100%CPU (0avgtext+0avgdata 2063664maxresident)k
0inputs+4040outputs (0major+140379minor)pagefaults 0swaps
rm -f module_fr_fire_driver.o
/lib/cpp -P -I/home/saji/WRF/compile/WRF3.8/oml_sst/inc -DEM_CORE=1 -DNMM_CORE=0 -DNMM_MAX_DIM=2600 -DCOAMPS_CORE=0 -DDA_CORE=0 -DEXP_CORE=0 -DIWORDSIZE=4 -DDWORDSIZE=8 -DRWORDSIZE=4 -DLWORDSIZE=4 -DNONSTANDARD_SYSTEM_SUBR  -DWRF_USE_CLM -DNO_IEEE_MODULE  -DDM_PARALLEL -DNETCDF -DUSE_ALLOCATABLES -DGRIB1 -DINTIO -DKEEP_INT_AROUND -DLIMIT_ARGS -DCONFIG_BUF_LEN=65536 -DMAX_DOMAINS_F=21 -DMAX_HISTORY=25 -DNMM_NEST=0  -I. -traditional   module_fr_fire_driver.F  > module_fr_fire_driver.bb
/home/saji/WRF/compile/WRF3.8/oml_sst/tools/standard.exe module_fr_fire_driver.bb | /lib/cpp -P -traditional > module_fr_fire_driver.f90
rm -f module_fr_fire_driver.b module_fr_fire_driver.bb
time mpif90  -o module_fr_fire_driver.o -c -O2 -ftree-vectorize -funroll-loops -w -ffree-form -ffree-line-length-none -fconvert=big-endian -frecord-marker=4   -I../dyn_em -I../dyn_nmm   -I/home/saji/WRF/compile/WRF3.8/oml_sst/external/esmf_time_f90  -I/home/saji/WRF/compile/WRF3.8/oml_sst/main -I/home/saji/WRF/compile/WRF3.8/oml_sst/external/io_netcdf -I/home/saji/WRF/compile/WRF3.8/oml_sst/external/io_int -I/home/saji/WRF/compile/WRF3.8/oml_sst/frame -I/home/saji/WRF/compile/WRF3.8/oml_sst/share -I/home/saji/WRF/compile/WRF3.8/oml_sst/phys -I/home/saji/WRF/compile/WRF3.8/oml_sst/chem -I/home/saji/WRF/compile/WRF3.8/oml_sst/inc -I/usr/include    module_fr_fire_driver.f90
6.52user 1.30system 0:07.81elapsed 100%CPU (0avgtext+0avgdata 358944maxresident)k
0inputs+2576outputs (0major+26270minor)pagefaults 0swaps
rm -f module_cam_cldwat.o
/lib/cpp -P -I/home/saji/WRF/compile/WRF3.8/oml_sst/inc -DEM_CORE=1 -DNMM_CORE=0 -DNMM_MAX_DIM=2600 -DCOAMPS_CORE=0 -DDA_CORE=0 -DEXP_CORE=0 -DIWORDSIZE=4 -DDWORDSIZE=8 -DRWORDSIZE=4 -DLWORDSIZE=4 -DNONSTANDARD_SYSTEM_SUBR  -DWRF_USE_CLM -DNO_IEEE_MODULE  -DDM_PARALLEL -DNETCDF -DUSE_ALLOCATABLES -DGRIB1 -DINTIO -DKEEP_INT_AROUND -DLIMIT_ARGS -DCONFIG_BUF_LEN=65536 -DMAX_DOMAINS_F=21 -DMAX_HISTORY=25 -DNMM_NEST=0  -I. -traditional   module_cam_cldwat.F  > module_cam_cldwat.bb
/home/saji/WRF/compile/WRF3.8/oml_sst/tools/standard.exe module_cam_cldwat.bb | /lib/cpp -P -traditional > module_cam_cldwat.f90
rm -f module_cam_cldwat.b module_cam_cldwat.bb
time mpif90  -o module_cam_cldwat.o -c -O2 -ftree-vectorize -funroll-loops -w -ffree-form -ffree-line-length-none -fconvert=big-endian -frecord-marker=4   -I../dyn_em -I../dyn_nmm   -I/home/saji/WRF/compile/WRF3.8/oml_sst/external/esmf_time_f90  -I/home/saji/WRF/compile/WRF3.8/oml_sst/main -I/home/saji/WRF/compile/WRF3.8/oml_sst/external/io_netcdf -I/home/saji/WRF/compile/WRF3.8/oml_sst/external/io_int -I/home/saji/WRF/compile/WRF3.8/oml_sst/frame -I/home/saji/WRF/compile/WRF3.8/oml_sst/share -I/home/saji/WRF/compile/WRF3.8/oml_sst/phys -I/home/saji/WRF/compile/WRF3.8/oml_sst/chem -I/home/saji/WRF/compile/WRF3.8/oml_sst/inc -I/usr/include    module_cam_cldwat.f90
0.06user 0.00system 0:00.06elapsed 109%CPU (0avgtext+0avgdata 39232maxresident)k
0inputs+56outputs (0major+4574minor)pagefaults 0swaps
rm -f module_cam_esinti.o
/lib/cpp -P -I/home/saji/WRF/compile/WRF3.8/oml_sst/inc -DEM_CORE=1 -DNMM_CORE=0 -DNMM_MAX_DIM=2600 -DCOAMPS_CORE=0 -DDA_CORE=0 -DEXP_CORE=0 -DIWORDSIZE=4 -DDWORDSIZE=8 -DRWORDSIZE=4 -DLWORDSIZE=4 -DNONSTANDARD_SYSTEM_SUBR  -DWRF_USE_CLM -DNO_IEEE_MODULE  -DDM_PARALLEL -DNETCDF -DUSE_ALLOCATABLES -DGRIB1 -DINTIO -DKEEP_INT_AROUND -DLIMIT_ARGS -DCONFIG_BUF_LEN=65536 -DMAX_DOMAINS_F=21 -DMAX_HISTORY=25 -DNMM_NEST=0  -I. -traditional   module_cam_esinti.F  > module_cam_esinti.bb
/home/saji/WRF/compile/WRF3.8/oml_sst/tools/standard.exe module_cam_esinti.bb | /lib/cpp -P -traditional > module_cam_esinti.f90
rm -f module_cam_esinti.b module_cam_esinti.bb
time mpif90  -o module_cam_esinti.o -c -O2 -ftree-vectorize -funroll-loops -w -ffree-form -ffree-line-length-none -fconvert=big-endian -frecord-marker=4   -I../dyn_em -I../dyn_nmm   -I/home/saji/WRF/compile/WRF3.8/oml_sst/external/esmf_time_f90  -I/home/saji/WRF/compile/WRF3.8/oml_sst/main -I/home/saji/WRF/compile/WRF3.8/oml_sst/external/io_netcdf -I/home/saji/WRF/compile/WRF3.8/oml_sst/external/io_int -I/home/saji/WRF/compile/WRF3.8/oml_sst/frame -I/home/saji/WRF/compile/WRF3.8/oml_sst/share -I/home/saji/WRF/compile/WRF3.8/oml_sst/phys -I/home/saji/WRF/compile/WRF3.8/oml_sst/chem -I/home/saji/WRF/compile/WRF3.8/oml_sst/inc -I/usr/include    module_cam_esinti.f90
0.01user 0.02system 0:00.02elapsed 124%CPU (0avgtext+0avgdata 32720maxresident)k
0inputs+24outputs (0major+4139minor)pagefaults 0swaps
rm -f module_cam_mp_microp_aero.o
/lib/cpp -P -I/home/saji/WRF/compile/WRF3.8/oml_sst/inc -DEM_CORE=1 -DNMM_CORE=0 -DNMM_MAX_DIM=2600 -DCOAMPS_CORE=0 -DDA_CORE=0 -DEXP_CORE=0 -DIWORDSIZE=4 -DDWORDSIZE=8 -DRWORDSIZE=4 -DLWORDSIZE=4 -DNONSTANDARD_SYSTEM_SUBR  -DWRF_USE_CLM -DNO_IEEE_MODULE  -DDM_PARALLEL -DNETCDF -DUSE_ALLOCATABLES -DGRIB1 -DINTIO -DKEEP_INT_AROUND -DLIMIT_ARGS -DCONFIG_BUF_LEN=65536 -DMAX_DOMAINS_F=21 -DMAX_HISTORY=25 -DNMM_NEST=0  -I. -traditional   module_cam_mp_microp_aero.F  > module_cam_mp_microp_aero.bb
/home/saji/WRF/compile/WRF3.8/oml_sst/tools/standard.exe module_cam_mp_microp_aero.bb | /lib/cpp -P -traditional > module_cam_mp_microp_aero.f90
rm -f module_cam_mp_microp_aero.b module_cam_mp_microp_aero.bb
time mpif90  -o module_cam_mp_microp_aero.o -c -O2 -ftree-vectorize -funroll-loops -w -ffree-form -ffree-line-length-none -fconvert=big-endian -frecord-marker=4   -I../dyn_em -I../dyn_nmm   -I/home/saji/WRF/compile/WRF3.8/oml_sst/external/esmf_time_f90  -I/home/saji/WRF/compile/WRF3.8/oml_sst/main -I/home/saji/WRF/compile/WRF3.8/oml_sst/external/io_netcdf -I/home/saji/WRF/compile/WRF3.8/oml_sst/external/io_int -I/home/saji/WRF/compile/WRF3.8/oml_sst/frame -I/home/saji/WRF/compile/WRF3.8/oml_sst/share -I/home/saji/WRF/compile/WRF3.8/oml_sst/phys -I/home/saji/WRF/compile/WRF3.8/oml_sst/chem -I/home/saji/WRF/compile/WRF3.8/oml_sst/inc -I/usr/include    module_cam_mp_microp_aero.f90
2.25user 0.04system 0:02.29elapsed 100%CPU (0avgtext+0avgdata 239488maxresident)k
0inputs+600outputs (0major+18976minor)pagefaults 0swaps
rm -f module_bl_camuwpbl_driver.o
/lib/cpp -P -I/home/saji/WRF/compile/WRF3.8/oml_sst/inc -DEM_CORE=1 -DNMM_CORE=0 -DNMM_MAX_DIM=2600 -DCOAMPS_CORE=0 -DDA_CORE=0 -DEXP_CORE=0 -DIWORDSIZE=4 -DDWORDSIZE=8 -DRWORDSIZE=4 -DLWORDSIZE=4 -DNONSTANDARD_SYSTEM_SUBR  -DWRF_USE_CLM -DNO_IEEE_MODULE  -DDM_PARALLEL -DNETCDF -DUSE_ALLOCATABLES -DGRIB1 -DINTIO -DKEEP_INT_AROUND -DLIMIT_ARGS -DCONFIG_BUF_LEN=65536 -DMAX_DOMAINS_F=21 -DMAX_HISTORY=25 -DNMM_NEST=0  -I. -traditional   module_bl_camuwpbl_driver.F  > module_bl_camuwpbl_driver.bb
/home/saji/WRF/compile/WRF3.8/oml_sst/tools/standard.exe module_bl_camuwpbl_driver.bb | /lib/cpp -P -traditional > module_bl_camuwpbl_driver.f90
rm -f module_bl_camuwpbl_driver.b module_bl_camuwpbl_driver.bb
time mpif90  -o module_bl_camuwpbl_driver.o -c -O2 -ftree-vectorize -funroll-loops -w -ffree-form -ffree-line-length-none -fconvert=big-endian -frecord-marker=4   -I../dyn_em -I../dyn_nmm   -I/home/saji/WRF/compile/WRF3.8/oml_sst/external/esmf_time_f90  -I/home/saji/WRF/compile/WRF3.8/oml_sst/main -I/home/saji/WRF/compile/WRF3.8/oml_sst/external/io_netcdf -I/home/saji/WRF/compile/WRF3.8/oml_sst/external/io_int -I/home/saji/WRF/compile/WRF3.8/oml_sst/frame -I/home/saji/WRF/compile/WRF3.8/oml_sst/share -I/home/saji/WRF/compile/WRF3.8/oml_sst/phys -I/home/saji/WRF/compile/WRF3.8/oml_sst/chem -I/home/saji/WRF/compile/WRF3.8/oml_sst/inc -I/usr/include    module_bl_camuwpbl_driver.f90
6.34user 0.11system 0:06.45elapsed 100%CPU (0avgtext+0avgdata 581312maxresident)k
0inputs+1000outputs (0major+42027minor)pagefaults 0swaps
rm -f module_mp_cammgmp_driver.o
/lib/cpp -P -I/home/saji/WRF/compile/WRF3.8/oml_sst/inc -DEM_CORE=1 -DNMM_CORE=0 -DNMM_MAX_DIM=2600 -DCOAMPS_CORE=0 -DDA_CORE=0 -DEXP_CORE=0 -DIWORDSIZE=4 -DDWORDSIZE=8 -DRWORDSIZE=4 -DLWORDSIZE=4 -DNONSTANDARD_SYSTEM_SUBR  -DWRF_USE_CLM -DNO_IEEE_MODULE  -DDM_PARALLEL -DNETCDF -DUSE_ALLOCATABLES -DGRIB1 -DINTIO -DKEEP_INT_AROUND -DLIMIT_ARGS -DCONFIG_BUF_LEN=65536 -DMAX_DOMAINS_F=21 -DMAX_HISTORY=25 -DNMM_NEST=0  -I. -traditional   module_mp_cammgmp_driver.F  > module_mp_cammgmp_driver.bb
/home/saji/WRF/compile/WRF3.8/oml_sst/tools/standard.exe module_mp_cammgmp_driver.bb | /lib/cpp -P -traditional > module_mp_cammgmp_driver.f90
rm -f module_mp_cammgmp_driver.b module_mp_cammgmp_driver.bb
time mpif90  -o module_mp_cammgmp_driver.o -c -O2 -ftree-vectorize -funroll-loops -w -ffree-form -ffree-line-length-none -fconvert=big-endian -frecord-marker=4   -I../dyn_em -I../dyn_nmm   -I/home/saji/WRF/compile/WRF3.8/oml_sst/external/esmf_time_f90  -I/home/saji/WRF/compile/WRF3.8/oml_sst/main -I/home/saji/WRF/compile/WRF3.8/oml_sst/external/io_netcdf -I/home/saji/WRF/compile/WRF3.8/oml_sst/external/io_int -I/home/saji/WRF/compile/WRF3.8/oml_sst/frame -I/home/saji/WRF/compile/WRF3.8/oml_sst/share -I/home/saji/WRF/compile/WRF3.8/oml_sst/phys -I/home/saji/WRF/compile/WRF3.8/oml_sst/chem -I/home/saji/WRF/compile/WRF3.8/oml_sst/inc -I/usr/include    module_mp_cammgmp_driver.f90
22.34user 0.29system 0:22.63elapsed 100%CPU (0avgtext+0avgdata 1456816maxresident)k
0inputs+2456outputs (0major+106444minor)pagefaults 0swaps
rm -f module_shcu_camuwshcu.o
/lib/cpp -P -I/home/saji/WRF/compile/WRF3.8/oml_sst/inc -DEM_CORE=1 -DNMM_CORE=0 -DNMM_MAX_DIM=2600 -DCOAMPS_CORE=0 -DDA_CORE=0 -DEXP_CORE=0 -DIWORDSIZE=4 -DDWORDSIZE=8 -DRWORDSIZE=4 -DLWORDSIZE=4 -DNONSTANDARD_SYSTEM_SUBR  -DWRF_USE_CLM -DNO_IEEE_MODULE  -DDM_PARALLEL -DNETCDF -DUSE_ALLOCATABLES -DGRIB1 -DINTIO -DKEEP_INT_AROUND -DLIMIT_ARGS -DCONFIG_BUF_LEN=65536 -DMAX_DOMAINS_F=21 -DMAX_HISTORY=25 -DNMM_NEST=0  -I. -traditional   module_shcu_camuwshcu.F  > module_shcu_camuwshcu.bb
/home/saji/WRF/compile/WRF3.8/oml_sst/tools/standard.exe module_shcu_camuwshcu.bb | /lib/cpp -P -traditional > module_shcu_camuwshcu.f90
rm -f module_shcu_camuwshcu.b module_shcu_camuwshcu.bb
time mpif90  -o module_shcu_camuwshcu.o -c -O2 -ftree-vectorize -funroll-loops -w -ffree-form -ffree-line-length-none -fconvert=big-endian -frecord-marker=4   -I../dyn_em -I../dyn_nmm   -I/home/saji/WRF/compile/WRF3.8/oml_sst/external/esmf_time_f90  -I/home/saji/WRF/compile/WRF3.8/oml_sst/main -I/home/saji/WRF/compile/WRF3.8/oml_sst/external/io_netcdf -I/home/saji/WRF/compile/WRF3.8/oml_sst/external/io_int -I/home/saji/WRF/compile/WRF3.8/oml_sst/frame -I/home/saji/WRF/compile/WRF3.8/oml_sst/share -I/home/saji/WRF/compile/WRF3.8/oml_sst/phys -I/home/saji/WRF/compile/WRF3.8/oml_sst/chem -I/home/saji/WRF/compile/WRF3.8/oml_sst/inc -I/usr/include    module_shcu_camuwshcu.f90
117.89user 1.13system 1:59.01elapsed 100%CPU (0avgtext+0avgdata 7279984maxresident)k
0inputs+7280outputs (0major+462843minor)pagefaults 0swaps
rm -f module_cu_camzm.o
/lib/cpp -P -I/home/saji/WRF/compile/WRF3.8/oml_sst/inc -DEM_CORE=1 -DNMM_CORE=0 -DNMM_MAX_DIM=2600 -DCOAMPS_CORE=0 -DDA_CORE=0 -DEXP_CORE=0 -DIWORDSIZE=4 -DDWORDSIZE=8 -DRWORDSIZE=4 -DLWORDSIZE=4 -DNONSTANDARD_SYSTEM_SUBR  -DWRF_USE_CLM -DNO_IEEE_MODULE  -DDM_PARALLEL -DNETCDF -DUSE_ALLOCATABLES -DGRIB1 -DINTIO -DKEEP_INT_AROUND -DLIMIT_ARGS -DCONFIG_BUF_LEN=65536 -DMAX_DOMAINS_F=21 -DMAX_HISTORY=25 -DNMM_NEST=0  -I. -traditional   module_cu_camzm.F  > module_cu_camzm.bb
/home/saji/WRF/compile/WRF3.8/oml_sst/tools/standard.exe module_cu_camzm.bb | /lib/cpp -P -traditional > module_cu_camzm.f90
rm -f module_cu_camzm.b module_cu_camzm.bb
time mpif90  -o module_cu_camzm.o -c -O2 -ftree-vectorize -funroll-loops -w -ffree-form -ffree-line-length-none -fconvert=big-endian -frecord-marker=4   -I../dyn_em -I../dyn_nmm   -I/home/saji/WRF/compile/WRF3.8/oml_sst/external/esmf_time_f90  -I/home/saji/WRF/compile/WRF3.8/oml_sst/main -I/home/saji/WRF/compile/WRF3.8/oml_sst/external/io_netcdf -I/home/saji/WRF/compile/WRF3.8/oml_sst/external/io_int -I/home/saji/WRF/compile/WRF3.8/oml_sst/frame -I/home/saji/WRF/compile/WRF3.8/oml_sst/share -I/home/saji/WRF/compile/WRF3.8/oml_sst/phys -I/home/saji/WRF/compile/WRF3.8/oml_sst/chem -I/home/saji/WRF/compile/WRF3.8/oml_sst/inc -I/usr/include    module_cu_camzm.f90
11.18user 0.14system 0:11.32elapsed 100%CPU (0avgtext+0avgdata 697728maxresident)k
0inputs+2664outputs (0major+49490minor)pagefaults 0swaps
rm -f module_mixactivate.o
/lib/cpp -P -I/home/saji/WRF/compile/WRF3.8/oml_sst/inc -DEM_CORE=1 -DNMM_CORE=0 -DNMM_MAX_DIM=2600 -DCOAMPS_CORE=0 -DDA_CORE=0 -DEXP_CORE=0 -DIWORDSIZE=4 -DDWORDSIZE=8 -DRWORDSIZE=4 -DLWORDSIZE=4 -DNONSTANDARD_SYSTEM_SUBR  -DWRF_USE_CLM -DNO_IEEE_MODULE  -DDM_PARALLEL -DNETCDF -DUSE_ALLOCATABLES -DGRIB1 -DINTIO -DKEEP_INT_AROUND -DLIMIT_ARGS -DCONFIG_BUF_LEN=65536 -DMAX_DOMAINS_F=21 -DMAX_HISTORY=25 -DNMM_NEST=0  -I. -traditional   module_mixactivate.F  > module_mixactivate.bb
/home/saji/WRF/compile/WRF3.8/oml_sst/tools/standard.exe module_mixactivate.bb | /lib/cpp -P -traditional > module_mixactivate.f90
rm -f module_mixactivate.b module_mixactivate.bb
time mpif90  -o module_mixactivate.o -c -O2 -ftree-vectorize -funroll-loops -w -ffree-form -ffree-line-length-none -fconvert=big-endian -frecord-marker=4   -I../dyn_em -I../dyn_nmm   -I/home/saji/WRF/compile/WRF3.8/oml_sst/external/esmf_time_f90  -I/home/saji/WRF/compile/WRF3.8/oml_sst/main -I/home/saji/WRF/compile/WRF3.8/oml_sst/external/io_netcdf -I/home/saji/WRF/compile/WRF3.8/oml_sst/external/io_int -I/home/saji/WRF/compile/WRF3.8/oml_sst/frame -I/home/saji/WRF/compile/WRF3.8/oml_sst/share -I/home/saji/WRF/compile/WRF3.8/oml_sst/phys -I/home/saji/WRF/compile/WRF3.8/oml_sst/chem -I/home/saji/WRF/compile/WRF3.8/oml_sst/inc -I/usr/include    module_mixactivate.f90
11.00user 0.18system 0:11.18elapsed 100%CPU (0avgtext+0avgdata 918064maxresident)k
0inputs+1512outputs (0major+62160minor)pagefaults 0swaps
rm -f module_pbl_driver.o
/lib/cpp -P -I/home/saji/WRF/compile/WRF3.8/oml_sst/inc -DEM_CORE=1 -DNMM_CORE=0 -DNMM_MAX_DIM=2600 -DCOAMPS_CORE=0 -DDA_CORE=0 -DEXP_CORE=0 -DIWORDSIZE=4 -DDWORDSIZE=8 -DRWORDSIZE=4 -DLWORDSIZE=4 -DNONSTANDARD_SYSTEM_SUBR  -DWRF_USE_CLM -DNO_IEEE_MODULE  -DDM_PARALLEL -DNETCDF -DUSE_ALLOCATABLES -DGRIB1 -DINTIO -DKEEP_INT_AROUND -DLIMIT_ARGS -DCONFIG_BUF_LEN=65536 -DMAX_DOMAINS_F=21 -DMAX_HISTORY=25 -DNMM_NEST=0  -I. -traditional   module_pbl_driver.F  > module_pbl_driver.bb
/home/saji/WRF/compile/WRF3.8/oml_sst/tools/standard.exe module_pbl_driver.bb | /lib/cpp -P -traditional > module_pbl_driver.f90
rm -f module_pbl_driver.b module_pbl_driver.bb
time mpif90  -o module_pbl_driver.o -c -O2 -ftree-vectorize -funroll-loops -w -ffree-form -ffree-line-length-none -fconvert=big-endian -frecord-marker=4   -I../dyn_em -I../dyn_nmm   -I/home/saji/WRF/compile/WRF3.8/oml_sst/external/esmf_time_f90  -I/home/saji/WRF/compile/WRF3.8/oml_sst/main -I/home/saji/WRF/compile/WRF3.8/oml_sst/external/io_netcdf -I/home/saji/WRF/compile/WRF3.8/oml_sst/external/io_int -I/home/saji/WRF/compile/WRF3.8/oml_sst/frame -I/home/saji/WRF/compile/WRF3.8/oml_sst/share -I/home/saji/WRF/compile/WRF3.8/oml_sst/phys -I/home/saji/WRF/compile/WRF3.8/oml_sst/chem -I/home/saji/WRF/compile/WRF3.8/oml_sst/inc -I/usr/include    module_pbl_driver.f90
4.86user 0.12system 0:04.97elapsed 100%CPU (0avgtext+0avgdata 337696maxresident)k
0inputs+1192outputs (0major+27036minor)pagefaults 0swaps
rm -f module_microphysics_driver.o
/lib/cpp -P -I/home/saji/WRF/compile/WRF3.8/oml_sst/inc -DEM_CORE=1 -DNMM_CORE=0 -DNMM_MAX_DIM=2600 -DCOAMPS_CORE=0 -DDA_CORE=0 -DEXP_CORE=0 -DIWORDSIZE=4 -DDWORDSIZE=8 -DRWORDSIZE=4 -DLWORDSIZE=4 -DNONSTANDARD_SYSTEM_SUBR  -DWRF_USE_CLM -DNO_IEEE_MODULE  -DDM_PARALLEL -DNETCDF -DUSE_ALLOCATABLES -DGRIB1 -DINTIO -DKEEP_INT_AROUND -DLIMIT_ARGS -DCONFIG_BUF_LEN=65536 -DMAX_DOMAINS_F=21 -DMAX_HISTORY=25 -DNMM_NEST=0  -I. -traditional   module_microphysics_driver.F  > module_microphysics_driver.bb
/home/saji/WRF/compile/WRF3.8/oml_sst/tools/standard.exe module_microphysics_driver.bb | /lib/cpp -P -traditional > module_microphysics_driver.f90
rm -f module_microphysics_driver.b module_microphysics_driver.bb
time mpif90  -o module_microphysics_driver.o -c -O2 -ftree-vectorize -funroll-loops -w -ffree-form -ffree-line-length-none -fconvert=big-endian -frecord-marker=4   -I../dyn_em -I../dyn_nmm   -I/home/saji/WRF/compile/WRF3.8/oml_sst/external/esmf_time_f90  -I/home/saji/WRF/compile/WRF3.8/oml_sst/main -I/home/saji/WRF/compile/WRF3.8/oml_sst/external/io_netcdf -I/home/saji/WRF/compile/WRF3.8/oml_sst/external/io_int -I/home/saji/WRF/compile/WRF3.8/oml_sst/frame -I/home/saji/WRF/compile/WRF3.8/oml_sst/share -I/home/saji/WRF/compile/WRF3.8/oml_sst/phys -I/home/saji/WRF/compile/WRF3.8/oml_sst/chem -I/home/saji/WRF/compile/WRF3.8/oml_sst/inc -I/usr/include    module_microphysics_driver.f90
2.19user 0.12system 0:02.30elapsed 100%CPU (0avgtext+0avgdata 176624maxresident)k
0inputs+1016outputs (0major+14579minor)pagefaults 0swaps
rm -f module_fr_fire_driver_wrf.o
/lib/cpp -P -I/home/saji/WRF/compile/WRF3.8/oml_sst/inc -DEM_CORE=1 -DNMM_CORE=0 -DNMM_MAX_DIM=2600 -DCOAMPS_CORE=0 -DDA_CORE=0 -DEXP_CORE=0 -DIWORDSIZE=4 -DDWORDSIZE=8 -DRWORDSIZE=4 -DLWORDSIZE=4 -DNONSTANDARD_SYSTEM_SUBR  -DWRF_USE_CLM -DNO_IEEE_MODULE  -DDM_PARALLEL -DNETCDF -DUSE_ALLOCATABLES -DGRIB1 -DINTIO -DKEEP_INT_AROUND -DLIMIT_ARGS -DCONFIG_BUF_LEN=65536 -DMAX_DOMAINS_F=21 -DMAX_HISTORY=25 -DNMM_NEST=0  -I. -traditional   module_fr_fire_driver_wrf.F  > module_fr_fire_driver_wrf.bb
/home/saji/WRF/compile/WRF3.8/oml_sst/tools/standard.exe module_fr_fire_driver_wrf.bb | /lib/cpp -P -traditional > module_fr_fire_driver_wrf.f90
rm -f module_fr_fire_driver_wrf.b module_fr_fire_driver_wrf.bb
time mpif90  -o module_fr_fire_driver_wrf.o -c -O2 -ftree-vectorize -funroll-loops -w -ffree-form -ffree-line-length-none -fconvert=big-endian -frecord-marker=4   -I../dyn_em -I../dyn_nmm   -I/home/saji/WRF/compile/WRF3.8/oml_sst/external/esmf_time_f90  -I/home/saji/WRF/compile/WRF3.8/oml_sst/main -I/home/saji/WRF/compile/WRF3.8/oml_sst/external/io_netcdf -I/home/saji/WRF/compile/WRF3.8/oml_sst/external/io_int -I/home/saji/WRF/compile/WRF3.8/oml_sst/frame -I/home/saji/WRF/compile/WRF3.8/oml_sst/share -I/home/saji/WRF/compile/WRF3.8/oml_sst/phys -I/home/saji/WRF/compile/WRF3.8/oml_sst/chem -I/home/saji/WRF/compile/WRF3.8/oml_sst/inc -I/usr/include    module_fr_fire_driver_wrf.f90
0.82user 0.13system 0:00.95elapsed 100%CPU (0avgtext+0avgdata 77728maxresident)k
0inputs+5608outputs (0major+8019minor)pagefaults 0swaps
rm -f module_cu_camzm_driver.o
/lib/cpp -P -I/home/saji/WRF/compile/WRF3.8/oml_sst/inc -DEM_CORE=1 -DNMM_CORE=0 -DNMM_MAX_DIM=2600 -DCOAMPS_CORE=0 -DDA_CORE=0 -DEXP_CORE=0 -DIWORDSIZE=4 -DDWORDSIZE=8 -DRWORDSIZE=4 -DLWORDSIZE=4 -DNONSTANDARD_SYSTEM_SUBR  -DWRF_USE_CLM -DNO_IEEE_MODULE  -DDM_PARALLEL -DNETCDF -DUSE_ALLOCATABLES -DGRIB1 -DINTIO -DKEEP_INT_AROUND -DLIMIT_ARGS -DCONFIG_BUF_LEN=65536 -DMAX_DOMAINS_F=21 -DMAX_HISTORY=25 -DNMM_NEST=0  -I. -traditional   module_cu_camzm_driver.F  > module_cu_camzm_driver.bb
/home/saji/WRF/compile/WRF3.8/oml_sst/tools/standard.exe module_cu_camzm_driver.bb | /lib/cpp -P -traditional > module_cu_camzm_driver.f90
rm -f module_cu_camzm_driver.b module_cu_camzm_driver.bb
time mpif90  -o module_cu_camzm_driver.o -c -O2 -ftree-vectorize -funroll-loops -w -ffree-form -ffree-line-length-none -fconvert=big-endian -frecord-marker=4   -I../dyn_em -I../dyn_nmm   -I/home/saji/WRF/compile/WRF3.8/oml_sst/external/esmf_time_f90  -I/home/saji/WRF/compile/WRF3.8/oml_sst/main -I/home/saji/WRF/compile/WRF3.8/oml_sst/external/io_netcdf -I/home/saji/WRF/compile/WRF3.8/oml_sst/external/io_int -I/home/saji/WRF/compile/WRF3.8/oml_sst/frame -I/home/saji/WRF/compile/WRF3.8/oml_sst/share -I/home/saji/WRF/compile/WRF3.8/oml_sst/phys -I/home/saji/WRF/compile/WRF3.8/oml_sst/chem -I/home/saji/WRF/compile/WRF3.8/oml_sst/inc -I/usr/include    module_cu_camzm_driver.f90
5.41user 0.11system 0:05.52elapsed 100%CPU (0avgtext+0avgdata 596176maxresident)k
0inputs+624outputs (0major+42390minor)pagefaults 0swaps
rm -f module_cu_kfcup.o
/lib/cpp -P -I/home/saji/WRF/compile/WRF3.8/oml_sst/inc -DEM_CORE=1 -DNMM_CORE=0 -DNMM_MAX_DIM=2600 -DCOAMPS_CORE=0 -DDA_CORE=0 -DEXP_CORE=0 -DIWORDSIZE=4 -DDWORDSIZE=8 -DRWORDSIZE=4 -DLWORDSIZE=4 -DNONSTANDARD_SYSTEM_SUBR  -DWRF_USE_CLM -DNO_IEEE_MODULE  -DDM_PARALLEL -DNETCDF -DUSE_ALLOCATABLES -DGRIB1 -DINTIO -DKEEP_INT_AROUND -DLIMIT_ARGS -DCONFIG_BUF_LEN=65536 -DMAX_DOMAINS_F=21 -DMAX_HISTORY=25 -DNMM_NEST=0  -I. -traditional   module_cu_kfcup.F  > module_cu_kfcup.bb
/home/saji/WRF/compile/WRF3.8/oml_sst/tools/standard.exe module_cu_kfcup.bb | /lib/cpp -P -traditional > module_cu_kfcup.f90
rm -f module_cu_kfcup.b module_cu_kfcup.bb
time mpif90  -o module_cu_kfcup.o -c -O2 -ftree-vectorize -funroll-loops -w -ffree-form -ffree-line-length-none -fconvert=big-endian -frecord-marker=4   -I../dyn_em -I../dyn_nmm   -I/home/saji/WRF/compile/WRF3.8/oml_sst/external/esmf_time_f90  -I/home/saji/WRF/compile/WRF3.8/oml_sst/main -I/home/saji/WRF/compile/WRF3.8/oml_sst/external/io_netcdf -I/home/saji/WRF/compile/WRF3.8/oml_sst/external/io_int -I/home/saji/WRF/compile/WRF3.8/oml_sst/frame -I/home/saji/WRF/compile/WRF3.8/oml_sst/share -I/home/saji/WRF/compile/WRF3.8/oml_sst/phys -I/home/saji/WRF/compile/WRF3.8/oml_sst/chem -I/home/saji/WRF/compile/WRF3.8/oml_sst/inc -I/usr/include    module_cu_kfcup.f90
38.52user 0.32system 0:38.84elapsed 100%CPU (0avgtext+0avgdata 2195840maxresident)k
0inputs+3296outputs (0major+150012minor)pagefaults 0swaps
rm -f module_cumulus_driver.o
/lib/cpp -P -I/home/saji/WRF/compile/WRF3.8/oml_sst/inc -DEM_CORE=1 -DNMM_CORE=0 -DNMM_MAX_DIM=2600 -DCOAMPS_CORE=0 -DDA_CORE=0 -DEXP_CORE=0 -DIWORDSIZE=4 -DDWORDSIZE=8 -DRWORDSIZE=4 -DLWORDSIZE=4 -DNONSTANDARD_SYSTEM_SUBR  -DWRF_USE_CLM -DNO_IEEE_MODULE  -DDM_PARALLEL -DNETCDF -DUSE_ALLOCATABLES -DGRIB1 -DINTIO -DKEEP_INT_AROUND -DLIMIT_ARGS -DCONFIG_BUF_LEN=65536 -DMAX_DOMAINS_F=21 -DMAX_HISTORY=25 -DNMM_NEST=0  -I. -traditional   module_cumulus_driver.F  > module_cumulus_driver.bb
/home/saji/WRF/compile/WRF3.8/oml_sst/tools/standard.exe module_cumulus_driver.bb | /lib/cpp -P -traditional > module_cumulus_driver.f90
rm -f module_cumulus_driver.b module_cumulus_driver.bb
time mpif90  -o module_cumulus_driver.o -c -O2 -ftree-vectorize -funroll-loops -w -ffree-form -ffree-line-length-none -fconvert=big-endian -frecord-marker=4   -I../dyn_em -I../dyn_nmm   -I/home/saji/WRF/compile/WRF3.8/oml_sst/external/esmf_time_f90  -I/home/saji/WRF/compile/WRF3.8/oml_sst/main -I/home/saji/WRF/compile/WRF3.8/oml_sst/external/io_netcdf -I/home/saji/WRF/compile/WRF3.8/oml_sst/external/io_int -I/home/saji/WRF/compile/WRF3.8/oml_sst/frame -I/home/saji/WRF/compile/WRF3.8/oml_sst/share -I/home/saji/WRF/compile/WRF3.8/oml_sst/phys -I/home/saji/WRF/compile/WRF3.8/oml_sst/chem -I/home/saji/WRF/compile/WRF3.8/oml_sst/inc -I/usr/include    module_cumulus_driver.f90
5.09user 1.13system 0:06.22elapsed 100%CPU (0avgtext+0avgdata 201152maxresident)k
0inputs+1776outputs (0major+15675minor)pagefaults 0swaps
200.27user 0.94system 3:21.20elapsed 100%CPU (0avgtext+0avgdata 5358624maxresident)k
0inputs+6616outputs (0major+382638minor)pagefaults 0swaps
rm -f module_shcu_camuwshcu_driver.o
rm -f module_physics_init.o
/lib/cpp -P -I/home/saji/WRF/compile/WRF3.8/oml_sst/inc -DEM_CORE=1 -DNMM_CORE=0 -DNMM_MAX_DIM=2600 -DCOAMPS_CORE=0 -DDA_CORE=0 -DEXP_CORE=0 -DIWORDSIZE=4 -DDWORDSIZE=8 -DRWORDSIZE=4 -DLWORDSIZE=4 -DNONSTANDARD_SYSTEM_SUBR  -DWRF_USE_CLM -DNO_IEEE_MODULE  -DDM_PARALLEL -DNETCDF -DUSE_ALLOCATABLES -DGRIB1 -DINTIO -DKEEP_INT_AROUND -DLIMIT_ARGS -DCONFIG_BUF_LEN=65536 -DMAX_DOMAINS_F=21 -DMAX_HISTORY=25 -DNMM_NEST=0  -I. -traditional   module_shcu_camuwshcu_driver.F  > module_shcu_camuwshcu_driver.bb
/lib/cpp -P -I/home/saji/WRF/compile/WRF3.8/oml_sst/inc -DEM_CORE=1 -DNMM_CORE=0 -DNMM_MAX_DIM=2600 -DCOAMPS_CORE=0 -DDA_CORE=0 -DEXP_CORE=0 -DIWORDSIZE=4 -DDWORDSIZE=8 -DRWORDSIZE=4 -DLWORDSIZE=4 -DNONSTANDARD_SYSTEM_SUBR  -DWRF_USE_CLM -DNO_IEEE_MODULE  -DDM_PARALLEL -DNETCDF -DUSE_ALLOCATABLES -DGRIB1 -DINTIO -DKEEP_INT_AROUND -DLIMIT_ARGS -DCONFIG_BUF_LEN=65536 -DMAX_DOMAINS_F=21 -DMAX_HISTORY=25 -DNMM_NEST=0  -I. -traditional   module_physics_init.F  > module_physics_init.bb
/home/saji/WRF/compile/WRF3.8/oml_sst/tools/standard.exe module_shcu_camuwshcu_driver.bb | /lib/cpp -P -traditional > module_shcu_camuwshcu_driver.f90
/home/saji/WRF/compile/WRF3.8/oml_sst/tools/standard.exe module_physics_init.bb | /lib/cpp -P -traditional > module_physics_init.f90
rm -f module_shcu_camuwshcu_driver.b module_shcu_camuwshcu_driver.bb
time mpif90  -o module_shcu_camuwshcu_driver.o -c -O2 -ftree-vectorize -funroll-loops -w -ffree-form -ffree-line-length-none -fconvert=big-endian -frecord-marker=4   -I../dyn_em -I../dyn_nmm   -I/home/saji/WRF/compile/WRF3.8/oml_sst/external/esmf_time_f90  -I/home/saji/WRF/compile/WRF3.8/oml_sst/main -I/home/saji/WRF/compile/WRF3.8/oml_sst/external/io_netcdf -I/home/saji/WRF/compile/WRF3.8/oml_sst/external/io_int -I/home/saji/WRF/compile/WRF3.8/oml_sst/frame -I/home/saji/WRF/compile/WRF3.8/oml_sst/share -I/home/saji/WRF/compile/WRF3.8/oml_sst/phys -I/home/saji/WRF/compile/WRF3.8/oml_sst/chem -I/home/saji/WRF/compile/WRF3.8/oml_sst/inc -I/usr/include    module_shcu_camuwshcu_driver.f90
rm -f module_physics_init.b module_physics_init.bb
time mpif90  -c   -O0 -w -ffree-form -ffree-line-length-none -fconvert=big-endian -frecord-marker=4  -I../dyn_em -I../dyn_nmm   -I/home/saji/WRF/compile/WRF3.8/oml_sst/external/esmf_time_f90  -I/home/saji/WRF/compile/WRF3.8/oml_sst/main -I/home/saji/WRF/compile/WRF3.8/oml_sst/external/io_netcdf -I/home/saji/WRF/compile/WRF3.8/oml_sst/external/io_int -I/home/saji/WRF/compile/WRF3.8/oml_sst/frame -I/home/saji/WRF/compile/WRF3.8/oml_sst/share -I/home/saji/WRF/compile/WRF3.8/oml_sst/phys -I/home/saji/WRF/compile/WRF3.8/oml_sst/chem -I/home/saji/WRF/compile/WRF3.8/oml_sst/inc -I/usr/include  module_physics_init.f90
0.71user 0.02system 0:00.73elapsed 100%CPU (0avgtext+0avgdata 95808maxresident)k
0inputs+200outputs (0major+8664minor)pagefaults 0swaps
rm -f module_shallowcu_driver.o
/lib/cpp -P -I/home/saji/WRF/compile/WRF3.8/oml_sst/inc -DEM_CORE=1 -DNMM_CORE=0 -DNMM_MAX_DIM=2600 -DCOAMPS_CORE=0 -DDA_CORE=0 -DEXP_CORE=0 -DIWORDSIZE=4 -DDWORDSIZE=8 -DRWORDSIZE=4 -DLWORDSIZE=4 -DNONSTANDARD_SYSTEM_SUBR  -DWRF_USE_CLM -DNO_IEEE_MODULE  -DDM_PARALLEL -DNETCDF -DUSE_ALLOCATABLES -DGRIB1 -DINTIO -DKEEP_INT_AROUND -DLIMIT_ARGS -DCONFIG_BUF_LEN=65536 -DMAX_DOMAINS_F=21 -DMAX_HISTORY=25 -DNMM_NEST=0  -I. -traditional   module_shallowcu_driver.F  > module_shallowcu_driver.bb
/home/saji/WRF/compile/WRF3.8/oml_sst/tools/standard.exe module_shallowcu_driver.bb | /lib/cpp -P -traditional > module_shallowcu_driver.f90
rm -f module_shallowcu_driver.b module_shallowcu_driver.bb
time mpif90  -o module_shallowcu_driver.o -c -O2 -ftree-vectorize -funroll-loops -w -ffree-form -ffree-line-length-none -fconvert=big-endian -frecord-marker=4   -I../dyn_em -I../dyn_nmm   -I/home/saji/WRF/compile/WRF3.8/oml_sst/external/esmf_time_f90  -I/home/saji/WRF/compile/WRF3.8/oml_sst/main -I/home/saji/WRF/compile/WRF3.8/oml_sst/external/io_netcdf -I/home/saji/WRF/compile/WRF3.8/oml_sst/external/io_int -I/home/saji/WRF/compile/WRF3.8/oml_sst/frame -I/home/saji/WRF/compile/WRF3.8/oml_sst/share -I/home/saji/WRF/compile/WRF3.8/oml_sst/phys -I/home/saji/WRF/compile/WRF3.8/oml_sst/chem -I/home/saji/WRF/compile/WRF3.8/oml_sst/inc -I/usr/include    module_shallowcu_driver.f90
0.63user 0.15system 0:00.78elapsed 100%CPU (0avgtext+0avgdata 103648maxresident)k
0inputs+184outputs (0major+8913minor)pagefaults 0swaps
4.09user 0.54system 0:04.62elapsed 100%CPU (0avgtext+0avgdata 505040maxresident)k
0inputs+5456outputs (0major+39359minor)pagefaults 0swaps
make[3]: Leaving directory `/home/saji/WRF/compile/WRF3.8/oml_sst/phys'
make[2]: Leaving directory `/home/saji/WRF/compile/WRF3.8/oml_sst/phys'
make[1]: Leaving directory `/home/saji/WRF/compile/WRF3.8/oml_sst'
if [ 0  -eq 1 ]    ; then make -i -r MODULE_DIRS="-I../dyn_em -I../dyn_nmm   -I/home/saji/WRF/compile/WRF3.8/oml_sst/external/esmf_time_f90  -I/home/saji/WRF/compile/WRF3.8/oml_sst/main -I/home/saji/WRF/compile/WRF3.8/oml_sst/external/io_netcdf -I/home/saji/WRF/compile/WRF3.8/oml_sst/external/io_int -I/home/saji/WRF/compile/WRF3.8/oml_sst/frame -I/home/saji/WRF/compile/WRF3.8/oml_sst/share -I/home/saji/WRF/compile/WRF3.8/oml_sst/phys -I/home/saji/WRF/compile/WRF3.8/oml_sst/chem -I/home/saji/WRF/compile/WRF3.8/oml_sst/inc -I/usr/include " chemics ; fi
if [ 1 -eq 1 ]    ; then make -i -r MODULE_DIRS="-I../dyn_em -I../dyn_nmm   -I/home/saji/WRF/compile/WRF3.8/oml_sst/external/esmf_time_f90  -I/home/saji/WRF/compile/WRF3.8/oml_sst/main -I/home/saji/WRF/compile/WRF3.8/oml_sst/external/io_netcdf -I/home/saji/WRF/compile/WRF3.8/oml_sst/external/io_int -I/home/saji/WRF/compile/WRF3.8/oml_sst/frame -I/home/saji/WRF/compile/WRF3.8/oml_sst/share -I/home/saji/WRF/compile/WRF3.8/oml_sst/phys -I/home/saji/WRF/compile/WRF3.8/oml_sst/chem -I/home/saji/WRF/compile/WRF3.8/oml_sst/inc -I/usr/include " em_core ; fi
make[1]: Entering directory `/home/saji/WRF/compile/WRF3.8/oml_sst'
--------------------------------------
if [ 0  -eq 0 ] ; then \
		CF= ; \
	else \
		CF="../chem/module_aerosols_sorgam.o ../chem/module_gocart_aerosols.o ../chem/module_mosaic_driver.o ../chem/module_input_tracer.o ../chem/module_aerosols_soa_vbs.o" ; \
	fi
( cd dyn_em ; make -i -r -j 2 CF="" )
make[2]: Entering directory `/home/saji/WRF/compile/WRF3.8/oml_sst/dyn_em'
rm -f module_advect_em.o
rm -f module_big_step_utilities_em.o
/lib/cpp -P -I/home/saji/WRF/compile/WRF3.8/oml_sst/inc -DEM_CORE=1 -DNMM_CORE=0 -DNMM_MAX_DIM=2600 -DCOAMPS_CORE=0 -DDA_CORE=0 -DEXP_CORE=0 -DIWORDSIZE=4 -DDWORDSIZE=8 -DRWORDSIZE=4 -DLWORDSIZE=4 -DNONSTANDARD_SYSTEM_SUBR  -DWRF_USE_CLM -DNO_IEEE_MODULE  -DDM_PARALLEL -DNETCDF -DUSE_ALLOCATABLES -DGRIB1 -DINTIO -DKEEP_INT_AROUND -DLIMIT_ARGS -DCONFIG_BUF_LEN=65536 -DMAX_DOMAINS_F=21 -DMAX_HISTORY=25 -DNMM_NEST=0  -I. -traditional   module_advect_em.F  > module_advect_em.bb
/lib/cpp -P -I/home/saji/WRF/compile/WRF3.8/oml_sst/inc -DEM_CORE=1 -DNMM_CORE=0 -DNMM_MAX_DIM=2600 -DCOAMPS_CORE=0 -DDA_CORE=0 -DEXP_CORE=0 -DIWORDSIZE=4 -DDWORDSIZE=8 -DRWORDSIZE=4 -DLWORDSIZE=4 -DNONSTANDARD_SYSTEM_SUBR  -DWRF_USE_CLM -DNO_IEEE_MODULE  -DDM_PARALLEL -DNETCDF -DUSE_ALLOCATABLES -DGRIB1 -DINTIO -DKEEP_INT_AROUND -DLIMIT_ARGS -DCONFIG_BUF_LEN=65536 -DMAX_DOMAINS_F=21 -DMAX_HISTORY=25 -DNMM_NEST=0  -I. -traditional   module_big_step_utilities_em.F  > module_big_step_utilities_em.bb
/home/saji/WRF/compile/WRF3.8/oml_sst/tools/standard.exe module_big_step_utilities_em.bb | /lib/cpp -P -traditional > module_big_step_utilities_em.f90
/home/saji/WRF/compile/WRF3.8/oml_sst/tools/standard.exe module_advect_em.bb | /lib/cpp -P -traditional > module_advect_em.f90
rm -f module_big_step_utilities_em.b module_big_step_utilities_em.bb
time mpif90  -o module_big_step_utilities_em.o -c -O2 -ftree-vectorize -funroll-loops -w -ffree-form -ffree-line-length-none -fconvert=big-endian -frecord-marker=4   -I../dyn_em -I../dyn_nmm   -I/home/saji/WRF/compile/WRF3.8/oml_sst/external/esmf_time_f90  -I/home/saji/WRF/compile/WRF3.8/oml_sst/main -I/home/saji/WRF/compile/WRF3.8/oml_sst/external/io_netcdf -I/home/saji/WRF/compile/WRF3.8/oml_sst/external/io_int -I/home/saji/WRF/compile/WRF3.8/oml_sst/frame -I/home/saji/WRF/compile/WRF3.8/oml_sst/share -I/home/saji/WRF/compile/WRF3.8/oml_sst/phys -I/home/saji/WRF/compile/WRF3.8/oml_sst/chem -I/home/saji/WRF/compile/WRF3.8/oml_sst/inc -I/usr/include    module_big_step_utilities_em.f90
rm -f module_advect_em.b module_advect_em.bb
time mpif90  -o module_advect_em.o -c -O2 -ftree-vectorize -funroll-loops -w -ffree-form -ffree-line-length-none -fconvert=big-endian -frecord-marker=4   -I../dyn_em -I../dyn_nmm   -I/home/saji/WRF/compile/WRF3.8/oml_sst/external/esmf_time_f90  -I/home/saji/WRF/compile/WRF3.8/oml_sst/main -I/home/saji/WRF/compile/WRF3.8/oml_sst/external/io_netcdf -I/home/saji/WRF/compile/WRF3.8/oml_sst/external/io_int -I/home/saji/WRF/compile/WRF3.8/oml_sst/frame -I/home/saji/WRF/compile/WRF3.8/oml_sst/share -I/home/saji/WRF/compile/WRF3.8/oml_sst/phys -I/home/saji/WRF/compile/WRF3.8/oml_sst/chem -I/home/saji/WRF/compile/WRF3.8/oml_sst/inc -I/usr/include    module_advect_em.f90
20.05user 0.21system 0:20.26elapsed 100%CPU (0avgtext+0avgdata 1230576maxresident)k
0inputs+5960outputs (0major+84147minor)pagefaults 0swaps
rm -f module_small_step_em.o
/lib/cpp -P -I/home/saji/WRF/compile/WRF3.8/oml_sst/inc -DEM_CORE=1 -DNMM_CORE=0 -DNMM_MAX_DIM=2600 -DCOAMPS_CORE=0 -DDA_CORE=0 -DEXP_CORE=0 -DIWORDSIZE=4 -DDWORDSIZE=8 -DRWORDSIZE=4 -DLWORDSIZE=4 -DNONSTANDARD_SYSTEM_SUBR  -DWRF_USE_CLM -DNO_IEEE_MODULE  -DDM_PARALLEL -DNETCDF -DUSE_ALLOCATABLES -DGRIB1 -DINTIO -DKEEP_INT_AROUND -DLIMIT_ARGS -DCONFIG_BUF_LEN=65536 -DMAX_DOMAINS_F=21 -DMAX_HISTORY=25 -DNMM_NEST=0  -I. -traditional   module_small_step_em.F  > module_small_step_em.bb
/home/saji/WRF/compile/WRF3.8/oml_sst/tools/standard.exe module_small_step_em.bb | /lib/cpp -P -traditional > module_small_step_em.f90
rm -f module_small_step_em.b module_small_step_em.bb
time mpif90  -o module_small_step_em.o -c -O2 -ftree-vectorize -funroll-loops -w -ffree-form -ffree-line-length-none -fconvert=big-endian -frecord-marker=4   -I../dyn_em -I../dyn_nmm   -I/home/saji/WRF/compile/WRF3.8/oml_sst/external/esmf_time_f90  -I/home/saji/WRF/compile/WRF3.8/oml_sst/main -I/home/saji/WRF/compile/WRF3.8/oml_sst/external/io_netcdf -I/home/saji/WRF/compile/WRF3.8/oml_sst/external/io_int -I/home/saji/WRF/compile/WRF3.8/oml_sst/frame -I/home/saji/WRF/compile/WRF3.8/oml_sst/share -I/home/saji/WRF/compile/WRF3.8/oml_sst/phys -I/home/saji/WRF/compile/WRF3.8/oml_sst/chem -I/home/saji/WRF/compile/WRF3.8/oml_sst/inc -I/usr/include    module_small_step_em.f90
9.24user 0.14system 0:09.39elapsed 99%CPU (0avgtext+0avgdata 573392maxresident)k
0inputs+4232outputs (0major+41218minor)pagefaults 0swaps
rm -f module_damping_em.o
/lib/cpp -P -I/home/saji/WRF/compile/WRF3.8/oml_sst/inc -DEM_CORE=1 -DNMM_CORE=0 -DNMM_MAX_DIM=2600 -DCOAMPS_CORE=0 -DDA_CORE=0 -DEXP_CORE=0 -DIWORDSIZE=4 -DDWORDSIZE=8 -DRWORDSIZE=4 -DLWORDSIZE=4 -DNONSTANDARD_SYSTEM_SUBR  -DWRF_USE_CLM -DNO_IEEE_MODULE  -DDM_PARALLEL -DNETCDF -DUSE_ALLOCATABLES -DGRIB1 -DINTIO -DKEEP_INT_AROUND -DLIMIT_ARGS -DCONFIG_BUF_LEN=65536 -DMAX_DOMAINS_F=21 -DMAX_HISTORY=25 -DNMM_NEST=0  -I. -traditional   module_damping_em.F  > module_damping_em.bb
/home/saji/WRF/compile/WRF3.8/oml_sst/tools/standard.exe module_damping_em.bb | /lib/cpp -P -traditional > module_damping_em.f90
rm -f module_damping_em.b module_damping_em.bb
time mpif90  -o module_damping_em.o -c -O2 -ftree-vectorize -funroll-loops -w -ffree-form -ffree-line-length-none -fconvert=big-endian -frecord-marker=4   -I../dyn_em -I../dyn_nmm   -I/home/saji/WRF/compile/WRF3.8/oml_sst/external/esmf_time_f90  -I/home/saji/WRF/compile/WRF3.8/oml_sst/main -I/home/saji/WRF/compile/WRF3.8/oml_sst/external/io_netcdf -I/home/saji/WRF/compile/WRF3.8/oml_sst/external/io_int -I/home/saji/WRF/compile/WRF3.8/oml_sst/frame -I/home/saji/WRF/compile/WRF3.8/oml_sst/share -I/home/saji/WRF/compile/WRF3.8/oml_sst/phys -I/home/saji/WRF/compile/WRF3.8/oml_sst/chem -I/home/saji/WRF/compile/WRF3.8/oml_sst/inc -I/usr/include    module_damping_em.f90
0.10user 0.01system 0:00.11elapsed 101%CPU (0avgtext+0avgdata 47248maxresident)k
0inputs+56outputs (0major+5080minor)pagefaults 0swaps
rm -f module_solvedebug_em.o
/lib/cpp -P -I/home/saji/WRF/compile/WRF3.8/oml_sst/inc -DEM_CORE=1 -DNMM_CORE=0 -DNMM_MAX_DIM=2600 -DCOAMPS_CORE=0 -DDA_CORE=0 -DEXP_CORE=0 -DIWORDSIZE=4 -DDWORDSIZE=8 -DRWORDSIZE=4 -DLWORDSIZE=4 -DNONSTANDARD_SYSTEM_SUBR  -DWRF_USE_CLM -DNO_IEEE_MODULE  -DDM_PARALLEL -DNETCDF -DUSE_ALLOCATABLES -DGRIB1 -DINTIO -DKEEP_INT_AROUND -DLIMIT_ARGS -DCONFIG_BUF_LEN=65536 -DMAX_DOMAINS_F=21 -DMAX_HISTORY=25 -DNMM_NEST=0  -I. -traditional   module_solvedebug_em.F  > module_solvedebug_em.bb
/home/saji/WRF/compile/WRF3.8/oml_sst/tools/standard.exe module_solvedebug_em.bb | /lib/cpp -P -traditional > module_solvedebug_em.f90
rm -f module_solvedebug_em.b module_solvedebug_em.bb
time mpif90  -o module_solvedebug_em.o -c -O2 -ftree-vectorize -funroll-loops -w -ffree-form -ffree-line-length-none -fconvert=big-endian -frecord-marker=4   -I../dyn_em -I../dyn_nmm   -I/home/saji/WRF/compile/WRF3.8/oml_sst/external/esmf_time_f90  -I/home/saji/WRF/compile/WRF3.8/oml_sst/main -I/home/saji/WRF/compile/WRF3.8/oml_sst/external/io_netcdf -I/home/saji/WRF/compile/WRF3.8/oml_sst/external/io_int -I/home/saji/WRF/compile/WRF3.8/oml_sst/frame -I/home/saji/WRF/compile/WRF3.8/oml_sst/share -I/home/saji/WRF/compile/WRF3.8/oml_sst/phys -I/home/saji/WRF/compile/WRF3.8/oml_sst/chem -I/home/saji/WRF/compile/WRF3.8/oml_sst/inc -I/usr/include    module_solvedebug_em.f90
0.48user 0.03system 0:00.50elapsed 101%CPU (0avgtext+0avgdata 72992maxresident)k
0inputs+184outputs (0major+7113minor)pagefaults 0swaps
rm -f module_bc_em.o
/lib/cpp -P -I/home/saji/WRF/compile/WRF3.8/oml_sst/inc -DEM_CORE=1 -DNMM_CORE=0 -DNMM_MAX_DIM=2600 -DCOAMPS_CORE=0 -DDA_CORE=0 -DEXP_CORE=0 -DIWORDSIZE=4 -DDWORDSIZE=8 -DRWORDSIZE=4 -DLWORDSIZE=4 -DNONSTANDARD_SYSTEM_SUBR  -DWRF_USE_CLM -DNO_IEEE_MODULE  -DDM_PARALLEL -DNETCDF -DUSE_ALLOCATABLES -DGRIB1 -DINTIO -DKEEP_INT_AROUND -DLIMIT_ARGS -DCONFIG_BUF_LEN=65536 -DMAX_DOMAINS_F=21 -DMAX_HISTORY=25 -DNMM_NEST=0  -I. -traditional   module_bc_em.F  > module_bc_em.bb
/home/saji/WRF/compile/WRF3.8/oml_sst/tools/standard.exe module_bc_em.bb | /lib/cpp -P -traditional > module_bc_em.f90
rm -f module_bc_em.b module_bc_em.bb
time mpif90  -o module_bc_em.o -c -O2 -ftree-vectorize -funroll-loops -w -ffree-form -ffree-line-length-none -fconvert=big-endian -frecord-marker=4   -I../dyn_em -I../dyn_nmm   -I/home/saji/WRF/compile/WRF3.8/oml_sst/external/esmf_time_f90  -I/home/saji/WRF/compile/WRF3.8/oml_sst/main -I/home/saji/WRF/compile/WRF3.8/oml_sst/external/io_netcdf -I/home/saji/WRF/compile/WRF3.8/oml_sst/external/io_int -I/home/saji/WRF/compile/WRF3.8/oml_sst/frame -I/home/saji/WRF/compile/WRF3.8/oml_sst/share -I/home/saji/WRF/compile/WRF3.8/oml_sst/phys -I/home/saji/WRF/compile/WRF3.8/oml_sst/chem -I/home/saji/WRF/compile/WRF3.8/oml_sst/inc -I/usr/include    module_bc_em.f90
4.42user 0.14system 0:04.57elapsed 100%CPU (0avgtext+0avgdata 384448maxresident)k
0inputs+3600outputs (0major+29552minor)pagefaults 0swaps
rm -f module_init_utilities.o
/lib/cpp -P -I/home/saji/WRF/compile/WRF3.8/oml_sst/inc -DEM_CORE=1 -DNMM_CORE=0 -DNMM_MAX_DIM=2600 -DCOAMPS_CORE=0 -DDA_CORE=0 -DEXP_CORE=0 -DIWORDSIZE=4 -DDWORDSIZE=8 -DRWORDSIZE=4 -DLWORDSIZE=4 -DNONSTANDARD_SYSTEM_SUBR  -DWRF_USE_CLM -DNO_IEEE_MODULE  -DDM_PARALLEL -DNETCDF -DUSE_ALLOCATABLES -DGRIB1 -DINTIO -DKEEP_INT_AROUND -DLIMIT_ARGS -DCONFIG_BUF_LEN=65536 -DMAX_DOMAINS_F=21 -DMAX_HISTORY=25 -DNMM_NEST=0  -I. -traditional   module_init_utilities.F  > module_init_utilities.bb
/home/saji/WRF/compile/WRF3.8/oml_sst/tools/standard.exe module_init_utilities.bb | /lib/cpp -P -traditional > module_init_utilities.f90
rm -f module_init_utilities.b module_init_utilities.bb
time mpif90  -o module_init_utilities.o -c -O2 -ftree-vectorize -funroll-loops -w -ffree-form -ffree-line-length-none -fconvert=big-endian -frecord-marker=4   -I../dyn_em -I../dyn_nmm   -I/home/saji/WRF/compile/WRF3.8/oml_sst/external/esmf_time_f90  -I/home/saji/WRF/compile/WRF3.8/oml_sst/main -I/home/saji/WRF/compile/WRF3.8/oml_sst/external/io_netcdf -I/home/saji/WRF/compile/WRF3.8/oml_sst/external/io_int -I/home/saji/WRF/compile/WRF3.8/oml_sst/frame -I/home/saji/WRF/compile/WRF3.8/oml_sst/share -I/home/saji/WRF/compile/WRF3.8/oml_sst/phys -I/home/saji/WRF/compile/WRF3.8/oml_sst/chem -I/home/saji/WRF/compile/WRF3.8/oml_sst/inc -I/usr/include    module_init_utilities.f90
0.06user 0.00system 0:00.05elapsed 112%CPU (0avgtext+0avgdata 39328maxresident)k
0inputs+24outputs (0major+4564minor)pagefaults 0swaps
rm -f module_wps_io_arw.o
/home/saji/WRF/compile/WRF3.8/oml_sst/tools/standard.exe module_wps_io_arw.F > module_wps_io_arw.b 
/lib/cpp -P -I/home/saji/WRF/compile/WRF3.8/oml_sst/inc -DEM_CORE=1 -DNMM_CORE=0 -DNMM_MAX_DIM=2600 -DCOAMPS_CORE=0 -DDA_CORE=0 -DEXP_CORE=0 -DIWORDSIZE=4 -DDWORDSIZE=8 -DRWORDSIZE=4 -DLWORDSIZE=4 -DNONSTANDARD_SYSTEM_SUBR  -DWRF_USE_CLM -DNO_IEEE_MODULE  -DDM_PARALLEL -DNETCDF -DUSE_ALLOCATABLES -DGRIB1 -DINTIO -DKEEP_INT_AROUND -DLIMIT_ARGS -DCONFIG_BUF_LEN=65536 -DMAX_DOMAINS_F=21 -DMAX_HISTORY=25 -DNMM_NEST=0  -I. -traditional   module_wps_io_arw.b  > module_wps_io_arw.f90
rm -f module_wps_io_arw.b
if fgrep -iq '!$OMP' module_wps_io_arw.f90 ; then \
          if [ -n "" ] ; then echo COMPILING module_wps_io_arw.F WITH OMP ; fi ; \
	  time mpif90  -c  -O0 -w -ffree-form -ffree-line-length-none -fconvert=big-endian -frecord-marker=4  -I../dyn_em -I../dyn_nmm   -I/home/saji/WRF/compile/WRF3.8/oml_sst/external/esmf_time_f90  -I/home/saji/WRF/compile/WRF3.8/oml_sst/main -I/home/saji/WRF/compile/WRF3.8/oml_sst/external/io_netcdf -I/home/saji/WRF/compile/WRF3.8/oml_sst/external/io_int -I/home/saji/WRF/compile/WRF3.8/oml_sst/frame -I/home/saji/WRF/compile/WRF3.8/oml_sst/share -I/home/saji/WRF/compile/WRF3.8/oml_sst/phys -I/home/saji/WRF/compile/WRF3.8/oml_sst/chem -I/home/saji/WRF/compile/WRF3.8/oml_sst/inc -I/usr/include    module_wps_io_arw.f90 ; \
        else \
          if [ -n "" ] ; then echo COMPILING module_wps_io_arw.F WITHOUT OMP ; fi ; \
	  time mpif90  -c  -O0 -w -ffree-form -ffree-line-length-none -fconvert=big-endian -frecord-marker=4  -I../dyn_em -I../dyn_nmm   -I/home/saji/WRF/compile/WRF3.8/oml_sst/external/esmf_time_f90  -I/home/saji/WRF/compile/WRF3.8/oml_sst/main -I/home/saji/WRF/compile/WRF3.8/oml_sst/external/io_netcdf -I/home/saji/WRF/compile/WRF3.8/oml_sst/external/io_int -I/home/saji/WRF/compile/WRF3.8/oml_sst/frame -I/home/saji/WRF/compile/WRF3.8/oml_sst/share -I/home/saji/WRF/compile/WRF3.8/oml_sst/phys -I/home/saji/WRF/compile/WRF3.8/oml_sst/chem -I/home/saji/WRF/compile/WRF3.8/oml_sst/inc -I/usr/include   module_wps_io_arw.f90 ; \
        fi
2.76user 0.38system 0:03.14elapsed 100%CPU (0avgtext+0avgdata 256864maxresident)k
0inputs+22376outputs (0major+20125minor)pagefaults 0swaps
rm -f module_polarfft.o
/lib/cpp -P -I/home/saji/WRF/compile/WRF3.8/oml_sst/inc -DEM_CORE=1 -DNMM_CORE=0 -DNMM_MAX_DIM=2600 -DCOAMPS_CORE=0 -DDA_CORE=0 -DEXP_CORE=0 -DIWORDSIZE=4 -DDWORDSIZE=8 -DRWORDSIZE=4 -DLWORDSIZE=4 -DNONSTANDARD_SYSTEM_SUBR  -DWRF_USE_CLM -DNO_IEEE_MODULE  -DDM_PARALLEL -DNETCDF -DUSE_ALLOCATABLES -DGRIB1 -DINTIO -DKEEP_INT_AROUND -DLIMIT_ARGS -DCONFIG_BUF_LEN=65536 -DMAX_DOMAINS_F=21 -DMAX_HISTORY=25 -DNMM_NEST=0  -I. -traditional   module_polarfft.F  > module_polarfft.bb
/home/saji/WRF/compile/WRF3.8/oml_sst/tools/standard.exe module_polarfft.bb | /lib/cpp -P -traditional > module_polarfft.f90
rm -f module_polarfft.b module_polarfft.bb
time mpif90  -o module_polarfft.o -c -O2 -ftree-vectorize -funroll-loops -w -ffree-form -ffree-line-length-none -fconvert=big-endian -frecord-marker=4   -I../dyn_em -I../dyn_nmm   -I/home/saji/WRF/compile/WRF3.8/oml_sst/external/esmf_time_f90  -I/home/saji/WRF/compile/WRF3.8/oml_sst/main -I/home/saji/WRF/compile/WRF3.8/oml_sst/external/io_netcdf -I/home/saji/WRF/compile/WRF3.8/oml_sst/external/io_int -I/home/saji/WRF/compile/WRF3.8/oml_sst/frame -I/home/saji/WRF/compile/WRF3.8/oml_sst/share -I/home/saji/WRF/compile/WRF3.8/oml_sst/phys -I/home/saji/WRF/compile/WRF3.8/oml_sst/chem -I/home/saji/WRF/compile/WRF3.8/oml_sst/inc -I/usr/include    module_polarfft.f90
3.46user 0.10system 0:03.57elapsed 100%CPU (0avgtext+0avgdata 229936maxresident)k
0inputs+2208outputs (0major+18266minor)pagefaults 0swaps
rm -f module_force_scm.o
/lib/cpp -P -I/home/saji/WRF/compile/WRF3.8/oml_sst/inc -DEM_CORE=1 -DNMM_CORE=0 -DNMM_MAX_DIM=2600 -DCOAMPS_CORE=0 -DDA_CORE=0 -DEXP_CORE=0 -DIWORDSIZE=4 -DDWORDSIZE=8 -DRWORDSIZE=4 -DLWORDSIZE=4 -DNONSTANDARD_SYSTEM_SUBR  -DWRF_USE_CLM -DNO_IEEE_MODULE  -DDM_PARALLEL -DNETCDF -DUSE_ALLOCATABLES -DGRIB1 -DINTIO -DKEEP_INT_AROUND -DLIMIT_ARGS -DCONFIG_BUF_LEN=65536 -DMAX_DOMAINS_F=21 -DMAX_HISTORY=25 -DNMM_NEST=0  -I. -traditional   module_force_scm.F  > module_force_scm.bb
/home/saji/WRF/compile/WRF3.8/oml_sst/tools/standard.exe module_force_scm.bb | /lib/cpp -P -traditional > module_force_scm.f90
rm -f module_force_scm.b module_force_scm.bb
time mpif90  -o module_force_scm.o -c -O2 -ftree-vectorize -funroll-loops -w -ffree-form -ffree-line-length-none -fconvert=big-endian -frecord-marker=4   -I../dyn_em -I../dyn_nmm   -I/home/saji/WRF/compile/WRF3.8/oml_sst/external/esmf_time_f90  -I/home/saji/WRF/compile/WRF3.8/oml_sst/main -I/home/saji/WRF/compile/WRF3.8/oml_sst/external/io_netcdf -I/home/saji/WRF/compile/WRF3.8/oml_sst/external/io_int -I/home/saji/WRF/compile/WRF3.8/oml_sst/frame -I/home/saji/WRF/compile/WRF3.8/oml_sst/share -I/home/saji/WRF/compile/WRF3.8/oml_sst/phys -I/home/saji/WRF/compile/WRF3.8/oml_sst/chem -I/home/saji/WRF/compile/WRF3.8/oml_sst/inc -I/usr/include    module_force_scm.f90
47.02user 0.38system 0:47.40elapsed 100%CPU (0avgtext+0avgdata 1543168maxresident)k
0inputs+9968outputs (0major+110519minor)pagefaults 0swaps
rm -f module_convtrans_prep.o
/lib/cpp -P -I/home/saji/WRF/compile/WRF3.8/oml_sst/inc -DEM_CORE=1 -DNMM_CORE=0 -DNMM_MAX_DIM=2600 -DCOAMPS_CORE=0 -DDA_CORE=0 -DEXP_CORE=0 -DIWORDSIZE=4 -DDWORDSIZE=8 -DRWORDSIZE=4 -DLWORDSIZE=4 -DNONSTANDARD_SYSTEM_SUBR  -DWRF_USE_CLM -DNO_IEEE_MODULE  -DDM_PARALLEL -DNETCDF -DUSE_ALLOCATABLES -DGRIB1 -DINTIO -DKEEP_INT_AROUND -DLIMIT_ARGS -DCONFIG_BUF_LEN=65536 -DMAX_DOMAINS_F=21 -DMAX_HISTORY=25 -DNMM_NEST=0  -I. -traditional   module_convtrans_prep.F  > module_convtrans_prep.bb
/home/saji/WRF/compile/WRF3.8/oml_sst/tools/standard.exe module_convtrans_prep.bb | /lib/cpp -P -traditional > module_convtrans_prep.f90
rm -f module_convtrans_prep.b module_convtrans_prep.bb
time mpif90  -o module_convtrans_prep.o -c -O2 -ftree-vectorize -funroll-loops -w -ffree-form -ffree-line-length-none -fconvert=big-endian -frecord-marker=4   -I../dyn_em -I../dyn_nmm   -I/home/saji/WRF/compile/WRF3.8/oml_sst/external/esmf_time_f90  -I/home/saji/WRF/compile/WRF3.8/oml_sst/main -I/home/saji/WRF/compile/WRF3.8/oml_sst/external/io_netcdf -I/home/saji/WRF/compile/WRF3.8/oml_sst/external/io_int -I/home/saji/WRF/compile/WRF3.8/oml_sst/frame -I/home/saji/WRF/compile/WRF3.8/oml_sst/share -I/home/saji/WRF/compile/WRF3.8/oml_sst/phys -I/home/saji/WRF/compile/WRF3.8/oml_sst/chem -I/home/saji/WRF/compile/WRF3.8/oml_sst/inc -I/usr/include    module_convtrans_prep.f90
0.98user 0.03system 0:01.01elapsed 100%CPU (0avgtext+0avgdata 136896maxresident)k
0inputs+264outputs (0major+11323minor)pagefaults 0swaps
rm -f module_stoch.o
/lib/cpp -P -I/home/saji/WRF/compile/WRF3.8/oml_sst/inc -DEM_CORE=1 -DNMM_CORE=0 -DNMM_MAX_DIM=2600 -DCOAMPS_CORE=0 -DDA_CORE=0 -DEXP_CORE=0 -DIWORDSIZE=4 -DDWORDSIZE=8 -DRWORDSIZE=4 -DLWORDSIZE=4 -DNONSTANDARD_SYSTEM_SUBR  -DWRF_USE_CLM -DNO_IEEE_MODULE  -DDM_PARALLEL -DNETCDF -DUSE_ALLOCATABLES -DGRIB1 -DINTIO -DKEEP_INT_AROUND -DLIMIT_ARGS -DCONFIG_BUF_LEN=65536 -DMAX_DOMAINS_F=21 -DMAX_HISTORY=25 -DNMM_NEST=0  -I. -traditional   module_stoch.F  > module_stoch.bb
/home/saji/WRF/compile/WRF3.8/oml_sst/tools/standard.exe module_stoch.bb | /lib/cpp -P -traditional > module_stoch.f90
rm -f module_stoch.b module_stoch.bb
time mpif90  -o module_stoch.o -c -O2 -ftree-vectorize -funroll-loops -w -ffree-form -ffree-line-length-none -fconvert=big-endian -frecord-marker=4   -I../dyn_em -I../dyn_nmm   -I/home/saji/WRF/compile/WRF3.8/oml_sst/external/esmf_time_f90  -I/home/saji/WRF/compile/WRF3.8/oml_sst/main -I/home/saji/WRF/compile/WRF3.8/oml_sst/external/io_netcdf -I/home/saji/WRF/compile/WRF3.8/oml_sst/external/io_int -I/home/saji/WRF/compile/WRF3.8/oml_sst/frame -I/home/saji/WRF/compile/WRF3.8/oml_sst/share -I/home/saji/WRF/compile/WRF3.8/oml_sst/phys -I/home/saji/WRF/compile/WRF3.8/oml_sst/chem -I/home/saji/WRF/compile/WRF3.8/oml_sst/inc -I/usr/include    module_stoch.f90
6.97user 0.10system 0:07.06elapsed 100%CPU (0avgtext+0avgdata 556208maxresident)k
0inputs+1128outputs (0major+43571minor)pagefaults 0swaps
rm -f module_sfs_nba.o
/lib/cpp -P -I/home/saji/WRF/compile/WRF3.8/oml_sst/inc -DEM_CORE=1 -DNMM_CORE=0 -DNMM_MAX_DIM=2600 -DCOAMPS_CORE=0 -DDA_CORE=0 -DEXP_CORE=0 -DIWORDSIZE=4 -DDWORDSIZE=8 -DRWORDSIZE=4 -DLWORDSIZE=4 -DNONSTANDARD_SYSTEM_SUBR  -DWRF_USE_CLM -DNO_IEEE_MODULE  -DDM_PARALLEL -DNETCDF -DUSE_ALLOCATABLES -DGRIB1 -DINTIO -DKEEP_INT_AROUND -DLIMIT_ARGS -DCONFIG_BUF_LEN=65536 -DMAX_DOMAINS_F=21 -DMAX_HISTORY=25 -DNMM_NEST=0  -I. -traditional   module_sfs_nba.F  > module_sfs_nba.bb
/home/saji/WRF/compile/WRF3.8/oml_sst/tools/standard.exe module_sfs_nba.bb | /lib/cpp -P -traditional > module_sfs_nba.f90
rm -f module_sfs_nba.b module_sfs_nba.bb
time mpif90  -o module_sfs_nba.o -c -O2 -ftree-vectorize -funroll-loops -w -ffree-form -ffree-line-length-none -fconvert=big-endian -frecord-marker=4   -I../dyn_em -I../dyn_nmm   -I/home/saji/WRF/compile/WRF3.8/oml_sst/external/esmf_time_f90  -I/home/saji/WRF/compile/WRF3.8/oml_sst/main -I/home/saji/WRF/compile/WRF3.8/oml_sst/external/io_netcdf -I/home/saji/WRF/compile/WRF3.8/oml_sst/external/io_int -I/home/saji/WRF/compile/WRF3.8/oml_sst/frame -I/home/saji/WRF/compile/WRF3.8/oml_sst/share -I/home/saji/WRF/compile/WRF3.8/oml_sst/phys -I/home/saji/WRF/compile/WRF3.8/oml_sst/chem -I/home/saji/WRF/compile/WRF3.8/oml_sst/inc -I/usr/include    module_sfs_nba.f90
3.07user 0.06system 0:03.13elapsed 100%CPU (0avgtext+0avgdata 221792maxresident)k
0inputs+1272outputs (0major+17174minor)pagefaults 0swaps
rm -f module_avgflx_em.o
/lib/cpp -P -I/home/saji/WRF/compile/WRF3.8/oml_sst/inc -DEM_CORE=1 -DNMM_CORE=0 -DNMM_MAX_DIM=2600 -DCOAMPS_CORE=0 -DDA_CORE=0 -DEXP_CORE=0 -DIWORDSIZE=4 -DDWORDSIZE=8 -DRWORDSIZE=4 -DLWORDSIZE=4 -DNONSTANDARD_SYSTEM_SUBR  -DWRF_USE_CLM -DNO_IEEE_MODULE  -DDM_PARALLEL -DNETCDF -DUSE_ALLOCATABLES -DGRIB1 -DINTIO -DKEEP_INT_AROUND -DLIMIT_ARGS -DCONFIG_BUF_LEN=65536 -DMAX_DOMAINS_F=21 -DMAX_HISTORY=25 -DNMM_NEST=0  -I. -traditional   module_avgflx_em.F  > module_avgflx_em.bb
/home/saji/WRF/compile/WRF3.8/oml_sst/tools/standard.exe module_avgflx_em.bb | /lib/cpp -P -traditional > module_avgflx_em.f90
rm -f module_avgflx_em.b module_avgflx_em.bb
time mpif90  -o module_avgflx_em.o -c -O2 -ftree-vectorize -funroll-loops -w -ffree-form -ffree-line-length-none -fconvert=big-endian -frecord-marker=4   -I../dyn_em -I../dyn_nmm   -I/home/saji/WRF/compile/WRF3.8/oml_sst/external/esmf_time_f90  -I/home/saji/WRF/compile/WRF3.8/oml_sst/main -I/home/saji/WRF/compile/WRF3.8/oml_sst/external/io_netcdf -I/home/saji/WRF/compile/WRF3.8/oml_sst/external/io_int -I/home/saji/WRF/compile/WRF3.8/oml_sst/frame -I/home/saji/WRF/compile/WRF3.8/oml_sst/share -I/home/saji/WRF/compile/WRF3.8/oml_sst/phys -I/home/saji/WRF/compile/WRF3.8/oml_sst/chem -I/home/saji/WRF/compile/WRF3.8/oml_sst/inc -I/usr/include    module_avgflx_em.f90
4.00user 0.21system 0:04.22elapsed 99%CPU (0avgtext+0avgdata 268256maxresident)k
0inputs+4608outputs (0major+21435minor)pagefaults 0swaps
rm -f module_after_all_rk_steps.o
/lib/cpp -P -I/home/saji/WRF/compile/WRF3.8/oml_sst/inc -DEM_CORE=1 -DNMM_CORE=0 -DNMM_MAX_DIM=2600 -DCOAMPS_CORE=0 -DDA_CORE=0 -DEXP_CORE=0 -DIWORDSIZE=4 -DDWORDSIZE=8 -DRWORDSIZE=4 -DLWORDSIZE=4 -DNONSTANDARD_SYSTEM_SUBR  -DWRF_USE_CLM -DNO_IEEE_MODULE  -DDM_PARALLEL -DNETCDF -DUSE_ALLOCATABLES -DGRIB1 -DINTIO -DKEEP_INT_AROUND -DLIMIT_ARGS -DCONFIG_BUF_LEN=65536 -DMAX_DOMAINS_F=21 -DMAX_HISTORY=25 -DNMM_NEST=0  -I. -traditional   module_after_all_rk_steps.F  > module_after_all_rk_steps.bb
/home/saji/WRF/compile/WRF3.8/oml_sst/tools/standard.exe module_after_all_rk_steps.bb | /lib/cpp -P -traditional > module_after_all_rk_steps.f90
rm -f module_after_all_rk_steps.b module_after_all_rk_steps.bb
time mpif90  -o module_after_all_rk_steps.o -c -O2 -ftree-vectorize -funroll-loops -w -ffree-form -ffree-line-length-none -fconvert=big-endian -frecord-marker=4   -I../dyn_em -I../dyn_nmm   -I/home/saji/WRF/compile/WRF3.8/oml_sst/external/esmf_time_f90  -I/home/saji/WRF/compile/WRF3.8/oml_sst/main -I/home/saji/WRF/compile/WRF3.8/oml_sst/external/io_netcdf -I/home/saji/WRF/compile/WRF3.8/oml_sst/external/io_int -I/home/saji/WRF/compile/WRF3.8/oml_sst/frame -I/home/saji/WRF/compile/WRF3.8/oml_sst/share -I/home/saji/WRF/compile/WRF3.8/oml_sst/phys -I/home/saji/WRF/compile/WRF3.8/oml_sst/chem -I/home/saji/WRF/compile/WRF3.8/oml_sst/inc -I/usr/include    module_after_all_rk_steps.f90
0.80user 0.08system 0:00.88elapsed 100%CPU (0avgtext+0avgdata 88144maxresident)k
0inputs+2472outputs (0major+7684minor)pagefaults 0swaps
rm -f init_modules_em.o
/home/saji/WRF/compile/WRF3.8/oml_sst/tools/standard.exe init_modules_em.F > init_modules_em.b 
/lib/cpp -P -I/home/saji/WRF/compile/WRF3.8/oml_sst/inc -DEM_CORE=1 -DNMM_CORE=0 -DNMM_MAX_DIM=2600 -DCOAMPS_CORE=0 -DDA_CORE=0 -DEXP_CORE=0 -DIWORDSIZE=4 -DDWORDSIZE=8 -DRWORDSIZE=4 -DLWORDSIZE=4 -DNONSTANDARD_SYSTEM_SUBR  -DWRF_USE_CLM -DNO_IEEE_MODULE  -DDM_PARALLEL -DNETCDF -DUSE_ALLOCATABLES -DGRIB1 -DINTIO -DKEEP_INT_AROUND -DLIMIT_ARGS -DCONFIG_BUF_LEN=65536 -DMAX_DOMAINS_F=21 -DMAX_HISTORY=25 -DNMM_NEST=0  -I. -traditional   init_modules_em.b  > init_modules_em.f90
rm -f init_modules_em.b
if fgrep -iq '!$OMP' init_modules_em.f90 ; then \
          if [ -n "" ] ; then echo COMPILING init_modules_em.F WITH OMP ; fi ; \
	  time mpif90  -c  -O0 -w -ffree-form -ffree-line-length-none -fconvert=big-endian -frecord-marker=4  -I../dyn_em -I../dyn_nmm   -I/home/saji/WRF/compile/WRF3.8/oml_sst/external/esmf_time_f90  -I/home/saji/WRF/compile/WRF3.8/oml_sst/main -I/home/saji/WRF/compile/WRF3.8/oml_sst/external/io_netcdf -I/home/saji/WRF/compile/WRF3.8/oml_sst/external/io_int -I/home/saji/WRF/compile/WRF3.8/oml_sst/frame -I/home/saji/WRF/compile/WRF3.8/oml_sst/share -I/home/saji/WRF/compile/WRF3.8/oml_sst/phys -I/home/saji/WRF/compile/WRF3.8/oml_sst/chem -I/home/saji/WRF/compile/WRF3.8/oml_sst/inc -I/usr/include    init_modules_em.f90 ; \
        else \
          if [ -n "" ] ; then echo COMPILING init_modules_em.F WITHOUT OMP ; fi ; \
	  time mpif90  -c  -O0 -w -ffree-form -ffree-line-length-none -fconvert=big-endian -frecord-marker=4  -I../dyn_em -I../dyn_nmm   -I/home/saji/WRF/compile/WRF3.8/oml_sst/external/esmf_time_f90  -I/home/saji/WRF/compile/WRF3.8/oml_sst/main -I/home/saji/WRF/compile/WRF3.8/oml_sst/external/io_netcdf -I/home/saji/WRF/compile/WRF3.8/oml_sst/external/io_int -I/home/saji/WRF/compile/WRF3.8/oml_sst/frame -I/home/saji/WRF/compile/WRF3.8/oml_sst/share -I/home/saji/WRF/compile/WRF3.8/oml_sst/phys -I/home/saji/WRF/compile/WRF3.8/oml_sst/chem -I/home/saji/WRF/compile/WRF3.8/oml_sst/inc -I/usr/include   init_modules_em.f90 ; \
        fi
0.01user 0.01system 0:00.02elapsed 121%CPU (0avgtext+0avgdata 24704maxresident)k
0inputs+16outputs (0major+3626minor)pagefaults 0swaps
rm -f start_em.o
/home/saji/WRF/compile/WRF3.8/oml_sst/tools/standard.exe start_em.F > start_em.b 
/lib/cpp -P -I/home/saji/WRF/compile/WRF3.8/oml_sst/inc -DEM_CORE=1 -DNMM_CORE=0 -DNMM_MAX_DIM=2600 -DCOAMPS_CORE=0 -DDA_CORE=0 -DEXP_CORE=0 -DIWORDSIZE=4 -DDWORDSIZE=8 -DRWORDSIZE=4 -DLWORDSIZE=4 -DNONSTANDARD_SYSTEM_SUBR  -DWRF_USE_CLM -DNO_IEEE_MODULE  -DDM_PARALLEL -DNETCDF -DUSE_ALLOCATABLES -DGRIB1 -DINTIO -DKEEP_INT_AROUND -DLIMIT_ARGS -DCONFIG_BUF_LEN=65536 -DMAX_DOMAINS_F=21 -DMAX_HISTORY=25 -DNMM_NEST=0  -I. -traditional   start_em.b  > start_em.f90
rm -f start_em.b
if fgrep -iq '!$OMP' start_em.f90 ; then \
          if [ -n "" ] ; then echo COMPILING start_em.F WITH OMP ; fi ; \
	  time mpif90  -c  -O0 -w -ffree-form -ffree-line-length-none -fconvert=big-endian -frecord-marker=4  -I../dyn_em -I../dyn_nmm   -I/home/saji/WRF/compile/WRF3.8/oml_sst/external/esmf_time_f90  -I/home/saji/WRF/compile/WRF3.8/oml_sst/main -I/home/saji/WRF/compile/WRF3.8/oml_sst/external/io_netcdf -I/home/saji/WRF/compile/WRF3.8/oml_sst/external/io_int -I/home/saji/WRF/compile/WRF3.8/oml_sst/frame -I/home/saji/WRF/compile/WRF3.8/oml_sst/share -I/home/saji/WRF/compile/WRF3.8/oml_sst/phys -I/home/saji/WRF/compile/WRF3.8/oml_sst/chem -I/home/saji/WRF/compile/WRF3.8/oml_sst/inc -I/usr/include    start_em.f90 ; \
        else \
          if [ -n "" ] ; then echo COMPILING start_em.F WITHOUT OMP ; fi ; \
	  time mpif90  -c  -O0 -w -ffree-form -ffree-line-length-none -fconvert=big-endian -frecord-marker=4  -I../dyn_em -I../dyn_nmm   -I/home/saji/WRF/compile/WRF3.8/oml_sst/external/esmf_time_f90  -I/home/saji/WRF/compile/WRF3.8/oml_sst/main -I/home/saji/WRF/compile/WRF3.8/oml_sst/external/io_netcdf -I/home/saji/WRF/compile/WRF3.8/oml_sst/external/io_int -I/home/saji/WRF/compile/WRF3.8/oml_sst/frame -I/home/saji/WRF/compile/WRF3.8/oml_sst/share -I/home/saji/WRF/compile/WRF3.8/oml_sst/phys -I/home/saji/WRF/compile/WRF3.8/oml_sst/chem -I/home/saji/WRF/compile/WRF3.8/oml_sst/inc -I/usr/include   start_em.f90 ; \
        fi
2.95user 2.12system 0:05.06elapsed 100%CPU (0avgtext+0avgdata 59824maxresident)k
0inputs+1840outputs (0major+5907minor)pagefaults 0swaps
rm -f shift_domain_em.o
/lib/cpp -P -I/home/saji/WRF/compile/WRF3.8/oml_sst/inc -DEM_CORE=1 -DNMM_CORE=0 -DNMM_MAX_DIM=2600 -DCOAMPS_CORE=0 -DDA_CORE=0 -DEXP_CORE=0 -DIWORDSIZE=4 -DDWORDSIZE=8 -DRWORDSIZE=4 -DLWORDSIZE=4 -DNONSTANDARD_SYSTEM_SUBR  -DWRF_USE_CLM -DNO_IEEE_MODULE  -DDM_PARALLEL -DNETCDF -DUSE_ALLOCATABLES -DGRIB1 -DINTIO -DKEEP_INT_AROUND -DLIMIT_ARGS -DCONFIG_BUF_LEN=65536 -DMAX_DOMAINS_F=21 -DMAX_HISTORY=25 -DNMM_NEST=0  -I. -traditional   shift_domain_em.F  > shift_domain_em.bb
/home/saji/WRF/compile/WRF3.8/oml_sst/tools/standard.exe shift_domain_em.bb | /lib/cpp -P -traditional > shift_domain_em.f90
rm -f shift_domain_em.b shift_domain_em.bb
time mpif90  -o shift_domain_em.o -c -O2 -ftree-vectorize -funroll-loops -w -ffree-form -ffree-line-length-none -fconvert=big-endian -frecord-marker=4   -I../dyn_em -I../dyn_nmm   -I/home/saji/WRF/compile/WRF3.8/oml_sst/external/esmf_time_f90  -I/home/saji/WRF/compile/WRF3.8/oml_sst/main -I/home/saji/WRF/compile/WRF3.8/oml_sst/external/io_netcdf -I/home/saji/WRF/compile/WRF3.8/oml_sst/external/io_int -I/home/saji/WRF/compile/WRF3.8/oml_sst/frame -I/home/saji/WRF/compile/WRF3.8/oml_sst/share -I/home/saji/WRF/compile/WRF3.8/oml_sst/phys -I/home/saji/WRF/compile/WRF3.8/oml_sst/chem -I/home/saji/WRF/compile/WRF3.8/oml_sst/inc -I/usr/include    shift_domain_em.f90
9.60user 4.87system 0:14.47elapsed 100%CPU (0avgtext+0avgdata 422016maxresident)k
0inputs+1880outputs (0major+30702minor)pagefaults 0swaps
rm -f couple_or_uncouple_em.o
/lib/cpp -P -I/home/saji/WRF/compile/WRF3.8/oml_sst/inc -DEM_CORE=1 -DNMM_CORE=0 -DNMM_MAX_DIM=2600 -DCOAMPS_CORE=0 -DDA_CORE=0 -DEXP_CORE=0 -DIWORDSIZE=4 -DDWORDSIZE=8 -DRWORDSIZE=4 -DLWORDSIZE=4 -DNONSTANDARD_SYSTEM_SUBR  -DWRF_USE_CLM -DNO_IEEE_MODULE  -DDM_PARALLEL -DNETCDF -DUSE_ALLOCATABLES -DGRIB1 -DINTIO -DKEEP_INT_AROUND -DLIMIT_ARGS -DCONFIG_BUF_LEN=65536 -DMAX_DOMAINS_F=21 -DMAX_HISTORY=25 -DNMM_NEST=0  -I. -traditional   couple_or_uncouple_em.F  > couple_or_uncouple_em.bb
/home/saji/WRF/compile/WRF3.8/oml_sst/tools/standard.exe couple_or_uncouple_em.bb | /lib/cpp -P -traditional > couple_or_uncouple_em.f90
rm -f couple_or_uncouple_em.b couple_or_uncouple_em.bb
time mpif90  -o couple_or_uncouple_em.o -c -O2 -ftree-vectorize -funroll-loops -w -ffree-form -ffree-line-length-none -fconvert=big-endian -frecord-marker=4   -I../dyn_em -I../dyn_nmm   -I/home/saji/WRF/compile/WRF3.8/oml_sst/external/esmf_time_f90  -I/home/saji/WRF/compile/WRF3.8/oml_sst/main -I/home/saji/WRF/compile/WRF3.8/oml_sst/external/io_netcdf -I/home/saji/WRF/compile/WRF3.8/oml_sst/external/io_int -I/home/saji/WRF/compile/WRF3.8/oml_sst/frame -I/home/saji/WRF/compile/WRF3.8/oml_sst/share -I/home/saji/WRF/compile/WRF3.8/oml_sst/phys -I/home/saji/WRF/compile/WRF3.8/oml_sst/chem -I/home/saji/WRF/compile/WRF3.8/oml_sst/inc -I/usr/include    couple_or_uncouple_em.f90
6.82user 3.48system 0:10.30elapsed 100%CPU (0avgtext+0avgdata 94576maxresident)k
0inputs+16outputs (0major+8018minor)pagefaults 0swaps
rm -f nest_init_utils.o
/lib/cpp -P -I/home/saji/WRF/compile/WRF3.8/oml_sst/inc -DEM_CORE=1 -DNMM_CORE=0 -DNMM_MAX_DIM=2600 -DCOAMPS_CORE=0 -DDA_CORE=0 -DEXP_CORE=0 -DIWORDSIZE=4 -DDWORDSIZE=8 -DRWORDSIZE=4 -DLWORDSIZE=4 -DNONSTANDARD_SYSTEM_SUBR  -DWRF_USE_CLM -DNO_IEEE_MODULE  -DDM_PARALLEL -DNETCDF -DUSE_ALLOCATABLES -DGRIB1 -DINTIO -DKEEP_INT_AROUND -DLIMIT_ARGS -DCONFIG_BUF_LEN=65536 -DMAX_DOMAINS_F=21 -DMAX_HISTORY=25 -DNMM_NEST=0  -I. -traditional   nest_init_utils.F  > nest_init_utils.bb
/home/saji/WRF/compile/WRF3.8/oml_sst/tools/standard.exe nest_init_utils.bb | /lib/cpp -P -traditional > nest_init_utils.f90
rm -f nest_init_utils.b nest_init_utils.bb
time mpif90  -o nest_init_utils.o -c -O2 -ftree-vectorize -funroll-loops -w -ffree-form -ffree-line-length-none -fconvert=big-endian -frecord-marker=4   -I../dyn_em -I../dyn_nmm   -I/home/saji/WRF/compile/WRF3.8/oml_sst/external/esmf_time_f90  -I/home/saji/WRF/compile/WRF3.8/oml_sst/main -I/home/saji/WRF/compile/WRF3.8/oml_sst/external/io_netcdf -I/home/saji/WRF/compile/WRF3.8/oml_sst/external/io_int -I/home/saji/WRF/compile/WRF3.8/oml_sst/frame -I/home/saji/WRF/compile/WRF3.8/oml_sst/share -I/home/saji/WRF/compile/WRF3.8/oml_sst/phys -I/home/saji/WRF/compile/WRF3.8/oml_sst/chem -I/home/saji/WRF/compile/WRF3.8/oml_sst/inc -I/usr/include    nest_init_utils.f90
4.95user 1.16system 0:06.11elapsed 100%CPU (0avgtext+0avgdata 201264maxresident)k
0inputs+320outputs (0major+16039minor)pagefaults 0swaps
rm -f adapt_timestep_em.o
/lib/cpp -P -I/home/saji/WRF/compile/WRF3.8/oml_sst/inc -DEM_CORE=1 -DNMM_CORE=0 -DNMM_MAX_DIM=2600 -DCOAMPS_CORE=0 -DDA_CORE=0 -DEXP_CORE=0 -DIWORDSIZE=4 -DDWORDSIZE=8 -DRWORDSIZE=4 -DLWORDSIZE=4 -DNONSTANDARD_SYSTEM_SUBR  -DWRF_USE_CLM -DNO_IEEE_MODULE  -DDM_PARALLEL -DNETCDF -DUSE_ALLOCATABLES -DGRIB1 -DINTIO -DKEEP_INT_AROUND -DLIMIT_ARGS -DCONFIG_BUF_LEN=65536 -DMAX_DOMAINS_F=21 -DMAX_HISTORY=25 -DNMM_NEST=0  -I. -traditional   adapt_timestep_em.F  > adapt_timestep_em.bb
/home/saji/WRF/compile/WRF3.8/oml_sst/tools/standard.exe adapt_timestep_em.bb | /lib/cpp -P -traditional > adapt_timestep_em.f90
rm -f adapt_timestep_em.b adapt_timestep_em.bb
time mpif90  -o adapt_timestep_em.o -c -O2 -ftree-vectorize -funroll-loops -w -ffree-form -ffree-line-length-none -fconvert=big-endian -frecord-marker=4   -I../dyn_em -I../dyn_nmm   -I/home/saji/WRF/compile/WRF3.8/oml_sst/external/esmf_time_f90  -I/home/saji/WRF/compile/WRF3.8/oml_sst/main -I/home/saji/WRF/compile/WRF3.8/oml_sst/external/io_netcdf -I/home/saji/WRF/compile/WRF3.8/oml_sst/external/io_int -I/home/saji/WRF/compile/WRF3.8/oml_sst/frame -I/home/saji/WRF/compile/WRF3.8/oml_sst/share -I/home/saji/WRF/compile/WRF3.8/oml_sst/phys -I/home/saji/WRF/compile/WRF3.8/oml_sst/chem -I/home/saji/WRF/compile/WRF3.8/oml_sst/inc -I/usr/include    adapt_timestep_em.f90
1.89user 0.29system 0:02.17elapsed 100%CPU (0avgtext+0avgdata 157696maxresident)k
0inputs+96outputs (0major+12108minor)pagefaults 0swaps
rm -f interp_domain_em.o
/lib/cpp -P -I/home/saji/WRF/compile/WRF3.8/oml_sst/inc -DEM_CORE=1 -DNMM_CORE=0 -DNMM_MAX_DIM=2600 -DCOAMPS_CORE=0 -DDA_CORE=0 -DEXP_CORE=0 -DIWORDSIZE=4 -DDWORDSIZE=8 -DRWORDSIZE=4 -DLWORDSIZE=4 -DNONSTANDARD_SYSTEM_SUBR  -DWRF_USE_CLM -DNO_IEEE_MODULE  -DDM_PARALLEL -DNETCDF -DUSE_ALLOCATABLES -DGRIB1 -DINTIO -DKEEP_INT_AROUND -DLIMIT_ARGS -DCONFIG_BUF_LEN=65536 -DMAX_DOMAINS_F=21 -DMAX_HISTORY=25 -DNMM_NEST=0  -I. -traditional   interp_domain_em.F  > interp_domain_em.bb
/home/saji/WRF/compile/WRF3.8/oml_sst/tools/standard.exe interp_domain_em.bb | /lib/cpp -P -traditional > interp_domain_em.f90
rm -f interp_domain_em.b interp_domain_em.bb
time mpif90  -o interp_domain_em.o -c -O2 -ftree-vectorize -funroll-loops -w -ffree-form -ffree-line-length-none -fconvert=big-endian -frecord-marker=4   -I../dyn_em -I../dyn_nmm   -I/home/saji/WRF/compile/WRF3.8/oml_sst/external/esmf_time_f90  -I/home/saji/WRF/compile/WRF3.8/oml_sst/main -I/home/saji/WRF/compile/WRF3.8/oml_sst/external/io_netcdf -I/home/saji/WRF/compile/WRF3.8/oml_sst/external/io_int -I/home/saji/WRF/compile/WRF3.8/oml_sst/frame -I/home/saji/WRF/compile/WRF3.8/oml_sst/share -I/home/saji/WRF/compile/WRF3.8/oml_sst/phys -I/home/saji/WRF/compile/WRF3.8/oml_sst/chem -I/home/saji/WRF/compile/WRF3.8/oml_sst/inc -I/usr/include    interp_domain_em.f90
0.02user 0.00system 0:00.02elapsed 121%CPU (0avgtext+0avgdata 27344maxresident)k
0inputs+16outputs (0major+3792minor)pagefaults 0swaps
rm -f module_diffusion_em.o
/lib/cpp -P -I/home/saji/WRF/compile/WRF3.8/oml_sst/inc -DEM_CORE=1 -DNMM_CORE=0 -DNMM_MAX_DIM=2600 -DCOAMPS_CORE=0 -DDA_CORE=0 -DEXP_CORE=0 -DIWORDSIZE=4 -DDWORDSIZE=8 -DRWORDSIZE=4 -DLWORDSIZE=4 -DNONSTANDARD_SYSTEM_SUBR  -DWRF_USE_CLM -DNO_IEEE_MODULE  -DDM_PARALLEL -DNETCDF -DUSE_ALLOCATABLES -DGRIB1 -DINTIO -DKEEP_INT_AROUND -DLIMIT_ARGS -DCONFIG_BUF_LEN=65536 -DMAX_DOMAINS_F=21 -DMAX_HISTORY=25 -DNMM_NEST=0  -I. -traditional   module_diffusion_em.F  > module_diffusion_em.bb
/home/saji/WRF/compile/WRF3.8/oml_sst/tools/standard.exe module_diffusion_em.bb | /lib/cpp -P -traditional > module_diffusion_em.f90
rm -f module_diffusion_em.b module_diffusion_em.bb
time mpif90  -o module_diffusion_em.o -c -O2 -ftree-vectorize -funroll-loops -w -ffree-form -ffree-line-length-none -fconvert=big-endian -frecord-marker=4   -I../dyn_em -I../dyn_nmm   -I/home/saji/WRF/compile/WRF3.8/oml_sst/external/esmf_time_f90  -I/home/saji/WRF/compile/WRF3.8/oml_sst/main -I/home/saji/WRF/compile/WRF3.8/oml_sst/external/io_netcdf -I/home/saji/WRF/compile/WRF3.8/oml_sst/external/io_int -I/home/saji/WRF/compile/WRF3.8/oml_sst/frame -I/home/saji/WRF/compile/WRF3.8/oml_sst/share -I/home/saji/WRF/compile/WRF3.8/oml_sst/phys -I/home/saji/WRF/compile/WRF3.8/oml_sst/chem -I/home/saji/WRF/compile/WRF3.8/oml_sst/inc -I/usr/include    module_diffusion_em.f90
7.66user 1.61system 0:09.27elapsed 100%CPU (0avgtext+0avgdata 346864maxresident)k
0inputs+552outputs (0major+24376minor)pagefaults 0swaps
rm -f module_em.o
/lib/cpp -P -I/home/saji/WRF/compile/WRF3.8/oml_sst/inc -DEM_CORE=1 -DNMM_CORE=0 -DNMM_MAX_DIM=2600 -DCOAMPS_CORE=0 -DDA_CORE=0 -DEXP_CORE=0 -DIWORDSIZE=4 -DDWORDSIZE=8 -DRWORDSIZE=4 -DLWORDSIZE=4 -DNONSTANDARD_SYSTEM_SUBR  -DWRF_USE_CLM -DNO_IEEE_MODULE  -DDM_PARALLEL -DNETCDF -DUSE_ALLOCATABLES -DGRIB1 -DINTIO -DKEEP_INT_AROUND -DLIMIT_ARGS -DCONFIG_BUF_LEN=65536 -DMAX_DOMAINS_F=21 -DMAX_HISTORY=25 -DNMM_NEST=0  -I. -traditional   module_em.F  > module_em.bb
/home/saji/WRF/compile/WRF3.8/oml_sst/tools/standard.exe module_em.bb | /lib/cpp -P -traditional > module_em.f90
rm -f module_em.b module_em.bb
time mpif90  -o module_em.o -c -O2 -ftree-vectorize -funroll-loops -w -ffree-form -ffree-line-length-none -fconvert=big-endian -frecord-marker=4   -I../dyn_em -I../dyn_nmm   -I/home/saji/WRF/compile/WRF3.8/oml_sst/external/esmf_time_f90  -I/home/saji/WRF/compile/WRF3.8/oml_sst/main -I/home/saji/WRF/compile/WRF3.8/oml_sst/external/io_netcdf -I/home/saji/WRF/compile/WRF3.8/oml_sst/external/io_int -I/home/saji/WRF/compile/WRF3.8/oml_sst/frame -I/home/saji/WRF/compile/WRF3.8/oml_sst/share -I/home/saji/WRF/compile/WRF3.8/oml_sst/phys -I/home/saji/WRF/compile/WRF3.8/oml_sst/chem -I/home/saji/WRF/compile/WRF3.8/oml_sst/inc -I/usr/include    module_em.f90
5.96user 0.26system 0:06.22elapsed 100%CPU (0avgtext+0avgdata 389376maxresident)k
0inputs+7744outputs (0major+32120minor)pagefaults 0swaps
rm -f module_sfs_driver.o
/lib/cpp -P -I/home/saji/WRF/compile/WRF3.8/oml_sst/inc -DEM_CORE=1 -DNMM_CORE=0 -DNMM_MAX_DIM=2600 -DCOAMPS_CORE=0 -DDA_CORE=0 -DEXP_CORE=0 -DIWORDSIZE=4 -DDWORDSIZE=8 -DRWORDSIZE=4 -DLWORDSIZE=4 -DNONSTANDARD_SYSTEM_SUBR  -DWRF_USE_CLM -DNO_IEEE_MODULE  -DDM_PARALLEL -DNETCDF -DUSE_ALLOCATABLES -DGRIB1 -DINTIO -DKEEP_INT_AROUND -DLIMIT_ARGS -DCONFIG_BUF_LEN=65536 -DMAX_DOMAINS_F=21 -DMAX_HISTORY=25 -DNMM_NEST=0  -I. -traditional   module_sfs_driver.F  > module_sfs_driver.bb
/home/saji/WRF/compile/WRF3.8/oml_sst/tools/standard.exe module_sfs_driver.bb | /lib/cpp -P -traditional > module_sfs_driver.f90
rm -f module_sfs_driver.b module_sfs_driver.bb
time mpif90  -o module_sfs_driver.o -c -O2 -ftree-vectorize -funroll-loops -w -ffree-form -ffree-line-length-none -fconvert=big-endian -frecord-marker=4   -I../dyn_em -I../dyn_nmm   -I/home/saji/WRF/compile/WRF3.8/oml_sst/external/esmf_time_f90  -I/home/saji/WRF/compile/WRF3.8/oml_sst/main -I/home/saji/WRF/compile/WRF3.8/oml_sst/external/io_netcdf -I/home/saji/WRF/compile/WRF3.8/oml_sst/external/io_int -I/home/saji/WRF/compile/WRF3.8/oml_sst/frame -I/home/saji/WRF/compile/WRF3.8/oml_sst/share -I/home/saji/WRF/compile/WRF3.8/oml_sst/phys -I/home/saji/WRF/compile/WRF3.8/oml_sst/chem -I/home/saji/WRF/compile/WRF3.8/oml_sst/inc -I/usr/include    module_sfs_driver.f90
4.34user 1.26system 0:05.60elapsed 100%CPU (0avgtext+0avgdata 113072maxresident)k
0inputs+1944outputs (0major+9659minor)pagefaults 0swaps
rm -f module_first_rk_step_part1.o
/lib/cpp -P -I/home/saji/WRF/compile/WRF3.8/oml_sst/inc -DEM_CORE=1 -DNMM_CORE=0 -DNMM_MAX_DIM=2600 -DCOAMPS_CORE=0 -DDA_CORE=0 -DEXP_CORE=0 -DIWORDSIZE=4 -DDWORDSIZE=8 -DRWORDSIZE=4 -DLWORDSIZE=4 -DNONSTANDARD_SYSTEM_SUBR  -DWRF_USE_CLM -DNO_IEEE_MODULE  -DDM_PARALLEL -DNETCDF -DUSE_ALLOCATABLES -DGRIB1 -DINTIO -DKEEP_INT_AROUND -DLIMIT_ARGS -DCONFIG_BUF_LEN=65536 -DMAX_DOMAINS_F=21 -DMAX_HISTORY=25 -DNMM_NEST=0  -I. -traditional   module_first_rk_step_part1.F  > module_first_rk_step_part1.bb
/home/saji/WRF/compile/WRF3.8/oml_sst/tools/standard.exe module_first_rk_step_part1.bb | /lib/cpp -P -traditional > module_first_rk_step_part1.f90
rm -f module_first_rk_step_part1.b module_first_rk_step_part1.bb
time mpif90  -o module_first_rk_step_part1.o -c -O2 -ftree-vectorize -funroll-loops -w -ffree-form -ffree-line-length-none -fconvert=big-endian -frecord-marker=4   -I../dyn_em -I../dyn_nmm   -I/home/saji/WRF/compile/WRF3.8/oml_sst/external/esmf_time_f90  -I/home/saji/WRF/compile/WRF3.8/oml_sst/main -I/home/saji/WRF/compile/WRF3.8/oml_sst/external/io_netcdf -I/home/saji/WRF/compile/WRF3.8/oml_sst/external/io_int -I/home/saji/WRF/compile/WRF3.8/oml_sst/frame -I/home/saji/WRF/compile/WRF3.8/oml_sst/share -I/home/saji/WRF/compile/WRF3.8/oml_sst/phys -I/home/saji/WRF/compile/WRF3.8/oml_sst/chem -I/home/saji/WRF/compile/WRF3.8/oml_sst/inc -I/usr/include    module_first_rk_step_part1.f90
26.80user 0.28system 0:27.07elapsed 100%CPU (0avgtext+0avgdata 1461968maxresident)k
0inputs+6488outputs (0major+103023minor)pagefaults 0swaps
rm -f module_first_rk_step_part2.o
/lib/cpp -P -I/home/saji/WRF/compile/WRF3.8/oml_sst/inc -DEM_CORE=1 -DNMM_CORE=0 -DNMM_MAX_DIM=2600 -DCOAMPS_CORE=0 -DDA_CORE=0 -DEXP_CORE=0 -DIWORDSIZE=4 -DDWORDSIZE=8 -DRWORDSIZE=4 -DLWORDSIZE=4 -DNONSTANDARD_SYSTEM_SUBR  -DWRF_USE_CLM -DNO_IEEE_MODULE  -DDM_PARALLEL -DNETCDF -DUSE_ALLOCATABLES -DGRIB1 -DINTIO -DKEEP_INT_AROUND -DLIMIT_ARGS -DCONFIG_BUF_LEN=65536 -DMAX_DOMAINS_F=21 -DMAX_HISTORY=25 -DNMM_NEST=0  -I. -traditional   module_first_rk_step_part2.F  > module_first_rk_step_part2.bb
/home/saji/WRF/compile/WRF3.8/oml_sst/tools/standard.exe module_first_rk_step_part2.bb | /lib/cpp -P -traditional > module_first_rk_step_part2.f90
rm -f module_first_rk_step_part2.b module_first_rk_step_part2.bb
time mpif90  -o module_first_rk_step_part2.o -c -O2 -ftree-vectorize -funroll-loops -w -ffree-form -ffree-line-length-none -fconvert=big-endian -frecord-marker=4   -I../dyn_em -I../dyn_nmm   -I/home/saji/WRF/compile/WRF3.8/oml_sst/external/esmf_time_f90  -I/home/saji/WRF/compile/WRF3.8/oml_sst/main -I/home/saji/WRF/compile/WRF3.8/oml_sst/external/io_netcdf -I/home/saji/WRF/compile/WRF3.8/oml_sst/external/io_int -I/home/saji/WRF/compile/WRF3.8/oml_sst/frame -I/home/saji/WRF/compile/WRF3.8/oml_sst/share -I/home/saji/WRF/compile/WRF3.8/oml_sst/phys -I/home/saji/WRF/compile/WRF3.8/oml_sst/chem -I/home/saji/WRF/compile/WRF3.8/oml_sst/inc -I/usr/include    module_first_rk_step_part2.f90
15.57user 1.30system 0:16.86elapsed 100%CPU (0avgtext+0avgdata 529776maxresident)k
0inputs+3464outputs (0major+51376minor)pagefaults 0swaps
5.27user 1.49system 0:06.76elapsed 100%CPU (0avgtext+0avgdata 194208maxresident)k
0inputs+2320outputs (0major+15942minor)pagefaults 0swaps
rm -f solve_em.o
/lib/cpp -P -I/home/saji/WRF/compile/WRF3.8/oml_sst/inc -DEM_CORE=1 -DNMM_CORE=0 -DNMM_MAX_DIM=2600 -DCOAMPS_CORE=0 -DDA_CORE=0 -DEXP_CORE=0 -DIWORDSIZE=4 -DDWORDSIZE=8 -DRWORDSIZE=4 -DLWORDSIZE=4 -DNONSTANDARD_SYSTEM_SUBR  -DWRF_USE_CLM -DNO_IEEE_MODULE  -DDM_PARALLEL -DNETCDF -DUSE_ALLOCATABLES -DGRIB1 -DINTIO -DKEEP_INT_AROUND -DLIMIT_ARGS -DCONFIG_BUF_LEN=65536 -DMAX_DOMAINS_F=21 -DMAX_HISTORY=25 -DNMM_NEST=0  -I. -traditional   solve_em.F  > solve_em.bb
/home/saji/WRF/compile/WRF3.8/oml_sst/tools/standard.exe solve_em.bb | /lib/cpp -P -traditional > solve_em.f90
rm -f solve_em.b solve_em.bb
time mpif90  -o solve_em.o -c -O2 -ftree-vectorize -funroll-loops -w -ffree-form -ffree-line-length-none -fconvert=big-endian -frecord-marker=4   -I../dyn_em -I../dyn_nmm   -I/home/saji/WRF/compile/WRF3.8/oml_sst/external/esmf_time_f90  -I/home/saji/WRF/compile/WRF3.8/oml_sst/main -I/home/saji/WRF/compile/WRF3.8/oml_sst/external/io_netcdf -I/home/saji/WRF/compile/WRF3.8/oml_sst/external/io_int -I/home/saji/WRF/compile/WRF3.8/oml_sst/frame -I/home/saji/WRF/compile/WRF3.8/oml_sst/share -I/home/saji/WRF/compile/WRF3.8/oml_sst/phys -I/home/saji/WRF/compile/WRF3.8/oml_sst/chem -I/home/saji/WRF/compile/WRF3.8/oml_sst/inc -I/usr/include    solve_em.f90
24.20user 1.65system 0:25.85elapsed 100%CPU (0avgtext+0avgdata 1457440maxresident)k
0inputs+2232outputs (0major+108232minor)pagefaults 0swaps
ar ru ../main/libwrflib.a module_advect_em.o module_diffusion_em.o module_small_step_em.o module_big_step_utilities_em.o module_em.o module_solvedebug_em.o module_bc_em.o module_init_utilities.o module_wps_io_arw.o module_damping_em.o module_polarfft.o module_force_scm.o module_first_rk_step_part1.o module_first_rk_step_part2.o module_avgflx_em.o module_sfs_nba.o module_convtrans_prep.o module_sfs_driver.o module_stoch.o module_after_all_rk_steps.o  init_modules_em.o solve_em.o start_em.o shift_domain_em.o couple_or_uncouple_em.o nest_init_utils.o adapt_timestep_em.o interp_domain_em.o
make[2]: Leaving directory `/home/saji/WRF/compile/WRF3.8/oml_sst/dyn_em'
make[1]: Leaving directory `/home/saji/WRF/compile/WRF3.8/oml_sst'
if [ 0 -eq 1 ]   ; then make -i -r MODULE_DIRS="-I../dyn_em -I../dyn_nmm   -I/home/saji/WRF/compile/WRF3.8/oml_sst/external/esmf_time_f90  -I/home/saji/WRF/compile/WRF3.8/oml_sst/main -I/home/saji/WRF/compile/WRF3.8/oml_sst/external/io_netcdf -I/home/saji/WRF/compile/WRF3.8/oml_sst/external/io_int -I/home/saji/WRF/compile/WRF3.8/oml_sst/frame -I/home/saji/WRF/compile/WRF3.8/oml_sst/share -I/home/saji/WRF/compile/WRF3.8/oml_sst/phys -I/home/saji/WRF/compile/WRF3.8/oml_sst/chem -I/home/saji/WRF/compile/WRF3.8/oml_sst/inc -I/usr/include " nmm_core ; fi
if [ 0 -eq 1 ]   ; then make -i -r MODULE_DIRS="-I../dyn_em -I../dyn_nmm   -I/home/saji/WRF/compile/WRF3.8/oml_sst/external/esmf_time_f90  -I/home/saji/WRF/compile/WRF3.8/oml_sst/main -I/home/saji/WRF/compile/WRF3.8/oml_sst/external/io_netcdf -I/home/saji/WRF/compile/WRF3.8/oml_sst/external/io_int -I/home/saji/WRF/compile/WRF3.8/oml_sst/frame -I/home/saji/WRF/compile/WRF3.8/oml_sst/share -I/home/saji/WRF/compile/WRF3.8/oml_sst/phys -I/home/saji/WRF/compile/WRF3.8/oml_sst/chem -I/home/saji/WRF/compile/WRF3.8/oml_sst/inc -I/usr/include " exp_core ; fi
if [ 0 -eq 1 ]   ; then make -i -r MODULE_DIRS="-I../dyn_em -I../dyn_nmm   -I/home/saji/WRF/compile/WRF3.8/oml_sst/external/esmf_time_f90  -I/home/saji/WRF/compile/WRF3.8/oml_sst/main -I/home/saji/WRF/compile/WRF3.8/oml_sst/external/io_netcdf -I/home/saji/WRF/compile/WRF3.8/oml_sst/external/io_int -I/home/saji/WRF/compile/WRF3.8/oml_sst/frame -I/home/saji/WRF/compile/WRF3.8/oml_sst/share -I/home/saji/WRF/compile/WRF3.8/oml_sst/phys -I/home/saji/WRF/compile/WRF3.8/oml_sst/chem -I/home/saji/WRF/compile/WRF3.8/oml_sst/inc -I/usr/include " wrf_hydro ; fi
( cd main ; make -i -r RLFLAGS="" MODULE_DIRS="-I../dyn_em -I../dyn_nmm   -I/home/saji/WRF/compile/WRF3.8/oml_sst/external/esmf_time_f90  -I/home/saji/WRF/compile/WRF3.8/oml_sst/main -I/home/saji/WRF/compile/WRF3.8/oml_sst/external/io_netcdf -I/home/saji/WRF/compile/WRF3.8/oml_sst/external/io_int -I/home/saji/WRF/compile/WRF3.8/oml_sst/frame -I/home/saji/WRF/compile/WRF3.8/oml_sst/share -I/home/saji/WRF/compile/WRF3.8/oml_sst/phys -I/home/saji/WRF/compile/WRF3.8/oml_sst/chem -I/home/saji/WRF/compile/WRF3.8/oml_sst/inc -I/usr/include " SOLVER=em em_wrf )
make[1]: Entering directory `/home/saji/WRF/compile/WRF3.8/oml_sst/main'
rm -f ../main/module_wrf_top.o
/lib/cpp -P -I/home/saji/WRF/compile/WRF3.8/oml_sst/inc -DEM_CORE=1 -DNMM_CORE=0 -DNMM_MAX_DIM=2600 -DCOAMPS_CORE=0 -DDA_CORE=0 -DEXP_CORE=0 -DIWORDSIZE=4 -DDWORDSIZE=8 -DRWORDSIZE=4 -DLWORDSIZE=4 -DNONSTANDARD_SYSTEM_SUBR  -DWRF_USE_CLM -DNO_IEEE_MODULE  -DDM_PARALLEL -DNETCDF -DUSE_ALLOCATABLES -DGRIB1 -DINTIO -DKEEP_INT_AROUND -DLIMIT_ARGS -DCONFIG_BUF_LEN=65536 -DMAX_DOMAINS_F=21 -DMAX_HISTORY=25 -DNMM_NEST=0  -I. -traditional   ../main/module_wrf_top.F  > ../main/module_wrf_top.bb
/home/saji/WRF/compile/WRF3.8/oml_sst/tools/standard.exe ../main/module_wrf_top.bb | /lib/cpp -P -traditional > ../main/module_wrf_top.f90
rm -f ../main/module_wrf_top.b ../main/module_wrf_top.bb
time mpif90  -o ../main/module_wrf_top.o -c -O2 -ftree-vectorize -funroll-loops -w -ffree-form -ffree-line-length-none -fconvert=big-endian -frecord-marker=4   -I../dyn_em -I../dyn_nmm   -I/home/saji/WRF/compile/WRF3.8/oml_sst/external/esmf_time_f90  -I/home/saji/WRF/compile/WRF3.8/oml_sst/main -I/home/saji/WRF/compile/WRF3.8/oml_sst/external/io_netcdf -I/home/saji/WRF/compile/WRF3.8/oml_sst/external/io_int -I/home/saji/WRF/compile/WRF3.8/oml_sst/frame -I/home/saji/WRF/compile/WRF3.8/oml_sst/share -I/home/saji/WRF/compile/WRF3.8/oml_sst/phys -I/home/saji/WRF/compile/WRF3.8/oml_sst/chem -I/home/saji/WRF/compile/WRF3.8/oml_sst/inc -I/usr/include    ../main/module_wrf_top.f90
2.38user 0.28system 0:02.66elapsed 100%CPU (0avgtext+0avgdata 140096maxresident)k
0inputs+6872outputs (0major+11794minor)pagefaults 0swaps
rm -f wrf.o
/lib/cpp -P -I/home/saji/WRF/compile/WRF3.8/oml_sst/inc -DEM_CORE=1 -DNMM_CORE=0 -DNMM_MAX_DIM=2600 -DCOAMPS_CORE=0 -DDA_CORE=0 -DEXP_CORE=0 -DIWORDSIZE=4 -DDWORDSIZE=8 -DRWORDSIZE=4 -DLWORDSIZE=4 -DNONSTANDARD_SYSTEM_SUBR  -DWRF_USE_CLM -DNO_IEEE_MODULE  -DDM_PARALLEL -DNETCDF -DUSE_ALLOCATABLES -DGRIB1 -DINTIO -DKEEP_INT_AROUND -DLIMIT_ARGS -DCONFIG_BUF_LEN=65536 -DMAX_DOMAINS_F=21 -DMAX_HISTORY=25 -DNMM_NEST=0  -I. -traditional   wrf.F  > wrf.bb
/home/saji/WRF/compile/WRF3.8/oml_sst/tools/standard.exe wrf.bb | /lib/cpp -P -traditional > wrf.f90
rm -f wrf.b wrf.bb
time mpif90  -o wrf.o -c -O2 -ftree-vectorize -funroll-loops -w -ffree-form -ffree-line-length-none -fconvert=big-endian -frecord-marker=4   -I../dyn_em -I../dyn_nmm   -I/home/saji/WRF/compile/WRF3.8/oml_sst/external/esmf_time_f90  -I/home/saji/WRF/compile/WRF3.8/oml_sst/main -I/home/saji/WRF/compile/WRF3.8/oml_sst/external/io_netcdf -I/home/saji/WRF/compile/WRF3.8/oml_sst/external/io_int -I/home/saji/WRF/compile/WRF3.8/oml_sst/frame -I/home/saji/WRF/compile/WRF3.8/oml_sst/share -I/home/saji/WRF/compile/WRF3.8/oml_sst/phys -I/home/saji/WRF/compile/WRF3.8/oml_sst/chem -I/home/saji/WRF/compile/WRF3.8/oml_sst/inc -I/usr/include    wrf.f90
0.12user 0.05system 0:00.17elapsed 103%CPU (0avgtext+0avgdata 33456maxresident)k
0inputs+16outputs (0major+4192minor)pagefaults 0swaps
ranlib  libwrflib.a
time mpif90  -o wrf.exe  -O2 -ftree-vectorize -funroll-loops -w -ffree-form -ffree-line-length-none -fconvert=big-endian -frecord-marker=4    wrf.o ../main/module_wrf_top.o libwrflib.a /home/saji/WRF/compile/WRF3.8/oml_sst/external/fftpack/fftpack5/libfftpack.a /home/saji/WRF/compile/WRF3.8/oml_sst/external/io_grib1/libio_grib1.a /home/saji/WRF/compile/WRF3.8/oml_sst/external/io_grib_share/libio_grib_share.a /home/saji/WRF/compile/WRF3.8/oml_sst/external/io_int/libwrfio_int.a -L/home/saji/WRF/compile/WRF3.8/oml_sst/external/esmf_time_f90 -lesmf_time /home/saji/WRF/compile/WRF3.8/oml_sst/external/RSL_LITE/librsl_lite.a /home/saji/WRF/compile/WRF3.8/oml_sst/frame/module_internal_header_util.o /home/saji/WRF/compile/WRF3.8/oml_sst/frame/pack_utils.o  -L/home/saji/WRF/compile/WRF3.8/oml_sst/external/io_netcdf -lwrfio_nf -L/usr/lib -lnetcdff -lnetcdf       
1.26user 0.25system 0:01.50elapsed 100%CPU (0avgtext+0avgdata 631840maxresident)k
0inputs+86568outputs (0major+43059minor)pagefaults 0swaps
make[1]: Leaving directory `/home/saji/WRF/compile/WRF3.8/oml_sst/main'
( cd run ; /bin/rm -f wrf.exe ; ln -s ../main/wrf.exe . )
if [ 0 -eq 1 ] ; then \
	  ( cd main ; make -i -r RLFLAGS="" MODULE_DIRS="-I../dyn_em -I../dyn_nmm   -I/home/saji/WRF/compile/WRF3.8/oml_sst/external/esmf_time_f90  -I/home/saji/WRF/compile/WRF3.8/oml_sst/main -I/home/saji/WRF/compile/WRF3.8/oml_sst/external/io_netcdf -I/home/saji/WRF/compile/WRF3.8/oml_sst/external/io_int -I/home/saji/WRF/compile/WRF3.8/oml_sst/frame -I/home/saji/WRF/compile/WRF3.8/oml_sst/share -I/home/saji/WRF/compile/WRF3.8/oml_sst/phys -I/home/saji/WRF/compile/WRF3.8/oml_sst/chem -I/home/saji/WRF/compile/WRF3.8/oml_sst/inc -I/usr/include " SOLVER=em em_wrf_SST_ESMF ) ; \
	fi
build started:   Sat Aug 31 07:22:02 JST 2019
build completed: Sat Aug 31 07:48:37 JST 2019
--------------------------------------
( cd main ; make -i -r RLFLAGS="" MODULE_DIRS="-I../dyn_em -I../dyn_nmm   -I/home/saji/WRF/compile/WRF3.8/oml_sst/external/esmf_time_f90  -I/home/saji/WRF/compile/WRF3.8/oml_sst/main -I/home/saji/WRF/compile/WRF3.8/oml_sst/external/io_netcdf -I/home/saji/WRF/compile/WRF3.8/oml_sst/external/io_int -I/home/saji/WRF/compile/WRF3.8/oml_sst/frame -I/home/saji/WRF/compile/WRF3.8/oml_sst/share -I/home/saji/WRF/compile/WRF3.8/oml_sst/phys -I/home/saji/WRF/compile/WRF3.8/oml_sst/chem -I/home/saji/WRF/compile/WRF3.8/oml_sst/inc -I/usr/include " SOLVER=em IDEAL_CASE=real em_real )
make[1]: Entering directory `/home/saji/WRF/compile/WRF3.8/oml_sst/main'
rm -f ../dyn_em/module_initialize_real.o
/lib/cpp -P -I/home/saji/WRF/compile/WRF3.8/oml_sst/inc -DEM_CORE=1 -DNMM_CORE=0 -DNMM_MAX_DIM=2600 -DCOAMPS_CORE=0 -DDA_CORE=0 -DEXP_CORE=0 -DIWORDSIZE=4 -DDWORDSIZE=8 -DRWORDSIZE=4 -DLWORDSIZE=4 -DNONSTANDARD_SYSTEM_SUBR  -DWRF_USE_CLM -DNO_IEEE_MODULE  -DDM_PARALLEL -DNETCDF -DUSE_ALLOCATABLES -DGRIB1 -DINTIO -DKEEP_INT_AROUND -DLIMIT_ARGS -DCONFIG_BUF_LEN=65536 -DMAX_DOMAINS_F=21 -DMAX_HISTORY=25 -DNMM_NEST=0  -I. -traditional   ../dyn_em/module_initialize_real.F  > ../dyn_em/module_initialize_real.bb
/home/saji/WRF/compile/WRF3.8/oml_sst/tools/standard.exe ../dyn_em/module_initialize_real.bb | /lib/cpp -P -traditional > ../dyn_em/module_initialize_real.f90
rm -f ../dyn_em/module_initialize_real.b ../dyn_em/module_initialize_real.bb
time mpif90  -o ../dyn_em/module_initialize_real.o -c -O2 -ftree-vectorize -funroll-loops -w -ffree-form -ffree-line-length-none -fconvert=big-endian -frecord-marker=4   -I../dyn_em -I../dyn_nmm   -I/home/saji/WRF/compile/WRF3.8/oml_sst/external/esmf_time_f90  -I/home/saji/WRF/compile/WRF3.8/oml_sst/main -I/home/saji/WRF/compile/WRF3.8/oml_sst/external/io_netcdf -I/home/saji/WRF/compile/WRF3.8/oml_sst/external/io_int -I/home/saji/WRF/compile/WRF3.8/oml_sst/frame -I/home/saji/WRF/compile/WRF3.8/oml_sst/share -I/home/saji/WRF/compile/WRF3.8/oml_sst/phys -I/home/saji/WRF/compile/WRF3.8/oml_sst/chem -I/home/saji/WRF/compile/WRF3.8/oml_sst/inc -I/usr/include    ../dyn_em/module_initialize_real.f90
29.81user 2.03system 0:31.84elapsed 100%CPU (0avgtext+0avgdata 1322704maxresident)k
0inputs+11736outputs (0major+99823minor)pagefaults 0swaps
rm -f ndown_em.o
/lib/cpp -P -I/home/saji/WRF/compile/WRF3.8/oml_sst/inc -DEM_CORE=1 -DNMM_CORE=0 -DNMM_MAX_DIM=2600 -DCOAMPS_CORE=0 -DDA_CORE=0 -DEXP_CORE=0 -DIWORDSIZE=4 -DDWORDSIZE=8 -DRWORDSIZE=4 -DLWORDSIZE=4 -DNONSTANDARD_SYSTEM_SUBR  -DWRF_USE_CLM -DNO_IEEE_MODULE  -DDM_PARALLEL -DNETCDF -DUSE_ALLOCATABLES -DGRIB1 -DINTIO -DKEEP_INT_AROUND -DLIMIT_ARGS -DCONFIG_BUF_LEN=65536 -DMAX_DOMAINS_F=21 -DMAX_HISTORY=25 -DNMM_NEST=0  -I. -traditional   ndown_em.F  > ndown_em.bb
/home/saji/WRF/compile/WRF3.8/oml_sst/tools/standard.exe ndown_em.bb | /lib/cpp -P -traditional > ndown_em.f90
rm -f ndown_em.b ndown_em.bb
time mpif90  -o ndown_em.o -c -O2 -ftree-vectorize -funroll-loops -w -ffree-form -ffree-line-length-none -fconvert=big-endian -frecord-marker=4   -I../dyn_em -I../dyn_nmm   -I/home/saji/WRF/compile/WRF3.8/oml_sst/external/esmf_time_f90  -I/home/saji/WRF/compile/WRF3.8/oml_sst/main -I/home/saji/WRF/compile/WRF3.8/oml_sst/external/io_netcdf -I/home/saji/WRF/compile/WRF3.8/oml_sst/external/io_int -I/home/saji/WRF/compile/WRF3.8/oml_sst/frame -I/home/saji/WRF/compile/WRF3.8/oml_sst/share -I/home/saji/WRF/compile/WRF3.8/oml_sst/phys -I/home/saji/WRF/compile/WRF3.8/oml_sst/chem -I/home/saji/WRF/compile/WRF3.8/oml_sst/inc -I/usr/include    ndown_em.f90
19.31user 1.48system 0:20.78elapsed 100%CPU (0avgtext+0avgdata 1252624maxresident)k
0inputs+1744outputs (0major+93078minor)pagefaults 0swaps
rm -f nup_em.o
/lib/cpp -P -I/home/saji/WRF/compile/WRF3.8/oml_sst/inc -DEM_CORE=1 -DNMM_CORE=0 -DNMM_MAX_DIM=2600 -DCOAMPS_CORE=0 -DDA_CORE=0 -DEXP_CORE=0 -DIWORDSIZE=4 -DDWORDSIZE=8 -DRWORDSIZE=4 -DLWORDSIZE=4 -DNONSTANDARD_SYSTEM_SUBR  -DWRF_USE_CLM -DNO_IEEE_MODULE  -DDM_PARALLEL -DNETCDF -DUSE_ALLOCATABLES -DGRIB1 -DINTIO -DKEEP_INT_AROUND -DLIMIT_ARGS -DCONFIG_BUF_LEN=65536 -DMAX_DOMAINS_F=21 -DMAX_HISTORY=25 -DNMM_NEST=0  -I. -traditional   nup_em.F  > nup_em.bb
/home/saji/WRF/compile/WRF3.8/oml_sst/tools/standard.exe nup_em.bb | /lib/cpp -P -traditional > nup_em.f90
rm -f nup_em.b nup_em.bb
time mpif90  -o nup_em.o -c -O2 -ftree-vectorize -funroll-loops -w -ffree-form -ffree-line-length-none -fconvert=big-endian -frecord-marker=4   -I../dyn_em -I../dyn_nmm   -I/home/saji/WRF/compile/WRF3.8/oml_sst/external/esmf_time_f90  -I/home/saji/WRF/compile/WRF3.8/oml_sst/main -I/home/saji/WRF/compile/WRF3.8/oml_sst/external/io_netcdf -I/home/saji/WRF/compile/WRF3.8/oml_sst/external/io_int -I/home/saji/WRF/compile/WRF3.8/oml_sst/frame -I/home/saji/WRF/compile/WRF3.8/oml_sst/share -I/home/saji/WRF/compile/WRF3.8/oml_sst/phys -I/home/saji/WRF/compile/WRF3.8/oml_sst/chem -I/home/saji/WRF/compile/WRF3.8/oml_sst/inc -I/usr/include    nup_em.f90
6.62user 1.06system 0:07.68elapsed 100%CPU (0avgtext+0avgdata 452192maxresident)k
0inputs+312outputs (0major+30823minor)pagefaults 0swaps
rm -f tc_em.o
/lib/cpp -P -I/home/saji/WRF/compile/WRF3.8/oml_sst/inc -DEM_CORE=1 -DNMM_CORE=0 -DNMM_MAX_DIM=2600 -DCOAMPS_CORE=0 -DDA_CORE=0 -DEXP_CORE=0 -DIWORDSIZE=4 -DDWORDSIZE=8 -DRWORDSIZE=4 -DLWORDSIZE=4 -DNONSTANDARD_SYSTEM_SUBR  -DWRF_USE_CLM -DNO_IEEE_MODULE  -DDM_PARALLEL -DNETCDF -DUSE_ALLOCATABLES -DGRIB1 -DINTIO -DKEEP_INT_AROUND -DLIMIT_ARGS -DCONFIG_BUF_LEN=65536 -DMAX_DOMAINS_F=21 -DMAX_HISTORY=25 -DNMM_NEST=0  -I. -traditional   tc_em.F  > tc_em.bb
/home/saji/WRF/compile/WRF3.8/oml_sst/tools/standard.exe tc_em.bb | /lib/cpp -P -traditional > tc_em.f90
rm -f tc_em.b tc_em.bb
time mpif90  -o tc_em.o -c -O2 -ftree-vectorize -funroll-loops -w -ffree-form -ffree-line-length-none -fconvert=big-endian -frecord-marker=4   -I../dyn_em -I../dyn_nmm   -I/home/saji/WRF/compile/WRF3.8/oml_sst/external/esmf_time_f90  -I/home/saji/WRF/compile/WRF3.8/oml_sst/main -I/home/saji/WRF/compile/WRF3.8/oml_sst/external/io_netcdf -I/home/saji/WRF/compile/WRF3.8/oml_sst/external/io_int -I/home/saji/WRF/compile/WRF3.8/oml_sst/frame -I/home/saji/WRF/compile/WRF3.8/oml_sst/share -I/home/saji/WRF/compile/WRF3.8/oml_sst/phys -I/home/saji/WRF/compile/WRF3.8/oml_sst/chem -I/home/saji/WRF/compile/WRF3.8/oml_sst/inc -I/usr/include    tc_em.f90
18.30user 1.04system 0:19.34elapsed 100%CPU (0avgtext+0avgdata 1263792maxresident)k
0inputs+2040outputs (0major+85741minor)pagefaults 0swaps
rm -f real_em.o
/lib/cpp -P -I/home/saji/WRF/compile/WRF3.8/oml_sst/inc -DEM_CORE=1 -DNMM_CORE=0 -DNMM_MAX_DIM=2600 -DCOAMPS_CORE=0 -DDA_CORE=0 -DEXP_CORE=0 -DIWORDSIZE=4 -DDWORDSIZE=8 -DRWORDSIZE=4 -DLWORDSIZE=4 -DNONSTANDARD_SYSTEM_SUBR  -DWRF_USE_CLM -DNO_IEEE_MODULE  -DDM_PARALLEL -DNETCDF -DUSE_ALLOCATABLES -DGRIB1 -DINTIO -DKEEP_INT_AROUND -DLIMIT_ARGS -DCONFIG_BUF_LEN=65536 -DMAX_DOMAINS_F=21 -DMAX_HISTORY=25 -DNMM_NEST=0  -I. -traditional   real_em.F  > real_em.bb
/home/saji/WRF/compile/WRF3.8/oml_sst/tools/standard.exe real_em.bb | /lib/cpp -P -traditional > real_em.f90
rm -f real_em.b real_em.bb
time mpif90  -o real_em.o -c -O2 -ftree-vectorize -funroll-loops -w -ffree-form -ffree-line-length-none -fconvert=big-endian -frecord-marker=4   -I../dyn_em -I../dyn_nmm   -I/home/saji/WRF/compile/WRF3.8/oml_sst/external/esmf_time_f90  -I/home/saji/WRF/compile/WRF3.8/oml_sst/main -I/home/saji/WRF/compile/WRF3.8/oml_sst/external/io_netcdf -I/home/saji/WRF/compile/WRF3.8/oml_sst/external/io_int -I/home/saji/WRF/compile/WRF3.8/oml_sst/frame -I/home/saji/WRF/compile/WRF3.8/oml_sst/share -I/home/saji/WRF/compile/WRF3.8/oml_sst/phys -I/home/saji/WRF/compile/WRF3.8/oml_sst/chem -I/home/saji/WRF/compile/WRF3.8/oml_sst/inc -I/usr/include    real_em.f90
9.24user 0.95system 0:10.19elapsed 100%CPU (0avgtext+0avgdata 384256maxresident)k
0inputs+744outputs (0major+28798minor)pagefaults 0swaps
ranlib  libwrflib.a
time mpif90  -o ndown.exe  -O2 -ftree-vectorize -funroll-loops -w -ffree-form -ffree-line-length-none -fconvert=big-endian -frecord-marker=4    ndown_em.o  ../dyn_em/module_initialize_real.o libwrflib.a /home/saji/WRF/compile/WRF3.8/oml_sst/external/fftpack/fftpack5/libfftpack.a /home/saji/WRF/compile/WRF3.8/oml_sst/external/io_grib1/libio_grib1.a /home/saji/WRF/compile/WRF3.8/oml_sst/external/io_grib_share/libio_grib_share.a /home/saji/WRF/compile/WRF3.8/oml_sst/external/io_int/libwrfio_int.a -L/home/saji/WRF/compile/WRF3.8/oml_sst/external/esmf_time_f90 -lesmf_time /home/saji/WRF/compile/WRF3.8/oml_sst/external/RSL_LITE/librsl_lite.a /home/saji/WRF/compile/WRF3.8/oml_sst/frame/module_internal_header_util.o /home/saji/WRF/compile/WRF3.8/oml_sst/frame/pack_utils.o  -L/home/saji/WRF/compile/WRF3.8/oml_sst/external/io_netcdf -lwrfio_nf -L/usr/lib -lnetcdff -lnetcdf       
1.23user 0.20system 0:01.42elapsed 100%CPU (0avgtext+0avgdata 600672maxresident)k
0inputs+77600outputs (0major+41083minor)pagefaults 0swaps
#TEMPORARILY REMOVED time mpif90  -o nup.exe  -O2 -ftree-vectorize -funroll-loops -w -ffree-form -ffree-line-length-none -fconvert=big-endian -frecord-marker=4    nup_em.o  ../dyn_em/module_initialize_real.o libwrflib.a /home/saji/WRF/compile/WRF3.8/oml_sst/external/fftpack/fftpack5/libfftpack.a /home/saji/WRF/compile/WRF3.8/oml_sst/external/io_grib1/libio_grib1.a /home/saji/WRF/compile/WRF3.8/oml_sst/external/io_grib_share/libio_grib_share.a /home/saji/WRF/compile/WRF3.8/oml_sst/external/io_int/libwrfio_int.a -L/home/saji/WRF/compile/WRF3.8/oml_sst/external/esmf_time_f90 -lesmf_time /home/saji/WRF/compile/WRF3.8/oml_sst/external/RSL_LITE/librsl_lite.a /home/saji/WRF/compile/WRF3.8/oml_sst/frame/module_internal_header_util.o /home/saji/WRF/compile/WRF3.8/oml_sst/frame/pack_utils.o  -L/home/saji/WRF/compile/WRF3.8/oml_sst/external/io_netcdf -lwrfio_nf -L/usr/lib -lnetcdff -lnetcdf       
time mpif90  -o tc.exe  -O2 -ftree-vectorize -funroll-loops -w -ffree-form -ffree-line-length-none -fconvert=big-endian -frecord-marker=4    tc_em.o  ../dyn_em/module_initialize_real.o libwrflib.a /home/saji/WRF/compile/WRF3.8/oml_sst/external/fftpack/fftpack5/libfftpack.a /home/saji/WRF/compile/WRF3.8/oml_sst/external/io_grib1/libio_grib1.a /home/saji/WRF/compile/WRF3.8/oml_sst/external/io_grib_share/libio_grib_share.a /home/saji/WRF/compile/WRF3.8/oml_sst/external/io_int/libwrfio_int.a -L/home/saji/WRF/compile/WRF3.8/oml_sst/external/esmf_time_f90 -lesmf_time /home/saji/WRF/compile/WRF3.8/oml_sst/external/RSL_LITE/librsl_lite.a /home/saji/WRF/compile/WRF3.8/oml_sst/frame/module_internal_header_util.o /home/saji/WRF/compile/WRF3.8/oml_sst/frame/pack_utils.o  -L/home/saji/WRF/compile/WRF3.8/oml_sst/external/io_netcdf -lwrfio_nf -L/usr/lib -lnetcdff -lnetcdf       
1.18user 0.23system 0:01.41elapsed 100%CPU (0avgtext+0avgdata 596784maxresident)k
0inputs+76496outputs (0major+40842minor)pagefaults 0swaps
time mpif90  -o real.exe  -O2 -ftree-vectorize -funroll-loops -w -ffree-form -ffree-line-length-none -fconvert=big-endian -frecord-marker=4    real_em.o ../dyn_em/module_initialize_real.o libwrflib.a /home/saji/WRF/compile/WRF3.8/oml_sst/external/fftpack/fftpack5/libfftpack.a /home/saji/WRF/compile/WRF3.8/oml_sst/external/io_grib1/libio_grib1.a /home/saji/WRF/compile/WRF3.8/oml_sst/external/io_grib_share/libio_grib_share.a /home/saji/WRF/compile/WRF3.8/oml_sst/external/io_int/libwrfio_int.a -L/home/saji/WRF/compile/WRF3.8/oml_sst/external/esmf_time_f90 -lesmf_time /home/saji/WRF/compile/WRF3.8/oml_sst/external/RSL_LITE/librsl_lite.a /home/saji/WRF/compile/WRF3.8/oml_sst/frame/module_internal_header_util.o /home/saji/WRF/compile/WRF3.8/oml_sst/frame/pack_utils.o  -L/home/saji/WRF/compile/WRF3.8/oml_sst/external/io_netcdf -lwrfio_nf -L/usr/lib -lnetcdff -lnetcdf       
1.20user 0.23system 0:01.42elapsed 100%CPU (0avgtext+0avgdata 599392maxresident)k
0inputs+77344outputs (0major+41006minor)pagefaults 0swaps
make[1]: Leaving directory `/home/saji/WRF/compile/WRF3.8/oml_sst/main'
( cd test/em_real ; /bin/rm -f wrf.exe ; ln -s ../../main/wrf.exe . )
if [ 0 -eq 1 ] ; then \
	  ( cd main ; make -i -r RLFLAGS="" MODULE_DIRS="-I../dyn_em -I../dyn_nmm   -I/home/saji/WRF/compile/WRF3.8/oml_sst/external/esmf_time_f90  -I/home/saji/WRF/compile/WRF3.8/oml_sst/main -I/home/saji/WRF/compile/WRF3.8/oml_sst/external/io_netcdf -I/home/saji/WRF/compile/WRF3.8/oml_sst/external/io_int -I/home/saji/WRF/compile/WRF3.8/oml_sst/frame -I/home/saji/WRF/compile/WRF3.8/oml_sst/share -I/home/saji/WRF/compile/WRF3.8/oml_sst/phys -I/home/saji/WRF/compile/WRF3.8/oml_sst/chem -I/home/saji/WRF/compile/WRF3.8/oml_sst/inc -I/usr/include " SOLVER=em IDEAL_CASE=real em_wrf_SST_ESMF ) ; \
	  ( cd test/em_esmf_exp ; /bin/rm -f wrf.exe ; ln -s ../../main/wrf.exe . ) ; \
	  ( cd test/em_esmf_exp ; /bin/rm -f wrf_SST_ESMF.exe ; ln -s ../../main/wrf_SST_ESMF.exe . ) ; \
	  ( cd test/em_esmf_exp ; /bin/rm -f real.exe ; ln -s ../../main/real.exe . ) ; \
	  ( cd test/em_esmf_exp ; /bin/rm -f README.namelist ; ln -s ../../run/README.namelist . ) ; \
	  ( cd test/em_esmf_exp ; /bin/rm -f ETAMPNEW_DATA.expanded_rain ETAMPNEW_DATA RRTM_DATA RRTMG_LW_DATA RRTMG_SW_DATA ; \
               ln -sf ../../run/ETAMPNEW_DATA . ;                      \
               ln -sf ../../run/ETAMPNEW_DATA.expanded_rain . ;        \
               ln -sf ../../run/RRTM_DATA . ;                          \
               ln -sf ../../run/RRTMG_LW_DATA . ;                      \
               ln -sf ../../run/RRTMG_SW_DATA . ;                      \
               ln -sf ../../run/CAM_ABS_DATA . ;                       \
               ln -sf ../../run/CAM_AEROPT_DATA . ;                    \
               ln -sf ../../run/CAMtr_volume_mixing_ratio.RCP4.5 . ;   \
               ln -sf ../../run/CAMtr_volume_mixing_ratio.RCP6   . ;   \
               ln -sf ../../run/CAMtr_volume_mixing_ratio.RCP8.5 CAMtr_volume_mixing_ratio ;   \
               ln -sf ../../run/CAMtr_volume_mixing_ratio.A1B    . ;   \
               ln -sf ../../run/CAMtr_volume_mixing_ratio.A2     . ;   \
               ln -sf ../../run/CLM_ALB_ICE_DFS_DATA . ;               \
               ln -sf ../../run/CLM_ALB_ICE_DRC_DATA . ;               \
               ln -sf ../../run/CLM_ASM_ICE_DFS_DATA . ;               \
               ln -sf ../../run/CLM_ASM_ICE_DRC_DATA . ;               \
               ln -sf ../../run/CLM_DRDSDT0_DATA . ;                   \
               ln -sf ../../run/CLM_EXT_ICE_DFS_DATA . ;               \
               ln -sf ../../run/CLM_EXT_ICE_DRC_DATA . ;               \
               ln -sf ../../run/CLM_KAPPA_DATA . ;                     \
               ln -sf ../../run/CLM_TAU_DATA . ;                       \
               ln -sf ../../run/ozone.formatted . ;                    \
               ln -sf ../../run/ozone_lat.formatted . ;                \
               ln -sf ../../run/ozone_plev.formatted . ;               \
               ln -sf ../../run/aerosol.formatted . ;                  \
               ln -sf ../../run/aerosol_lat.formatted . ;              \
               ln -sf ../../run/aerosol_lon.formatted . ;              \
               ln -sf ../../run/aerosol_plev.formatted . ;             \
               ln -sf ../../run/CCN_ACTIVATE.BIN . ;                   \
               if [ 4 -eq 8 ] ; then                        \
                  ln -sf ../../run/ETAMPNEW_DATA_DBL ETAMPNEW_DATA ;   \
                  ln -sf ../../run/ETAMPNEW_DATA.expanded_rain_DBL ETAMPNEW_DATA.expanded_rain ;   \
                  ln -sf ../../run/RRTM_DATA_DBL RRTM_DATA         ;   \
                  ln -sf ../../run/RRTMG_LW_DATA_DBL RRTMG_LW_DATA ;   \
                  ln -sf ../../run/RRTMG_SW_DATA_DBL RRTMG_SW_DATA ;   \
               fi ) ; \
	  ( cd test/em_esmf_exp ; /bin/rm -f GENPARM.TBL ; ln -s ../../run/GENPARM.TBL . ) ; \
	  ( cd test/em_esmf_exp ; /bin/rm -f LANDUSE.TBL ; ln -s ../../run/LANDUSE.TBL . ) ; \
	  ( cd test/em_esmf_exp ; /bin/rm -f SOILPARM.TBL ; ln -s ../../run/SOILPARM.TBL . ) ; \
	  ( cd test/em_esmf_exp ; /bin/rm -f URBPARM.TBL ; ln -s ../../run/URBPARM.TBL . ) ; \
	  ( cd test/em_esmf_exp ; /bin/rm -f VEGPARM.TBL ; ln -s ../../run/VEGPARM.TBL . ) ; \
	  ( cd test/em_esmf_exp ; /bin/rm -f MPTABLE.TBL ; ln -s ../../run/MPTABLE.TBL . ) ; \
	  ( cd test/em_esmf_exp ; /bin/rm -f tr49t67 ; ln -s ../../run/tr49t67 . ) ; \
	  ( cd test/em_esmf_exp ; /bin/rm -f tr49t85 ; ln -s ../../run/tr49t85 . ) ; \
	  ( cd test/em_esmf_exp ; /bin/rm -f tr67t85 ; ln -s ../../run/tr67t85 . ) ; \
	  ( cd test/em_esmf_exp ; /bin/rm -f gribmap.txt ; ln -s ../../run/gribmap.txt . ) ; \
	  ( cd test/em_esmf_exp ; /bin/rm -f grib2map.tbl ; ln -s ../../run/grib2map.tbl . ) ; \
	fi
( cd test/em_real ; /bin/rm -f real.exe ; ln -s ../../main/real.exe . )
( cd test/em_real ; /bin/rm -f tc.exe ; ln -s ../../main/tc.exe . )
( cd test/em_real ; /bin/rm -f ndown.exe ; ln -s ../../main/ndown.exe . )
#TEMPORARILY REMOVED ( cd test/em_real ; /bin/rm -f nup.exe ; ln -s ../../main/nup.exe . )
( cd test/em_real ; /bin/rm -f README.namelist ; ln -s ../../run/README.namelist . )
( cd test/em_real ; /bin/rm -f ETAMPNEW_DATA.expanded_rain ETAMPNEW_DATA RRTM_DATA RRTMG_LW_DATA RRTMG_SW_DATA ;    \
             ln -sf ../../run/ETAMPNEW_DATA . ;                     \
             ln -sf ../../run/ETAMPNEW_DATA.expanded_rain . ;       \
             ln -sf ../../run/RRTM_DATA . ;                         \
             ln -sf ../../run/RRTMG_LW_DATA . ;                     \
             ln -sf ../../run/RRTMG_SW_DATA . ;                     \
             ln -sf ../../run/CAM_ABS_DATA . ;                      \
             ln -sf ../../run/CAM_AEROPT_DATA . ;                   \
             ln -sf ../../run/CAMtr_volume_mixing_ratio.RCP4.5 . ;  \
             ln -sf ../../run/CAMtr_volume_mixing_ratio.RCP6   . ;  \
             ln -sf ../../run/CAMtr_volume_mixing_ratio.RCP8.5 CAMtr_volume_mixing_ratio ;   \
             ln -sf ../../run/CAMtr_volume_mixing_ratio.A1B    . ;  \
             ln -sf ../../run/CAMtr_volume_mixing_ratio.A2     . ;  \
             ln -sf ../../run/CLM_ALB_ICE_DFS_DATA . ;              \
             ln -sf ../../run/CLM_ALB_ICE_DRC_DATA . ;              \
             ln -sf ../../run/CLM_ASM_ICE_DFS_DATA . ;              \
             ln -sf ../../run/CLM_ASM_ICE_DRC_DATA . ;              \
             ln -sf ../../run/CLM_DRDSDT0_DATA . ;                  \
             ln -sf ../../run/CLM_EXT_ICE_DFS_DATA . ;              \
             ln -sf ../../run/CLM_EXT_ICE_DRC_DATA . ;              \
             ln -sf ../../run/CLM_KAPPA_DATA . ;                    \
             ln -sf ../../run/CLM_TAU_DATA . ;                      \
             ln -sf ../../run/ozone.formatted . ;                   \
             ln -sf ../../run/ozone_lat.formatted . ;               \
             ln -sf ../../run/ozone_plev.formatted . ;              \
             ln -sf ../../run/aerosol.formatted . ;                 \
             ln -sf ../../run/aerosol_lat.formatted . ;             \
             ln -sf ../../run/aerosol_lon.formatted . ;             \
             ln -sf ../../run/aerosol_plev.formatted . ;            \
             ln -sf ../../run/capacity.asc . ;            \
             ln -sf ../../run/coeff_p.asc . ;            \
             ln -sf ../../run/coeff_q.asc . ;            \
             ln -sf ../../run/constants.asc . ;            \
             ln -sf ../../run/masses.asc . ;            \
             ln -sf ../../run/termvels.asc . ;            \
             ln -sf ../../run/kernels.asc_s_0_03_0_9 . ;            \
             ln -sf ../../run/kernels_z.asc . ;            \
             ln -sf ../../run/bulkdens.asc_s_0_03_0_9 . ;            \
             ln -sf ../../run/bulkradii.asc_s_0_03_0_9 . ;            \
             ln -sf ../../run/CCN_ACTIVATE.BIN . ;                   \
             if [ 4 -eq 8 ] ; then                       \
                ln -sf ../../run/ETAMPNEW_DATA_DBL ETAMPNEW_DATA ;  \
                ln -sf ../../run/ETAMPNEW_DATA.expanded_rain_DBL ETAMPNEW_DATA.expanded_rain ;   \
                ln -sf ../../run/RRTM_DATA_DBL RRTM_DATA ;          \
                ln -sf ../../run/RRTMG_LW_DATA_DBL RRTMG_LW_DATA ;  \
                ln -sf ../../run/RRTMG_SW_DATA_DBL RRTMG_SW_DATA ;  \
             fi )
( cd test/em_real ; /bin/rm -f GENPARM.TBL ; ln -s ../../run/GENPARM.TBL . )
( cd test/em_real ; /bin/rm -f LANDUSE.TBL ; ln -s ../../run/LANDUSE.TBL . )
( cd test/em_real ; /bin/rm -f SOILPARM.TBL ; ln -s ../../run/SOILPARM.TBL . )
( cd test/em_real ; /bin/rm -f URBPARM.TBL ; ln -s ../../run/URBPARM.TBL . )
( cd test/em_real ; /bin/rm -f VEGPARM.TBL ; ln -s ../../run/VEGPARM.TBL . )
( cd test/em_real ; /bin/rm -f MPTABLE.TBL ; ln -s ../../run/MPTABLE.TBL . )
( cd test/em_real ; /bin/rm -f tr49t67 ; ln -s ../../run/tr49t67 . )
( cd test/em_real ; /bin/rm -f tr49t85 ; ln -s ../../run/tr49t85 . )
( cd test/em_real ; /bin/rm -f tr67t85 ; ln -s ../../run/tr67t85 . )
( cd test/em_real ; /bin/rm -f gribmap.txt ; ln -s ../../run/gribmap.txt . )
( cd test/em_real ; /bin/rm -f grib2map.tbl ; ln -s ../../run/grib2map.tbl . )
( cd run ; /bin/rm -f real.exe ; ln -s ../main/real.exe . )
( cd run ; /bin/rm -f tc.exe ; ln -s ../main/tc.exe . )
( cd run ; /bin/rm -f ndown.exe ; ln -s ../main/ndown.exe . )
#TEMPORARILY REMOVED ( cd run ; /bin/rm -f nup.exe ; ln -s ../main/nup.exe . )
( cd run ; if test -f namelist.input ; then \
		/bin/cp -f namelist.input namelist.input.backup ; fi ; \
		/bin/rm -f namelist.input ; cp ../test/em_real/namelist.input . )
 
==========================================================================
build started:   Sat Aug 31 07:22:02 JST 2019
build completed: Sat Aug 31 07:50:12 JST 2019
 
--->                  Executables successfully built                  <---
 
-rwxr-xr-x 1 saji saji 39731015 Aug 31 07:50 main/ndown.exe
-rwxr-xr-x 1 saji saji 39599844 Aug 31 07:50 main/real.exe
-rwxr-xr-x 1 saji saji 39163942 Aug 31 07:50 main/tc.exe
-rwxr-xr-x 1 saji saji 44322136 Aug 31 07:48 main/wrf.exe
 
==========================================================================
 
